Component: ARM Compiler 5.05 update 1 (build 106) Tool: armlink [4d0efa]

==============================================================================

Section Cross References

    main.o(i.main) refers to power.o(i.SysPowerOn) for SysPowerOn
    main.o(i.main) refers to main.o(i.bx_test) for bx_test
    main.o(i.main) refers to os_task.o(i.CreateTaskN) for CreateTaskN
    main.o(i.main) refers to os_task.o(i.OSStart) for OSStart
    main.o(i.main) refers to power.o(i.SysPowerOff) for SysPowerOff
    main.o(i.main) refers to main.o(.bss) for my_keytack
    main.o(i.main) refers to my_topmsg.o(i.my_topmsg) for my_topmsg
    main.o(i.main) refers to my_lcd.o(i.my_lcd) for my_lcd
    main.o(i.main) refers to my_rf.o(i.my_rf_loop) for my_rf_loop
    main.o(i.main) refers to my_light.o(i.my_light) for my_light
    main.o(i.main) refers to my_w5500.o(i.my_w5500) for my_w5500
    main.o(i.main) refers to my_autocontrol.o(i.my_autocontrol) for my_autocontrol
    main.o(i.main) refers to my_iot.o(i.my_iot) for my_iot
    main.o(i.main) refers to my_idle.o(i.idle_task) for idle_task
    fun_list.o(.constdata) refers to strlen.o(.text) for strlen
    fun_list.o(.constdata) refers to fun_list.o(.conststring) for .conststring
    fun_list.o(.constdata) refers to delay.o(i.delay_ms) for delay_ms
    fun_list.o(.constdata) refers to delay.o(i.sleep_ms) for sleep_ms
    fun_list.o(.constdata) refers to delay.o(i.delay_us) for delay_us
    fun_list.o(.constdata) refers to delay.o(i.getSysRunTime) for getSysRunTime
    fun_list.o(.constdata) refers to rtc.o(i.RTC_SetTimeBySec) for RTC_SetTimeBySec
    fun_list.o(.constdata) refers to rtc.o(i.RTC_GetTimeBySec) for RTC_GetTimeBySec
    fun_list.o(.constdata) refers to rtc.o(i.RTC_Get_Week) for RTC_Get_Week
    fun_list.o(.constdata) refers to rtc.o(i.RTC_Set) for RTC_Set
    fun_list.o(.constdata) refers to stmflash.o(i.STMFLASH_Write) for STMFLASH_Write
    fun_list.o(.constdata) refers to stmflash.o(i.STMFLASH_Read) for STMFLASH_Read
    fun_list.o(.constdata) refers to flash.o(i.SPI_Flash_Read) for SPI_Flash_Read
    fun_list.o(.constdata) refers to flash.o(i.SPI_Flash_Write) for SPI_Flash_Write
    fun_list.o(.constdata) refers to my_fun.o(i.getMemValue) for getMemValue
    fun_list.o(.constdata) refers to my_fun.o(i.setMemValue) for setMemValue
    fun_list.o(.constdata) refers to my_fun.o(i.setMemU32) for setMemU32
    fun_list.o(.constdata) refers to my_fun.o(i.getMemU32) for getMemU32
    fun_list.o(.constdata) refers to my_fun.o(i.samestr) for samestr
    fun_list.o(.constdata) refers to os_msg.o(i.send_messeg) for send_messeg
    fun_list.o(.constdata) refers to os_msg.o(i.get_messeg) for get_messeg
    fun_list.o(.constdata) refers to os_mem.o(i.mem_perused) for mem_perused
    fun_list.o(.constdata) refers to os_mem.o(i.mymalloc) for mymalloc
    fun_list.o(.constdata) refers to os_mem.o(i.myfree) for myfree
    fun_list.o(.constdata) refers to os_mem.o(i.myrealloc) for myrealloc
    fun_list.o(.constdata) refers to os_task.o(i.CheckTaskUsege) for CheckTaskUsege
    fun_list.o(.constdata) refers to os_task.o(i.GetTaskSize) for GetTaskSize
    fun_list.o(.constdata) refers to os_task.o(i.GetTaskUsed) for GetTaskUsed
    fun_list.o(.constdata) refers to os_task.o(i.TaskPend) for TaskPend
    fun_list.o(.constdata) refers to os_task.o(i.TaskRepend) for TaskRepend
    fun_list.o(.constdata) refers to os_task.o(i.TaskSendMsg) for TaskSendMsg
    fun_list.o(.constdata) refers to os_task.o(i.TaskGetMsg) for TaskGetMsg
    fun_list.o(.constdata) refers to data_map.o(i.Save_Config) for Save_Config
    fun_list.o(.constdata) refers to data_map.o(i.Load_Config) for Load_Config
    fun_list.o(.constdata) refers to data_map.o(i.Save_LCD) for Save_LCD
    fun_list.o(.constdata) refers to data_map.o(i.Load_LCD) for Load_LCD
    fun_list.o(.constdata) refers to data_map.o(i.GetDeviceType) for GetDeviceType
    fun_list.o(.constdata) refers to data_map.o(i.GetDeviceState) for GetDeviceState
    fun_list.o(.constdata) refers to data_map.o(i.GetDeviceNum) for GetDeviceNum
    fun_list.o(.constdata) refers to data_map.o(i.GetCfgData) for GetCfgData
    fun_list.o(.constdata) refers to data_map.o(i.GetCJDataAddr) for GetCJDataAddr
    fun_list.o(.constdata) refers to data_map.o(i.Get_MyAddr) for Get_MyAddr
    fun_list.o(.constdata) refers to data_map.o(i.Set_MyAddr) for Set_MyAddr
    fun_list.o(.constdata) refers to data_map.o(i.Set_Device) for Set_Device
    fun_list.o(.constdata) refers to data_map.o(i.Set_MyIP) for Set_MyIP
    fun_list.o(.constdata) refers to data_map.o(i.Get_MyIP) for Get_MyIP
    fun_list.o(.constdata) refers to data_map.o(i.Set_MyChanel) for Set_MyChanel
    fun_list.o(.constdata) refers to data_map.o(i.Get_MyChanel) for Get_MyChanel
    fun_list.o(.constdata) refers to data_map.o(i.setNativeIP) for setNativeIP
    fun_list.o(.constdata) refers to data_map.o(i.setNativePort) for setNativePort
[...]
    file_br                                  0x200000e0   Data           4  fats.o(.data)
    file_bw                                  0x200000e4   Data           4  fats.o(.data)
    file_buf                                 0x200000e8   Data           4  fats.o(.data)
    FATS_STATE                               0x200000ec   Data           1  fats.o(.data)
    DBG_FATS                                 0x200000ed   Data           1  fats.o(.data)
    SD_Type                                  0x200000ee   Data           1  mmc_sd.o(.data)
    Phy_Addr                                 0x200000f6   Data           6  w5500.o(.data)
    RF_FOCUS                                 0x20000105   Data           1  hard_irq.o(.data)
    LCD_FOCUS                                0x20000106   Data           1  hard_irq.o(.data)
    SOCKET0_FOCUS                            0x20000107   Data           1  hard_irq.o(.data)
    SOCKET1_FOCUS                            0x20000108   Data           1  hard_irq.o(.data)
    SOCKET2_FOCUS                            0x20000109   Data           1  hard_irq.o(.data)
    SOCKET3_FOCUS                            0x2000010a   Data           1  hard_irq.o(.data)
    SOCKET4_FOCUS                            0x2000010b   Data           1  hard_irq.o(.data)
    SOCKET5_FOCUS                            0x2000010c   Data           1  hard_irq.o(.data)
    SOCKET6_FOCUS                            0x2000010d   Data           1  hard_irq.o(.data)
    SOCKET7_FOCUS                            0x2000010e   Data           1  hard_irq.o(.data)
    MQTT_IP                                  0x2000010f   Data           4  baidu_iot.o(.data)
    Transaction                              0x2000013c   Data           4  dhcp.o(.data)
    Sub_Mask                                 0x20000146   Data           4  enternet.o(.data)
    IP_Addr                                  0x2000014a   Data           4  enternet.o(.data)
    Gateway_IP                               0x2000014e   Data           4  enternet.o(.data)
    DNS_SERVER                               0x20000152   Data           4  enternet.o(.data)
    NTP_SERVER                               0x20000156   Data           4  enternet.o(.data)
    SERVER_IP                                0x2000015a   Data           4  enternet.o(.data)
    SERVER_PORT                              0x2000015e   Data           2  enternet.o(.data)
    DBG_COPY_TO_S1CK                         0x20000172   Data           1  wk_json.o(.data)
    p_Flash_Write                            0x20000184   Data           4  cmd.o(.data)
    p_Flash_Read                             0x20000188   Data           4  cmd.o(.data)
    DBG_IP                                   0x20000194   Data           4  debug.o(.data)
    DBG_PORT                                 0x20000198   Data           2  debug.o(.data)
    cScriptStack                             0x2000019c   Data           8  cscript.o(.data)
    soft_timer_10ms                          0x200001ac   Data           4  my_topmsg.o(.data)
    LCD_PAGE                                 0x200001c2   Data           6  my_lcd.o(.data)
    LCD_STATE                                0x200001c8   Data           8  my_lcd.o(.data)
    LCD_SET_DATA                             0x200001d0   Data           8  my_lcd.o(.data)
    LCD_GET_DATA                             0x200001d8   Data           7  my_lcd.o(.data)
    IN_CFG                                   0x20000210   Data           1  my_cfg.o(.data)
    IDLE                                     0x20000214   Data           4  my_idle.o(.data)
    MQTT_STATE                               0x20000218   Data           1  my_iot.o(.data)
    DBG_INTER_STATE                          0x2000021c   Data           1  my_w5500.o(.data)
    my_keytack                               0x20000230   Data         512  main.o(.bss)
    my_lcdtack                               0x20000430   Data         512  main.o(.bss)
    rf_looptack                              0x20000630   Data        1024  main.o(.bss)
    my_lighttack                             0x20000a30   Data         512  main.o(.bss)
    my_w5500tack                             0x20000c30   Data        1024  main.o(.bss)
    my_autotack                              0x20001030   Data         512  main.o(.bss)
    my_iottack                               0x20001230   Data        1024  main.o(.bss)
    my_idletack                              0x20001630   Data         256  main.o(.bss)
    mallco_dev                               0x20001730   Data          20  os_mem.o(.bss)
    my_messeg                                0x20001744   Data         720  os_msg.o(.bss)
    TCB_Table                                0x20001a14   Data        1024  os_task.o(.bss)
    USART_RX_BUF                             0x20001ee4   Data          50  rf.o(.bss)
    MY_CMD                                   0x20001f16   Data          58  rf.o(.bss)
    LASTTIME                                 0x20002148   Data         128  my_idle.o(.bss)
    IDLETIMES                                0x200021c8   Data          64  my_idle.o(.bss)
    __libspace_start                         0x20002208   Data          96  libspace.o(.bss)
    __temporary_stack_top$libspace           0x20002268   Data           0  libspace.o(.bss)



==============================================================================

Memory Map of the image

  Image Entry point : 0x08002931

  Load Region LR_IROM1 (Base: 0x08002800, Size: 0x00019440, Max: 0x00038000, ABSOLUTE, COMPRESSED[0x000192a8])

    Execution Region ER_IROM1 (Base: 0x08002800, Size: 0x00019218, Max: 0x00038000, ABSOLUTE)

    Base Addr    Size         Type   Attr      Idx    E Section Name        Object

    0x08002800   0x00000130   Data   RO          414    RESET               startup_stm32f10x_hd.o
    0x08002930   0x00000008   Code   RO         8047  * !!!main             c_w.l(__main.o)
    0x08002938   0x00000034   Code   RO         8385    !!!scatter          c_w.l(__scatter.o)
    0x0800296c   0x0000005a   Code   RO         8383    !!dczerorl2         c_w.l(__dczerorl2.o)
    0x080029c6   0x00000002   PAD
    0x080029c8   0x0000001c   Code   RO         8387    !!handler_zi        c_w.l(__scatter_zi.o)
    0x080029e4   0x00000000   Code   RO         8022    .ARM.Collect$$_printf_percent$$00000000  c_w.l(_printf_percent.o)
    0x080029e4   0x00000006   Code   RO         8020    .ARM.Collect$$_printf_percent$$00000003  c_w.l(_printf_f.o)
    0x080029ea   0x00000006   Code   RO         8021    .ARM.Collect$$_printf_percent$$00000004  c_w.l(_printf_e.o)
    0x080029f0   0x00000006   Code   RO         8018    .ARM.Collect$$_printf_percent$$00000009  c_w.l(_printf_d.o)
    0x080029f6   0x00000006   Code   RO         8019    .ARM.Collect$$_printf_percent$$0000000A  c_w.l(_printf_u.o)
    0x080029fc   0x00000006   Code   RO         8017    .ARM.Collect$$_printf_percent$$0000000C  c_w.l(_printf_x.o)
    0x08002a02   0x00000006   Code   RO         8016    .ARM.Collect$$_printf_percent$$00000014  c_w.l(_printf_s.o)
    0x08002a08   0x00000004   Code   RO         8136    .ARM.Collect$$_printf_percent$$00000017  c_w.l(_printf_percent_end.o)
    0x08002a0c   0x00000002   Code   RO         8259    .ARM.Collect$$libinit$$00000000  c_w.l(libinit.o)
    0x08002a0e   0x00000000   Code   RO         8261    .ARM.Collect$$libinit$$00000002  c_w.l(libinit2.o)
    0x08002a0e   0x00000000   Code   RO         8263    .ARM.Collect$$libinit$$00000004  c_w.l(libinit2.o)
    0x08002a0e   0x00000000   Code   RO         8266    .ARM.Collect$$libinit$$0000000A  c_w.l(libinit2.o)
    0x08002a0e   0x00000000   Code   RO         8268    .ARM.Collect$$libinit$$0000000C  c_w.l(libinit2.o)
    0x08002a0e   0x00000000   Code   RO         8270    .ARM.Collect$$libinit$$0000000E  c_w.l(libinit2.o)
    0x08002a0e   0x00000006   Code   RO         8271    .ARM.Collect$$libinit$$0000000F  c_w.l(libinit2.o)
    0x08002a14   0x00000000   Code   RO         8273    .ARM.Collect$$libinit$$00000011  c_w.l(libinit2.o)
    0x08002a14   0x0000000c   Code   RO         8274    .ARM.Collect$$libinit$$00000012  c_w.l(libinit2.o)
    0x08002a20   0x00000000   Code   RO         8275    .ARM.Collect$$libinit$$00000013  c_w.l(libinit2.o)
    0x08002a20   0x00000000   Code   RO         8277    .ARM.Collect$$libinit$$00000015  c_w.l(libinit2.o)
    0x08002a20   0x0000000a   Code   RO         8278    .ARM.Collect$$libinit$$00000016  c_w.l(libinit2.o)
    0x08002a2a   0x00000000   Code   RO         8279    .ARM.Collect$$libinit$$00000017  c_w.l(libinit2.o)
    0x08002a2a   0x00000000   Code   RO         8281    .ARM.Collect$$libinit$$00000019  c_w.l(libinit2.o)
    0x08002a2a   0x00000000   Code   RO         8283    .ARM.Collect$$libinit$$0000001B  c_w.l(libinit2.o)
    0x08002a2a   0x00000000   Code   RO         8285    .ARM.Collect$$libinit$$0000001D  c_w.l(libinit2.o)
    0x08002a2a   0x00000000   Code   RO         8287    .ARM.Collect$$libinit$$0000001F  c_w.l(libinit2.o)
    0x08002a2a   0x00000000   Code   RO         8289    .ARM.Collect$$libinit$$00000021  c_w.l(libinit2.o)
    0x08002a2a   0x00000000   Code   RO         8291    .ARM.Collect$$libinit$$00000023  c_w.l(libinit2.o)
    0x08002a2a   0x00000000   Code   RO         8293    .ARM.Collect$$libinit$$00000025  c_w.l(libinit2.o)
    0x08002a2a   0x00000000   Code   RO         8297    .ARM.Collect$$libinit$$0000002C  c_w.l(libinit2.o)
    0x08002a2a   0x00000000   Code   RO         8299    .ARM.Collect$$libinit$$0000002E  c_w.l(libinit2.o)
    0x08002a2a   0x00000000   Code   RO         8301    .ARM.Collect$$libinit$$00000030  c_w.l(libinit2.o)
    0x08002a2a   0x00000000   Code   RO         8303    .ARM.Collect$$libinit$$00000032  c_w.l(libinit2.o)
    0x08002a2a   0x00000002   Code   RO         8304    .ARM.Collect$$libinit$$00000033  c_w.l(libinit2.o)
    0x08002a2c   0x00000002   Code   RO         8336    .ARM.Collect$$libshutdown$$00000000  c_w.l(libshutdown.o)
    0x08002a2e   0x00000000   Code   RO         8346    .ARM.Collect$$libshutdown$$00000003  c_w.l(libshutdown2.o)
    0x08002a2e   0x00000000   Code   RO         8349    .ARM.Collect$$libshutdown$$00000006  c_w.l(libshutdown2.o)
    0x08002a2e   0x00000000   Code   RO         8352    .ARM.Collect$$libshutdown$$00000009  c_w.l(libshutdown2.o)
    0x08002a2e   0x00000000   Code   RO         8354    .ARM.Collect$$libshutdown$$0000000B  c_w.l(libshutdown2.o)
    0x08002a2e   0x00000000   Code   RO         8357    .ARM.Collect$$libshutdown$$0000000E  c_w.l(libshutdown2.o)
    0x08002a2e   0x00000002   Code   RO         8358    .ARM.Collect$$libshutdown$$0000000F  c_w.l(libshutdown2.o)
    0x08002a30   0x00000000   Code   RO         8119    .ARM.Collect$$rtentry$$00000000  c_w.l(__rtentry.o)
    0x08002a30   0x00000000   Code   RO         8180    .ARM.Collect$$rtentry$$00000002  c_w.l(__rtentry2.o)
    0x08002a30   0x00000006   Code   RO         8192    .ARM.Collect$$rtentry$$00000004  c_w.l(__rtentry4.o)
    0x08002a36   0x00000000   Code   RO         8182    .ARM.Collect$$rtentry$$00000009  c_w.l(__rtentry2.o)
    0x08002a36   0x00000004   Code   RO         8183    .ARM.Collect$$rtentry$$0000000A  c_w.l(__rtentry2.o)
    0x08002a3a   0x00000000   Code   RO         8185    .ARM.Collect$$rtentry$$0000000C  c_w.l(__rtentry2.o)
    0x08002a3a   0x00000008   Code   RO         8186    .ARM.Collect$$rtentry$$0000000D  c_w.l(__rtentry2.o)
    0x08002a42   0x00000002   Code   RO         8307    .ARM.Collect$$rtexit$$00000000  c_w.l(rtexit.o)
    0x08002a44   0x00000000   Code   RO         8316    .ARM.Collect$$rtexit$$00000002  c_w.l(rtexit2.o)
    0x08002a44   0x00000004   Code   RO         8317    .ARM.Collect$$rtexit$$00000003  c_w.l(rtexit2.o)
    0x08002a48   0x00000006   Code   RO         8318    .ARM.Collect$$rtexit$$00000004  c_w.l(rtexit2.o)
    0x08002a4e   0x00000002   PAD
    0x08002a50   0x00000020   Code   RO          307    .emb_text           core_cm3.o
    0x08002a70   0x0000003c   Code   RO          415    .text               startup_stm32f10x_hd.o
    0x08002aac   0x000000d8   Code   RO         3398    .text               os_cpu_a.o
    0x08002b84   0x00000002   Code   RO         7955    .text               c_w.l(use_no_semi_2.o)
    0x08002b86   0x0000001a   Code   RO         7957    .text               c_w.l(tolower.o)
    0x08002ba0   0x0000002c   Code   RO         7959    .text               c_w.l(__2sprintf.o)
    0x08002bcc   0x0000004e   Code   RO         7969    .text               c_w.l(_printf_pad.o)
    0x08002c1a   0x00000052   Code   RO         7971    .text               c_w.l(_printf_str.o)
    0x08002c6c   0x00000078   Code   RO         7973    .text               c_w.l(_printf_dec.o)
    0x08002ce4   0x00000058   Code   RO         7978    .text               c_w.l(_printf_hex_int.o)
    0x08002d3c   0x00000138   Code   RO         8008    .text               c_w.l(__printf_flags_wp.o)
    0x08002e74   0x00000014   Code   RO         8023    .text               c_w.l(strchr.o)
    0x08002e88   0x00000048   Code   RO         8027    .text               c_w.l(strcpy.o)
    0x08002ed0   0x0000003e   Code   RO         8029    .text               c_w.l(strlen.o)
    0x08002f0e   0x00000096   Code   RO         8031    .text               c_w.l(strncmp.o)
    0x08002fa4   0x0000008a   Code   RO         8033    .text               c_w.l(rt_memcpy_v6.o)
    0x0800302e   0x00000064   Code   RO         8035    .text               c_w.l(rt_memcpy_w.o)
    0x08003092   0x00000044   Code   RO         8037    .text               c_w.l(rt_memclr.o)
    0x080030d6   0x0000004e   Code   RO         8039    .text               c_w.l(rt_memclr_w.o)
    0x08003124   0x00000056   Code   RO         8041    .text               c_w.l(strncpy.o)
    0x0800317a   0x00000002   PAD
    0x0800317c   0x00000080   Code   RO         8043    .text               c_w.l(strcmpv7m.o)
    0x080031fc   0x00000006   Code   RO         8045    .text               c_w.l(heapauxi.o)
    0x08003202   0x00000002   Code   RO         8117    .text               c_w.l(use_no_semi.o)
    0x08003204   0x00000010   Code   RO         8120    .text               c_w.l(rt_ctype_table.o)
    0x08003214   0x00000016   Code   RO         8122    .text               c_w.l(_rserrno.o)
    0x0800322a   0x000000b2   Code   RO         8124    .text               c_w.l(_printf_intcommon.o)
    0x080032dc   0x0000041a   Code   RO         8126    .text               c_w.l(_printf_fp_dec.o)
    0x080036f6   0x00000002   PAD
    0x080036f8   0x00000030   Code   RO         8128    .text               c_w.l(_printf_char_common.o)
    0x08003728   0x0000000a   Code   RO         8130    .text               c_w.l(_sputc.o)
    0x08003732   0x0000002c   Code   RO         8134    .text               c_w.l(_printf_char.o)
    0x0800375e   0x00000002   PAD
    0x08003760   0x00000008   Code   RO         8197    .text               c_w.l(rt_locale_intlibspace.o)
    0x08003768   0x00000008   Code   RO         8202    .text               c_w.l(rt_errno_addr_intlibspace.o)
    0x08003770   0x0000008a   Code   RO         8204    .text               c_w.l(lludiv10.o)
    0x080037fa   0x00000002   PAD
    0x080037fc   0x00000080   Code   RO         8206    .text               c_w.l(_printf_fp_infnan.o)
    0x0800387c   0x000000dc   Code   RO         8210    .text               c_w.l(bigflt0.o)
    0x08003958   0x00000008   Code   RO         8247    .text               c_w.l(libspace.o)
    0x08003960   0x0000004a   Code   RO         8250    .text               c_w.l(sys_stackheap_outer.o)
    0x080039aa   0x0000000c   Code   RO         8252    .text               c_w.l(exit.o)
    0x080039b6   0x0000003e   Code   RO         8213    CL$$btod_d2e        c_w.l(btod.o)
    0x080039f4   0x00000046   Code   RO         8215    CL$$btod_d2e_denorm_low  c_w.l(btod.o)
    0x08003a3a   0x00000060   Code   RO         8214    CL$$btod_d2e_norm_op1  c_w.l(btod.o)
    0x08003a9a   0x00000338   Code   RO         8223    CL$$btod_div_common  c_w.l(btod.o)
    0x08003dd2   0x000000c6   Code   RO         8220    CL$$btod_e2e        c_w.l(btod.o)
    0x08003e98   0x00000028   Code   RO         8217    CL$$btod_ediv       c_w.l(btod.o)
    0x08003ec0   0x00000028   Code   RO         8216    CL$$btod_emul       c_w.l(btod.o)
    0x08003ee8   0x00000244   Code   RO         8222    CL$$btod_mult_common  c_w.l(btod.o)
    0x0800412c   0x00000030   Code   RO         7002    i.AutoCtr           my_lcd.o
    0x0800415c   0x0000004c   Code   RO         7003    i.Auto_sleep        my_lcd.o
    0x080041a8   0x0000003c   Code   RO         3994    i.BEEP_Init         beep.o
    0x080041e4   0x00000010   Code   RO          679    i.BKP_DeInit        stm32f10x_bkp.o
    0x080041f4   0x0000001c   Code   RO          684    i.BKP_ReadBackupRegister  stm32f10x_bkp.o
    0x08004210   0x0000001c   Code   RO          688    i.BKP_WriteBackupRegister  stm32f10x_bkp.o
    0x0800422c   0x00000034   Code   RO         7004    i.BUT_DOWN_HUMI     my_lcd.o
    0x08004260   0x00000032   Code   RO         7005    i.BUT_DOWN_TEMP     my_lcd.o
    0x08004292   0x00000034   Code   RO         7006    i.BUT_PM            my_lcd.o
    0x080042c6   0x00000036   Code   RO         7007    i.BUT_UP_HUMI       my_lcd.o
    0x080042fc   0x00000034   Code   RO         7008    i.BUT_UP_TEMP       my_lcd.o
    0x08004330   0x00000030   Code   RO         3995    i.Beep_End          beep.o
    0x08004360   0x00000138   Code   RO         3996    i.Beep_Play         beep.o
    0x08004498   0x00000108   Code   RO         3997    i.Beep_Run          beep.o
    0x080045a0   0x0000002c   Code   RO         3998    i.Beep_Set_Multiple  beep.o
    0x080045cc   0x00000004   Code   RO          318    i.BusFault_Handler  stm32f10x_it.o
    0x080045d0   0x00000032   Code   RO         7168    i.CheckId           my_rf.o
    0x08004602   0x00000002   PAD
    0x08004604   0x0000009c   Code   RO         3647    i.CheckTaskUsege    os_task.o
    0x080046a0   0x0000001c   Code   RO         4332    i.Clear_Mycmd       rf.o
    0x080046bc   0x000000dc   Code   RO         7169    i.Cmd_0x01          my_rf.o
    0x08004798   0x000000fe   Code   RO         7170    i.Cmd_0x03          my_rf.o
    0x08004896   0x00000002   PAD
    0x08004898   0x00000090   Code   RO         3649    i.CreateTaskN       os_task.o
    0x08004928   0x00000004   Code   RO          319    i.DebugMon_Handler  stm32f10x_it.o
    0x0800492c   0x0000000c   Code   RO         4989    i.Delay             w5500.o
    0x08004938   0x000001ae   Code   RO         7173    i.Device_state_see  my_rf.o
    0x08004ae6   0x0000001a   Code   RO         4990    i.EXTI4_IRQHandler  w5500.o
    0x08004b00   0x0000000c   Code   RO         1217    i.EXTI_ClearITPendingBit  stm32f10x_exti.o
    0x08004b0c   0x00000028   Code   RO         1221    i.EXTI_GetITStatus  stm32f10x_exti.o
    0x08004b34   0x00000094   Code   RO         1222    i.EXTI_Init         stm32f10x_exti.o
    0x08004bc8   0x0000004c   Code   RO         1275    i.FLASH_ErasePage   stm32f10x_flash.o
    0x08004c14   0x00000034   Code   RO         1276    i.FLASH_GetBank1Status  stm32f10x_flash.o
    0x08004c48   0x00000014   Code   RO         1285    i.FLASH_Lock        stm32f10x_flash.o
    0x08004c5c   0x00000040   Code   RO         1288    i.FLASH_ProgramHalfWord  stm32f10x_flash.o
    0x08004c9c   0x00000018   Code   RO         1293    i.FLASH_Unlock      stm32f10x_flash.o
    0x08004cb4   0x00000026   Code   RO         1297    i.FLASH_WaitForLastOperation  stm32f10x_flash.o
    0x08004cda   0x00000002   PAD
    0x08004cdc   0x00000040   Code   RO         1567    i.GPIO_EXTILineConfig  stm32f10x_gpio.o
    0x08004d1c   0x00000116   Code   RO         1570    i.GPIO_Init         stm32f10x_gpio.o
    0x08004e32   0x00000002   PAD
    0x08004e34   0x00000090   Code   RO         1572    i.GPIO_PinRemapConfig  stm32f10x_gpio.o
    0x08004ec4   0x00000004   Code   RO         1577    i.GPIO_ResetBits    stm32f10x_gpio.o
    0x08004ec8   0x00000004   Code   RO         1578    i.GPIO_SetBits      stm32f10x_gpio.o
    0x08004ecc   0x00000008   Code   RO         5387    i.GetCJDataAddr     data_map.o
    0x08004ed4   0x00000008   Code   RO         5388    i.GetCfgData        data_map.o
    0x08004edc   0x0000003c   Code   RO         5389    i.GetDeviceNum      data_map.o
    0x08004f18   0x00000042   Code   RO         5390    i.GetDeviceState    data_map.o
    0x08004f5a   0x0000003e   Code   RO         5391    i.GetDeviceType     data_map.o
    0x08004f98   0x0000004e   Code   RO         5392    i.GetNextDeviceaddr  data_map.o
    0x08004fe6   0x00000002   PAD
    0x08004fe8   0x00000024   Code   RO         3650    i.GetTaskSize       os_task.o
    0x0800500c   0x00000024   Code   RO         3651    i.GetTaskUsed       os_task.o
    0x08005030   0x00000060   Code   RO         4333    i.Get_BuffData      rf.o
    0x08005090   0x00000038   Code   RO         5366    i.Get_Crc16         crc8_16.o
    0x080050c8   0x00000018   Code   RO         4084    i.Get_Key           key.o
    0x080050e0   0x0000000a   Code   RO         5393    i.Get_MyAddr        data_map.o
    0x080050ea   0x0000000c   Code   RO         5394    i.Get_MyChanel      data_map.o
    0x080050f6   0x0000000c   Code   RO         5395    i.Get_MyIP          data_map.o
    0x08005102   0x00000002   PAD
    0x08005104   0x00000024   Code   RO         4334    i.Get_Mycmd         rf.o
    0x08005128   0x00000070   Code   RO         6584    i.Get_cmd           cmd.o
    0x08005198   0x0000001c   Code   RO         4156    i.Get_lightdata     light.o
    0x080051b4   0x00000068   Code   RO         4157    i.HC595_SendData    light.o
    0x0800521c   0x0000009e   Code   RO         7009    i.Hand_Set_Init     my_lcd.o
    0x080052ba   0x00000004   Code   RO          320    i.HardFault_Handler  stm32f10x_it.o
    0x080052be   0x00000002   PAD
    0x080052c0   0x00000040   Code   RO         7480    i.IOT_Hander        my_iot.o
    0x08005300   0x00000008   Code   RO         3973    i.IWDG_Feed         iwdg.o
    0x08005308   0x00000010   Code   RO         1884    i.IWDG_ReloadCounter  stm32f10x_iwdg.o
    0x08005318   0x00000034   Code   RO         7010    i.Into_Senior       my_lcd.o
    0x0800534c   0x0000003a   Code   RO         3903    i.Is_Leap_Year      rtc.o
    0x08005386   0x00000002   PAD
    0x08005388   0x0000023c   Code   RO         4085    i.KEY_IRQHandler    key.o
    0x080055c4   0x00000030   Code   RO         4086    i.Key_Init          key.o
    0x080055f4   0x000000f0   Code   RO         4116    i.LCD_Init          lcd.o
    0x080056e4   0x00000044   Code   RO         4117    i.LCD_Receive_Data  lcd.o
    0x08005728   0x0000004c   Code   RO         4118    i.LCD_Send_Data     lcd.o
    0x08005774   0x00000002   Code   RO         4119    i.LCD_SetFocus      lcd.o
    0x08005776   0x0000000a   Code   RO         5396    i.Lcd_GetHandstate  data_map.o
    0x08005780   0x00000016   Code   RO         5397    i.Lcd_GetLimitData  data_map.o
    0x08005796   0x0000000c   Code   RO         5398    i.Lcd_SetHandstate  data_map.o
    0x080057a2   0x00000014   Code   RO         5399    i.Lcd_SetLimitData  data_map.o
    0x080057b6   0x00000002   PAD
    0x080057b8   0x000000a4   Code   RO         4158    i.Light_init        light.o
    0x0800585c   0x00000088   Code   RO         5400    i.Load_Config       data_map.o
    0x080058e4   0x0000008c   Code   RO         5401    i.Load_LCD          data_map.o
    0x08005970   0x00000050   Code   RO         4991    i.Load_Net_Parameters  w5500.o
    0x080059c0   0x0000007c   Code   RO         3999    i.Load_down         beep.o
    0x08005a3c   0x0000048e   Code   RO         4000    i.Load_song         beep.o
    0x08005eca   0x00000002   PAD
    0x08005ecc   0x00000694   Code   RO         4001    i.Load_song1        beep.o
    0x08006560   0x000005ec   Code   RO         4002    i.Load_song2        beep.o
    0x08006b4c   0x00000734   Code   RO         4003    i.Load_song3        beep.o
    0x08007280   0x0000007c   Code   RO         4004    i.Load_up           beep.o
    0x080072fc   0x00000076   Code   RO         7566    i.MQTTDeserialize_connack  mqttconnectclient.o
    0x08007372   0x00000058   Code   RO         7712    i.MQTTPacket_decode  mqttpacket.o
    0x080073ca   0x00000002   PAD
    0x080073cc   0x0000001c   Code   RO         7713    i.MQTTPacket_decodeBuf  mqttpacket.o
    0x080073e8   0x00000036   Code   RO         7715    i.MQTTPacket_encode  mqttpacket.o
    0x0800741e   0x00000002   PAD
    0x08007420   0x00000028   Code   RO         7717    i.MQTTPacket_len    mqttpacket.o
    0x08007448   0x00000168   Code   RO         7567    i.MQTTSerialize_connect  mqttconnectclient.o
    0x080075b0   0x00000076   Code   RO         7568    i.MQTTSerialize_connectLength  mqttconnectclient.o
    0x08007626   0x00000018   Code   RO         7720    i.MQTTstrlen        mqttpacket.o
    0x0800763e   0x00000004   Code   RO          321    i.MemManage_Handler  stm32f10x_it.o
    0x08007642   0x00000004   Code   RO          322    i.NMI_Handler       stm32f10x_it.o
    0x08007646   0x00000002   PAD
    0x08007648   0x00000070   Code   RO          419    i.NVIC_Init         misc.o
    0x080076b8   0x00000014   Code   RO          420    i.NVIC_PriorityGroupConfig  misc.o
    0x080076cc   0x00000014   Code   RO          421    i.NVIC_SetVectorTable  misc.o
    0x080076e0   0x00000024   Code   RO          323    i.NVIC_SystemReset  stm32f10x_it.o
    0x08007704   0x00000054   Code   RO         3652    i.OSStart           os_task.o
    0x08007758   0x0000009a   Code   RO         3386    i.OSTaskStkInit     os_cpu_c.o
    0x080077f2   0x00000002   PAD
    0x080077f4   0x00000030   Code   RO         3653    i.OS_Enter_Onlyme   os_task.o
    0x08007824   0x00000038   Code   RO         3654    i.OS_Exit_Onlyme    os_task.o
    0x0800785c   0x00000028   Code   RO         3655    i.OS_TCBInit        os_task.o
    0x08007884   0x0000000c   Code   RO         1924    i.PWR_BackupAccessCmd  stm32f10x_pwr.o
    0x08007890   0x00000010   Code   RO         6354    i.PingCalculationDelayIRQ  ping.o
    0x080078a0   0x00000020   Code   RO         1986    i.RCC_APB1PeriphClockCmd  stm32f10x_rcc.o
    0x080078c0   0x00000020   Code   RO         1987    i.RCC_APB1PeriphResetCmd  stm32f10x_rcc.o
    0x080078e0   0x00000020   Code   RO         1988    i.RCC_APB2PeriphClockCmd  stm32f10x_rcc.o
    0x08007900   0x00000020   Code   RO         1989    i.RCC_APB2PeriphResetCmd  stm32f10x_rcc.o
    0x08007920   0x0000000c   Code   RO         1991    i.RCC_BackupResetCmd  stm32f10x_rcc.o
    0x0800792c   0x000000d4   Code   RO         1996    i.RCC_GetClocksFreq  stm32f10x_rcc.o
    0x08007a00   0x0000003c   Code   RO         1997    i.RCC_GetFlagStatus  stm32f10x_rcc.o
    0x08007a3c   0x00000034   Code   RO         2004    i.RCC_LSEConfig     stm32f10x_rcc.o
    0x08007a70   0x0000000c   Code   RO         2011    i.RCC_RTCCLKCmd     stm32f10x_rcc.o
    0x08007a7c   0x00000010   Code   RO         2012    i.RCC_RTCCLKConfig  stm32f10x_rcc.o
    0x08007a8c   0x0000004c   Code   RO         4335    i.RF1_tx_bytes      rf.o
    0x08007ad8   0x0000003c   Code   RO         4336    i.RF_Get            rf.o
    0x08007b14   0x000000d8   Code   RO         4337    i.RF_GetCmd         rf.o
    0x08007bec   0x00000138   Code   RO         4338    i.RF_Init           rf.o
    0x08007d24   0x000000a0   Code   RO         4339    i.RF_SetChannel     rf.o
    0x08007dc4   0x00000010   Code   RO         2185    i.RTC_ClearITPendingBit  stm32f10x_rtc.o
    0x08007dd4   0x00000014   Code   RO         2186    i.RTC_EnterConfigMode  stm32f10x_rtc.o
    0x08007de8   0x00000014   Code   RO         2187    i.RTC_ExitConfigMode  stm32f10x_rtc.o
    0x08007dfc   0x00000100   Code   RO         3904    i.RTC_Get           rtc.o
    0x08007efc   0x00000014   Code   RO         2188    i.RTC_GetCounter    stm32f10x_rtc.o
    0x08007f10   0x00000024   Code   RO         2191    i.RTC_GetITStatus   stm32f10x_rtc.o
    0x08007f34   0x00000008   Code   RO         3905    i.RTC_GetTimeBySec  rtc.o
    0x08007f3c   0x00000008   Code   RO         3906    i.RTC_GetTimeObj    rtc.o
    0x08007f44   0x00000078   Code   RO         3907    i.RTC_Get_Week      rtc.o
    0x08007fbc   0x00000028   Code   RO         3908    i.RTC_IRQHandler    rtc.o
    0x08007fe4   0x00000020   Code   RO         2192    i.RTC_ITConfig      stm32f10x_rtc.o
    0x08008004   0x000000be   Code   RO         3909    i.RTC_Init          rtc.o
    0x080080c2   0x00000022   Code   RO         3910    i.RTC_NVIC_Config   rtc.o
    0x080080e4   0x000000c8   Code   RO         3911    i.RTC_Set           rtc.o
    0x080081ac   0x0000001c   Code   RO         2194    i.RTC_SetCounter    stm32f10x_rtc.o
    0x080081c8   0x00000020   Code   RO         2195    i.RTC_SetPrescaler  stm32f10x_rtc.o
    0x080081e8   0x00000022   Code   RO         3912    i.RTC_SetTimeBySec  rtc.o
    0x0800820a   0x00000002   PAD
    0x0800820c   0x00000014   Code   RO         2196    i.RTC_WaitForLastTask  stm32f10x_rtc.o
    0x08008220   0x00000024   Code   RO         2197    i.RTC_WaitForSynchro  stm32f10x_rtc.o
    0x08008244   0x00000128   Code   RO         4992    i.Read_SOCK_Data_Buffer  w5500.o
    0x0800836c   0x00000044   Code   RO         4993    i.Read_W5500_1Byte  w5500.o
    0x080083b0   0x00000050   Code   RO         4994    i.Read_W5500_SOCK_1Byte  w5500.o
    0x08008400   0x00000068   Code   RO         4995    i.Read_W5500_SOCK_2Byte  w5500.o
    0x08008468   0x00000034   Code   RO         4308    i.Relay_Init        relay.o
    0x0800849c   0x0000000c   Code   RO         4309    i.Relay_Off         relay.o
    0x080084a8   0x0000000c   Code   RO         4310    i.Relay_On          relay.o
    0x080084b4   0x00000030   Code   RO         3401    i.RunTime_IRQHandler  delay.o
    0x080084e4   0x00000014   Code   RO         4621    i.SD_DisSelect      mmc_sd.o
    0x080084f8   0x0000002a   Code   RO         4623    i.SD_GetCSD         mmc_sd.o
    0x08008522   0x00000026   Code   RO         4624    i.SD_GetResponse    mmc_sd.o
    0x08008548   0x00000076   Code   RO         4625    i.SD_GetSectorCount  mmc_sd.o
    0x080085be   0x00000002   PAD
    0x080085c0   0x00000188   Code   RO         4626    i.SD_Initialize     mmc_sd.o
    0x08008748   0x00000074   Code   RO         4627    i.SD_ReadDisk       mmc_sd.o
    0x080087bc   0x00000038   Code   RO         4628    i.SD_RecvData       mmc_sd.o
    0x080087f4   0x00000012   Code   RO         4629    i.SD_Reset          mmc_sd.o
    0x08008806   0x00000002   PAD
    0x08008808   0x00000040   Code   RO         4630    i.SD_SPI_Init       mmc_sd.o
    0x08008848   0x0000000c   Code   RO         4631    i.SD_SPI_ReadWriteByte  mmc_sd.o
    0x08008854   0x0000000a   Code   RO         4632    i.SD_SPI_SpeedHigh  mmc_sd.o
    0x0800885e   0x0000000a   Code   RO         4633    i.SD_SPI_SpeedLow   mmc_sd.o
    0x08008868   0x00000020   Code   RO         4634    i.SD_Select         mmc_sd.o
    0x08008888   0x00000052   Code   RO         4635    i.SD_SendBlock      mmc_sd.o
    0x080088da   0x00000078   Code   RO         4636    i.SD_SendCmd        mmc_sd.o
    0x08008952   0x00000022   Code   RO         4637    i.SD_WaitReady      mmc_sd.o
    0x08008974   0x00000090   Code   RO         4638    i.SD_WriteDisk      mmc_sd.o
    0x08008a04   0x0000000c   Code   RO         5200    i.SOCKET0_GetFocus  hard_irq.o
    0x08008a10   0x00000010   Code   RO         5201    i.SOCKET0_SetFocus  hard_irq.o
    0x08008a20   0x0000000c   Code   RO         5202    i.SOCKET1_GetFocus  hard_irq.o
    0x08008a2c   0x00000010   Code   RO         5203    i.SOCKET1_SetFocus  hard_irq.o
    0x08008a3c   0x0000000c   Code   RO         5204    i.SOCKET2_GetFocus  hard_irq.o
    0x08008a48   0x00000010   Code   RO         5205    i.SOCKET2_SetFocus  hard_irq.o
    0x08008a58   0x0000000c   Code   RO         5206    i.SOCKET3_GetFocus  hard_irq.o
    0x08008a64   0x00000010   Code   RO         5207    i.SOCKET3_SetFocus  hard_irq.o
    0x08008a74   0x0000000c   Code   RO         5208    i.SOCKET4_GetFocus  hard_irq.o
    0x08008a80   0x00000010   Code   RO         5209    i.SOCKET4_SetFocus  hard_irq.o
    0x08008a90   0x0000000c   Code   RO         5210    i.SOCKET5_GetFocus  hard_irq.o
    0x08008a9c   0x00000010   Code   RO         5211    i.SOCKET5_SetFocus  hard_irq.o
    0x08008aac   0x0000000c   Code   RO         5212    i.SOCKET6_GetFocus  hard_irq.o
    0x08008ab8   0x00000010   Code   RO         5213    i.SOCKET6_SetFocus  hard_irq.o
    0x08008ac8   0x0000000c   Code   RO         5214    i.SOCKET7_GetFocus  hard_irq.o
    0x08008ad4   0x00000010   Code   RO         5215    i.SOCKET7_SetFocus  hard_irq.o
    0x08008ae4   0x00000020   Code   RO         4996    i.SPI1_Send_Byte    w5500.o
    0x08008b04   0x0000001c   Code   RO         4997    i.SPI1_Send_Short   w5500.o
    0x08008b20   0x00000094   Code   RO         4744    i.SPI2_Init         spi.o
    0x08008bb4   0x00000054   Code   RO         4745    i.SPI2_ReadWriteByte  spi.o
    0x08008c08   0x00000028   Code   RO         4746    i.SPI2_SetSpeed     spi.o
    0x08008c30   0x00000018   Code   RO         2465    i.SPI_Cmd           stm32f10x_spi.o
    0x08008c48   0x000000a4   Code   RO         4998    i.SPI_Configuration  w5500.o
    0x08008cec   0x00000020   Code   RO         4880    i.SPI_FLASH_Write_Enable  flash.o
    0x08008d0c   0x00000048   Code   RO         4883    i.SPI_Flash_Erase_Sector  flash.o
    0x08008d54   0x0000000c   Code   RO         4884    i.SPI_Flash_GetType  flash.o
    0x08008d60   0x0000006c   Code   RO         4885    i.SPI_Flash_Init    flash.o
    0x08008dcc   0x00000058   Code   RO         4887    i.SPI_Flash_Read    flash.o
    0x08008e24   0x00000048   Code   RO         4888    i.SPI_Flash_ReadID  flash.o
    0x08008e6c   0x0000002c   Code   RO         4889    i.SPI_Flash_ReadSR  flash.o
    0x08008e98   0x00000012   Code   RO         4891    i.SPI_Flash_Wait_Busy  flash.o
    0x08008eaa   0x000000dc   Code   RO         4892    i.SPI_Flash_Write   flash.o
    0x08008f86   0x00000042   Code   RO         4893    i.SPI_Flash_Write_NoCheck  flash.o
    0x08008fc8   0x00000050   Code   RO         4894    i.SPI_Flash_Write_Page  flash.o
    0x08009018   0x00000012   Code   RO         2473    i.SPI_I2S_GetFlagStatus  stm32f10x_spi.o
    0x0800902a   0x00000006   Code   RO         2476    i.SPI_I2S_ReceiveData  stm32f10x_spi.o
    0x08009030   0x00000004   Code   RO         2477    i.SPI_I2S_SendData  stm32f10x_spi.o
    0x08009034   0x0000003c   Code   RO         2478    i.SPI_Init          stm32f10x_spi.o
    0x08009070   0x0000002e   Code   RO         4768    i.STMFLASH_Read     stmflash.o
    0x0800909e   0x00000006   Code   RO         4769    i.STMFLASH_ReadHalfWord  stmflash.o
    0x080090a4   0x0000021c   Code   RO         4770    i.STMFLASH_Write    stmflash.o
    0x080092c0   0x00000026   Code   RO         4771    i.STMFLASH_Write_NoCheck  stmflash.o
    0x080092e6   0x00000002   Code   RO          324    i.SVC_Handler       stm32f10x_it.o
    0x080092e8   0x00000018   Code   RO         5402    i.Save_Config       data_map.o
    0x08009300   0x00000018   Code   RO         5403    i.Save_LCD          data_map.o
    0x08009318   0x00000028   Code   RO         4340    i.See_BuffData      rf.o
    0x08009340   0x00000024   Code   RO         4341    i.See_BuffNextData  rf.o
    0x08009364   0x00000008   Code   RO          378    i.SetSysClock       system_stm32f10x.o
    0x0800936c   0x000000e0   Code   RO          379    i.SetSysClockTo72   system_stm32f10x.o
    0x0800944c   0x00000062   Code   RO         5404    i.Set_Device        data_map.o
    0x080094ae   0x00000002   PAD
    0x080094b0   0x00000138   Code   RO         7013    i.Set_Init          my_lcd.o
    0x080095e8   0x00000038   Code   RO         4087    i.Set_Key           key.o
    0x08009620   0x0000000c   Code   RO         5405    i.Set_MyAddr        data_map.o
    0x0800962c   0x00000018   Code   RO         5406    i.Set_MyChanel      data_map.o
    0x08009644   0x00000022   Code   RO         5407    i.Set_MyIP          data_map.o
    0x08009666   0x00000002   PAD
    0x08009668   0x000002e0   Code   RO         7014    i.Set_Save          my_lcd.o
    0x08009948   0x0000001c   Code   RO         4160    i.Set_lightdata     light.o
    0x08009964   0x00000066   Code   RO         5000    i.Socket_Init       w5500.o
    0x080099ca   0x0000003c   Code   RO         5002    i.Socket_UDP        w5500.o
    0x08009a06   0x00000002   PAD
    0x08009a08   0x00000030   Code   RO         6395    i.SysPowerOff       power.o
    0x08009a38   0x00000014   Code   RO         6396    i.SysPowerOn        power.o
    0x08009a4c   0x00000028   Code   RO          423    i.SysTick_CLKSourceConfig  misc.o
    0x08009a74   0x00000050   Code   RO         3402    i.SysTick_Handler   delay.o
    0x08009ac4   0x00000030   Code   RO         6397    i.Sys_Init          power.o
    0x08009af4   0x00000060   Code   RO          381    i.SystemInit        system_stm32f10x.o
    0x08009b54   0x0000002c   Code   RO         4804    i.TIM2_IRQHandler   timer.o
    0x08009b80   0x0000001c   Code   RO         4805    i.TIM3_IRQHandler   timer.o
    0x08009b9c   0x000000c0   Code   RO         4806    i.TIM4_IRQHandler   timer.o
    0x08009c5c   0x0000005c   Code   RO         4807    i.TIME2_Init        timer.o
    0x08009cb8   0x000000b0   Code   RO         4808    i.TIME3_Init        timer.o
    0x08009d68   0x00000060   Code   RO         4809    i.TIME4_Init        timer.o
    0x08009dc8   0x00000006   Code   RO         2615    i.TIM_ClearITPendingBit  stm32f10x_tim.o
    0x08009dce   0x00000018   Code   RO         2620    i.TIM_Cmd           stm32f10x_tim.o
    0x08009de6   0x00000022   Code   RO         2641    i.TIM_GetITStatus   stm32f10x_tim.o
    0x08009e08   0x00000012   Code   RO         2645    i.TIM_ITConfig      stm32f10x_tim.o
    0x08009e1a   0x00000002   PAD
    0x08009e1c   0x000000a0   Code   RO         2659    i.TIM_OC3Init       stm32f10x_tim.o
    0x08009ebc   0x00000012   Code   RO         2662    i.TIM_OC3PreloadConfig  stm32f10x_tim.o
    0x08009ece   0x00000002   PAD
    0x08009ed0   0x0000007c   Code   RO         2664    i.TIM_OC4Init       stm32f10x_tim.o
    0x08009f4c   0x0000001a   Code   RO         2666    i.TIM_OC4PreloadConfig  stm32f10x_tim.o
    0x08009f66   0x00000002   PAD
    0x08009f68   0x000000a4   Code   RO         2691    i.TIM_TimeBaseInit  stm32f10x_tim.o
    0x0800a00c   0x0000006c   Code   RO         3656    i.TaskGetMsg        os_task.o
    0x0800a078   0x000000a0   Code   RO         3657    i.TaskIntSendMsg    os_task.o
    0x0800a118   0x00000038   Code   RO         3659    i.TaskPend          os_task.o
    0x0800a150   0x0000004c   Code   RO         3660    i.TaskRepend        os_task.o
    0x0800a19c   0x00000054   Code   RO         3661    i.TaskSendMsg       os_task.o
    0x0800a1f0   0x0000004c   Code   RO         3662    i.Task_AddFree      os_task.o
    0x0800a23c   0x00000040   Code   RO         3663    i.Task_DelFree      os_task.o
    0x0800a27c   0x000002f4   Code   RO         7015    i.Time_Set          my_lcd.o
    0x0800a570   0x00000010   Code   RO         4810    i.TimersInit        timer.o
    0x0800a580   0x0000004c   Code   RO         3664    i.ToggleTasks       os_task.o
    0x0800a5cc   0x0000000c   Code   RO         5216    i.USART1_GetFocus   hard_irq.o
    0x0800a5d8   0x000000d4   Code   RO         4343    i.USART1_IRQHandler  rf.o
    0x0800a6ac   0x00000010   Code   RO         5217    i.USART1_SetFocus   hard_irq.o
    0x0800a6bc   0x0000000c   Code   RO         5218    i.USART2_GetFocus   hard_irq.o
    0x0800a6c8   0x00000088   Code   RO         4120    i.USART2_IRQHandler  lcd.o
    0x0800a750   0x00000010   Code   RO         5219    i.USART2_SetFocus   hard_irq.o
    0x0800a760   0x00000012   Code   RO         3152    i.USART_ClearFlag   stm32f10x_usart.o
    0x0800a772   0x00000018   Code   RO         3156    i.USART_Cmd         stm32f10x_usart.o
    0x0800a78a   0x00000002   PAD
    0x0800a78c   0x0000009c   Code   RO         3158    i.USART_DeInit      stm32f10x_usart.o
    0x0800a828   0x0000001a   Code   RO         3159    i.USART_GetFlagStatus  stm32f10x_usart.o
    0x0800a842   0x00000054   Code   RO         3160    i.USART_GetITStatus  stm32f10x_usart.o
    0x0800a896   0x0000004a   Code   RO         3162    i.USART_ITConfig    stm32f10x_usart.o
    0x0800a8e0   0x000000d8   Code   RO         3163    i.USART_Init        stm32f10x_usart.o
    0x0800a9b8   0x0000000a   Code   RO         3170    i.USART_ReceiveData  stm32f10x_usart.o
    0x0800a9c2   0x00000008   Code   RO         3173    i.USART_SendData    stm32f10x_usart.o
    0x0800a9ca   0x00000002   PAD
    0x0800a9cc   0x00000080   Code   RO         5408    i.Updata_DeviceNum  data_map.o
    0x0800aa4c   0x0000006e   Code   RO         7174    i.Updata_devicestate  my_rf.o
    0x0800aaba   0x00000004   Code   RO          325    i.UsageFault_Handler  stm32f10x_it.o
    0x0800aabe   0x00000002   PAD
    0x0800aac0   0x00000054   Code   RO         4895    i.W25Q_ReadWriteByte  flash.o
    0x0800ab14   0x00000084   Code   RO         5003    i.W5500_GPIO_Configuration  w5500.o
    0x0800ab98   0x0000003c   Code   RO         5004    i.W5500_Hardware_Reset  w5500.o
    0x0800abd4   0x000001c8   Code   RO         5005    i.W5500_IRQ         w5500.o
    0x0800ad9c   0x000000b4   Code   RO         5006    i.W5500_Init        w5500.o
    0x0800ae50   0x0000001e   Code   RO         5007    i.W5500_Initialization  w5500.o
    0x0800ae6e   0x00000002   PAD
    0x0800ae70   0x000000d8   Code   RO         5010    i.Write_SOCK_Data_Buffer  w5500.o
    0x0800af48   0x00000030   Code   RO         5011    i.Write_W5500_1Byte  w5500.o
    0x0800af78   0x00000030   Code   RO         5012    i.Write_W5500_2Byte  w5500.o
    0x0800afa8   0x0000003c   Code   RO         5013    i.Write_W5500_SOCK_1Byte  w5500.o
    0x0800afe4   0x0000003c   Code   RO         5014    i.Write_W5500_SOCK_2Byte  w5500.o
    0x0800b020   0x00000054   Code   RO         5015    i.Write_W5500_SOCK_4Byte  w5500.o
    0x0800b074   0x00000044   Code   RO         5016    i.Write_W5500_nByte  w5500.o
    0x0800b0b8   0x00000028   Code   RO         8166    i.__ARM_fpclassify  m_ws.l(fpclassify.o)
    0x0800b0e0   0x000000aa   Code   RO         8168    i.__kernel_poly     m_ws.l(poly.o)
    0x0800b18a   0x00000002   PAD
    0x0800b18c   0x00000010   Code   RO         8152    i.__mathlib_dbl_divzero  m_ws.l(dunder.o)
    0x0800b19c   0x00000004   Code   RO         8154    i.__mathlib_dbl_infnan2  m_ws.l(dunder.o)
    0x0800b1a0   0x0000000c   Code   RO         8155    i.__mathlib_dbl_invalid  m_ws.l(dunder.o)
    0x0800b1ac   0x0000000e   Code   RO         8156    i.__mathlib_dbl_overflow  m_ws.l(dunder.o)
    0x0800b1ba   0x00000002   PAD
    0x0800b1bc   0x00000010   Code   RO         8158    i.__mathlib_dbl_underflow  m_ws.l(dunder.o)
    0x0800b1cc   0x0000000e   Code   RO         8006    i._is_digit         c_w.l(__printf_wp.o)
    0x0800b1da   0x00000008   Code   RO         4344    i._sys_exit         rf.o
    0x0800b1e2   0x0000006a   Code   RO         5409    i.addDevAddr        data_map.o
    0x0800b24c   0x0000002c   Code   RO         6944    i.addSoftTimerIrq10ms  my_topmsg.o
    0x0800b278   0x00000028   Code   RO         4811    i.addTimerIrq10ms   timer.o
    0x0800b2a0   0x00000028   Code   RO         4812    i.addTimerIrq10us   timer.o
    0x0800b2c8   0x00000080   Code   RO         6850    i.addVariable       cscript.o
    0x0800b348   0x00000298   Code   RO         6851    i.alculation        cscript.o
    0x0800b5e0   0x00000028   Code   RO         7721    i.bufchar           mqttpacket.o
    0x0800b608   0x00000024   Code   RO            1    i.bx_test           main.o
    0x0800b62c   0x0000002a   Code   RO         6027    i.cJSON_AddItemToArray  cjson.o
    0x0800b656   0x00000002   PAD
    0x0800b658   0x00000030   Code   RO         6028    i.cJSON_AddItemToObject  cjson.o
    0x0800b688   0x00000024   Code   RO         6036    i.cJSON_CreateNumber  cjson.o
    0x0800b6ac   0x00000012   Code   RO         6037    i.cJSON_CreateObject  cjson.o
    0x0800b6be   0x0000001c   Code   RO         6038    i.cJSON_CreateString  cjson.o
    0x0800b6da   0x00000002   PAD
    0x0800b6dc   0x00000050   Code   RO         6041    i.cJSON_Delete      cjson.o
    0x0800b72c   0x0000001e   Code   RO         6050    i.cJSON_GetObjectItem  cjson.o
    0x0800b74a   0x00000002   PAD
    0x0800b74c   0x00000040   Code   RO         6051    i.cJSON_InitHooks   cjson.o
    0x0800b78c   0x00000020   Code   RO         6053    i.cJSON_New_Item    cjson.o
    0x0800b7ac   0x00000010   Code   RO         6054    i.cJSON_Parse       cjson.o
    0x0800b7bc   0x00000064   Code   RO         6055    i.cJSON_ParseWithOpts  cjson.o
    0x0800b820   0x00000010   Code   RO         6057    i.cJSON_PrintUnformatted  cjson.o
    0x0800b830   0x0000004c   Code   RO         6060    i.cJSON_strcasecmp  cjson.o
    0x0800b87c   0x0000002c   Code   RO         6061    i.cJSON_strdup      cjson.o
    0x0800b8a8   0x000000e8   Code   RO         7371    i.cfg_0x01          my_cfg.o
    0x0800b990   0x000000b8   Code   RO         7372    i.cfg_0x06          my_cfg.o
    0x0800ba48   0x00000048   Code   RO         7373    i.cfg_0x07          my_cfg.o
    0x0800ba90   0x00000094   Code   RO         7374    i.cfg_0x08          my_cfg.o
    0x0800bb24   0x00000048   Code   RO         7375    i.cfg_0x09          my_cfg.o
    0x0800bb6c   0x0000000c   Code   RO         7376    i.cfg_getstate      my_cfg.o
    0x0800bb78   0x00000040   Code   RO         7377    i.cfg_msg           my_cfg.o
    0x0800bbb8   0x0000008c   Code   RO         7378    i.cfg_retern        my_cfg.o
    0x0800bc44   0x00000094   Code   RO         6852    i.cheVariable       cscript.o
    0x0800bcd8   0x000002a4   Code   RO         6853    i.checkCategory     cscript.o
    0x0800bf7c   0x00000020   Code   RO         5017    i.checkNetstate     w5500.o
    0x0800bf9c   0x00000020   Code   RO         5018    i.checkSocketState  w5500.o
    0x0800bfbc   0x00000018   Code   RO         5019    i.checkSocketStateN  w5500.o
    0x0800bfd4   0x0000016c   Code   RO         6854    i.checkStrType      cscript.o
    0x0800c140   0x0000002c   Code   RO         7523    i.check_server_data  my_w5500.o
    0x0800c16c   0x00000040   Code   RO         6355    i.checksum          ping.o
    0x0800c1ac   0x00000028   Code   RO         6585    i.cheeckflash       cmd.o
    0x0800c1d4   0x0000001a   Code   RO         5410    i.clearDev          data_map.o
    0x0800c1ee   0x0000003e   Code   RO         6586    i.cmd_0x05          cmd.o
    0x0800c22c   0x00000028   Code   RO         6656    i.cmd_byudp         debug.o
    0x0800c254   0x00000026   Code   RO         6587    i.cmd_flash_read    cmd.o
    0x0800c27a   0x00000026   Code   RO         6588    i.cmd_flash_write   cmd.o
    0x0800c2a0   0x0000008c   Code   RO         6589    i.cmd_return        cmd.o
    0x0800c32c   0x00000020   Code   RO         6657    i.cmd_send          debug.o
    0x0800c34c   0x00000018   Code   RO         3807    i.copy_data         my_fun.o
    0x0800c364   0x000000f6   Code   RO         7291    i.ctrl_air          my_autocontrol.o
    0x0800c45a   0x00000240   Code   RO         7292    i.ctrl_humi         my_autocontrol.o
    0x0800c69a   0x00000224   Code   RO         7293    i.ctrl_temp         my_autocontrol.o
    0x0800c8be   0x00000002   PAD
    0x0800c8c0   0x00000024   Code   RO         6590    i.data_real         cmd.o
    0x0800c8e4   0x00000248   Code   RO         6658    i.dbg_Interpreter   debug.o
    0x0800cb2c   0x00000068   Code   RO         6659    i.dbg_booting       debug.o
    0x0800cb94   0x00000194   Code   RO         6660    i.dbg_copydata      debug.o
    0x0800cd28   0x00000100   Code   RO         6661    i.dbg_devconfig     debug.o
    0x0800ce28   0x00000054   Code   RO         6662    i.dbg_err           debug.o
    0x0800ce7c   0x00000120   Code   RO         6663    i.dbg_find          debug.o
    0x0800cf9c   0x000001e4   Code   RO         6664    i.dbg_fun           debug.o
    0x0800d180   0x0000001c   Code   RO         5411    i.dbg_getdevname    data_map.o
    0x0800d19c   0x000000d8   Code   RO         6665    i.dbg_getdevstate   debug.o
    0x0800d274   0x000000ec   Code   RO         6666    i.dbg_getip         debug.o
    0x0800d360   0x000004a8   Code   RO         6667    i.dbg_help          debug.o
    0x0800d808   0x000009ec   Code   RO         6668    i.dbg_info          debug.o
    0x0800e1f4   0x00000144   Code   RO         6669    i.dbg_key           debug.o
    0x0800e338   0x00000450   Code   RO         6670    i.dbg_mem           debug.o
    0x0800e788   0x000000ac   Code   RO         6671    i.dbg_mqtt          debug.o
    0x0800e834   0x000000b0   Code   RO         6672    i.dbg_ntp           debug.o
    0x0800e8e4   0x00000094   Code   RO         6673    i.dbg_oche          debug.o
    0x0800e978   0x00000108   Code   RO         6674    i.dbg_ping          debug.o
    0x0800ea80   0x0000003c   Code   RO         6675    i.dbg_print         debug.o
    0x0800eabc   0x00000040   Code   RO         6676    i.dbg_reboot        debug.o
    0x0800eafc   0x0000017c   Code   RO         6677    i.dbg_run           debug.o
    0x0800ec78   0x00000de0   Code   RO         6678    i.dbg_set           debug.o
    0x0800fa58   0x00000484   Code   RO         6679    i.dbg_set_adddev    debug.o
    0x0800fedc   0x000001bc   Code   RO         6680    i.dbg_task          debug.o
    0x08010098   0x00000088   Code   RO         6681    i.dbg_whos          debug.o
    0x08010120   0x000000de   Code   RO         5412    i.delDevAddr        data_map.o
    0x080101fe   0x00000002   PAD
    0x08010200   0x0000002c   Code   RO         4813    i.delTimerIrq10ms   timer.o
    0x0801022c   0x0000002c   Code   RO         4814    i.delTimerIrq10us   timer.o
    0x08010258   0x00000058   Code   RO         3404    i.delay_init        delay.o
    0x080102b0   0x00000034   Code   RO         3405    i.delay_ms          delay.o
    0x080102e4   0x00000050   Code   RO         3406    i.delay_us          delay.o
    0x08010334   0x000000f8   Code   RO         5777    i.dhcp_ask          dhcp.o
    0x0801042c   0x0000022c   Code   RO         5778    i.dhcp_discover     dhcp.o
    0x08010658   0x000002f8   Code   RO         5779    i.dhcp_request      dhcp.o
    0x08010950   0x000000e4   Code   RO         5780    i.dhcp_retry        dhcp.o
    0x08010a34   0x00000100   Code   RO         5816    i.dns_answer        dns.o
    0x08010b34   0x000000c8   Code   RO         5817    i.dns_makequery     dns.o
    0x08010bfc   0x000000b8   Code   RO         5818    i.dns_query         dns.o
    0x08010cb4   0x00000026   Code   RO         5819    i.dns_question      dns.o
    0x08010cda   0x00000032   Code   RO         7379    i.exit_cfg          my_cfg.o
    0x08010d0c   0x00000168   Code   RO         4436    i.fats_init         fats.o
    0x08010e74   0x00000038   Code   RO         6855    i.findFunAddr       cscript.o
    0x08010eac   0x0000006c   Code   RO         3808    i.findPair          my_fun.o
    0x08010f18   0x000000d4   Code   RO         6856    i.findSemicolon     cscript.o
    0x08010fec   0x00000050   Code   RO         6857    i.findVariable      cscript.o
    0x0801103c   0x0000002c   Code   RO         3548    i.find_messeg       os_msg.o
    0x08011068   0x000000dc   Code   RO         8104    i.floor             m_ws.l(floor.o)
    0x08011144   0x0000000c   Code   RO         5413    i.getAutoCtrlAmount  data_map.o
    0x08011150   0x0000000c   Code   RO         5414    i.getAutoCtrlFrequency  data_map.o
    0x0801115c   0x00000006   Code   RO         3810    i.getChar           my_fun.o
    0x08011162   0x0000000c   Code   RO         5415    i.getDhcpState      data_map.o
    0x0801116e   0x00000002   PAD
    0x08011170   0x00000010   Code   RO         6858    i.getFunNameByIndex  cscript.o
    0x08011180   0x0000000c   Code   RO         7452    i.getIdleTask       my_idle.o
    0x0801118c   0x0000001c   Code   RO         7453    i.getKilledTask     my_idle.o
    0x080111a8   0x00000008   Code   RO         5416    i.getLcdCfgData     data_map.o
    0x080111b0   0x0000002e   Code   RO         3811    i.getMemU32         my_fun.o
    0x080111de   0x00000038   Code   RO         3812    i.getMemValue       my_fun.o
    0x08011216   0x0000000c   Code   RO         5417    i.getMyName         data_map.o
    0x08011222   0x00000014   Code   RO         3813    i.getStr            my_fun.o
    0x08011236   0x00000002   PAD
    0x08011238   0x0000000c   Code   RO         3407    i.getSysRunTime     delay.o
    0x08011244   0x00000050   Code   RO         6859    i.getVariable       cscript.o
    0x08011294   0x0000000c   Code   RO         5418    i.getWarnTolerance  data_map.o
    0x080112a0   0x0000000c   Code   RO         5419    i.getWkServerConnect  data_map.o
    0x080112ac   0x00000080   Code   RO         3549    i.get_messeg        os_msg.o
    0x0801132c   0x00000066   Code   RO         7175    i.get_newstate      my_rf.o
    0x08011392   0x00000050   Code   RO         3814    i.getnumfstr        my_fun.o
    0x080113e2   0x00000002   PAD
    0x080113e4   0x00000080   Code   RO         7454    i.idle_task         my_idle.o
    0x08011464   0x0000003c   Code   RO         7380    i.into_cfg          my_cfg.o
    0x080114a0   0x00000008   Code   RO         4005    i.jianpu_end        beep.o
    0x080114a8   0x0000003e   Code   RO         6420    i.json_cheek        wk_json.o
    0x080114e6   0x00000002   PAD
    0x080114e8   0x00000158   Code   RO         6421    i.json_close        wk_json.o
    0x08011640   0x00000064   Code   RO         6422    i.json_get_devicname  wk_json.o
    0x080116a4   0x00000100   Code   RO         6423    i.json_mode         wk_json.o
    0x080117a4   0x00000048   Code   RO         6424    i.json_ping         wk_json.o
    0x080117ec   0x00000128   Code   RO         6425    i.json_return       wk_json.o
    0x08011914   0x00000134   Code   RO         6426    i.json_setting      wk_json.o
    0x08011a48   0x00000158   Code   RO         6428    i.json_start        wk_json.o
    0x08011ba0   0x00000158   Code   RO         6429    i.json_startdown    wk_json.o
    0x08011cf8   0x00000158   Code   RO         6430    i.json_startup      wk_json.o
    0x08011e50   0x00000124   Code   RO         6431    i.json_version      wk_json.o
    0x08011f74   0x00000092   Code   RO         6860    i.judgeIf           cscript.o
    0x08012006   0x0000013c   Code   RO         4161    i.key_around        light.o
    0x08012142   0x00000002   PAD
    0x08012144   0x000003ac   Code   RO         6946    i.key_deal          my_topmsg.o
    0x080124f0   0x00000048   Code   RO         4162    i.key_light         light.o
    0x08012538   0x00000018   Code   RO         4163    i.key_reset         light.o
    0x08012550   0x000003d8   Code   RO         4165    i.key_send          light.o
    0x08012928   0x00000034   Code   RO         4166    i.key_senddata      light.o
    0x0801295c   0x00000020   Code   RO         4168    i.key_setcolor      light.o
    0x0801297c   0x00000034   Code   RO         7016    i.lcd_beep          my_lcd.o
    0x080129b0   0x00000018   Code   RO         7017    i.lcd_chan_state    my_lcd.o
    0x080129c8   0x0000006c   Code   RO         7018    i.lcd_dataUp        my_lcd.o
    0x08012a34   0x00000098   Code   RO         7019    i.lcd_gettime       my_lcd.o
    0x08012acc   0x000001a4   Code   RO         7020    i.lcd_messeg_02     my_lcd.o
    0x08012c70   0x00000160   Code   RO         7021    i.lcd_messeg_03     my_lcd.o
    0x08012dd0   0x00000014   Code   RO         7022    i.lcd_page          my_lcd.o
    0x08012de4   0x00000020   Code   RO         7023    i.lcd_set_data      my_lcd.o
    0x08012e04   0x00000038   Code   RO         7024    i.lcd_sleep         my_lcd.o
    0x08012e3c   0x000000e0   Code   RO         7025    i.lcd_timetosleep   my_lcd.o
    0x08012f1c   0x0000015e   Code   RO         7327    i.led_light         my_light.o
    0x0801307a   0x00000002   PAD
    0x0801307c   0x0000007c   Code   RO         7328    i.led_lightall      my_light.o
    0x080130f8   0x00000028   Code   RO         4170    i.led_resetall      light.o
    0x08013120   0x000001a8   Code   RO         7329    i.led_run           my_light.o
    0x080132c8   0x00000034   Code   RO         4171    i.led_senddata      light.o
    0x080132fc   0x00000024   Code   RO         4172    i.led_setall        light.o
    0x08013320   0x00000020   Code   RO         4173    i.led_setcolor      light.o
    0x08013340   0x000001d8   Code   RO         7331    i.light_runto       my_light.o
    0x08013518   0x00000002   Code   RO         4174    i.light_setcolor    light.o
    0x0801351a   0x00000002   PAD
    0x0801351c   0x00000174   Code   RO         6947    i.load_test_cfg     my_topmsg.o
    0x08013690   0x0000005c   Code   RO         6861    i.loopWhile         cscript.o
    0x080136ec   0x00000042   Code   RO         7176    i.loushui_warn      my_rf.o
    0x0801372e   0x00000002   PAD
    0x08013730   0x000000f8   Code   RO            2    i.main              main.o
    0x08013828   0x00000058   Code   RO         3470    i.mem_free          os_mem.o
    0x08013880   0x000000e0   Code   RO         3471    i.mem_init          os_mem.o
    0x08013960   0x00000098   Code   RO         3472    i.mem_malloc        os_mem.o
    0x080139f8   0x00000034   Code   RO         3473    i.mem_perused       os_mem.o
    0x08013a2c   0x00000130   Code   RO         5330    i.mqtt_connect      baidu_iot.o
    0x08013b5c   0x00000020   Code   RO         3552    i.msgInit           os_msg.o
    0x08013b7c   0x000000b2   Code   RO         7294    i.my_autocontrol    my_autocontrol.o
    0x08013c2e   0x00000002   PAD
    0x08013c30   0x00000094   Code   RO         6682    i.my_debug          debug.o
    0x08013cc4   0x000001d4   Code   RO         7481    i.my_iot            my_iot.o
    0x08013e98   0x0000017c   Code   RO         7026    i.my_lcd            my_lcd.o
    0x08014014   0x00000034   Code   RO         7027    i.my_lcd_init       my_lcd.o
    0x08014048   0x00000096   Code   RO         7332    i.my_light          my_light.o
    0x080140de   0x00000002   PAD
    0x080140e0   0x000000b4   Code   RO         7179    i.my_rf_loop        my_rf.o
    0x08014194   0x0000009c   Code   RO         6948    i.my_topmsg         my_topmsg.o
    0x08014230   0x000000b4   Code   RO         7524    i.my_w5500          my_w5500.o
    0x080142e4   0x00000028   Code   RO         3474    i.myfree            os_mem.o
    0x0801430c   0x0000002c   Code   RO         3475    i.mymalloc          os_mem.o
    0x08014338   0x0000001a   Code   RO         3476    i.mymemcpy          os_mem.o
    0x08014352   0x00000014   Code   RO         3477    i.mymemset          os_mem.o
    0x08014366   0x00000002   PAD
    0x08014368   0x00000044   Code   RO         3478    i.myrealloc         os_mem.o
    0x080143ac   0x00000016   Code   RO         5781    i.nest_Options      dhcp.o
    0x080143c2   0x00000002   PAD
    0x080143c4   0x000000d4   Code   RO         5860    i.net_check_gateway  enternet.o
    0x08014498   0x00000064   Code   RO         5861    i.net_check_parameters  enternet.o
    0x080144fc   0x0000000e   Code   RO         5862    i.net_get_comstate  enternet.o
    0x0801450a   0x0000000e   Code   RO         5863    i.net_get_phycstate  enternet.o
    0x08014518   0x00000018   Code   RO         5864    i.net_init          enternet.o
    0x08014530   0x0000003a   Code   RO         5865    i.net_set_disip     enternet.o
    0x0801456a   0x00000010   Code   RO         5866    i.net_set_getway    enternet.o
    0x0801457a   0x00000010   Code   RO         5867    i.net_set_myip      enternet.o
    0x0801458a   0x00000010   Code   RO         5868    i.net_set_sub_mask  enternet.o
    0x0801459a   0x00000002   PAD
    0x0801459c   0x00000024   Code   RO         5869    i.net_sysboot_init  enternet.o
    0x080145c0   0x000000ac   Code   RO         5870    i.net_test          enternet.o
    0x0801466c   0x000000f8   Code   RO         6838    i.ntp_gettime       ntp.o
    0x08014764   0x00000020   Code   RO         4175    i.off_light         light.o
    0x08014784   0x00000020   Code   RO         4176    i.on_light          light.o
    0x080147a4   0x00000008   Code   RO         3458    i.os_fats_init      os_fats.o
    0x080147ac   0x00000014   Code   RO         3634    i.os_init           os_sys.o
    0x080147c0   0x00000008   Code   RO         3479    i.os_mem_init       os_mem.o
    0x080147c8   0x0000000a   Code   RO         3553    i.os_msg_init       os_msg.o
    0x080147d2   0x00000008   Code   RO         3665    i.os_task_init      os_task.o
    0x080147da   0x000000de   Code   RO         5820    i.parseMSG          dns.o
    0x080148b8   0x000000ac   Code   RO         6063    i.parse_array       cjson.o
    0x08014964   0x00000114   Code   RO         6064    i.parse_hex4        cjson.o
    0x08014a78   0x000000d8   Code   RO         5821    i.parse_name        dns.o
    0x08014b50   0x000001bc   Code   RO         6065    i.parse_number      cjson.o
    0x08014d0c   0x00000114   Code   RO         6066    i.parse_object      cjson.o
    0x08014e20   0x000001cc   Code   RO         6067    i.parse_string      cjson.o
    0x08014fec   0x000000bc   Code   RO         6068    i.parse_value       cjson.o
    0x080150a8   0x000000dc   Code   RO         6356    i.ping_auto         ping.o
    0x08015184   0x0000005a   Code   RO         6357    i.ping_reply        ping.o
    0x080151de   0x00000002   PAD
    0x080151e0   0x00000094   Code   RO         6358    i.ping_request      ping.o
    0x08015274   0x000009b8   Code   RO         8108    i.pow               m_ws.l(pow.o)
    0x08015c2c   0x0000016c   Code   RO         6069    i.print_array       cjson.o
    0x08015d98   0x00000134   Code   RO         6070    i.print_number      cjson.o
    0x08015ecc   0x00000274   Code   RO         6071    i.print_object      cjson.o
    0x08016140   0x0000000c   Code   RO         6072    i.print_string      cjson.o
    0x0801614c   0x00000128   Code   RO         6073    i.print_string_ptr  cjson.o
    0x08016274   0x00000094   Code   RO         6074    i.print_value       cjson.o
    0x08016308   0x0000000e   Code   RO         7723    i.readChar          mqttpacket.o
    0x08016316   0x00000002   Code   RO         6591    i.read_flash        cmd.o
    0x08016318   0x00000184   Code   RO         6432    i.recv_json         wk_json.o
    0x0801649c   0x000000ac   Code   RO         7382    i.rf_cfg            my_cfg.o
    0x08016548   0x000000c4   Code   RO         7180    i.rf_cjq_deal       my_rf.o
    0x0801660c   0x0000018c   Code   RO         7181    i.rf_cjq_to_data    my_rf.o
    0x08016798   0x00000040   Code   RO         7182    i.rf_deverr         my_rf.o
    0x080167d8   0x00000298   Code   RO         7183    i.rf_hand           my_rf.o
    0x08016a70   0x00000204   Code   RO         7184    i.rf_loop           my_rf.o
    0x08016c74   0x00000178   Code   RO         7185    i.rf_send           my_rf.o
    0x08016dec   0x000000cc   Code   RO         6862    i.runCScript        cscript.o
    0x08016eb8   0x00000198   Code   RO         6863    i.runFunction       cscript.o
    0x08017050   0x0000002e   Code   RO         3815    i.samestr           my_fun.o
    0x0801707e   0x00000048   Code   RO         6433    i.send_json         wk_json.o
    0x080170c6   0x00000002   PAD
    0x080170c8   0x00000294   Code   RO         6434    i.send_json_adddevice  wk_json.o
    0x0801735c   0x0000023c   Code   RO         6435    i.send_json_cj      wk_json.o
    0x08017598   0x000001e8   Code   RO         6436    i.send_json_kz      wk_json.o
    0x08017780   0x0000025c   Code   RO         6437    i.send_json_limit   wk_json.o
    0x080179dc   0x000001d0   Code   RO         6438    i.send_json_warn    wk_json.o
    0x08017bac   0x00000084   Code   RO         3554    i.send_messeg       os_msg.o
    0x08017c30   0x00000042   Code   RO         7295    i.send_warn         my_autocontrol.o
    0x08017c72   0x00000048   Code   RO         6440    i.server_data       wk_json.o
    0x08017cba   0x00000002   PAD
    0x08017cbc   0x000000c0   Code   RO         6441    i.server_read_data  wk_json.o
    0x08017d7c   0x000000c8   Code   RO         6442    i.server_send_data  wk_json.o
    0x08017e44   0x00000018   Code   RO         5420    i.setAutoCtrlAmount  data_map.o
    0x08017e5c   0x00000010   Code   RO         5421    i.setAutoCtrlFrequency  data_map.o
    0x08017e6c   0x00000020   Code   RO         5422    i.setDhcpState      data_map.o
    0x08017e8c   0x00000028   Code   RO         5423    i.setGatewayIP      data_map.o
    0x08017eb4   0x0000002e   Code   RO         3816    i.setMemU32         my_fun.o
    0x08017ee2   0x00000038   Code   RO         3817    i.setMemValue       my_fun.o
    0x08017f1a   0x0000002c   Code   RO         5424    i.setMyName         data_map.o
    0x08017f46   0x00000028   Code   RO         5425    i.setNativeIP       data_map.o
    0x08017f6e   0x00000018   Code   RO         5426    i.setNativePort     data_map.o
    0x08017f86   0x00000028   Code   RO         5427    i.setServerIP       data_map.o
    0x08017fae   0x00000018   Code   RO         5428    i.setServerPort     data_map.o
    0x08017fc6   0x00000028   Code   RO         5429    i.setSubMask        data_map.o
    0x08017fee   0x00000018   Code   RO         5430    i.setWarnTolerance  data_map.o
    0x08018006   0x00000020   Code   RO         5431    i.setWkServerConnect  data_map.o
    0x08018026   0x00000002   PAD
    0x08018028   0x00000014   Code   RO         5872    i.set_dns_serverip  enternet.o
    0x0801803c   0x00000034   Code   RO         4006    i.set_jianpu        beep.o
    0x08018070   0x00000014   Code   RO         5873    i.set_ntp_serverip  enternet.o
    0x08018084   0x00000012   Code   RO         6075    i.skip              cjson.o
    0x08018096   0x00000002   PAD
    0x08018098   0x00000044   Code   RO         3408    i.sleep_ms          delay.o
    0x080180dc   0x00000018   Code   RO         4177    i.sm16703_reset     light.o
    0x080180f4   0x000003d8   Code   RO         4178    i.sm16703_send      light.o
    0x080184cc   0x0000001a   Code   RO         5874    i.socket_recv       enternet.o
    0x080184e6   0x0000000e   Code   RO         6949    i.soft_timer_irq    my_topmsg.o
    0x080184f4   0x0000002c   Code   RO         6950    i.soft_timer_run    my_topmsg.o
    0x08018520   0x0000004c   Code   RO         8172    i.sqrt              m_ws.l(sqrt.o)
    0x0801856c   0x0000006c   Code   RO         3818    i.str2hex           my_fun.o
    0x080185d8   0x00000028   Code   RO         3819    i.str2num           my_fun.o
    0x08018600   0x0000007a   Code   RO         3820    i.str2nums          my_fun.o
    0x0801867a   0x00000024   Code   RO         3821    i.strlenByChar      my_fun.o
    0x0801869e   0x00000006   Code   RO         6076    i.suffix_object     cjson.o
    0x080186a4   0x0000002a   Code   RO         7525    i.sys_test          my_w5500.o
    0x080186ce   0x000000c0   Code   RO         6951    i.taskmsg_deal      my_topmsg.o
    0x0801878e   0x0000001a   Code   RO         5875    i.tcp_close         enternet.o
    0x080187a8   0x000000b6   Code   RO         5876    i.tcp_connect       enternet.o
    0x0801885e   0x0000001e   Code   RO         5877    i.tcp_send          enternet.o
    0x0801887c   0x00000038   Code   RO         5878    i.udp_close         enternet.o
    0x080188b4   0x0000004a   Code   RO         5879    i.udp_init          enternet.o
    0x080188fe   0x0000004c   Code   RO         5880    i.udp_send          enternet.o
    0x0801894a   0x00000002   PAD
    0x0801894c   0x00000010   Code   RO         7526    i.w5500_rest_timer_irq  my_w5500.o
    0x0801895c   0x000000fc   Code   RO         7527    i.wk_client         my_w5500.o
    0x08018a58   0x00000028   Code   RO         7726    i.writeCString      mqttpacket.o
    0x08018a80   0x0000000c   Code   RO         7727    i.writeChar         mqttpacket.o
    0x08018a8c   0x00000030   Code   RO         7728    i.writeInt          mqttpacket.o
    0x08018abc   0x0000003e   Code   RO         7729    i.writeMQTTString   mqttpacket.o
    0x08018afa   0x00000002   PAD
    0x08018afc   0x00000128   Code   RO         6592    i.write_flash       cmd.o
    0x08018c24   0x000001b0   Code   RO         6593    i.writting_flash    cmd.o
    0x08018dd4   0x00000090   Code   RO         7186    i.yt_newstate       my_rf.o
    0x08018e64   0x0000002c   Code   RO         8236    locale$$code        c_w.l(lc_ctype_c.o)
    0x08018e90   0x0000002c   Code   RO         8239    locale$$code        c_w.l(lc_numeric_c.o)
    0x08018ebc   0x00000062   Code   RO         8049    x$fpl$d2f           fz_ws.l(d2f.o)
    0x08018f1e   0x00000002   PAD
    0x08018f20   0x00000150   Code   RO         8051    x$fpl$dadd          fz_ws.l(daddsub_clz.o)
    0x08019070   0x00000010   Code   RO         8241    x$fpl$dcheck1       fz_ws.l(dcheck1.o)
    0x08019080   0x00000018   Code   RO         8137    x$fpl$dcmpinf       fz_ws.l(dcmpi.o)
    0x08019098   0x000002b0   Code   RO         8058    x$fpl$ddiv          fz_ws.l(ddiv.o)
    0x08019348   0x0000005e   Code   RO         8061    x$fpl$dfix          fz_ws.l(dfix.o)
    0x080193a6   0x0000002e   Code   RO         8066    x$fpl$dflt          fz_ws.l(dflt_clz.o)
    0x080193d4   0x00000026   Code   RO         8065    x$fpl$dfltu         fz_ws.l(dflt_clz.o)
    0x080193fa   0x00000002   PAD
    0x080193fc   0x00000078   Code   RO         8071    x$fpl$dleqf         fz_ws.l(dleqf.o)
    0x08019474   0x00000154   Code   RO         8073    x$fpl$dmul          fz_ws.l(dmul.o)
    0x080195c8   0x0000009c   Code   RO         8139    x$fpl$dnaninf       fz_ws.l(dnaninf.o)
    0x08019664   0x0000000c   Code   RO         8141    x$fpl$dretinf       fz_ws.l(dretinf.o)
    0x08019670   0x0000006c   Code   RO         8075    x$fpl$drleqf        fz_ws.l(drleqf.o)
    0x080196dc   0x00000016   Code   RO         8052    x$fpl$drsb          fz_ws.l(daddsub_clz.o)
    0x080196f2   0x00000002   PAD
    0x080196f4   0x000001cc   Code   RO         8243    x$fpl$dsqrt         fz_ws.l(dsqrt_noumaal.o)
    0x080198c0   0x000001d4   Code   RO         8053    x$fpl$dsub          fz_ws.l(daddsub_clz.o)
    0x08019a94   0x00000056   Code   RO         8077    x$fpl$f2d           fz_ws.l(f2d.o)
    0x08019aea   0x00000002   PAD
    0x08019aec   0x000000c4   Code   RO         8079    x$fpl$fadd          fz_ws.l(faddsub_clz.o)
    0x08019bb0   0x00000018   Code   RO         8143    x$fpl$fcmpinf       fz_ws.l(fcmpi.o)
    0x08019bc8   0x0000003e   Code   RO         8085    x$fpl$ffixu         fz_ws.l(ffixu.o)
    0x08019c06   0x00000002   PAD
    0x08019c08   0x00000030   Code   RO         8090    x$fpl$fflt          fz_ws.l(fflt_clz.o)
    0x08019c38   0x00000026   Code   RO         8089    x$fpl$ffltu         fz_ws.l(fflt_clz.o)
    0x08019c5e   0x00000002   PAD
    0x08019c60   0x00000068   Code   RO         8095    x$fpl$fleqf         fz_ws.l(fleqf.o)
    0x08019cc8   0x00000102   Code   RO         8097    x$fpl$fmul          fz_ws.l(fmul.o)
    0x08019dca   0x0000008c   Code   RO         8145    x$fpl$fnaninf       fz_ws.l(fnaninf.o)
    0x08019e56   0x0000000a   Code   RO         8147    x$fpl$fretinf       fz_ws.l(fretinf.o)
    0x08019e60   0x00000062   Code   RO         8099    x$fpl$frleqf        fz_ws.l(frleqf.o)
    0x08019ec2   0x00000002   PAD
    0x08019ec4   0x000000ea   Code   RO         8081    x$fpl$fsub          fz_ws.l(faddsub_clz.o)
    0x08019fae   0x00000004   Code   RO         8101    x$fpl$printf1       fz_ws.l(printf1.o)
    0x08019fb2   0x00000064   Code   RO         8305    x$fpl$retnan        fz_ws.l(retnan.o)
    0x0801a016   0x0000005c   Code   RO         8149    x$fpl$scalbn        fz_ws.l(scalbn.o)
    0x0801a072   0x00000030   Code   RO         8313    x$fpl$trapveneer    fz_ws.l(trapv.o)
    0x0801a0a2   0x00000000   Code   RO         8151    x$fpl$usenofp       fz_ws.l(usenofp.o)
    0x0801a0a2   0x00000002   PAD
    0x0801a0a4   0x00000500   Data   RO          242    .constdata          fun_list.o
    0x0801a5a4   0x00000018   Data   RO         3914    .constdata          rtc.o
    0x0801a5bc   0x00000010   Data   RO         4007    .constdata          beep.o
    0x0801a5cc   0x00000058   Data   RO         5333    .constdata          baidu_iot.o
    0x0801a624   0x00000200   Data   RO         5368    .constdata          crc8_16.o
    0x0801a824   0x00000040   Data   RO         5433    .constdata          data_map.o
    0x0801a864   0x00000007   Data   RO         6077    .constdata          cjson.o
    0x0801a86b   0x00000038   Data   RO         6443    .constdata          wk_json.o
    0x0801a8a3   0x00000001   PAD
    0x0801a8a4   0x00000014   Data   RO         7028    .constdata          my_lcd.o
    0x0801a8b8   0x00000028   Data   RO         7979    .constdata          c_w.l(_printf_hex_int.o)
    0x0801a8e0   0x00000011   Data   RO         8009    .constdata          c_w.l(__printf_flags_wp.o)
    0x0801a8f1   0x00000007   PAD
    0x0801a8f8   0x00000088   Data   RO         8109    .constdata          m_ws.l(pow.o)
    0x0801a980   0x00000008   Data   RO         8170    .constdata          m_ws.l(qnan.o)
    0x0801a988   0x00000094   Data   RO         8211    .constdata          c_w.l(bigflt0.o)
    0x0801aa1c   0x00000913   Data   RO          243    .conststring        fun_list.o
    0x0801b32f   0x00000001   PAD
    0x0801b330   0x00000047   Data   RO         5434    .conststring        data_map.o
    0x0801b377   0x00000001   PAD
    0x0801b378   0x0000040e   Data   RO         6683    .conststring        debug.o
    0x0801b786   0x00000002   PAD
    0x0801b788   0x00000141   Data   RO         7482    .conststring        my_iot.o
    0x0801b8c9   0x00000003   PAD
    0x0801b8cc   0x00000020   Data   RO         8381    Region$$Table       anon$$obj.o
    0x0801b8ec   0x00000110   Data   RO         8235    locale$$data        c_w.l(lc_ctype_c.o)
    0x0801b9fc   0x0000001c   Data   RO         8238    locale$$data        c_w.l(lc_numeric_c.o)


    Execution Region RW_IRAM1 (Base: 0x20000004, Size: 0x00002464, Max: 0x000027fc, ABSOLUTE, COMPRESSED[0x00000090])

    Base Addr    Size         Type   Attr      Idx    E Section Name        Object

    0x20000004   0x00000014   Data   RW          382    .data               system_stm32f10x.o
    0x20000018   0x00000014   Data   RW         2016    .data               stm32f10x_rcc.o
    0x2000002c   0x0000000c   Data   RW         3409    .data               delay.o
    0x20000038   0x0000000c   Data   RW         3481    .data               os_mem.o
    0x20000044   0x00000029   Data   RW         3667    .data               os_task.o
    0x2000006d   0x00000001   PAD
    0x2000006e   0x00000002   Data   RW         3915    .data               rtc.o
    0x20000070   0x00000018   Data   RW         4008    .data               beep.o
    0x20000088   0x00000012   Data   RW         4088    .data               key.o
    0x2000009a   0x00000002   Data   RW         4122    .data               lcd.o
    0x2000009c   0x00000020   Data   RW         4180    .data               light.o
    0x200000bc   0x00000011   Data   RW         4348    .data               rf.o
    0x200000cd   0x00000003   PAD
    0x200000d0   0x0000001e   Data   RW         4465    .data               fats.o
    0x200000ee   0x00000001   Data   RW         4639    .data               mmc_sd.o
    0x200000ef   0x00000001   PAD
    0x200000f0   0x00000004   Data   RW         4816    .data               timer.o
    0x200000f4   0x00000002   Data   RW         4896    .data               flash.o
    0x200000f6   0x0000000f   Data   RW         5022    .data               w5500.o
    0x20000105   0x0000000a   Data   RW         5220    .data               hard_irq.o
    0x2000010f   0x00000004   Data   RW         5334    .data               baidu_iot.o
    0x20000113   0x00000001   PAD
    0x20000114   0x00000028   Data   RW         5435    .data               data_map.o
    0x2000013c   0x00000004   Data   RW         5782    .data               dhcp.o
    0x20000140   0x00000006   Data   RW         5822    .data               dns.o
    0x20000146   0x0000001a   Data   RW         5881    .data               enternet.o
    0x20000160   0x0000000c   Data   RW         6078    .data               cjson.o
    0x2000016c   0x00000006   Data   RW         6359    .data               ping.o
    0x20000172   0x00000001   Data   RW         6444    .data               wk_json.o
    0x20000173   0x00000001   PAD
    0x20000174   0x0000001c   Data   RW         6594    .data               cmd.o
    0x20000190   0x0000000a   Data   RW         6684    .data               debug.o
    0x2000019a   0x00000002   PAD
    0x2000019c   0x0000000d   Data   RW         6864    .data               cscript.o
    0x200001a9   0x00000003   PAD
    0x200001ac   0x00000016   Data   RW         6953    .data               my_topmsg.o
    0x200001c2   0x00000022   Data   RW         7029    .data               my_lcd.o
    0x200001e4   0x0000002c   Data   RW         7333    .data               my_light.o
    0x20000210   0x00000001   Data   RW         7383    .data               my_cfg.o
    0x20000211   0x00000003   PAD
    0x20000214   0x00000004   Data   RW         7456    .data               my_idle.o
    0x20000218   0x00000004   Data   RW         7483    .data               my_iot.o
    0x2000021c   0x00000009   Data   RW         7528    .data               my_w5500.o
    0x20000225   0x00000003   PAD
    0x20000228   0x00000004   Data   RW         7730    .data               mqttpacket.o
    0x2000022c   0x00000004   PAD
    0x20000230   0x00001500   Zero   RW            3    .bss                main.o
    0x20001730   0x00000014   Zero   RW         3480    .bss                os_mem.o
    0x20001744   0x000002d0   Zero   RW         3556    .bss                os_msg.o
    0x20001a14   0x00000400   Zero   RW         3666    .bss                os_task.o
    0x20001e14   0x0000000a   Zero   RW         3913    .bss                rtc.o
    0x20001e1e   0x0000001e   Zero   RW         4121    .bss                lcd.o
    0x20001e3c   0x000000a8   Zero   RW         4179    .bss                light.o
    0x20001ee4   0x0000006c   Zero   RW         4347    .bss                rf.o
    0x20001f50   0x00000028   Zero   RW         4815    .bss                timer.o
    0x20001f78   0x000001d0   Zero   RW         5432    .bss                data_map.o
    0x20002148   0x000000c0   Zero   RW         7455    .bss                my_idle.o
    0x20002208   0x00000060   Zero   RW         8248    .bss                c_w.l(libspace.o)
    0x20002268   0x00000000   Zero   RW          413    HEAP                startup_stm32f10x_hd.o
    0x20002268   0x00000200   Zero   RW          412    STACK               startup_stm32f10x_hd.o


==============================================================================

Image component sizes


      Code (inc. data)   RO Data    RW Data    ZI Data      Debug   Object Name

       304         10         88          4          0       1841   baidu_iot.o
      7246        472         16         24          0       9733   beep.o
      4226        248          7         12          0      21898   cjson.o
      1196        104          0         28          0       7848   cmd.o
        32          0          0          0          0        536   core_cm3.o
        56         10        512          0          0       1214   crc8_16.o
      3274        104          0         13          0      11666   cscript.o
      1842         44        135         40        464      24212   data_map.o
     14588       6270       1038         10          0      20713   debug.o
       428         66          0         12          0       3939   delay.o
      1814        118          0          4          0       4624   dhcp.o
      1116         38          0          6          0       5404   dns.o
      1188         58          0         26          0      12151   enternet.o
       360         64          0         30          0       5281   fats.o
       896         72          0          2          0       7460   flash.o
         0          0       3603          0          0       6515   fun_list.o
       280        120          0         10          0       9365   hard_irq.o
         8          0          0          0          0        412   iwdg.o
       700         38          0         18          0       3164   key.o
       522         56          0          2         30       3389   lcd.o
      3038        140          0         32        168      12553   light.o
       284         66          0          0       5376     278166   main.o
       192         30          0          0          0       2439   misc.o
      1308         32          0          1          0      10425   mmc_sd.o
       596         18          0          0          0       2800   mqttconnectclient.o
       450         18          0          4          0       6506   mqttpacket.o
      1614          0          0          0          0       4252   my_autocontrol.o
      1206         72          0          1          0       6625   my_cfg.o
       794          6          0          0          0       9143   my_fun.o
       168         32          0          4        192       2060   my_idle.o
       532         36        321          4          0       1223   my_iot.o
      4270        158         20         34          0      15292   my_lcd.o
      1520         92          0         44          0       5006   my_light.o
      3768         22          0          0          0      11318   my_rf.o
      1762         58          0         22          0       5442   my_topmsg.o
       534         54          0          9          0       3531   my_w5500.o
       248          0          0          0          0       1186   ntp.o
       216         36          0          0          0        328   os_cpu_a.o
       154          0          0          0          0        984   os_cpu_c.o
         8          0          0          0          0        451   os_fats.o
       722         80          0         12         20       7076   os_mem.o
       346         18          0          0        720       4533   os_msg.o
        20          0          0          0          0        450   os_sys.o
      1308        164          0         41       1024      11231   os_task.o
       538         22          0          6          0       4385   ping.o
       116         14          0          0          0       1334   power.o
        76         14          0          0          0       1256   relay.o
      1280        146          0         17        108       8775   rf.o
       948         40         24          2         10       6144   rtc.o
       272         18          0          0          0       1701   spi.o
        60         22        304          0        512        772   startup_stm32f10x_hd.o
        72         10          0          0          0       2548   stm32f10x_bkp.o
       200         18          0          0          0       1972   stm32f10x_exti.o
       274         30          0          0          0       3202   stm32f10x_flash.o
       494         10          0          0          0       4280   stm32f10x_gpio.o
        62         10          0          0          0      18182   stm32f10x_it.o
        16          6          0          0          0        445   stm32f10x_iwdg.o
        12          6          0          0          0        478   stm32f10x_pwr.o
       492         70          0         20          0       7920   stm32f10x_rcc.o
       260         48          0          0          0       4812   stm32f10x_rtc.o
       112          0          0          0          0       3626   stm32f10x_spi.o
       574         62          0          0          0       5784   stm32f10x_tim.o
       616         28          0          0          0       6954   stm32f10x_usart.o
       630          6          0          0          0       3242   stmflash.o
       328         28          0         20          0       2069   system_stm32f10x.o
       812         48          0          4         40       6282   timer.o
      2582        142          0         15          0      16350   w5500.o
      6474       1512         56          1          0      15078   wk_json.o

    ----------------------------------------------------------------------
     82538      11334       6164        552       8668     691976   Object Totals
         0          0         32          0          0          0   (incl. Generated)
       104          0          8         18          4          0   (incl. Padding)

    ----------------------------------------------------------------------

      Code (inc. data)   RO Data    RW Data    ZI Data      Debug   Library Member Name

        44          6          0          0          0         84   __2sprintf.o
        90          0          0          0          0          0   __dczerorl2.o
         8          0          0          0          0         68   __main.o
       312          4         17          0          0         92   __printf_flags_wp.o
        14          0          0          0          0         68   __printf_wp.o
         0          0          0          0          0          0   __rtentry.o
        12          0          0          0          0          0   __rtentry2.o
         6          0          0          0          0          0   __rtentry4.o
        52          8          0          0          0          0   __scatter.o
        28          0          0          0          0          0   __scatter_zi.o
        44          0          0          0          0        108   _printf_char.o
        48          6          0          0          0         96   _printf_char_common.o
         6          0          0          0          0          0   _printf_d.o
       120         16          0          0          0         92   _printf_dec.o
         6          0          0          0          0          0   _printf_e.o
         6          0          0          0          0          0   _printf_f.o
      1050          0          0          0          0        216   _printf_fp_dec.o
       128         16          0          0          0         84   _printf_fp_infnan.o
        88          4         40          0          0         88   _printf_hex_int.o
       178          0          0          0          0         88   _printf_intcommon.o
        78          0          0          0          0        108   _printf_pad.o
         0          0          0          0          0          0   _printf_percent.o
         4          0          0          0          0          0   _printf_percent_end.o
         6          0          0          0          0          0   _printf_s.o
        82          0          0          0          0         80   _printf_str.o
         6          0          0          0          0          0   _printf_u.o
         6          0          0          0          0          0   _printf_x.o
        22          0          0          0          0        100   _rserrno.o
        10          0          0          0          0         68   _sputc.o
       220          4        148          0          0         96   bigflt0.o
      1910        128          0          0          0        672   btod.o
        12          0          0          0          0         72   exit.o
         6          0          0          0          0        152   heapauxi.o
        44         10        272          0          0         76   lc_ctype_c.o
        44         10         28          0          0         76   lc_numeric_c.o
         2          0          0          0          0          0   libinit.o
        30          0          0          0          0          0   libinit2.o
         2          0          0          0          0          0   libshutdown.o
         2          0          0          0          0          0   libshutdown2.o
         8          4          0          0         96         68   libspace.o
       138          0          0          0          0         80   lludiv10.o
        16          4          0          0          0         76   rt_ctype_table.o
         8          4          0          0          0         68   rt_errno_addr_intlibspace.o
         8          4          0          0          0         68   rt_locale_intlibspace.o
        68          0          0          0          0         68   rt_memclr.o
        78          0          0          0          0         80   rt_memclr_w.o
       138          0          0          0          0         68   rt_memcpy_v6.o
       100          0          0          0          0         80   rt_memcpy_w.o
         2          0          0          0          0          0   rtexit.o
        10          0          0          0          0          0   rtexit2.o
        20          0          0          0          0         68   strchr.o
       128          0          0          0          0         68   strcmpv7m.o
        72          0          0          0          0         80   strcpy.o
        62          0          0          0          0         76   strlen.o
       150          0          0          0          0         80   strncmp.o
        86          0          0          0          0         76   strncpy.o
        74          0          0          0          0         80   sys_stackheap_outer.o
        26          0          0          0          0         76   tolower.o
         2          0          0          0          0         68   use_no_semi.o
         2          0          0          0          0         68   use_no_semi_2.o
        98          4          0          0          0         92   d2f.o
       826         16          0          0          0        348   daddsub_clz.o
        16          4          0          0          0         68   dcheck1.o
        24          0          0          0          0         68   dcmpi.o
       688        140          0          0          0        208   ddiv.o
        94          4          0          0          0         92   dfix.o
        84          0          0          0          0        136   dflt_clz.o
       120          4          0          0          0         92   dleqf.o
       340         12          0          0          0        104   dmul.o
       156          4          0          0          0         92   dnaninf.o
        12          0          0          0          0         68   dretinf.o
       108          0          0          0          0         80   drleqf.o
       460         56          0          0          0        120   dsqrt_noumaal.o
        86          4          0          0          0         84   f2d.o
       430          8          0          0          0        168   faddsub_clz.o
        24          0          0          0          0         68   fcmpi.o
        62          4          0          0          0         84   ffixu.o
        86          0          0          0          0        136   fflt_clz.o
       104          4          0          0          0         84   fleqf.o
       258          4          0          0          0         84   fmul.o
       140          4          0          0          0         84   fnaninf.o
        10          0          0          0          0         68   fretinf.o
        98          0          0          0          0         68   frleqf.o
         4          0          0          0          0         68   printf1.o
       100          0          0          0          0         68   retnan.o
        92          0          0          0          0         68   scalbn.o
        48          0          0          0          0         68   trapv.o
         0          0          0          0          0          0   usenofp.o
        62         10          0          0          0        340   dunder.o
       220         16          0          0          0         84   floor.o
        40          0          0          0          0         68   fpclassify.o
       170          0          0          0          0         96   poly.o
      2488        190        136          0          0        300   pow.o
         0          0          8          0          0          0   qnan.o
        76          0          0          0          0         84   sqrt.o

    ----------------------------------------------------------------------
     13578        716        656          0         96       7720   Library Totals
        32          0          7          0          0          0   (incl. Padding)

    ----------------------------------------------------------------------

      Code (inc. data)   RO Data    RW Data    ZI Data      Debug   Library Name

      5922        228        505          0         96       3980   c_w.l
      4568        272          0          0          0       2768   fz_ws.l
      3056        216        144          0          0        972   m_ws.l

    ----------------------------------------------------------------------
     13578        716        656          0         96       7720   Library Totals

    ----------------------------------------------------------------------

==============================================================================


      Code (inc. data)   RO Data    RW Data    ZI Data      Debug   

     96116      12050       6820        552       8764     665580   Grand Totals
     96116      12050       6820        144       8764     665580   ELF Image Totals (compressed)
     96116      12050       6820        144          0          0   ROM Totals

==============================================================================

    Total RO  Size (Code + RO Data)               102936 ( 100.52kB)
    Total RW  Size (RW Data + ZI Data)              9316 (   9.10kB)
    Total ROM Size (Code + RO Data + RW Data)     103080 ( 100.66kB)

==============================================================================

