Component: ARM Compiler 5.05 update 1 (build 106) Tool: armlink [4d0efa]

==============================================================================

Section Cross References

    main.o(i.main) refers to power.o(i.SysPowerOn) for SysPowerOn
    main.o(i.main) refers to os_task.o(i.CreateTaskN) for CreateTaskN
    main.o(i.main) refers to os_task.o(i.OSStart) for OSStart
    main.o(i.main) refers to power.o(i.SysPowerOff) for SysPowerOff
    main.o(i.main) refers to main.o(.bss) for my_keytack
    main.o(i.main) refers to my_topmsg.o(i.my_topmsg) for my_topmsg
    main.o(i.main) refers to my_lcd.o(i.my_lcd) for my_lcd
    main.o(i.main) refers to my_rf.o(i.my_rf_loop) for my_rf_loop
    main.o(i.main) refers to my_light.o(i.my_light) for my_light
    main.o(i.main) refers to my_w5500.o(i.my_w5500) for my_w5500
    main.o(i.main) refers to my_autocontrol.o(i.my_autocontrol) for my_autocontrol
    main.o(i.main) refers to my_idle.o(i.idle_task) for idle_task
    fun_list.o(.constdata) refers to strlen.o(.text) for strlen
    fun_list.o(.constdata) refers to fun_list.o(.conststring) for .conststring
    fun_list.o(.constdata) refers to delay.o(i.delay_ms) for delay_ms
    fun_list.o(.constdata) refers to delay.o(i.sleep_ms) for sleep_ms
    fun_list.o(.constdata) refers to delay.o(i.delay_us) for delay_us
    fun_list.o(.constdata) refers to delay.o(i.getSysRunTime) for getSysRunTime
    fun_list.o(.constdata) refers to rtc.o(i.RTC_SetTimeBySec) for RTC_SetTimeBySec
    fun_list.o(.constdata) refers to rtc.o(i.RTC_GetTimeBySec) for RTC_GetTimeBySec
    fun_list.o(.constdata) refers to rtc.o(i.RTC_Get_Week) for RTC_Get_Week
    fun_list.o(.constdata) refers to rtc.o(i.RTC_Set) for RTC_Set
    fun_list.o(.constdata) refers to stmflash.o(i.STMFLASH_Write) for STMFLASH_Write
    fun_list.o(.constdata) refers to stmflash.o(i.STMFLASH_Read) for STMFLASH_Read
    fun_list.o(.constdata) refers to flash.o(i.SPI_Flash_Read) for SPI_Flash_Read
    fun_list.o(.constdata) refers to flash.o(i.SPI_Flash_Write) for SPI_Flash_Write
    fun_list.o(.constdata) refers to my_fun.o(i.getMemValue) for getMemValue
    fun_list.o(.constdata) refers to my_fun.o(i.setMemValue) for setMemValue
    fun_list.o(.constdata) refers to my_fun.o(i.setMemU32) for setMemU32
    fun_list.o(.constdata) refers to my_fun.o(i.getMemU32) for getMemU32
    fun_list.o(.constdata) refers to my_fun.o(i.samestr) for samestr
    fun_list.o(.constdata) refers to os_msg.o(i.send_messeg) for send_messeg
    fun_list.o(.constdata) refers to os_msg.o(i.get_messeg) for get_messeg
    fun_list.o(.constdata) refers to os_mem.o(i.mem_perused) for mem_perused
    fun_list.o(.constdata) refers to os_mem.o(i.mymalloc) for mymalloc
    fun_list.o(.constdata) refers to os_mem.o(i.myfree) for myfree
    fun_list.o(.constdata) refers to os_mem.o(i.myrealloc) for myrealloc
    fun_list.o(.constdata) refers to os_task.o(i.CheckTaskUsege) for CheckTaskUsege
    fun_list.o(.constdata) refers to os_task.o(i.GetTaskSize) for GetTaskSize
    fun_list.o(.constdata) refers to os_task.o(i.GetTaskUsed) for GetTaskUsed
    fun_list.o(.constdata) refers to os_task.o(i.TaskPend) for TaskPend
    fun_list.o(.constdata) refers to os_task.o(i.TaskRepend) for TaskRepend
    fun_list.o(.constdata) refers to os_task.o(i.TaskSendMsg) for TaskSendMsg
    fun_list.o(.constdata) refers to os_task.o(i.TaskGetMsg) for TaskGetMsg
    fun_list.o(.constdata) refers to os_task.o(i.DeleteTask) for DeleteTask
    fun_list.o(.constdata) refers to data_map.o(i.Save_Config) for Save_Config
    fun_list.o(.constdata) refers to data_map.o(i.Load_Config) for Load_Config
    fun_list.o(.constdata) refers to data_map.o(i.Save_LCD) for Save_LCD
    fun_list.o(.constdata) refers to data_map.o(i.Load_LCD) for Load_LCD
    fun_list.o(.constdata) refers to data_map.o(i.GetDeviceType) for GetDeviceType
    fun_list.o(.constdata) refers to data_map.o(i.GetDeviceState) for GetDeviceState
    fun_list.o(.constdata) refers to data_map.o(i.GetDeviceNum) for GetDeviceNum
    fun_list.o(.constdata) refers to data_map.o(i.GetCfgData) for GetCfgData
    fun_list.o(.constdata) refers to data_map.o(i.GetCJDataAddr) for GetCJDataAddr
    fun_list.o(.constdata) refers to data_map.o(i.Get_MyAddr) for Get_MyAddr
    fun_list.o(.constdata) refers to data_map.o(i.Set_MyAddr) for Set_MyAddr
    fun_list.o(.constdata) refers to data_map.o(i.Set_Device) for Set_Device
    fun_list.o(.constdata) refers to data_map.o(i.Set_MyIP) for Set_MyIP
    fun_list.o(.constdata) refers to data_map.o(i.Get_MyIP) for Get_MyIP
    fun_list.o(.constdata) refers to data_map.o(i.Set_MyChanel) for Set_MyChanel
    fun_list.o(.constdata) refers to data_map.o(i.Get_MyChanel) for Get_MyChanel
    fun_list.o(.constdata) refers to data_map.o(i.setNativeIP) for setNativeIP
    fun_list.o(.constdata) refers to data_map.o(i.setNativePort) for setNativePort
    fun_list.o(.constdata) refers to data_map.o(i.setServerIP) for setServerIP
[...]
    my_keytack                               0x20000230   Data         512  main.o(.bss)
    my_lcdtack                               0x20000430   Data         512  main.o(.bss)
    rf_looptack                              0x20000630   Data        1024  main.o(.bss)
    my_lighttack                             0x20000a30   Data         512  main.o(.bss)
    my_w5500tack                             0x20000c30   Data        1536  main.o(.bss)
    my_autotack                              0x20001230   Data         512  main.o(.bss)
    my_idletack                              0x20001430   Data        1024  main.o(.bss)
    mallco_dev                               0x20001830   Data          20  os_mem.o(.bss)
    my_messeg                                0x20001844   Data         720  os_msg.o(.bss)
    TCB_Table                                0x20001b14   Data        1024  os_task.o(.bss)
    USART_RX_BUF                             0x20001fe4   Data          50  rf.o(.bss)
    MY_CMD                                   0x20002016   Data          58  rf.o(.bss)
    key_color                                0x20002248   Data          18  my_topmsg.o(.bss)
    LASTTIME                                 0x2000225c   Data         128  my_idle.o(.bss)
    IDLETIMES                                0x200022dc   Data          64  my_idle.o(.bss)
    _random_number_data                      0x2000231c   Data         228  rand.o(.bss)
    __libspace_start                         0x20002400   Data          96  libspace.o(.bss)
    __temporary_stack_top$libspace           0x20002460   Data           0  libspace.o(.bss)



==============================================================================

Memory Map of the image

  Image Entry point : 0x08002931

  Load Region LR_IROM1 (Base: 0x08002800, Size: 0x0001a128, Max: 0x00038000, ABSOLUTE, COMPRESSED[0x00019f8c])

    Execution Region ER_IROM1 (Base: 0x08002800, Size: 0x00019efc, Max: 0x00038000, ABSOLUTE)

    Base Addr    Size         Type   Attr      Idx    E Section Name        Object

    0x08002800   0x00000130   Data   RO          411    RESET               startup_stm32f10x_hd.o
    0x08002930   0x00000008   Code   RO         8230  * !!!main             c_w.l(__main.o)
    0x08002938   0x00000034   Code   RO         8568    !!!scatter          c_w.l(__scatter.o)
    0x0800296c   0x0000005a   Code   RO         8566    !!dczerorl2         c_w.l(__dczerorl2.o)
    0x080029c6   0x00000002   PAD
    0x080029c8   0x0000001c   Code   RO         8570    !!handler_zi        c_w.l(__scatter_zi.o)
    0x080029e4   0x00000000   Code   RO         8200    .ARM.Collect$$_printf_percent$$00000000  c_w.l(_printf_percent.o)
    0x080029e4   0x00000006   Code   RO         8198    .ARM.Collect$$_printf_percent$$00000003  c_w.l(_printf_f.o)
    0x080029ea   0x00000006   Code   RO         8199    .ARM.Collect$$_printf_percent$$00000004  c_w.l(_printf_e.o)
    0x080029f0   0x00000006   Code   RO         8196    .ARM.Collect$$_printf_percent$$00000009  c_w.l(_printf_d.o)
    0x080029f6   0x00000006   Code   RO         8197    .ARM.Collect$$_printf_percent$$0000000A  c_w.l(_printf_u.o)
    0x080029fc   0x00000006   Code   RO         8195    .ARM.Collect$$_printf_percent$$0000000C  c_w.l(_printf_x.o)
    0x08002a02   0x00000006   Code   RO         8194    .ARM.Collect$$_printf_percent$$00000014  c_w.l(_printf_s.o)
    0x08002a08   0x00000004   Code   RO         8319    .ARM.Collect$$_printf_percent$$00000017  c_w.l(_printf_percent_end.o)
    0x08002a0c   0x00000002   Code   RO         8495    .ARM.Collect$$libinit$$00000000  c_w.l(libinit.o)
    0x08002a0e   0x00000000   Code   RO         8321    .ARM.Collect$$libinit$$00000002  c_w.l(libinit2.o)
    0x08002a0e   0x00000000   Code   RO         8323    .ARM.Collect$$libinit$$00000004  c_w.l(libinit2.o)
    0x08002a0e   0x00000000   Code   RO         8326    .ARM.Collect$$libinit$$0000000A  c_w.l(libinit2.o)
    0x08002a0e   0x00000000   Code   RO         8328    .ARM.Collect$$libinit$$0000000C  c_w.l(libinit2.o)
    0x08002a0e   0x00000004   Code   RO         8329    .ARM.Collect$$libinit$$0000000D  c_w.l(libinit2.o)
    0x08002a12   0x00000000   Code   RO         8330    .ARM.Collect$$libinit$$0000000E  c_w.l(libinit2.o)
    0x08002a12   0x00000006   Code   RO         8331    .ARM.Collect$$libinit$$0000000F  c_w.l(libinit2.o)
    0x08002a18   0x00000000   Code   RO         8333    .ARM.Collect$$libinit$$00000011  c_w.l(libinit2.o)
    0x08002a18   0x0000000c   Code   RO         8334    .ARM.Collect$$libinit$$00000012  c_w.l(libinit2.o)
    0x08002a24   0x00000000   Code   RO         8335    .ARM.Collect$$libinit$$00000013  c_w.l(libinit2.o)
    0x08002a24   0x00000000   Code   RO         8337    .ARM.Collect$$libinit$$00000015  c_w.l(libinit2.o)
    0x08002a24   0x0000000a   Code   RO         8338    .ARM.Collect$$libinit$$00000016  c_w.l(libinit2.o)
    0x08002a2e   0x00000000   Code   RO         8339    .ARM.Collect$$libinit$$00000017  c_w.l(libinit2.o)
    0x08002a2e   0x00000000   Code   RO         8341    .ARM.Collect$$libinit$$00000019  c_w.l(libinit2.o)
    0x08002a2e   0x00000000   Code   RO         8343    .ARM.Collect$$libinit$$0000001B  c_w.l(libinit2.o)
    0x08002a2e   0x00000000   Code   RO         8345    .ARM.Collect$$libinit$$0000001D  c_w.l(libinit2.o)
    0x08002a2e   0x00000000   Code   RO         8347    .ARM.Collect$$libinit$$0000001F  c_w.l(libinit2.o)
    0x08002a2e   0x00000000   Code   RO         8349    .ARM.Collect$$libinit$$00000021  c_w.l(libinit2.o)
    0x08002a2e   0x00000000   Code   RO         8351    .ARM.Collect$$libinit$$00000023  c_w.l(libinit2.o)
    0x08002a2e   0x00000000   Code   RO         8353    .ARM.Collect$$libinit$$00000025  c_w.l(libinit2.o)
    0x08002a2e   0x00000000   Code   RO         8357    .ARM.Collect$$libinit$$0000002C  c_w.l(libinit2.o)
    0x08002a2e   0x00000000   Code   RO         8359    .ARM.Collect$$libinit$$0000002E  c_w.l(libinit2.o)
    0x08002a2e   0x00000000   Code   RO         8361    .ARM.Collect$$libinit$$00000030  c_w.l(libinit2.o)
    0x08002a2e   0x00000000   Code   RO         8363    .ARM.Collect$$libinit$$00000032  c_w.l(libinit2.o)
    0x08002a2e   0x00000002   Code   RO         8364    .ARM.Collect$$libinit$$00000033  c_w.l(libinit2.o)
    0x08002a30   0x00000002   Code   RO         8530    .ARM.Collect$$libshutdown$$00000000  c_w.l(libshutdown.o)
    0x08002a32   0x00000000   Code   RO         8535    .ARM.Collect$$libshutdown$$00000003  c_w.l(libshutdown2.o)
    0x08002a32   0x00000000   Code   RO         8538    .ARM.Collect$$libshutdown$$00000006  c_w.l(libshutdown2.o)
    0x08002a32   0x00000000   Code   RO         8541    .ARM.Collect$$libshutdown$$00000009  c_w.l(libshutdown2.o)
    0x08002a32   0x00000000   Code   RO         8543    .ARM.Collect$$libshutdown$$0000000B  c_w.l(libshutdown2.o)
    0x08002a32   0x00000000   Code   RO         8546    .ARM.Collect$$libshutdown$$0000000E  c_w.l(libshutdown2.o)
    0x08002a32   0x00000002   Code   RO         8547    .ARM.Collect$$libshutdown$$0000000F  c_w.l(libshutdown2.o)
    0x08002a34   0x00000000   Code   RO         8302    .ARM.Collect$$rtentry$$00000000  c_w.l(__rtentry.o)
    0x08002a34   0x00000000   Code   RO         8408    .ARM.Collect$$rtentry$$00000002  c_w.l(__rtentry2.o)
    0x08002a34   0x00000006   Code   RO         8420    .ARM.Collect$$rtentry$$00000004  c_w.l(__rtentry4.o)
    0x08002a3a   0x00000000   Code   RO         8410    .ARM.Collect$$rtentry$$00000009  c_w.l(__rtentry2.o)
    0x08002a3a   0x00000004   Code   RO         8411    .ARM.Collect$$rtentry$$0000000A  c_w.l(__rtentry2.o)
    0x08002a3e   0x00000000   Code   RO         8413    .ARM.Collect$$rtentry$$0000000C  c_w.l(__rtentry2.o)
    0x08002a3e   0x00000008   Code   RO         8414    .ARM.Collect$$rtentry$$0000000D  c_w.l(__rtentry2.o)
    0x08002a46   0x00000002   Code   RO         8500    .ARM.Collect$$rtexit$$00000000  c_w.l(rtexit.o)
    0x08002a48   0x00000000   Code   RO         8512    .ARM.Collect$$rtexit$$00000002  c_w.l(rtexit2.o)
    0x08002a48   0x00000004   Code   RO         8513    .ARM.Collect$$rtexit$$00000003  c_w.l(rtexit2.o)
    0x08002a4c   0x00000006   Code   RO         8514    .ARM.Collect$$rtexit$$00000004  c_w.l(rtexit2.o)
    0x08002a52   0x00000002   PAD
    0x08002a54   0x00000020   Code   RO          304    .emb_text           core_cm3.o
    0x08002a74   0x00000034   Code   RO         8201    .emb_text           c_w.l(rand.o)
    0x08002aa8   0x0000003c   Code   RO          412    .text               startup_stm32f10x_hd.o
    0x08002ae4   0x000000d8   Code   RO         3395    .text               os_cpu_a.o
    0x08002bbc   0x00000002   Code   RO         8133    .text               c_w.l(use_no_semi_2.o)
    0x08002bbe   0x0000001a   Code   RO         8135    .text               c_w.l(tolower.o)
    0x08002bd8   0x0000002c   Code   RO         8137    .text               c_w.l(__2sprintf.o)
    0x08002c04   0x0000004e   Code   RO         8147    .text               c_w.l(_printf_pad.o)
    0x08002c52   0x00000052   Code   RO         8149    .text               c_w.l(_printf_str.o)
    0x08002ca4   0x00000078   Code   RO         8151    .text               c_w.l(_printf_dec.o)
    0x08002d1c   0x00000058   Code   RO         8156    .text               c_w.l(_printf_hex_int.o)
    0x08002d74   0x00000138   Code   RO         8186    .text               c_w.l(__printf_flags_wp.o)
    0x08002eac   0x0000003c   Code   RO         8202    .text               c_w.l(rand.o)
    0x08002ee8   0x00000014   Code   RO         8206    .text               c_w.l(strchr.o)
    0x08002efc   0x00000048   Code   RO         8210    .text               c_w.l(strcpy.o)
    0x08002f44   0x0000003e   Code   RO         8212    .text               c_w.l(strlen.o)
    0x08002f82   0x00000096   Code   RO         8214    .text               c_w.l(strncmp.o)
    0x08003018   0x0000008a   Code   RO         8216    .text               c_w.l(rt_memcpy_v6.o)
    0x080030a2   0x00000064   Code   RO         8218    .text               c_w.l(rt_memcpy_w.o)
    0x08003106   0x00000044   Code   RO         8220    .text               c_w.l(rt_memclr.o)
    0x0800314a   0x0000004e   Code   RO         8222    .text               c_w.l(rt_memclr_w.o)
    0x08003198   0x00000056   Code   RO         8224    .text               c_w.l(strncpy.o)
    0x080031ee   0x00000002   PAD
    0x080031f0   0x00000080   Code   RO         8226    .text               c_w.l(strcmpv7m.o)
    0x08003270   0x00000006   Code   RO         8228    .text               c_w.l(heapauxi.o)
    0x08003276   0x00000002   Code   RO         8300    .text               c_w.l(use_no_semi.o)
    0x08003278   0x00000010   Code   RO         8303    .text               c_w.l(rt_ctype_table.o)
    0x08003288   0x00000016   Code   RO         8305    .text               c_w.l(_rserrno.o)
    0x0800329e   0x000000b2   Code   RO         8307    .text               c_w.l(_printf_intcommon.o)
    0x08003350   0x0000041a   Code   RO         8309    .text               c_w.l(_printf_fp_dec.o)
    0x0800376a   0x00000002   PAD
    0x0800376c   0x00000030   Code   RO         8311    .text               c_w.l(_printf_char_common.o)
    0x0800379c   0x0000000a   Code   RO         8313    .text               c_w.l(_sputc.o)
    0x080037a6   0x0000002c   Code   RO         8317    .text               c_w.l(_printf_char.o)
    0x080037d2   0x00000002   PAD
    0x080037d4   0x00000008   Code   RO         8425    .text               c_w.l(rt_locale_intlibspace.o)
    0x080037dc   0x00000008   Code   RO         8430    .text               c_w.l(rt_errno_addr_intlibspace.o)
    0x080037e4   0x0000008a   Code   RO         8432    .text               c_w.l(lludiv10.o)
    0x0800386e   0x00000002   PAD
    0x08003870   0x00000080   Code   RO         8434    .text               c_w.l(_printf_fp_infnan.o)
    0x080038f0   0x000000dc   Code   RO         8438    .text               c_w.l(bigflt0.o)
    0x080039cc   0x00000008   Code   RO         8479    .text               c_w.l(libspace.o)
    0x080039d4   0x0000004a   Code   RO         8482    .text               c_w.l(sys_stackheap_outer.o)
    0x08003a1e   0x0000000c   Code   RO         8484    .text               c_w.l(exit.o)
    0x08003a2a   0x0000003e   Code   RO         8441    CL$$btod_d2e        c_w.l(btod.o)
    0x08003a68   0x00000046   Code   RO         8443    CL$$btod_d2e_denorm_low  c_w.l(btod.o)
    0x08003aae   0x00000060   Code   RO         8442    CL$$btod_d2e_norm_op1  c_w.l(btod.o)
    0x08003b0e   0x00000338   Code   RO         8451    CL$$btod_div_common  c_w.l(btod.o)
    0x08003e46   0x000000c6   Code   RO         8448    CL$$btod_e2e        c_w.l(btod.o)
    0x08003f0c   0x00000028   Code   RO         8445    CL$$btod_ediv       c_w.l(btod.o)
    0x08003f34   0x00000028   Code   RO         8444    CL$$btod_emul       c_w.l(btod.o)
    0x08003f5c   0x00000244   Code   RO         8450    CL$$btod_mult_common  c_w.l(btod.o)
    0x080041a0   0x00000030   Code   RO         7173    i.AutoCtr           my_lcd.o
    0x080041d0   0x0000004c   Code   RO         7174    i.Auto_sleep        my_lcd.o
    0x0800421c   0x0000003c   Code   RO         4001    i.BEEP_Init         beep.o
    0x08004258   0x00000010   Code   RO          676    i.BKP_DeInit        stm32f10x_bkp.o
    0x08004268   0x0000001c   Code   RO          681    i.BKP_ReadBackupRegister  stm32f10x_bkp.o
    0x08004284   0x0000001c   Code   RO          685    i.BKP_WriteBackupRegister  stm32f10x_bkp.o
    0x080042a0   0x00000034   Code   RO         7175    i.BUT_DOWN_HUMI     my_lcd.o
    0x080042d4   0x00000032   Code   RO         7176    i.BUT_DOWN_TEMP     my_lcd.o
    0x08004306   0x00000034   Code   RO         7177    i.BUT_PM            my_lcd.o
    0x0800433a   0x00000036   Code   RO         7178    i.BUT_UP_HUMI       my_lcd.o
    0x08004370   0x00000034   Code   RO         7179    i.BUT_UP_TEMP       my_lcd.o
    0x080043a4   0x0000002c   Code   RO         4002    i.Beep_AutoOff_IRQ  beep.o
    0x080043d0   0x00000030   Code   RO         4003    i.Beep_End          beep.o
    0x08004400   0x00000018   Code   RO         4004    i.Beep_Off          beep.o
    0x08004418   0x00000024   Code   RO         4005    i.Beep_On           beep.o
    0x0800443c   0x00000138   Code   RO         4006    i.Beep_Play         beep.o
    0x08004574   0x00000108   Code   RO         4007    i.Beep_Run          beep.o
    0x0800467c   0x0000002c   Code   RO         4008    i.Beep_Set_Multiple  beep.o
    0x080046a8   0x00000004   Code   RO          315    i.BusFault_Handler  stm32f10x_it.o
    0x080046ac   0x00000032   Code   RO         7339    i.CheckId           my_rf.o
    0x080046de   0x00000002   PAD
    0x080046e0   0x0000009c   Code   RO         3648    i.CheckTaskUsege    os_task.o
    0x0800477c   0x0000001c   Code   RO         4369    i.Clear_Mycmd       rf.o
    0x08004798   0x000000dc   Code   RO         7340    i.Cmd_0x01          my_rf.o
    0x08004874   0x000000fe   Code   RO         7341    i.Cmd_0x03          my_rf.o
    0x08004972   0x00000002   PAD
    0x08004974   0x00000090   Code   RO         3650    i.CreateTaskN       os_task.o
    0x08004a04   0x00000004   Code   RO          316    i.DebugMon_Handler  stm32f10x_it.o
    0x08004a08   0x0000000c   Code   RO         5029    i.Delay             w5500.o
    0x08004a14   0x00000038   Code   RO         3651    i.DeleteTask        os_task.o
    0x08004a4c   0x000001ae   Code   RO         7344    i.Device_state_see  my_rf.o
    0x08004bfa   0x0000001a   Code   RO         5030    i.EXTI4_IRQHandler  w5500.o
    0x08004c14   0x0000000c   Code   RO         1214    i.EXTI_ClearITPendingBit  stm32f10x_exti.o
    0x08004c20   0x00000028   Code   RO         1218    i.EXTI_GetITStatus  stm32f10x_exti.o
    0x08004c48   0x00000094   Code   RO         1219    i.EXTI_Init         stm32f10x_exti.o
    0x08004cdc   0x0000004c   Code   RO         1272    i.FLASH_ErasePage   stm32f10x_flash.o
    0x08004d28   0x00000034   Code   RO         1273    i.FLASH_GetBank1Status  stm32f10x_flash.o
    0x08004d5c   0x00000014   Code   RO         1282    i.FLASH_Lock        stm32f10x_flash.o
    0x08004d70   0x00000040   Code   RO         1285    i.FLASH_ProgramHalfWord  stm32f10x_flash.o
    0x08004db0   0x00000018   Code   RO         1290    i.FLASH_Unlock      stm32f10x_flash.o
    0x08004dc8   0x00000026   Code   RO         1294    i.FLASH_WaitForLastOperation  stm32f10x_flash.o
    0x08004dee   0x00000002   PAD
    0x08004df0   0x00000040   Code   RO         1564    i.GPIO_EXTILineConfig  stm32f10x_gpio.o
    0x08004e30   0x00000116   Code   RO         1567    i.GPIO_Init         stm32f10x_gpio.o
    0x08004f46   0x00000002   PAD
    0x08004f48   0x00000090   Code   RO         1569    i.GPIO_PinRemapConfig  stm32f10x_gpio.o
    0x08004fd8   0x00000004   Code   RO         1574    i.GPIO_ResetBits    stm32f10x_gpio.o
    0x08004fdc   0x00000004   Code   RO         1575    i.GPIO_SetBits      stm32f10x_gpio.o
    0x08004fe0   0x00000008   Code   RO         5427    i.GetCJDataAddr     data_map.o
    0x08004fe8   0x00000008   Code   RO         5428    i.GetCfgData        data_map.o
    0x08004ff0   0x0000003c   Code   RO         5429    i.GetDeviceNum      data_map.o
    0x0800502c   0x00000042   Code   RO         5430    i.GetDeviceState    data_map.o
    0x0800506e   0x0000003e   Code   RO         5431    i.GetDeviceType     data_map.o
    0x080050ac   0x0000004e   Code   RO         5432    i.GetNextDeviceaddr  data_map.o
    0x080050fa   0x00000002   PAD
    0x080050fc   0x00000024   Code   RO         3652    i.GetTaskSize       os_task.o
    0x08005120   0x00000030   Code   RO         3653    i.GetTaskUsed       os_task.o
    0x08005150   0x00000060   Code   RO         4370    i.Get_BuffData      rf.o
    0x080051b0   0x00000038   Code   RO         5406    i.Get_Crc16         crc8_16.o
    0x080051e8   0x00000018   Code   RO         4109    i.Get_Key           key.o
    0x08005200   0x0000000a   Code   RO         5433    i.Get_MyAddr        data_map.o
    0x0800520a   0x0000000c   Code   RO         5434    i.Get_MyChanel      data_map.o
    0x08005216   0x0000000c   Code   RO         5435    i.Get_MyIP          data_map.o
    0x08005222   0x00000002   PAD
    0x08005224   0x00000024   Code   RO         4371    i.Get_Mycmd         rf.o
    0x08005248   0x00000070   Code   RO         6630    i.Get_cmd           cmd.o
    0x080052b8   0x0000001c   Code   RO         4181    i.Get_lightdata     light.o
    0x080052d4   0x00000068   Code   RO         4182    i.HC595_SendData    light.o
    0x0800533c   0x0000009e   Code   RO         7180    i.Hand_Set_Init     my_lcd.o
    0x080053da   0x00000004   Code   RO          317    i.HardFault_Handler  stm32f10x_it.o
    0x080053de   0x00000002   PAD
    0x080053e0   0x00000010   Code   RO         1879    i.IWDG_Enable       stm32f10x_iwdg.o
    0x080053f0   0x00000008   Code   RO         3980    i.IWDG_Feed         iwdg.o
    0x080053f8   0x00000036   Code   RO         3981    i.IWDG_Init         iwdg.o
    0x0800542e   0x00000002   PAD
    0x08005430   0x00000010   Code   RO         1881    i.IWDG_ReloadCounter  stm32f10x_iwdg.o
    0x08005440   0x0000000c   Code   RO         1882    i.IWDG_SetPrescaler  stm32f10x_iwdg.o
    0x0800544c   0x0000000c   Code   RO         1883    i.IWDG_SetReload    stm32f10x_iwdg.o
    0x08005458   0x0000000c   Code   RO         1884    i.IWDG_WriteAccessCmd  stm32f10x_iwdg.o
    0x08005464   0x00000034   Code   RO         7181    i.Into_Senior       my_lcd.o
    0x08005498   0x0000003a   Code   RO         3910    i.Is_Leap_Year      rtc.o
    0x080054d2   0x00000002   PAD
    0x080054d4   0x0000023c   Code   RO         4110    i.KEY_IRQHandler    key.o
    0x08005710   0x00000030   Code   RO         4111    i.Key_Init          key.o
    0x08005740   0x000000f0   Code   RO         4141    i.LCD_Init          lcd.o
    0x08005830   0x00000044   Code   RO         4142    i.LCD_Receive_Data  lcd.o
    0x08005874   0x0000004c   Code   RO         4143    i.LCD_Send_Data     lcd.o
    0x080058c0   0x00000002   Code   RO         4144    i.LCD_SetFocus      lcd.o
    0x080058c2   0x00000076   Code   RO         7182    i.LCD_tolight       my_lcd.o
    0x08005938   0x00000074   Code   RO         7183    i.LCD_tosleep       my_lcd.o
    0x080059ac   0x0000000a   Code   RO         5436    i.Lcd_GetHandstate  data_map.o
    0x080059b6   0x00000016   Code   RO         5437    i.Lcd_GetLimitData  data_map.o
    0x080059cc   0x0000000c   Code   RO         5438    i.Lcd_SetHandstate  data_map.o
    0x080059d8   0x00000014   Code   RO         5439    i.Lcd_SetLimitData  data_map.o
    0x080059ec   0x000000a4   Code   RO         4183    i.Light_init        light.o
    0x08005a90   0x00000088   Code   RO         5440    i.Load_Config       data_map.o
    0x08005b18   0x0000008c   Code   RO         5441    i.Load_LCD          data_map.o
    0x08005ba4   0x00000050   Code   RO         5031    i.Load_Net_Parameters  w5500.o
    0x08005bf4   0x0000007c   Code   RO         4009    i.Load_down         beep.o
    0x08005c70   0x0000048e   Code   RO         4010    i.Load_song         beep.o
    0x080060fe   0x00000002   PAD
    0x08006100   0x00000694   Code   RO         4011    i.Load_song1        beep.o
    0x08006794   0x000005ec   Code   RO         4012    i.Load_song2        beep.o
    0x08006d80   0x00000734   Code   RO         4013    i.Load_song3        beep.o
    0x080074b4   0x0000007c   Code   RO         4014    i.Load_up           beep.o
    0x08007530   0x00000076   Code   RO         7744    i.MQTTDeserialize_connack  mqttconnectclient.o
    0x080075a6   0x00000058   Code   RO         7890    i.MQTTPacket_decode  mqttpacket.o
    0x080075fe   0x00000002   PAD
    0x08007600   0x0000001c   Code   RO         7891    i.MQTTPacket_decodeBuf  mqttpacket.o
    0x0800761c   0x00000036   Code   RO         7893    i.MQTTPacket_encode  mqttpacket.o
    0x08007652   0x00000002   PAD
    0x08007654   0x00000028   Code   RO         7895    i.MQTTPacket_len    mqttpacket.o
    0x0800767c   0x00000168   Code   RO         7745    i.MQTTSerialize_connect  mqttconnectclient.o
    0x080077e4   0x00000076   Code   RO         7746    i.MQTTSerialize_connectLength  mqttconnectclient.o
    0x0800785a   0x00000018   Code   RO         7898    i.MQTTstrlen        mqttpacket.o
    0x08007872   0x00000004   Code   RO          318    i.MemManage_Handler  stm32f10x_it.o
    0x08007876   0x00000004   Code   RO          319    i.NMI_Handler       stm32f10x_it.o
    0x0800787a   0x00000002   PAD
    0x0800787c   0x00000070   Code   RO          416    i.NVIC_Init         misc.o
    0x080078ec   0x00000014   Code   RO          417    i.NVIC_PriorityGroupConfig  misc.o
    0x08007900   0x00000014   Code   RO          418    i.NVIC_SetVectorTable  misc.o
    0x08007914   0x00000024   Code   RO          320    i.NVIC_SystemReset  stm32f10x_it.o
    0x08007938   0x00000054   Code   RO         3654    i.OSStart           os_task.o
    0x0800798c   0x0000009a   Code   RO         3383    i.OSTaskStkInit     os_cpu_c.o
    0x08007a26   0x00000002   PAD
    0x08007a28   0x00000030   Code   RO         3655    i.OS_Enter_Onlyme   os_task.o
    0x08007a58   0x00000038   Code   RO         3656    i.OS_Exit_Onlyme    os_task.o
    0x08007a90   0x00000028   Code   RO         3657    i.OS_TCBInit        os_task.o
    0x08007ab8   0x0000000c   Code   RO         1921    i.PWR_BackupAccessCmd  stm32f10x_pwr.o
    0x08007ac4   0x00000010   Code   RO         6403    i.PingCalculationDelayIRQ  ping.o
    0x08007ad4   0x00000020   Code   RO         1983    i.RCC_APB1PeriphClockCmd  stm32f10x_rcc.o
    0x08007af4   0x00000020   Code   RO         1984    i.RCC_APB1PeriphResetCmd  stm32f10x_rcc.o
    0x08007b14   0x00000020   Code   RO         1985    i.RCC_APB2PeriphClockCmd  stm32f10x_rcc.o
    0x08007b34   0x00000020   Code   RO         1986    i.RCC_APB2PeriphResetCmd  stm32f10x_rcc.o
    0x08007b54   0x0000000c   Code   RO         1988    i.RCC_BackupResetCmd  stm32f10x_rcc.o
    0x08007b60   0x000000d4   Code   RO         1993    i.RCC_GetClocksFreq  stm32f10x_rcc.o
    0x08007c34   0x0000003c   Code   RO         1994    i.RCC_GetFlagStatus  stm32f10x_rcc.o
    0x08007c70   0x00000034   Code   RO         2001    i.RCC_LSEConfig     stm32f10x_rcc.o
    0x08007ca4   0x0000000c   Code   RO         2008    i.RCC_RTCCLKCmd     stm32f10x_rcc.o
    0x08007cb0   0x00000010   Code   RO         2009    i.RCC_RTCCLKConfig  stm32f10x_rcc.o
    0x08007cc0   0x0000004c   Code   RO         4372    i.RF1_tx_bytes      rf.o
    0x08007d0c   0x0000003c   Code   RO         4373    i.RF_Get            rf.o
    0x08007d48   0x000000d8   Code   RO         4374    i.RF_GetCmd         rf.o
    0x08007e20   0x00000138   Code   RO         4375    i.RF_Init           rf.o
    0x08007f58   0x000000a0   Code   RO         4376    i.RF_SetChannel     rf.o
    0x08007ff8   0x00000010   Code   RO         2182    i.RTC_ClearITPendingBit  stm32f10x_rtc.o
    0x08008008   0x00000014   Code   RO         2183    i.RTC_EnterConfigMode  stm32f10x_rtc.o
    0x0800801c   0x00000014   Code   RO         2184    i.RTC_ExitConfigMode  stm32f10x_rtc.o
    0x08008030   0x00000100   Code   RO         3911    i.RTC_Get           rtc.o
    0x08008130   0x00000014   Code   RO         2185    i.RTC_GetCounter    stm32f10x_rtc.o
    0x08008144   0x00000024   Code   RO         2188    i.RTC_GetITStatus   stm32f10x_rtc.o
    0x08008168   0x00000008   Code   RO         3912    i.RTC_GetTimeBySec  rtc.o
    0x08008170   0x00000008   Code   RO         3913    i.RTC_GetTimeObj    rtc.o
    0x08008178   0x00000078   Code   RO         3914    i.RTC_Get_Week      rtc.o
    0x080081f0   0x00000028   Code   RO         3915    i.RTC_IRQHandler    rtc.o
    0x08008218   0x00000020   Code   RO         2189    i.RTC_ITConfig      stm32f10x_rtc.o
    0x08008238   0x000000be   Code   RO         3916    i.RTC_Init          rtc.o
    0x080082f6   0x00000022   Code   RO         3917    i.RTC_NVIC_Config   rtc.o
    0x08008318   0x000000c8   Code   RO         3918    i.RTC_Set           rtc.o
    0x080083e0   0x0000001c   Code   RO         2191    i.RTC_SetCounter    stm32f10x_rtc.o
    0x080083fc   0x00000020   Code   RO         2192    i.RTC_SetPrescaler  stm32f10x_rtc.o
    0x0800841c   0x00000022   Code   RO         3919    i.RTC_SetTimeBySec  rtc.o
    0x0800843e   0x00000002   PAD
    0x08008440   0x00000014   Code   RO         2193    i.RTC_WaitForLastTask  stm32f10x_rtc.o
    0x08008454   0x00000024   Code   RO         2194    i.RTC_WaitForSynchro  stm32f10x_rtc.o
    0x08008478   0x00000128   Code   RO         5032    i.Read_SOCK_Data_Buffer  w5500.o
    0x080085a0   0x00000044   Code   RO         5033    i.Read_W5500_1Byte  w5500.o
    0x080085e4   0x00000050   Code   RO         5034    i.Read_W5500_SOCK_1Byte  w5500.o
    0x08008634   0x00000068   Code   RO         5035    i.Read_W5500_SOCK_2Byte  w5500.o
    0x0800869c   0x00000034   Code   RO         4345    i.Relay_Init        relay.o
    0x080086d0   0x0000000c   Code   RO         4346    i.Relay_Off         relay.o
    0x080086dc   0x0000000c   Code   RO         4347    i.Relay_On          relay.o
    0x080086e8   0x00000030   Code   RO         3398    i.RunTime_IRQHandler  delay.o
    0x08008718   0x00000014   Code   RO         4664    i.SD_DisSelect      mmc_sd.o
    0x0800872c   0x0000002a   Code   RO         4666    i.SD_GetCSD         mmc_sd.o
    0x08008756   0x00000026   Code   RO         4667    i.SD_GetResponse    mmc_sd.o
    0x0800877c   0x00000076   Code   RO         4668    i.SD_GetSectorCount  mmc_sd.o
    0x080087f2   0x00000002   PAD
    0x080087f4   0x00000188   Code   RO         4669    i.SD_Initialize     mmc_sd.o
    0x0800897c   0x00000074   Code   RO         4670    i.SD_ReadDisk       mmc_sd.o
    0x080089f0   0x00000038   Code   RO         4671    i.SD_RecvData       mmc_sd.o
    0x08008a28   0x00000012   Code   RO         4672    i.SD_Reset          mmc_sd.o
    0x08008a3a   0x00000002   PAD
    0x08008a3c   0x00000040   Code   RO         4673    i.SD_SPI_Init       mmc_sd.o
    0x08008a7c   0x0000000c   Code   RO         4674    i.SD_SPI_ReadWriteByte  mmc_sd.o
    0x08008a88   0x0000000a   Code   RO         4675    i.SD_SPI_SpeedHigh  mmc_sd.o
    0x08008a92   0x0000000a   Code   RO         4676    i.SD_SPI_SpeedLow   mmc_sd.o
    0x08008a9c   0x00000020   Code   RO         4677    i.SD_Select         mmc_sd.o
    0x08008abc   0x00000052   Code   RO         4678    i.SD_SendBlock      mmc_sd.o
    0x08008b0e   0x00000078   Code   RO         4679    i.SD_SendCmd        mmc_sd.o
    0x08008b86   0x00000022   Code   RO         4680    i.SD_WaitReady      mmc_sd.o
    0x08008ba8   0x00000090   Code   RO         4681    i.SD_WriteDisk      mmc_sd.o
    0x08008c38   0x0000000c   Code   RO         5240    i.SOCKET0_GetFocus  hard_irq.o
    0x08008c44   0x00000010   Code   RO         5241    i.SOCKET0_SetFocus  hard_irq.o
    0x08008c54   0x0000000c   Code   RO         5242    i.SOCKET1_GetFocus  hard_irq.o
    0x08008c60   0x00000010   Code   RO         5243    i.SOCKET1_SetFocus  hard_irq.o
    0x08008c70   0x0000000c   Code   RO         5244    i.SOCKET2_GetFocus  hard_irq.o
    0x08008c7c   0x00000010   Code   RO         5245    i.SOCKET2_SetFocus  hard_irq.o
    0x08008c8c   0x0000000c   Code   RO         5246    i.SOCKET3_GetFocus  hard_irq.o
    0x08008c98   0x00000010   Code   RO         5247    i.SOCKET3_SetFocus  hard_irq.o
    0x08008ca8   0x0000000c   Code   RO         5248    i.SOCKET4_GetFocus  hard_irq.o
    0x08008cb4   0x00000010   Code   RO         5249    i.SOCKET4_SetFocus  hard_irq.o
    0x08008cc4   0x0000000c   Code   RO         5250    i.SOCKET5_GetFocus  hard_irq.o
    0x08008cd0   0x00000010   Code   RO         5251    i.SOCKET5_SetFocus  hard_irq.o
    0x08008ce0   0x0000000c   Code   RO         5252    i.SOCKET6_GetFocus  hard_irq.o
    0x08008cec   0x00000010   Code   RO         5253    i.SOCKET6_SetFocus  hard_irq.o
    0x08008cfc   0x0000000c   Code   RO         5254    i.SOCKET7_GetFocus  hard_irq.o
    0x08008d08   0x00000010   Code   RO         5255    i.SOCKET7_SetFocus  hard_irq.o
    0x08008d18   0x00000020   Code   RO         5036    i.SPI1_Send_Byte    w5500.o
    0x08008d38   0x0000001c   Code   RO         5037    i.SPI1_Send_Short   w5500.o
    0x08008d54   0x00000094   Code   RO         4787    i.SPI2_Init         spi.o
    0x08008de8   0x00000054   Code   RO         4788    i.SPI2_ReadWriteByte  spi.o
    0x08008e3c   0x00000028   Code   RO         4789    i.SPI2_SetSpeed     spi.o
    0x08008e64   0x00000018   Code   RO         2462    i.SPI_Cmd           stm32f10x_spi.o
    0x08008e7c   0x000000a4   Code   RO         5038    i.SPI_Configuration  w5500.o
    0x08008f20   0x00000020   Code   RO         4920    i.SPI_FLASH_Write_Enable  flash.o
    0x08008f40   0x00000048   Code   RO         4923    i.SPI_Flash_Erase_Sector  flash.o
    0x08008f88   0x0000000c   Code   RO         4924    i.SPI_Flash_GetType  flash.o
    0x08008f94   0x0000006c   Code   RO         4925    i.SPI_Flash_Init    flash.o
    0x08009000   0x00000058   Code   RO         4927    i.SPI_Flash_Read    flash.o
    0x08009058   0x00000048   Code   RO         4928    i.SPI_Flash_ReadID  flash.o
    0x080090a0   0x0000002c   Code   RO         4929    i.SPI_Flash_ReadSR  flash.o
    0x080090cc   0x00000012   Code   RO         4931    i.SPI_Flash_Wait_Busy  flash.o
    0x080090de   0x000000dc   Code   RO         4932    i.SPI_Flash_Write   flash.o
    0x080091ba   0x00000042   Code   RO         4933    i.SPI_Flash_Write_NoCheck  flash.o
    0x080091fc   0x00000050   Code   RO         4934    i.SPI_Flash_Write_Page  flash.o
    0x0800924c   0x00000012   Code   RO         2470    i.SPI_I2S_GetFlagStatus  stm32f10x_spi.o
    0x0800925e   0x00000006   Code   RO         2473    i.SPI_I2S_ReceiveData  stm32f10x_spi.o
    0x08009264   0x00000004   Code   RO         2474    i.SPI_I2S_SendData  stm32f10x_spi.o
    0x08009268   0x0000003c   Code   RO         2475    i.SPI_Init          stm32f10x_spi.o
    0x080092a4   0x0000002e   Code   RO         4811    i.STMFLASH_Read     stmflash.o
    0x080092d2   0x00000006   Code   RO         4812    i.STMFLASH_ReadHalfWord  stmflash.o
    0x080092d8   0x0000021c   Code   RO         4813    i.STMFLASH_Write    stmflash.o
    0x080094f4   0x00000026   Code   RO         4814    i.STMFLASH_Write_NoCheck  stmflash.o
    0x0800951a   0x00000002   Code   RO          321    i.SVC_Handler       stm32f10x_it.o
    0x0800951c   0x00000050   Code   RO         7025    i.SWD_Ask           swd.o
    0x0800956c   0x00000130   Code   RO         7026    i.SWD_Cm3Halt       swd.o
    0x0800969c   0x0000007c   Code   RO         7027    i.SWD_Init          swd.o
    0x08009718   0x0000005e   Code   RO         7028    i.SWD_LineReset     swd.o
    0x08009776   0x00000002   PAD
    0x08009778   0x00000040   Code   RO         7029    i.SWD_Praity        swd.o
    0x080097b8   0x000000c6   Code   RO         7030    i.SWD_ReadReg       swd.o
    0x0800987e   0x00000002   PAD
    0x08009880   0x000000d4   Code   RO         7031    i.SWD_ReadSram      swd.o
    0x08009954   0x00000050   Code   RO         7032    i.SWD_RecvByte      swd.o
    0x080099a4   0x00000044   Code   RO         7033    i.SWD_SendByte      swd.o
    0x080099e8   0x00000018   Code   RO         7035    i.SWD_Turn          swd.o
    0x08009a00   0x00000134   Code   RO         7036    i.SWD_WriteCm3Reg   swd.o
    0x08009b34   0x000000aa   Code   RO         7037    i.SWD_WriteReg      swd.o
    0x08009bde   0x00000002   PAD
    0x08009be0   0x000000bc   Code   RO         7038    i.SWD_WriteSram     swd.o
    0x08009c9c   0x00000018   Code   RO         5442    i.Save_Config       data_map.o
    0x08009cb4   0x00000018   Code   RO         5443    i.Save_LCD          data_map.o
    0x08009ccc   0x00000028   Code   RO         4377    i.See_BuffData      rf.o
    0x08009cf4   0x00000024   Code   RO         4378    i.See_BuffNextData  rf.o
    0x08009d18   0x00000008   Code   RO          375    i.SetSysClock       system_stm32f10x.o
    0x08009d20   0x000000e0   Code   RO          376    i.SetSysClockTo72   system_stm32f10x.o
    0x08009e00   0x00000062   Code   RO         5444    i.Set_Device        data_map.o
    0x08009e62   0x00000002   PAD
    0x08009e64   0x00000138   Code   RO         7184    i.Set_Init          my_lcd.o
    0x08009f9c   0x00000038   Code   RO         4112    i.Set_Key           key.o
    0x08009fd4   0x0000000c   Code   RO         5445    i.Set_MyAddr        data_map.o
    0x08009fe0   0x00000018   Code   RO         5446    i.Set_MyChanel      data_map.o
    0x08009ff8   0x00000032   Code   RO         5447    i.Set_MyIP          data_map.o
    0x0800a02a   0x00000002   PAD
    0x0800a02c   0x000002e0   Code   RO         7185    i.Set_Save          my_lcd.o
    0x0800a30c   0x0000001c   Code   RO         4185    i.Set_lightdata     light.o
    0x0800a328   0x00000066   Code   RO         5040    i.Socket_Init       w5500.o
    0x0800a38e   0x0000003c   Code   RO         5042    i.Socket_UDP        w5500.o
    0x0800a3ca   0x00000002   PAD
    0x0800a3cc   0x00000034   Code   RO         6444    i.SysPowerOff       power.o
    0x0800a400   0x00000014   Code   RO         6445    i.SysPowerOn        power.o
    0x0800a414   0x00000028   Code   RO          420    i.SysTick_CLKSourceConfig  misc.o
    0x0800a43c   0x0000004c   Code   RO         3399    i.SysTick_Handler   delay.o
    0x0800a488   0x00000030   Code   RO         6446    i.Sys_Init          power.o
    0x0800a4b8   0x00000060   Code   RO          378    i.SystemInit        system_stm32f10x.o
    0x0800a518   0x0000002c   Code   RO         4847    i.TIM2_IRQHandler   timer.o
    0x0800a544   0x0000001c   Code   RO         4848    i.TIM3_IRQHandler   timer.o
    0x0800a560   0x000000c0   Code   RO         4849    i.TIM4_IRQHandler   timer.o
    0x0800a620   0x0000005a   Code   RO         4850    i.TIME2_Init        timer.o
    0x0800a67a   0x00000002   PAD
    0x0800a67c   0x0000008c   Code   RO         4851    i.TIME3_Init        timer.o
    0x0800a708   0x00000060   Code   RO         4852    i.TIME4_Init        timer.o
    0x0800a768   0x00000006   Code   RO         2612    i.TIM_ClearITPendingBit  stm32f10x_tim.o
    0x0800a76e   0x00000018   Code   RO         2617    i.TIM_Cmd           stm32f10x_tim.o
    0x0800a786   0x00000022   Code   RO         2638    i.TIM_GetITStatus   stm32f10x_tim.o
    0x0800a7a8   0x00000012   Code   RO         2642    i.TIM_ITConfig      stm32f10x_tim.o
    0x0800a7ba   0x00000002   PAD
    0x0800a7bc   0x000000a0   Code   RO         2656    i.TIM_OC3Init       stm32f10x_tim.o
    0x0800a85c   0x00000012   Code   RO         2659    i.TIM_OC3PreloadConfig  stm32f10x_tim.o
    0x0800a86e   0x00000002   PAD
    0x0800a870   0x0000007c   Code   RO         2661    i.TIM_OC4Init       stm32f10x_tim.o
    0x0800a8ec   0x0000001a   Code   RO         2663    i.TIM_OC4PreloadConfig  stm32f10x_tim.o
    0x0800a906   0x00000002   PAD
    0x0800a908   0x000000a4   Code   RO         2688    i.TIM_TimeBaseInit  stm32f10x_tim.o
    0x0800a9ac   0x0000006c   Code   RO         3658    i.TaskGetMsg        os_task.o
    0x0800aa18   0x000000a0   Code   RO         3659    i.TaskIntSendMsg    os_task.o
    0x0800aab8   0x00000038   Code   RO         3661    i.TaskPend          os_task.o
    0x0800aaf0   0x0000004c   Code   RO         3662    i.TaskRepend        os_task.o
    0x0800ab3c   0x00000054   Code   RO         3663    i.TaskSendMsg       os_task.o
    0x0800ab90   0x0000004c   Code   RO         3664    i.Task_AddFree      os_task.o
    0x0800abdc   0x00000040   Code   RO         3665    i.Task_DelFree      os_task.o
    0x0800ac1c   0x000002f4   Code   RO         7186    i.Time_Set          my_lcd.o
    0x0800af10   0x00000010   Code   RO         4853    i.TimersInit        timer.o
    0x0800af20   0x0000004c   Code   RO         3666    i.ToggleTasks       os_task.o
    0x0800af6c   0x0000000c   Code   RO         5256    i.USART1_GetFocus   hard_irq.o
    0x0800af78   0x000000dc   Code   RO         4380    i.USART1_IRQHandler  rf.o
    0x0800b054   0x00000010   Code   RO         5257    i.USART1_SetFocus   hard_irq.o
    0x0800b064   0x0000000c   Code   RO         5258    i.USART2_GetFocus   hard_irq.o
    0x0800b070   0x00000088   Code   RO         4145    i.USART2_IRQHandler  lcd.o
    0x0800b0f8   0x00000010   Code   RO         5259    i.USART2_SetFocus   hard_irq.o
    0x0800b108   0x00000012   Code   RO         3149    i.USART_ClearFlag   stm32f10x_usart.o
    0x0800b11a   0x00000018   Code   RO         3153    i.USART_Cmd         stm32f10x_usart.o
    0x0800b132   0x00000002   PAD
    0x0800b134   0x0000009c   Code   RO         3155    i.USART_DeInit      stm32f10x_usart.o
    0x0800b1d0   0x0000001a   Code   RO         3156    i.USART_GetFlagStatus  stm32f10x_usart.o
    0x0800b1ea   0x00000054   Code   RO         3157    i.USART_GetITStatus  stm32f10x_usart.o
    0x0800b23e   0x0000004a   Code   RO         3159    i.USART_ITConfig    stm32f10x_usart.o
    0x0800b288   0x000000d8   Code   RO         3160    i.USART_Init        stm32f10x_usart.o
    0x0800b360   0x0000000a   Code   RO         3167    i.USART_ReceiveData  stm32f10x_usart.o
    0x0800b36a   0x00000008   Code   RO         3170    i.USART_SendData    stm32f10x_usart.o
    0x0800b372   0x00000002   PAD
    0x0800b374   0x00000080   Code   RO         5448    i.Updata_DeviceNum  data_map.o
    0x0800b3f4   0x0000006e   Code   RO         7345    i.Updata_devicestate  my_rf.o
    0x0800b462   0x00000004   Code   RO          322    i.UsageFault_Handler  stm32f10x_it.o
    0x0800b466   0x00000002   PAD
    0x0800b468   0x00000054   Code   RO         4935    i.W25Q_ReadWriteByte  flash.o
    0x0800b4bc   0x00000084   Code   RO         5043    i.W5500_GPIO_Configuration  w5500.o
    0x0800b540   0x0000003c   Code   RO         5044    i.W5500_Hardware_Reset  w5500.o
    0x0800b57c   0x000001c8   Code   RO         5045    i.W5500_IRQ         w5500.o
    0x0800b744   0x000000b4   Code   RO         5046    i.W5500_Init        w5500.o
    0x0800b7f8   0x0000001e   Code   RO         5047    i.W5500_Initialization  w5500.o
    0x0800b816   0x00000004   Code   RO         3789    i.WFI_SET           sys.o
    0x0800b81a   0x00000002   PAD
    0x0800b81c   0x000000d8   Code   RO         5050    i.Write_SOCK_Data_Buffer  w5500.o
    0x0800b8f4   0x00000030   Code   RO         5051    i.Write_W5500_1Byte  w5500.o
    0x0800b924   0x00000030   Code   RO         5052    i.Write_W5500_2Byte  w5500.o
    0x0800b954   0x0000003c   Code   RO         5053    i.Write_W5500_SOCK_1Byte  w5500.o
    0x0800b990   0x0000003c   Code   RO         5054    i.Write_W5500_SOCK_2Byte  w5500.o
    0x0800b9cc   0x00000054   Code   RO         5055    i.Write_W5500_SOCK_4Byte  w5500.o
    0x0800ba20   0x00000044   Code   RO         5056    i.Write_W5500_nByte  w5500.o
    0x0800ba64   0x00000028   Code   RO         8394    i.__ARM_fpclassify  m_ws.l(fpclassify.o)
    0x0800ba8c   0x000000aa   Code   RO         8396    i.__kernel_poly     m_ws.l(poly.o)
    0x0800bb36   0x00000002   PAD
    0x0800bb38   0x00000010   Code   RO         8380    i.__mathlib_dbl_divzero  m_ws.l(dunder.o)
    0x0800bb48   0x00000004   Code   RO         8382    i.__mathlib_dbl_infnan2  m_ws.l(dunder.o)
    0x0800bb4c   0x0000000c   Code   RO         8383    i.__mathlib_dbl_invalid  m_ws.l(dunder.o)
    0x0800bb58   0x0000000e   Code   RO         8384    i.__mathlib_dbl_overflow  m_ws.l(dunder.o)
    0x0800bb66   0x00000002   PAD
    0x0800bb68   0x00000010   Code   RO         8386    i.__mathlib_dbl_underflow  m_ws.l(dunder.o)
    0x0800bb78   0x0000000e   Code   RO         8184    i._is_digit         c_w.l(__printf_wp.o)
    0x0800bb86   0x00000008   Code   RO         4381    i._sys_exit         rf.o
    0x0800bb8e   0x0000006a   Code   RO         5449    i.addDevAddr        data_map.o
    0x0800bbf8   0x0000002c   Code   RO         7115    i.addSoftTimerIrq10ms  my_topmsg.o
    0x0800bc24   0x00000028   Code   RO         4854    i.addTimerIrq10ms   timer.o
    0x0800bc4c   0x00000028   Code   RO         4855    i.addTimerIrq10us   timer.o
    0x0800bc74   0x00000080   Code   RO         6932    i.addVariable       cscript.o
    0x0800bcf4   0x00000298   Code   RO         6933    i.alculation        cscript.o
    0x0800bf8c   0x00000028   Code   RO         7899    i.bufchar           mqttpacket.o
    0x0800bfb4   0x0000002a   Code   RO         6076    i.cJSON_AddItemToArray  cjson.o
    0x0800bfde   0x00000002   PAD
    0x0800bfe0   0x00000030   Code   RO         6077    i.cJSON_AddItemToObject  cjson.o
    0x0800c010   0x00000024   Code   RO         6085    i.cJSON_CreateNumber  cjson.o
    0x0800c034   0x00000012   Code   RO         6086    i.cJSON_CreateObject  cjson.o
    0x0800c046   0x0000001c   Code   RO         6087    i.cJSON_CreateString  cjson.o
    0x0800c062   0x00000002   PAD
    0x0800c064   0x00000050   Code   RO         6090    i.cJSON_Delete      cjson.o
    0x0800c0b4   0x0000001e   Code   RO         6099    i.cJSON_GetObjectItem  cjson.o
    0x0800c0d2   0x00000002   PAD
    0x0800c0d4   0x00000040   Code   RO         6100    i.cJSON_InitHooks   cjson.o
    0x0800c114   0x00000020   Code   RO         6102    i.cJSON_New_Item    cjson.o
    0x0800c134   0x00000010   Code   RO         6103    i.cJSON_Parse       cjson.o
    0x0800c144   0x00000064   Code   RO         6104    i.cJSON_ParseWithOpts  cjson.o
    0x0800c1a8   0x00000010   Code   RO         6106    i.cJSON_PrintUnformatted  cjson.o
    0x0800c1b8   0x0000004c   Code   RO         6109    i.cJSON_strcasecmp  cjson.o
    0x0800c204   0x0000002c   Code   RO         6110    i.cJSON_strdup      cjson.o
    0x0800c230   0x000000f4   Code   RO         7549    i.cfg_0x01          my_cfg.o
    0x0800c324   0x000000b8   Code   RO         7550    i.cfg_0x06          my_cfg.o
    0x0800c3dc   0x00000048   Code   RO         7551    i.cfg_0x07          my_cfg.o
    0x0800c424   0x00000094   Code   RO         7552    i.cfg_0x08          my_cfg.o
    0x0800c4b8   0x00000048   Code   RO         7553    i.cfg_0x09          my_cfg.o
    0x0800c500   0x0000000c   Code   RO         7554    i.cfg_getstate      my_cfg.o
    0x0800c50c   0x00000040   Code   RO         7555    i.cfg_msg           my_cfg.o
    0x0800c54c   0x0000008c   Code   RO         7556    i.cfg_retern        my_cfg.o
    0x0800c5d8   0x00000094   Code   RO         6934    i.cheVariable       cscript.o
    0x0800c66c   0x00000354   Code   RO         6935    i.checkCategory     cscript.o
    0x0800c9c0   0x00000054   Code   RO         4383    i.checkEnterISP     rf.o
    0x0800ca14   0x00000020   Code   RO         5057    i.checkNetstate     w5500.o
    0x0800ca34   0x00000020   Code   RO         5058    i.checkSocketState  w5500.o
    0x0800ca54   0x00000018   Code   RO         5059    i.checkSocketStateN  w5500.o
    0x0800ca6c   0x0000016c   Code   RO         6936    i.checkStrType      cscript.o
    0x0800cbd8   0x0000002c   Code   RO         7701    i.check_server_data  my_w5500.o
    0x0800cc04   0x00000040   Code   RO         6404    i.checksum          ping.o
    0x0800cc44   0x00000028   Code   RO         6631    i.cheeckflash       cmd.o
    0x0800cc6c   0x0000001a   Code   RO         5450    i.clearDev          data_map.o
    0x0800cc86   0x0000003e   Code   RO         6632    i.cmd_0x05          cmd.o
    0x0800ccc4   0x00000028   Code   RO         6702    i.cmd_byudp         debug.o
    0x0800ccec   0x00000026   Code   RO         6633    i.cmd_flash_read    cmd.o
    0x0800cd12   0x00000026   Code   RO         6634    i.cmd_flash_write   cmd.o
    0x0800cd38   0x0000008c   Code   RO         6635    i.cmd_return        cmd.o
    0x0800cdc4   0x00000020   Code   RO         6703    i.cmd_send          debug.o
    0x0800cde4   0x00000018   Code   RO         3814    i.copy_data         my_fun.o
    0x0800cdfc   0x000000f6   Code   RO         7462    i.ctrl_air          my_autocontrol.o
    0x0800cef2   0x00000240   Code   RO         7463    i.ctrl_humi         my_autocontrol.o
    0x0800d132   0x00000224   Code   RO         7464    i.ctrl_temp         my_autocontrol.o
    0x0800d356   0x00000002   PAD
    0x0800d358   0x00000024   Code   RO         6636    i.data_real         cmd.o
    0x0800d37c   0x00000204   Code   RO         6704    i.dbg_Interpreter   debug.o
    0x0800d580   0x00000054   Code   RO         6705    i.dbg_booting       debug.o
    0x0800d5d4   0x00000184   Code   RO         6706    i.dbg_copydata      debug.o
    0x0800d758   0x000000dc   Code   RO         6707    i.dbg_devconfig     debug.o
    0x0800d834   0x00000040   Code   RO         6708    i.dbg_err           debug.o
    0x0800d874   0x00000100   Code   RO         6709    i.dbg_find          debug.o
    0x0800d974   0x00000174   Code   RO         6710    i.dbg_fun           debug.o
    0x0800dae8   0x0000001c   Code   RO         5451    i.dbg_getdevname    data_map.o
    0x0800db04   0x000000d8   Code   RO         6711    i.dbg_getdevstate   debug.o
    0x0800dbdc   0x000000c4   Code   RO         6712    i.dbg_getip         debug.o
    0x0800dca0   0x00000398   Code   RO         6713    i.dbg_help          debug.o
    0x0800e038   0x00000758   Code   RO         6714    i.dbg_info          debug.o
    0x0800e790   0x000000f8   Code   RO         6715    i.dbg_key           debug.o
    0x0800e888   0x000003a0   Code   RO         6716    i.dbg_mem           debug.o
    0x0800ec28   0x00000098   Code   RO         6717    i.dbg_mqtt          debug.o
    0x0800ecc0   0x0000008c   Code   RO         6718    i.dbg_ntp           debug.o
    0x0800ed4c   0x00000070   Code   RO         6719    i.dbg_oche          debug.o
    0x0800edbc   0x000000dc   Code   RO         6720    i.dbg_ping          debug.o
    0x0800ee98   0x00000020   Code   RO         6721    i.dbg_print         debug.o
    0x0800eeb8   0x0000002c   Code   RO         6722    i.dbg_reboot        debug.o
    0x0800eee4   0x00000120   Code   RO         6723    i.dbg_run           debug.o
    0x0800f004   0x00000028   Code   RO         6724    i.dbg_send_udp      debug.o
    0x0800f02c   0x00000b98   Code   RO         6725    i.dbg_set           debug.o
    0x0800fbc4   0x00000394   Code   RO         6726    i.dbg_set_adddev    debug.o
    0x0800ff58   0x000001e8   Code   RO         6727    i.dbg_swd           debug.o
    0x08010140   0x00000054   Code   RO         6728    i.dbg_swdidcode     debug.o
    0x08010194   0x00000044   Code   RO         6729    i.dbg_swdinit       debug.o
    0x080101d8   0x000001ec   Code   RO         6730    i.dbg_swdloader     debug.o
    0x080103c4   0x00000270   Code   RO         6731    i.dbg_swdprogram    debug.o
    0x08010634   0x00000178   Code   RO         6732    i.dbg_task          debug.o
    0x080107ac   0x00000074   Code   RO         6733    i.dbg_whos          debug.o
    0x08010820   0x000000de   Code   RO         5452    i.delDevAddr        data_map.o
    0x080108fe   0x00000002   PAD
    0x08010900   0x00000030   Code   RO         7116    i.delSoftTimerIrq10ms  my_topmsg.o
    0x08010930   0x0000002c   Code   RO         4856    i.delTimerIrq10ms   timer.o
    0x0801095c   0x0000002c   Code   RO         4857    i.delTimerIrq10us   timer.o
    0x08010988   0x00000088   Code   RO         3401    i.delay_init        delay.o
    0x08010a10   0x00000034   Code   RO         3402    i.delay_ms          delay.o
    0x08010a44   0x00000050   Code   RO         3403    i.delay_us          delay.o
    0x08010a94   0x000000f8   Code   RO         5817    i.dhcp_ask          dhcp.o
    0x08010b8c   0x0000022c   Code   RO         5818    i.dhcp_discover     dhcp.o
    0x08010db8   0x000002f8   Code   RO         5819    i.dhcp_request      dhcp.o
    0x080110b0   0x000000e4   Code   RO         5820    i.dhcp_retry        dhcp.o
    0x08011194   0x00000100   Code   RO         5856    i.dns_answer        dns.o
    0x08011294   0x000000c8   Code   RO         5857    i.dns_makequery     dns.o
    0x0801135c   0x000000b8   Code   RO         5858    i.dns_query         dns.o
    0x08011414   0x00000026   Code   RO         5859    i.dns_question      dns.o
    0x0801143a   0x00000002   PAD
    0x0801143c   0x0000016c   Code   RO         7689    i.err_to_str        my_messeg.o
    0x080115a8   0x00000032   Code   RO         7557    i.exit_cfg          my_cfg.o
    0x080115da   0x00000002   PAD
    0x080115dc   0x00000168   Code   RO         4479    i.fats_init         fats.o
    0x08011744   0x0000000c   Code   RO         4480    i.fats_state        fats.o
    0x08011750   0x00000038   Code   RO         6937    i.findFunAddr       cscript.o
    0x08011788   0x0000006c   Code   RO         3815    i.findPair          my_fun.o
    0x080117f4   0x000000d4   Code   RO         6938    i.findSemicolon     cscript.o
    0x080118c8   0x00000050   Code   RO         6939    i.findVariable      cscript.o
    0x08011918   0x0000002c   Code   RO         3549    i.find_messeg       os_msg.o
    0x08011944   0x000000dc   Code   RO         8287    i.floor             m_ws.l(floor.o)
    0x08011a20   0x0000000c   Code   RO         5453    i.getAutoCtrlAmount  data_map.o
    0x08011a2c   0x0000000c   Code   RO         5454    i.getAutoCtrlFrequency  data_map.o
    0x08011a38   0x00000006   Code   RO         3817    i.getChar           my_fun.o
    0x08011a3e   0x0000000c   Code   RO         5455    i.getDhcpState      data_map.o
    0x08011a4a   0x00000002   PAD
    0x08011a4c   0x00000010   Code   RO         6940    i.getFunNameByIndex  cscript.o
    0x08011a5c   0x0000000c   Code   RO         7630    i.getIdleTask       my_idle.o
    0x08011a68   0x0000001c   Code   RO         7631    i.getKilledTask     my_idle.o
    0x08011a84   0x00000008   Code   RO         5456    i.getLcdCfgData     data_map.o
    0x08011a8c   0x0000002e   Code   RO         3818    i.getMemU32         my_fun.o
    0x08011aba   0x00000038   Code   RO         3819    i.getMemValue       my_fun.o
    0x08011af2   0x0000000c   Code   RO         5457    i.getMyName         data_map.o
    0x08011afe   0x00000014   Code   RO         3820    i.getStr            my_fun.o
    0x08011b12   0x00000002   PAD
    0x08011b14   0x0000000c   Code   RO         3404    i.getSysRunTime     delay.o
    0x08011b20   0x00000050   Code   RO         6941    i.getVariable       cscript.o
    0x08011b70   0x0000000c   Code   RO         5458    i.getWarnTolerance  data_map.o
    0x08011b7c   0x0000000c   Code   RO         5459    i.getWkServerConnect  data_map.o
    0x08011b88   0x00000080   Code   RO         3550    i.get_messeg        os_msg.o
    0x08011c08   0x00000066   Code   RO         7346    i.get_newstate      my_rf.o
    0x08011c6e   0x00000050   Code   RO         3821    i.getnumfstr        my_fun.o
    0x08011cbe   0x00000026   Code   RO         7632    i.idle_task         my_idle.o
    0x08011ce4   0x0000003c   Code   RO         7558    i.into_cfg          my_cfg.o
    0x08011d20   0x00000008   Code   RO         4015    i.jianpu_end        beep.o
    0x08011d28   0x0000003e   Code   RO         6469    i.json_cheek        wk_json.o
    0x08011d66   0x00000002   PAD
    0x08011d68   0x00000158   Code   RO         6470    i.json_close        wk_json.o
    0x08011ec0   0x00000064   Code   RO         6471    i.json_get_devicname  wk_json.o
    0x08011f24   0x00000100   Code   RO         6472    i.json_mode         wk_json.o
    0x08012024   0x00000048   Code   RO         6473    i.json_ping         wk_json.o
    0x0801206c   0x000001f0   Code   RO         6474    i.json_return       wk_json.o
    0x0801225c   0x00000134   Code   RO         6475    i.json_setting      wk_json.o
    0x08012390   0x00000158   Code   RO         6477    i.json_start        wk_json.o
    0x080124e8   0x00000158   Code   RO         6478    i.json_startdown    wk_json.o
    0x08012640   0x00000158   Code   RO         6479    i.json_startup      wk_json.o
    0x08012798   0x000001f4   Code   RO         6480    i.json_version      wk_json.o
    0x0801298c   0x00000092   Code   RO         6942    i.judgeIf           cscript.o
    0x08012a1e   0x0000013c   Code   RO         4186    i.key_around        light.o
    0x08012b5a   0x00000002   PAD
    0x08012b5c   0x000002d8   Code   RO         7117    i.key_deal          my_topmsg.o
    0x08012e34   0x0000002c   Code   RO         4187    i.key_getcolor      light.o
    0x08012e60   0x00000048   Code   RO         4188    i.key_light         light.o
    0x08012ea8   0x00000018   Code   RO         4189    i.key_reset         light.o
    0x08012ec0   0x000003d8   Code   RO         4191    i.key_send          light.o
    0x08013298   0x00000034   Code   RO         4192    i.key_senddata      light.o
    0x080132cc   0x00000020   Code   RO         4194    i.key_setcolor      light.o
    0x080132ec   0x00000034   Code   RO         7187    i.lcd_beep          my_lcd.o
    0x08013320   0x00000018   Code   RO         7188    i.lcd_chan_state    my_lcd.o
    0x08013338   0x0000006c   Code   RO         7189    i.lcd_dataUp        my_lcd.o
    0x080133a4   0x00000098   Code   RO         7190    i.lcd_gettime       my_lcd.o
    0x0801343c   0x000001a4   Code   RO         7191    i.lcd_messeg_02     my_lcd.o
    0x080135e0   0x0000016c   Code   RO         7192    i.lcd_messeg_03     my_lcd.o
    0x0801374c   0x00000014   Code   RO         7193    i.lcd_page          my_lcd.o
    0x08013760   0x00000020   Code   RO         7194    i.lcd_set_data      my_lcd.o
    0x08013780   0x00000038   Code   RO         7195    i.lcd_sleep         my_lcd.o
    0x080137b8   0x000000e0   Code   RO         7196    i.lcd_timetosleep   my_lcd.o
    0x08013898   0x0000015e   Code   RO         7498    i.led_light         my_light.o
    0x080139f6   0x00000002   PAD
    0x080139f8   0x0000007c   Code   RO         7499    i.led_lightall      my_light.o
    0x08013a74   0x00000028   Code   RO         4196    i.led_resetall      light.o
    0x08013a9c   0x000001a8   Code   RO         7500    i.led_run           my_light.o
    0x08013c44   0x00000040   Code   RO         4197    i.led_senddata      light.o
    0x08013c84   0x00000024   Code   RO         4198    i.led_setall        light.o
    0x08013ca8   0x00000020   Code   RO         4199    i.led_setcolor      light.o
    0x08013cc8   0x00000018   Code   RO         4200    i.light_power       light.o
    0x08013ce0   0x000001d8   Code   RO         7502    i.light_runto       my_light.o
    0x08013eb8   0x00000002   Code   RO         4201    i.light_setcolor    light.o
    0x08013eba   0x00000002   PAD
    0x08013ebc   0x000000fc   Code   RO         7118    i.load_test_cfg     my_topmsg.o
    0x08013fb8   0x0000005c   Code   RO         6943    i.loopWhile         cscript.o
    0x08014014   0x00000042   Code   RO         7347    i.loushui_warn      my_rf.o
    0x08014056   0x00000002   PAD
    0x08014058   0x000000c0   Code   RO            1    i.main              main.o
    0x08014118   0x00000058   Code   RO         3471    i.mem_free          os_mem.o
    0x08014170   0x000000e0   Code   RO         3472    i.mem_init          os_mem.o
    0x08014250   0x00000098   Code   RO         3473    i.mem_malloc        os_mem.o
    0x080142e8   0x00000034   Code   RO         3474    i.mem_perused       os_mem.o
    0x0801431c   0x00000130   Code   RO         5370    i.mqtt_connect      baidu_iot.o
    0x0801444c   0x00000020   Code   RO         3553    i.msgInit           os_msg.o
    0x0801446c   0x000000b2   Code   RO         7465    i.my_autocontrol    my_autocontrol.o
    0x0801451e   0x00000002   PAD
    0x08014520   0x0000009c   Code   RO         6734    i.my_debug          debug.o
    0x080145bc   0x0000017c   Code   RO         7197    i.my_lcd            my_lcd.o
    0x08014738   0x00000034   Code   RO         7198    i.my_lcd_init       my_lcd.o
    0x0801476c   0x000000b0   Code   RO         7503    i.my_light          my_light.o
    0x0801481c   0x000000b4   Code   RO         7350    i.my_rf_loop        my_rf.o
    0x080148d0   0x000000a4   Code   RO         7119    i.my_topmsg         my_topmsg.o
    0x08014974   0x000000b4   Code   RO         7702    i.my_w5500          my_w5500.o
    0x08014a28   0x00000028   Code   RO         3475    i.myfree            os_mem.o
    0x08014a50   0x0000002c   Code   RO         3476    i.mymalloc          os_mem.o
    0x08014a7c   0x0000001a   Code   RO         3477    i.mymemcpy          os_mem.o
    0x08014a96   0x00000014   Code   RO         3478    i.mymemset          os_mem.o
    0x08014aaa   0x00000002   PAD
    0x08014aac   0x00000044   Code   RO         3479    i.myrealloc         os_mem.o
    0x08014af0   0x00000016   Code   RO         5821    i.nest_Options      dhcp.o
    0x08014b06   0x00000002   PAD
    0x08014b08   0x000000d4   Code   RO         5900    i.net_check_gateway  enternet.o
    0x08014bdc   0x00000064   Code   RO         5901    i.net_check_parameters  enternet.o
    0x08014c40   0x0000000e   Code   RO         5902    i.net_get_comstate  enternet.o
    0x08014c4e   0x0000000e   Code   RO         5903    i.net_get_phycstate  enternet.o
    0x08014c5c   0x00000018   Code   RO         5904    i.net_init          enternet.o
    0x08014c74   0x0000003a   Code   RO         5905    i.net_set_disip     enternet.o
    0x08014cae   0x00000010   Code   RO         5906    i.net_set_getway    enternet.o
    0x08014cbe   0x00000010   Code   RO         5907    i.net_set_myip      enternet.o
    0x08014cce   0x00000010   Code   RO         5908    i.net_set_sub_mask  enternet.o
    0x08014cde   0x00000002   PAD
    0x08014ce0   0x00000024   Code   RO         5909    i.net_sysboot_init  enternet.o
    0x08014d04   0x00000050   Code   RO         5910    i.net_test          enternet.o
    0x08014d54   0x000000f8   Code   RO         6920    i.ntp_gettime       ntp.o
    0x08014e4c   0x00000020   Code   RO         4202    i.off_light         light.o
    0x08014e6c   0x00000020   Code   RO         4203    i.on_light          light.o
    0x08014e8c   0x00000008   Code   RO         3459    i.os_fats_init      os_fats.o
    0x08014e94   0x00000014   Code   RO         3635    i.os_init           os_sys.o
    0x08014ea8   0x00000008   Code   RO         3480    i.os_mem_init       os_mem.o
    0x08014eb0   0x0000000a   Code   RO         3554    i.os_msg_init       os_msg.o
    0x08014eba   0x00000008   Code   RO         3667    i.os_task_init      os_task.o
    0x08014ec2   0x000000de   Code   RO         5860    i.parseMSG          dns.o
    0x08014fa0   0x000000ac   Code   RO         6112    i.parse_array       cjson.o
    0x0801504c   0x00000114   Code   RO         6113    i.parse_hex4        cjson.o
    0x08015160   0x000000d8   Code   RO         5861    i.parse_name        dns.o
    0x08015238   0x000001bc   Code   RO         6114    i.parse_number      cjson.o
    0x080153f4   0x00000114   Code   RO         6115    i.parse_object      cjson.o
    0x08015508   0x000001cc   Code   RO         6116    i.parse_string      cjson.o
    0x080156d4   0x000000bc   Code   RO         6117    i.parse_value       cjson.o
    0x08015790   0x000000dc   Code   RO         6405    i.ping_auto         ping.o
    0x0801586c   0x0000005a   Code   RO         6406    i.ping_reply        ping.o
    0x080158c6   0x00000002   PAD
    0x080158c8   0x00000094   Code   RO         6407    i.ping_request      ping.o
    0x0801595c   0x000009b8   Code   RO         8291    i.pow               m_ws.l(pow.o)
    0x08016314   0x0000016c   Code   RO         6118    i.print_array       cjson.o
    0x08016480   0x00000134   Code   RO         6119    i.print_number      cjson.o
    0x080165b4   0x00000274   Code   RO         6120    i.print_object      cjson.o
    0x08016828   0x0000000c   Code   RO         6121    i.print_string      cjson.o
    0x08016834   0x00000128   Code   RO         6122    i.print_string_ptr  cjson.o
    0x0801695c   0x00000094   Code   RO         6123    i.print_value       cjson.o
    0x080169f0   0x0000000e   Code   RO         7901    i.readChar          mqttpacket.o
    0x080169fe   0x00000002   Code   RO         6637    i.read_flash        cmd.o
    0x08016a00   0x00000184   Code   RO         6481    i.recv_json         wk_json.o
    0x08016b84   0x000000a4   Code   RO         7560    i.rf_cfg            my_cfg.o
    0x08016c28   0x000000c4   Code   RO         7351    i.rf_cjq_deal       my_rf.o
    0x08016cec   0x0000018c   Code   RO         7352    i.rf_cjq_to_data    my_rf.o
    0x08016e78   0x00000040   Code   RO         7353    i.rf_deverr         my_rf.o
    0x08016eb8   0x00000298   Code   RO         7354    i.rf_hand           my_rf.o
    0x08017150   0x00000204   Code   RO         7355    i.rf_loop           my_rf.o
    0x08017354   0x00000178   Code   RO         7356    i.rf_send           my_rf.o
    0x080174cc   0x000000cc   Code   RO         6944    i.runCScript        cscript.o
    0x08017598   0x00000198   Code   RO         6945    i.runFunction       cscript.o
    0x08017730   0x00000090   Code   RO         6040    i.run_sysinit       file.o
    0x080177c0   0x0000002e   Code   RO         3822    i.samestr           my_fun.o
    0x080177ee   0x00000002   PAD
    0x080177f0   0x00000018   Code   RO         7504    i.sendColorData     my_light.o
    0x08017808   0x00000048   Code   RO         6482    i.send_json         wk_json.o
    0x08017850   0x00000368   Code   RO         6483    i.send_json_adddevice  wk_json.o
    0x08017bb8   0x0000039c   Code   RO         6484    i.send_json_cj      wk_json.o
    0x08017f54   0x000002f0   Code   RO         6485    i.send_json_kz      wk_json.o
    0x08018244   0x00000304   Code   RO         6486    i.send_json_limit   wk_json.o
    0x08018548   0x00000288   Code   RO         6487    i.send_json_warn    wk_json.o
    0x080187d0   0x0000009c   Code   RO         3555    i.send_messeg       os_msg.o
    0x0801886c   0x00000042   Code   RO         7466    i.send_warn         my_autocontrol.o
    0x080188ae   0x00000002   PAD
    0x080188b0   0x00000044   Code   RO         6489    i.server_data       wk_json.o
    0x080188f4   0x000000c0   Code   RO         6490    i.server_read_data  wk_json.o
    0x080189b4   0x000000c8   Code   RO         6491    i.server_send_data  wk_json.o
    0x08018a7c   0x00000018   Code   RO         5460    i.setAutoCtrlAmount  data_map.o
    0x08018a94   0x00000010   Code   RO         5461    i.setAutoCtrlFrequency  data_map.o
    0x08018aa4   0x00000020   Code   RO         5462    i.setDhcpState      data_map.o
    0x08018ac4   0x0000001a   Code   RO         5463    i.setGatewayIP      data_map.o
    0x08018ade   0x0000002e   Code   RO         3823    i.setMemU32         my_fun.o
    0x08018b0c   0x00000038   Code   RO         3824    i.setMemValue       my_fun.o
    0x08018b44   0x0000002c   Code   RO         5464    i.setMyName         data_map.o
    0x08018b70   0x00000016   Code   RO         5465    i.setNativeIP       data_map.o
    0x08018b86   0x0000000e   Code   RO         5466    i.setNativePort     data_map.o
    0x08018b94   0x00000018   Code   RO         5467    i.setServerIP       data_map.o
    0x08018bac   0x0000000e   Code   RO         5468    i.setServerPort     data_map.o
    0x08018bba   0x0000001a   Code   RO         5469    i.setSubMask        data_map.o
    0x08018bd4   0x00000018   Code   RO         5470    i.setWarnTolerance  data_map.o
    0x08018bec   0x00000020   Code   RO         5471    i.setWkServerConnect  data_map.o
    0x08018c0c   0x00000014   Code   RO         5912    i.set_dns_serverip  enternet.o
    0x08018c20   0x00000034   Code   RO         4016    i.set_jianpu        beep.o
    0x08018c54   0x00000014   Code   RO         5913    i.set_ntp_serverip  enternet.o
    0x08018c68   0x00000012   Code   RO         6124    i.skip              cjson.o
    0x08018c7a   0x00000002   PAD
    0x08018c7c   0x00000044   Code   RO         3405    i.sleep_ms          delay.o
    0x08018cc0   0x00000018   Code   RO         4204    i.sm16703_reset     light.o
    0x08018cd8   0x000003d8   Code   RO         4205    i.sm16703_send      light.o
    0x080190b0   0x0000001a   Code   RO         5914    i.socket_recv       enternet.o
    0x080190ca   0x0000000e   Code   RO         7120    i.soft_timer_irq    my_topmsg.o
    0x080190d8   0x0000002c   Code   RO         7121    i.soft_timer_run    my_topmsg.o
    0x08019104   0x0000004c   Code   RO         8400    i.sqrt              m_ws.l(sqrt.o)
    0x08019150   0x0000006c   Code   RO         3825    i.str2hex           my_fun.o
    0x080191bc   0x00000028   Code   RO         3826    i.str2num           my_fun.o
    0x080191e4   0x0000007a   Code   RO         3827    i.str2nums          my_fun.o
    0x0801925e   0x00000024   Code   RO         3828    i.strlenByChar      my_fun.o
    0x08019282   0x00000006   Code   RO         6125    i.suffix_object     cjson.o
    0x08019288   0x0000002a   Code   RO         7703    i.sys_test          my_w5500.o
    0x080192b2   0x000000c0   Code   RO         7122    i.taskmsg_deal      my_topmsg.o
    0x08019372   0x0000001a   Code   RO         5915    i.tcp_close         enternet.o
    0x0801938c   0x000000b6   Code   RO         5916    i.tcp_connect       enternet.o
    0x08019442   0x0000001e   Code   RO         5917    i.tcp_send          enternet.o
    0x08019460   0x00000038   Code   RO         5918    i.udp_close         enternet.o
    0x08019498   0x0000004a   Code   RO         5919    i.udp_init          enternet.o
    0x080194e2   0x0000004c   Code   RO         5920    i.udp_send          enternet.o
    0x0801952e   0x00000002   PAD
    0x08019530   0x00000010   Code   RO         7704    i.w5500_rest_timer_irq  my_w5500.o
    0x08019540   0x000000fc   Code   RO         7705    i.wk_client         my_w5500.o
    0x0801963c   0x00000028   Code   RO         7904    i.writeCString      mqttpacket.o
    0x08019664   0x0000000c   Code   RO         7905    i.writeChar         mqttpacket.o
    0x08019670   0x00000030   Code   RO         7906    i.writeInt          mqttpacket.o
    0x080196a0   0x0000003e   Code   RO         7907    i.writeMQTTString   mqttpacket.o
    0x080196de   0x00000002   PAD
    0x080196e0   0x00000128   Code   RO         6638    i.write_flash       cmd.o
    0x08019808   0x000001b0   Code   RO         6639    i.writting_flash    cmd.o
    0x080199b8   0x00000090   Code   RO         7357    i.yt_newstate       my_rf.o
    0x08019a48   0x0000002c   Code   RO         8464    locale$$code        c_w.l(lc_ctype_c.o)
    0x08019a74   0x0000002c   Code   RO         8467    locale$$code        c_w.l(lc_numeric_c.o)
    0x08019aa0   0x00000062   Code   RO         8232    x$fpl$d2f           fz_ws.l(d2f.o)
    0x08019b02   0x00000002   PAD
    0x08019b04   0x00000150   Code   RO         8234    x$fpl$dadd          fz_ws.l(daddsub_clz.o)
    0x08019c54   0x00000010   Code   RO         8471    x$fpl$dcheck1       fz_ws.l(dcheck1.o)
    0x08019c64   0x00000018   Code   RO         8365    x$fpl$dcmpinf       fz_ws.l(dcmpi.o)
    0x08019c7c   0x000002b0   Code   RO         8241    x$fpl$ddiv          fz_ws.l(ddiv.o)
    0x08019f2c   0x0000005e   Code   RO         8244    x$fpl$dfix          fz_ws.l(dfix.o)
    0x08019f8a   0x0000002e   Code   RO         8249    x$fpl$dflt          fz_ws.l(dflt_clz.o)
    0x08019fb8   0x00000026   Code   RO         8248    x$fpl$dfltu         fz_ws.l(dflt_clz.o)
    0x08019fde   0x00000002   PAD
    0x08019fe0   0x00000078   Code   RO         8254    x$fpl$dleqf         fz_ws.l(dleqf.o)
    0x0801a058   0x00000154   Code   RO         8256    x$fpl$dmul          fz_ws.l(dmul.o)
    0x0801a1ac   0x0000009c   Code   RO         8367    x$fpl$dnaninf       fz_ws.l(dnaninf.o)
    0x0801a248   0x0000000c   Code   RO         8369    x$fpl$dretinf       fz_ws.l(dretinf.o)
    0x0801a254   0x0000006c   Code   RO         8258    x$fpl$drleqf        fz_ws.l(drleqf.o)
    0x0801a2c0   0x00000016   Code   RO         8235    x$fpl$drsb          fz_ws.l(daddsub_clz.o)
    0x0801a2d6   0x00000002   PAD
    0x0801a2d8   0x000001cc   Code   RO         8473    x$fpl$dsqrt         fz_ws.l(dsqrt_noumaal.o)
    0x0801a4a4   0x000001d4   Code   RO         8236    x$fpl$dsub          fz_ws.l(daddsub_clz.o)
    0x0801a678   0x00000056   Code   RO         8260    x$fpl$f2d           fz_ws.l(f2d.o)
    0x0801a6ce   0x00000002   PAD
    0x0801a6d0   0x000000c4   Code   RO         8262    x$fpl$fadd          fz_ws.l(faddsub_clz.o)
    0x0801a794   0x00000018   Code   RO         8371    x$fpl$fcmpinf       fz_ws.l(fcmpi.o)
    0x0801a7ac   0x0000003e   Code   RO         8268    x$fpl$ffixu         fz_ws.l(ffixu.o)
    0x0801a7ea   0x00000002   PAD
    0x0801a7ec   0x00000030   Code   RO         8273    x$fpl$fflt          fz_ws.l(fflt_clz.o)
    0x0801a81c   0x00000026   Code   RO         8272    x$fpl$ffltu         fz_ws.l(fflt_clz.o)
    0x0801a842   0x00000002   PAD
    0x0801a844   0x00000068   Code   RO         8278    x$fpl$fleqf         fz_ws.l(fleqf.o)
    0x0801a8ac   0x00000102   Code   RO         8280    x$fpl$fmul          fz_ws.l(fmul.o)
    0x0801a9ae   0x0000008c   Code   RO         8373    x$fpl$fnaninf       fz_ws.l(fnaninf.o)
    0x0801aa3a   0x0000000a   Code   RO         8375    x$fpl$fretinf       fz_ws.l(fretinf.o)
    0x0801aa44   0x00000062   Code   RO         8282    x$fpl$frleqf        fz_ws.l(frleqf.o)
    0x0801aaa6   0x00000002   PAD
    0x0801aaa8   0x000000ea   Code   RO         8264    x$fpl$fsub          fz_ws.l(faddsub_clz.o)
    0x0801ab92   0x00000004   Code   RO         8284    x$fpl$printf1       fz_ws.l(printf1.o)
    0x0801ab96   0x00000064   Code   RO         8496    x$fpl$retnan        fz_ws.l(retnan.o)
    0x0801abfa   0x0000005c   Code   RO         8377    x$fpl$scalbn        fz_ws.l(scalbn.o)
    0x0801ac56   0x00000030   Code   RO         8508    x$fpl$trapveneer    fz_ws.l(trapv.o)
    0x0801ac86   0x00000000   Code   RO         8379    x$fpl$usenofp       fz_ws.l(usenofp.o)
    0x0801ac86   0x00000002   PAD
    0x0801ac88   0x000005e0   Data   RO          236    .constdata          fun_list.o
    0x0801b268   0x00000018   Data   RO         3921    .constdata          rtc.o
    0x0801b280   0x00000010   Data   RO         4017    .constdata          beep.o
    0x0801b290   0x00000058   Data   RO         5373    .constdata          baidu_iot.o
    0x0801b2e8   0x00000200   Data   RO         5408    .constdata          crc8_16.o
    0x0801b4e8   0x00000040   Data   RO         5473    .constdata          data_map.o
    0x0801b528   0x00000007   Data   RO         6126    .constdata          cjson.o
    0x0801b52f   0x00000038   Data   RO         6492    .constdata          wk_json.o
    0x0801b567   0x00000001   PAD
    0x0801b568   0x00000014   Data   RO         7199    .constdata          my_lcd.o
    0x0801b57c   0x00000028   Data   RO         8157    .constdata          c_w.l(_printf_hex_int.o)
    0x0801b5a4   0x00000011   Data   RO         8187    .constdata          c_w.l(__printf_flags_wp.o)
    0x0801b5b5   0x00000003   PAD
    0x0801b5b8   0x00000088   Data   RO         8292    .constdata          m_ws.l(pow.o)
    0x0801b640   0x00000008   Data   RO         8398    .constdata          m_ws.l(qnan.o)
    0x0801b648   0x00000094   Data   RO         8439    .constdata          c_w.l(bigflt0.o)
    0x0801b6dc   0x00000a7b   Data   RO          237    .conststring        fun_list.o
    0x0801c157   0x00000001   PAD
    0x0801c158   0x00000047   Data   RO         5474    .conststring        data_map.o
    0x0801c19f   0x00000001   PAD
    0x0801c1a0   0x0000040e   Data   RO         6735    .conststring        debug.o
    0x0801c5ae   0x00000002   PAD
    0x0801c5b0   0x00000020   Data   RO         8564    Region$$Table       anon$$obj.o
    0x0801c5d0   0x00000110   Data   RO         8463    locale$$data        c_w.l(lc_ctype_c.o)
    0x0801c6e0   0x0000001c   Data   RO         8466    locale$$data        c_w.l(lc_numeric_c.o)


    Execution Region RW_IRAM1 (Base: 0x20000004, Size: 0x0000265c, Max: 0x000027fc, ABSOLUTE, COMPRESSED[0x00000090])

    Base Addr    Size         Type   Attr      Idx    E Section Name        Object

    0x20000004   0x00000014   Data   RW          379    .data               system_stm32f10x.o
    0x20000018   0x00000014   Data   RW         2013    .data               stm32f10x_rcc.o
    0x2000002c   0x0000000c   Data   RW         3406    .data               delay.o
    0x20000038   0x0000000c   Data   RW         3482    .data               os_mem.o
    0x20000044   0x00000029   Data   RW         3669    .data               os_task.o
    0x2000006d   0x00000001   PAD
    0x2000006e   0x00000002   Data   RW         3922    .data               rtc.o
    0x20000070   0x00000018   Data   RW         4018    .data               beep.o
    0x20000088   0x00000012   Data   RW         4113    .data               key.o
    0x2000009a   0x00000002   Data   RW         4147    .data               lcd.o
    0x2000009c   0x00000022   Data   RW         4207    .data               light.o
    0x200000be   0x00000002   PAD
    0x200000c0   0x00000012   Data   RW         4386    .data               rf.o
    0x200000d2   0x00000002   PAD
    0x200000d4   0x0000001e   Data   RW         4508    .data               fats.o
    0x200000f2   0x00000001   Data   RW         4682    .data               mmc_sd.o
    0x200000f3   0x00000001   PAD
    0x200000f4   0x00000004   Data   RW         4859    .data               timer.o
    0x200000f8   0x00000002   Data   RW         4936    .data               flash.o
    0x200000fa   0x0000000f   Data   RW         5062    .data               w5500.o
    0x20000109   0x0000000a   Data   RW         5260    .data               hard_irq.o
    0x20000113   0x00000004   Data   RW         5374    .data               baidu_iot.o
    0x20000117   0x00000001   PAD
    0x20000118   0x00000028   Data   RW         5475    .data               data_map.o
    0x20000140   0x00000004   Data   RW         5822    .data               dhcp.o
    0x20000144   0x00000006   Data   RW         5862    .data               dns.o
    0x2000014a   0x0000001a   Data   RW         5921    .data               enternet.o
    0x20000164   0x0000000c   Data   RW         6127    .data               cjson.o
    0x20000170   0x00000006   Data   RW         6408    .data               ping.o
    0x20000176   0x00000001   Data   RW         6493    .data               wk_json.o
    0x20000177   0x00000001   PAD
    0x20000178   0x0000001c   Data   RW         6640    .data               cmd.o
    0x20000194   0x0000000e   Data   RW         6736    .data               debug.o
    0x200001a2   0x00000002   PAD
    0x200001a4   0x0000000d   Data   RW         6946    .data               cscript.o
    0x200001b1   0x00000003   PAD
    0x200001b4   0x00000016   Data   RW         7124    .data               my_topmsg.o
    0x200001ca   0x00000022   Data   RW         7200    .data               my_lcd.o
    0x200001ec   0x0000002c   Data   RW         7505    .data               my_light.o
    0x20000218   0x00000001   Data   RW         7561    .data               my_cfg.o
    0x20000219   0x00000003   PAD
    0x2000021c   0x00000004   Data   RW         7634    .data               my_idle.o
    0x20000220   0x00000009   Data   RW         7706    .data               my_w5500.o
    0x20000229   0x00000003   PAD
    0x2000022c   0x00000004   Data   RW         7908    .data               mqttpacket.o
    0x20000230   0x00001600   Zero   RW            2    .bss                main.o
    0x20001830   0x00000014   Zero   RW         3481    .bss                os_mem.o
    0x20001844   0x000002d0   Zero   RW         3557    .bss                os_msg.o
    0x20001b14   0x00000400   Zero   RW         3668    .bss                os_task.o
    0x20001f14   0x0000000a   Zero   RW         3920    .bss                rtc.o
    0x20001f1e   0x0000001e   Zero   RW         4146    .bss                lcd.o
    0x20001f3c   0x000000a8   Zero   RW         4206    .bss                light.o
    0x20001fe4   0x0000006c   Zero   RW         4385    .bss                rf.o
    0x20002050   0x00000028   Zero   RW         4858    .bss                timer.o
    0x20002078   0x000001d0   Zero   RW         5472    .bss                data_map.o
    0x20002248   0x00000012   Zero   RW         7123    .bss                my_topmsg.o
    0x2000225a   0x00000002   PAD
    0x2000225c   0x000000c0   Zero   RW         7633    .bss                my_idle.o
    0x2000231c   0x000000e4   Zero   RW         8203    .bss                c_w.l(rand.o)
    0x20002400   0x00000060   Zero   RW         8480    .bss                c_w.l(libspace.o)
    0x20002460   0x00000000   Zero   RW          410    HEAP                startup_stm32f10x_hd.o
    0x20002460   0x00000200   Zero   RW          409    STACK               startup_stm32f10x_hd.o


==============================================================================

Image component sizes


      Code (inc. data)   RO Data    RW Data    ZI Data      Debug   Object Name

       304         10         88          4          0       1841   baidu_iot.o
      7350        504         16         24          0      11081   beep.o
      4226        248          7         12          0      21898   cjson.o
      1196        104          0         28          0       7848   cmd.o
        32          0          0          0          0        536   core_cm3.o
        56         10        512          0          0       1214   crc8_16.o
      3450        102          0         13          0      11699   cscript.o
      1776         42        135         40        464      24164   data_map.o
     13676       6866       1038         14          0      24917   debug.o
       472         74          0         12          0      19098   delay.o
      1814        118          0          4          0       4624   dhcp.o
      1116         38          0          6          0       5404   dns.o
      1096         58          0         26          0      12091   enternet.o
       372         70          0         30          0       5702   fats.o
       144         24          0          0          0        658   file.o
       896         72          0          2          0       7460   flash.o
         0          0       4187          0          0       6667   fun_list.o
       280        120          0         10          0       9365   hard_irq.o
        62          0          0          0          0        920   iwdg.o
       700         40          0         18          0       3104   key.o
       522         56          0          2         30       3389   lcd.o
      3118        156          0         34        168      13718   light.o
       192         56          0          0       5632     281386   main.o
       192         30          0          0          0       2439   misc.o
      1308         32          0          1          0      10425   mmc_sd.o
       596         18          0          0          0       2800   mqttconnectclient.o
       450         18          0          4          0       6506   mqttpacket.o
      1614          0          0          0          0       4252   my_autocontrol.o
      1210         74          0          1          0       6629   my_cfg.o
       794          6          0          0          0       9143   my_fun.o
        78         16          0          4        192       2044   my_idle.o
      4516        158         20         34          0      16456   my_lcd.o
      1570        106          0         44          0       5555   my_light.o
       364        294          0          0          0        545   my_messeg.o
      3768         22          0          0          0      11318   my_rf.o
      1486         78          0         22         18       5772   my_topmsg.o
       534         54          0          9          0       3531   my_w5500.o
       248          0          0          0          0       1186   ntp.o
       216         36          0          0          0        328   os_cpu_a.o
       154          0          0          0          0        984   os_cpu_c.o
         8          0          0          0          0        451   os_fats.o
       722         80          0         12         20       7076   os_mem.o
       370         20          0          0        720       4493   os_msg.o
        20          0          0          0          0        450   os_sys.o
      1376        176          0         41       1024      11752   os_task.o
       538         22          0          6          0       4385   ping.o
       120         14          0          0          0       1338   power.o
        76         14          0          0          0       1260   relay.o
      1372        162          0         18        108       9347   rf.o
       948         40         24          2         10       6144   rtc.o
       272         18          0          0          0       1701   spi.o
        60         22        304          0        512        772   startup_stm32f10x_hd.o
        72         10          0          0          0       2548   stm32f10x_bkp.o
       200         18          0          0          0       1972   stm32f10x_exti.o
       274         30          0          0          0       3202   stm32f10x_flash.o
       494         10          0          0          0       4280   stm32f10x_gpio.o
        62         10          0          0          0      18182   stm32f10x_it.o
        68         30          0          0          0       2330   stm32f10x_iwdg.o
        12          6          0          0          0        478   stm32f10x_pwr.o
       492         70          0         20          0       7920   stm32f10x_rcc.o
       260         48          0          0          0       4812   stm32f10x_rtc.o
       112          0          0          0          0       3626   stm32f10x_spi.o
       574         62          0          0          0       5784   stm32f10x_tim.o
       616         28          0          0          0       6954   stm32f10x_usart.o
       630          6          0          0          0       3242   stmflash.o
      1914        114          0          0          0       9143   swd.o
         4          0          0          0          0        378   sys.o
       328         28          0         20          0       2069   system_stm32f10x.o
       774         50          0          4         40       6139   timer.o
      2582        142          0         15          0      16350   w5500.o
      8058       2008         56          1          0      15642   wk_json.o

    ----------------------------------------------------------------------
     85466      12948       6424        556       8940     732917   Object Totals
         0          0         32          0          0          0   (incl. Generated)
       110          0          5         19          2          0   (incl. Padding)

    ----------------------------------------------------------------------

      Code (inc. data)   RO Data    RW Data    ZI Data      Debug   Library Member Name

        44          6          0          0          0         84   __2sprintf.o
        90          0          0          0          0          0   __dczerorl2.o
         8          0          0          0          0         68   __main.o
       312          4         17          0          0         92   __printf_flags_wp.o
        14          0          0          0          0         68   __printf_wp.o
         0          0          0          0          0          0   __rtentry.o
        12          0          0          0          0          0   __rtentry2.o
         6          0          0          0          0          0   __rtentry4.o
        52          8          0          0          0          0   __scatter.o
        28          0          0          0          0          0   __scatter_zi.o
        44          0          0          0          0        108   _printf_char.o
        48          6          0          0          0         96   _printf_char_common.o
         6          0          0          0          0          0   _printf_d.o
       120         16          0          0          0         92   _printf_dec.o
         6          0          0          0          0          0   _printf_e.o
         6          0          0          0          0          0   _printf_f.o
      1050          0          0          0          0        216   _printf_fp_dec.o
       128         16          0          0          0         84   _printf_fp_infnan.o
        88          4         40          0          0         88   _printf_hex_int.o
       178          0          0          0          0         88   _printf_intcommon.o
        78          0          0          0          0        108   _printf_pad.o
         0          0          0          0          0          0   _printf_percent.o
         4          0          0          0          0          0   _printf_percent_end.o
         6          0          0          0          0          0   _printf_s.o
        82          0          0          0          0         80   _printf_str.o
         6          0          0          0          0          0   _printf_u.o
         6          0          0          0          0          0   _printf_x.o
        22          0          0          0          0        100   _rserrno.o
        10          0          0          0          0         68   _sputc.o
       220          4        148          0          0         96   bigflt0.o
      1910        128          0          0          0        672   btod.o
        12          0          0          0          0         72   exit.o
         6          0          0          0          0        152   heapauxi.o
        44         10        272          0          0         76   lc_ctype_c.o
        44         10         28          0          0         76   lc_numeric_c.o
         2          0          0          0          0          0   libinit.o
        34          0          0          0          0          0   libinit2.o
         2          0          0          0          0          0   libshutdown.o
         2          0          0          0          0          0   libshutdown2.o
         8          4          0          0         96         68   libspace.o
       138          0          0          0          0         80   lludiv10.o
       112         18          0          0        228        160   rand.o
        16          4          0          0          0         76   rt_ctype_table.o
         8          4          0          0          0         68   rt_errno_addr_intlibspace.o
         8          4          0          0          0         68   rt_locale_intlibspace.o
        68          0          0          0          0         68   rt_memclr.o
        78          0          0          0          0         80   rt_memclr_w.o
       138          0          0          0          0         68   rt_memcpy_v6.o
       100          0          0          0          0         80   rt_memcpy_w.o
         2          0          0          0          0          0   rtexit.o
        10          0          0          0          0          0   rtexit2.o
        20          0          0          0          0         68   strchr.o
       128          0          0          0          0         68   strcmpv7m.o
        72          0          0          0          0         80   strcpy.o
        62          0          0          0          0         76   strlen.o
       150          0          0          0          0         80   strncmp.o
        86          0          0          0          0         76   strncpy.o
        74          0          0          0          0         80   sys_stackheap_outer.o
        26          0          0          0          0         76   tolower.o
         2          0          0          0          0         68   use_no_semi.o
         2          0          0          0          0         68   use_no_semi_2.o
        98          4          0          0          0         92   d2f.o
       826         16          0          0          0        348   daddsub_clz.o
        16          4          0          0          0         68   dcheck1.o
        24          0          0          0          0         68   dcmpi.o
       688        140          0          0          0        208   ddiv.o
        94          4          0          0          0         92   dfix.o
        84          0          0          0          0        136   dflt_clz.o
       120          4          0          0          0         92   dleqf.o
       340         12          0          0          0        104   dmul.o
       156          4          0          0          0         92   dnaninf.o
        12          0          0          0          0         68   dretinf.o
       108          0          0          0          0         80   drleqf.o
       460         56          0          0          0        120   dsqrt_noumaal.o
        86          4          0          0          0         84   f2d.o
       430          8          0          0          0        168   faddsub_clz.o
        24          0          0          0          0         68   fcmpi.o
        62          4          0          0          0         84   ffixu.o
        86          0          0          0          0        136   fflt_clz.o
       104          4          0          0          0         84   fleqf.o
       258          4          0          0          0         84   fmul.o
       140          4          0          0          0         84   fnaninf.o
        10          0          0          0          0         68   fretinf.o
        98          0          0          0          0         68   frleqf.o
         4          0          0          0          0         68   printf1.o
       100          0          0          0          0         68   retnan.o
        92          0          0          0          0         68   scalbn.o
        48          0          0          0          0         68   trapv.o
         0          0          0          0          0          0   usenofp.o
        62         10          0          0          0        340   dunder.o
       220         16          0          0          0         84   floor.o
        40          0          0          0          0         68   fpclassify.o
       170          0          0          0          0         96   poly.o
      2488        190        136          0          0        300   pow.o
         0          0          8          0          0          0   qnan.o
        76          0          0          0          0         84   sqrt.o

    ----------------------------------------------------------------------
     13694        734        652          0        324       7880   Library Totals
        32          0          3          0          0          0   (incl. Padding)

    ----------------------------------------------------------------------

      Code (inc. data)   RO Data    RW Data    ZI Data      Debug   Library Name

      6038        246        505          0        324       4140   c_w.l
      4568        272          0          0          0       2768   fz_ws.l
      3056        216        144          0          0        972   m_ws.l

    ----------------------------------------------------------------------
     13694        734        652          0        324       7880   Library Totals

    ----------------------------------------------------------------------

==============================================================================


      Code (inc. data)   RO Data    RW Data    ZI Data      Debug   

     99160      13682       7076        556       9264     704705   Grand Totals
     99160      13682       7076        144       9264     704705   ELF Image Totals (compressed)
     99160      13682       7076        144          0          0   ROM Totals

==============================================================================

    Total RO  Size (Code + RO Data)               106236 ( 103.75kB)
    Total RW  Size (RW Data + ZI Data)              9820 (   9.59kB)
    Total ROM Size (Code + RO Data + RW Data)     106380 ( 103.89kB)

==============================================================================

