Component: ARM Compiler 5.05 update 1 (build 106) Tool: armlink [4d0efa]

==============================================================================

Image Symbol Table

    Local Symbols

    Symbol Name                              Value     Ov Type        Size  Object(Section)

    ../clib/angel/boardlib.s                 0x00000000   Number         0  boardinit2.o ABSOLUTE
    ../clib/angel/boardlib.s                 0x00000000   Number         0  boardinit1.o ABSOLUTE
    ../clib/angel/boardlib.s                 0x00000000   Number         0  boardinit3.o ABSOLUTE
    ../clib/angel/boardlib.s                 0x00000000   Number         0  boardshut.o ABSOLUTE
    ../clib/angel/dczerorl2.s                0x00000000   Number         0  __dczerorl2.o ABSOLUTE
    ../clib/angel/handlers.s                 0x00000000   Number         0  __scatter_zi.o ABSOLUTE
    ../clib/angel/kernel.s                   0x00000000   Number         0  __rtentry4.o ABSOLUTE
    ../clib/angel/kernel.s                   0x00000000   Number         0  __rtentry2.o ABSOLUTE
    ../clib/angel/kernel.s                   0x00000000   Number         0  __rtentry.o ABSOLUTE
    ../clib/angel/kernel.s                   0x00000000   Number         0  rtexit2.o ABSOLUTE
    ../clib/angel/kernel.s                   0x00000000   Number         0  rtexit.o ABSOLUTE
    ../clib/angel/rt.s                       0x00000000   Number         0  rt_locale_intlibspace.o ABSOLUTE
    ../clib/angel/rt.s                       0x00000000   Number         0  rt_locale.o ABSOLUTE
    ../clib/angel/rt.s                       0x00000000   Number         0  rt_ctype_table.o ABSOLUTE
    ../clib/angel/rt.s                       0x00000000   Number         0  rt_errno_addr.o ABSOLUTE
    ../clib/angel/rt.s                       0x00000000   Number         0  rt_raise.o ABSOLUTE
    ../clib/angel/rt.s                       0x00000000   Number         0  rt_errno_addr_intlibspace.o ABSOLUTE
    ../clib/angel/scatter.s                  0x00000000   Number         0  __scatter.o ABSOLUTE
    ../clib/angel/startup.s                  0x00000000   Number         0  __main.o ABSOLUTE
    ../clib/angel/sys.s                      0x00000000   Number         0  use_no_semi_2.o ABSOLUTE
    ../clib/angel/sys.s                      0x00000000   Number         0  libspace.o ABSOLUTE
    ../clib/angel/sys.s                      0x00000000   Number         0  indicate_semi.o ABSOLUTE
    ../clib/angel/sys.s                      0x00000000   Number         0  use_no_semi.o ABSOLUTE
    ../clib/angel/sys.s                      0x00000000   Number         0  sys_stackheap_outer.o ABSOLUTE
    ../clib/angel/sysapp.c                   0x00000000   Number         0  sys_command.o ABSOLUTE
    ../clib/armsys.c                         0x00000000   Number         0  argv_veneer.o ABSOLUTE
    ../clib/armsys.c                         0x00000000   Number         0  _get_argv_nomalloc.o ABSOLUTE
    ../clib/armsys.c                         0x00000000   Number         0  no_argv.o ABSOLUTE
    ../clib/armsys.c                         0x00000000   Number         0  argv_veneer.o ABSOLUTE
    ../clib/bigflt.c                         0x00000000   Number         0  bigflt0.o ABSOLUTE
    ../clib/btod.s                           0x00000000   Number         0  btod.o ABSOLUTE
    ../clib/ctype.c                          0x00000000   Number         0  tolower.o ABSOLUTE
    ../clib/fenv.c                           0x00000000   Number         0  _rserrno.o ABSOLUTE
    ../clib/heapalloc.c                      0x00000000   Number         0  hrguard.o ABSOLUTE
    ../clib/heapaux.c                        0x00000000   Number         0  heapauxi.o ABSOLUTE
    ../clib/libinit.s                        0x00000000   Number         0  libinit.o ABSOLUTE
    ../clib/libinit.s                        0x00000000   Number         0  libshutdown2.o ABSOLUTE
    ../clib/libinit.s                        0x00000000   Number         0  libshutdown.o ABSOLUTE
    ../clib/libinit.s                        0x00000000   Number         0  libinit2.o ABSOLUTE
    ../clib/locale.s                         0x00000000   Number         0  lc_ctype_c.o ABSOLUTE
    ../clib/locale.s                         0x00000000   Number         0  lc_numeric_c.o ABSOLUTE
    ../clib/longlong.s                       0x00000000   Number         0  lludiv10.o ABSOLUTE
    ../clib/memcpset.s                       0x00000000   Number         0  rt_memcpy_v6.o ABSOLUTE
    ../clib/memcpset.s                       0x00000000   Number         0  rt_memcpy_w.o ABSOLUTE
    ../clib/memcpset.s                       0x00000000   Number         0  strcmpv7m.o ABSOLUTE
    ../clib/memcpset.s                       0x00000000   Number         0  strncpy.o ABSOLUTE
    ../clib/memcpset.s                       0x00000000   Number         0  rt_memclr_w.o ABSOLUTE
[...]
    __rt_lib_init_user_alloc_1               0x08002a0f   Thumb Code     0  libinit2.o(.ARM.Collect$$libinit$$0000000C)
    __rt_lib_init_lc_common                  0x08002a13   Thumb Code     0  libinit2.o(.ARM.Collect$$libinit$$0000000F)
    __rt_lib_init_rand_1                     0x08002a13   Thumb Code     0  libinit2.o(.ARM.Collect$$libinit$$0000000E)
    __rt_lib_init_lc_collate_1               0x08002a19   Thumb Code     0  libinit2.o(.ARM.Collect$$libinit$$00000011)
    __rt_lib_init_lc_ctype_2                 0x08002a19   Thumb Code     0  libinit2.o(.ARM.Collect$$libinit$$00000012)
    __rt_lib_init_lc_ctype_1                 0x08002a25   Thumb Code     0  libinit2.o(.ARM.Collect$$libinit$$00000013)
    __rt_lib_init_lc_monetary_1              0x08002a25   Thumb Code     0  libinit2.o(.ARM.Collect$$libinit$$00000015)
    __rt_lib_init_lc_numeric_2               0x08002a25   Thumb Code     0  libinit2.o(.ARM.Collect$$libinit$$00000016)
    __rt_lib_init_alloca_1                   0x08002a2f   Thumb Code     0  libinit2.o(.ARM.Collect$$libinit$$0000002E)
    __rt_lib_init_argv_1                     0x08002a2f   Thumb Code     0  libinit2.o(.ARM.Collect$$libinit$$0000002C)
    __rt_lib_init_atexit_1                   0x08002a2f   Thumb Code     0  libinit2.o(.ARM.Collect$$libinit$$0000001B)
    __rt_lib_init_clock_1                    0x08002a2f   Thumb Code     0  libinit2.o(.ARM.Collect$$libinit$$00000021)
    __rt_lib_init_cpp_1                      0x08002a2f   Thumb Code     0  libinit2.o(.ARM.Collect$$libinit$$00000032)
    __rt_lib_init_exceptions_1               0x08002a2f   Thumb Code     0  libinit2.o(.ARM.Collect$$libinit$$00000030)
    __rt_lib_init_fp_trap_1                  0x08002a2f   Thumb Code     0  libinit2.o(.ARM.Collect$$libinit$$0000001F)
    __rt_lib_init_getenv_1                   0x08002a2f   Thumb Code     0  libinit2.o(.ARM.Collect$$libinit$$00000023)
    __rt_lib_init_lc_numeric_1               0x08002a2f   Thumb Code     0  libinit2.o(.ARM.Collect$$libinit$$00000017)
    __rt_lib_init_lc_time_1                  0x08002a2f   Thumb Code     0  libinit2.o(.ARM.Collect$$libinit$$00000019)
    __rt_lib_init_return                     0x08002a2f   Thumb Code     0  libinit2.o(.ARM.Collect$$libinit$$00000033)
    __rt_lib_init_signal_1                   0x08002a2f   Thumb Code     0  libinit2.o(.ARM.Collect$$libinit$$0000001D)
    __rt_lib_init_stdio_1                    0x08002a2f   Thumb Code     0  libinit2.o(.ARM.Collect$$libinit$$00000025)
    __rt_lib_shutdown                        0x08002a31   Thumb Code     0  libshutdown.o(.ARM.Collect$$libshutdown$$00000000)
    __rt_lib_shutdown_fp_trap_1              0x08002a33   Thumb Code     0  libshutdown2.o(.ARM.Collect$$libshutdown$$00000006)
    __rt_lib_shutdown_heap_1                 0x08002a33   Thumb Code     0  libshutdown2.o(.ARM.Collect$$libshutdown$$0000000E)
    __rt_lib_shutdown_return                 0x08002a33   Thumb Code     0  libshutdown2.o(.ARM.Collect$$libshutdown$$0000000F)
    __rt_lib_shutdown_signal_1               0x08002a33   Thumb Code     0  libshutdown2.o(.ARM.Collect$$libshutdown$$00000009)
    __rt_lib_shutdown_stdio_1                0x08002a33   Thumb Code     0  libshutdown2.o(.ARM.Collect$$libshutdown$$00000003)
    __rt_lib_shutdown_user_alloc_1           0x08002a33   Thumb Code     0  libshutdown2.o(.ARM.Collect$$libshutdown$$0000000B)
    __rt_entry                               0x08002a35   Thumb Code     0  __rtentry.o(.ARM.Collect$$rtentry$$00000000)
    __rt_entry_presh_1                       0x08002a35   Thumb Code     0  __rtentry2.o(.ARM.Collect$$rtentry$$00000002)
    __rt_entry_sh                            0x08002a35   Thumb Code     0  __rtentry4.o(.ARM.Collect$$rtentry$$00000004)
    __rt_entry_li                            0x08002a3b   Thumb Code     0  __rtentry2.o(.ARM.Collect$$rtentry$$0000000A)
    __rt_entry_postsh_1                      0x08002a3b   Thumb Code     0  __rtentry2.o(.ARM.Collect$$rtentry$$00000009)
    __rt_entry_main                          0x08002a3f   Thumb Code     0  __rtentry2.o(.ARM.Collect$$rtentry$$0000000D)
    __rt_entry_postli_1                      0x08002a3f   Thumb Code     0  __rtentry2.o(.ARM.Collect$$rtentry$$0000000C)
    __rt_exit                                0x08002a47   Thumb Code     0  rtexit.o(.ARM.Collect$$rtexit$$00000000)
    __rt_exit_ls                             0x08002a49   Thumb Code     0  rtexit2.o(.ARM.Collect$$rtexit$$00000003)
    __rt_exit_prels_1                        0x08002a49   Thumb Code     0  rtexit2.o(.ARM.Collect$$rtexit$$00000002)
    __rt_exit_exit                           0x08002a4d   Thumb Code     0  rtexit2.o(.ARM.Collect$$rtexit$$00000004)
    __get_PSP                                0x08002a55   Thumb Code     6  core_cm3.o(.emb_text)
    __set_PSP                                0x08002a5b   Thumb Code     6  core_cm3.o(.emb_text)
    __get_MSP                                0x08002a61   Thumb Code     6  core_cm3.o(.emb_text)
    __set_MSP                                0x08002a67   Thumb Code     6  core_cm3.o(.emb_text)
    __REV16                                  0x08002a6d   Thumb Code     4  core_cm3.o(.emb_text)
    __REVSH                                  0x08002a71   Thumb Code     4  core_cm3.o(.emb_text)
    rand                                     0x08002a75   Thumb Code    48  rand.o(.emb_text)
    Reset_Handler                            0x08002aa9   Thumb Code     8  startup_stm32f10x_hd.o(.text)
    ADC1_2_IRQHandler                        0x08002ac3   Thumb Code     0  startup_stm32f10x_hd.o(.text)
    ADC3_IRQHandler                          0x08002ac3   Thumb Code     0  startup_stm32f10x_hd.o(.text)
    CAN1_RX1_IRQHandler                      0x08002ac3   Thumb Code     0  startup_stm32f10x_hd.o(.text)
    CAN1_SCE_IRQHandler                      0x08002ac3   Thumb Code     0  startup_stm32f10x_hd.o(.text)
    DMA1_Channel1_IRQHandler                 0x08002ac3   Thumb Code     0  startup_stm32f10x_hd.o(.text)
    DMA1_Channel2_IRQHandler                 0x08002ac3   Thumb Code     0  startup_stm32f10x_hd.o(.text)
    DMA1_Channel3_IRQHandler                 0x08002ac3   Thumb Code     0  startup_stm32f10x_hd.o(.text)
    DMA1_Channel4_IRQHandler                 0x08002ac3   Thumb Code     0  startup_stm32f10x_hd.o(.text)
    DMA1_Channel5_IRQHandler                 0x08002ac3   Thumb Code     0  startup_stm32f10x_hd.o(.text)
    DMA1_Channel6_IRQHandler                 0x08002ac3   Thumb Code     0  startup_stm32f10x_hd.o(.text)
    DMA1_Channel7_IRQHandler                 0x08002ac3   Thumb Code     0  startup_stm32f10x_hd.o(.text)
    DMA2_Channel1_IRQHandler                 0x08002ac3   Thumb Code     0  startup_stm32f10x_hd.o(.text)
    DMA2_Channel2_IRQHandler                 0x08002ac3   Thumb Code     0  startup_stm32f10x_hd.o(.text)
    DMA2_Channel3_IRQHandler                 0x08002ac3   Thumb Code     0  startup_stm32f10x_hd.o(.text)
    DMA2_Channel4_5_IRQHandler               0x08002ac3   Thumb Code     0  startup_stm32f10x_hd.o(.text)
    EXTI0_IRQHandler                         0x08002ac3   Thumb Code     0  startup_stm32f10x_hd.o(.text)
    EXTI15_10_IRQHandler                     0x08002ac3   Thumb Code     0  startup_stm32f10x_hd.o(.text)
    EXTI1_IRQHandler                         0x08002ac3   Thumb Code     0  startup_stm32f10x_hd.o(.text)
    EXTI2_IRQHandler                         0x08002ac3   Thumb Code     0  startup_stm32f10x_hd.o(.text)
    EXTI3_IRQHandler                         0x08002ac3   Thumb Code     0  startup_stm32f10x_hd.o(.text)
    EXTI9_5_IRQHandler                       0x08002ac3   Thumb Code     0  startup_stm32f10x_hd.o(.text)
    FLASH_IRQHandler                         0x08002ac3   Thumb Code     0  startup_stm32f10x_hd.o(.text)
    FSMC_IRQHandler                          0x08002ac3   Thumb Code     0  startup_stm32f10x_hd.o(.text)
    I2C1_ER_IRQHandler                       0x08002ac3   Thumb Code     0  startup_stm32f10x_hd.o(.text)
    I2C1_EV_IRQHandler                       0x08002ac3   Thumb Code     0  startup_stm32f10x_hd.o(.text)
    I2C2_ER_IRQHandler                       0x08002ac3   Thumb Code     0  startup_stm32f10x_hd.o(.text)
    I2C2_EV_IRQHandler                       0x08002ac3   Thumb Code     0  startup_stm32f10x_hd.o(.text)
    PVD_IRQHandler                           0x08002ac3   Thumb Code     0  startup_stm32f10x_hd.o(.text)
    RCC_IRQHandler                           0x08002ac3   Thumb Code     0  startup_stm32f10x_hd.o(.text)
    RTCAlarm_IRQHandler                      0x08002ac3   Thumb Code     0  startup_stm32f10x_hd.o(.text)
    SDIO_IRQHandler                          0x08002ac3   Thumb Code     0  startup_stm32f10x_hd.o(.text)
    SPI1_IRQHandler                          0x08002ac3   Thumb Code     0  startup_stm32f10x_hd.o(.text)
    SPI2_IRQHandler                          0x08002ac3   Thumb Code     0  startup_stm32f10x_hd.o(.text)
    SPI3_IRQHandler                          0x08002ac3   Thumb Code     0  startup_stm32f10x_hd.o(.text)
    TAMPER_IRQHandler                        0x08002ac3   Thumb Code     0  startup_stm32f10x_hd.o(.text)
    TIM1_BRK_IRQHandler                      0x08002ac3   Thumb Code     0  startup_stm32f10x_hd.o(.text)
    TIM1_CC_IRQHandler                       0x08002ac3   Thumb Code     0  startup_stm32f10x_hd.o(.text)
    TIM1_TRG_COM_IRQHandler                  0x08002ac3   Thumb Code     0  startup_stm32f10x_hd.o(.text)
    TIM1_UP_IRQHandler                       0x08002ac3   Thumb Code     0  startup_stm32f10x_hd.o(.text)
    TIM5_IRQHandler                          0x08002ac3   Thumb Code     0  startup_stm32f10x_hd.o(.text)
    TIM6_IRQHandler                          0x08002ac3   Thumb Code     0  startup_stm32f10x_hd.o(.text)
    TIM7_IRQHandler                          0x08002ac3   Thumb Code     0  startup_stm32f10x_hd.o(.text)
    TIM8_BRK_IRQHandler                      0x08002ac3   Thumb Code     0  startup_stm32f10x_hd.o(.text)
    TIM8_CC_IRQHandler                       0x08002ac3   Thumb Code     0  startup_stm32f10x_hd.o(.text)
    TIM8_TRG_COM_IRQHandler                  0x08002ac3   Thumb Code     0  startup_stm32f10x_hd.o(.text)
    TIM8_UP_IRQHandler                       0x08002ac3   Thumb Code     0  startup_stm32f10x_hd.o(.text)
    UART4_IRQHandler                         0x08002ac3   Thumb Code     0  startup_stm32f10x_hd.o(.text)
    UART5_IRQHandler                         0x08002ac3   Thumb Code     0  startup_stm32f10x_hd.o(.text)
    USART3_IRQHandler                        0x08002ac3   Thumb Code     0  startup_stm32f10x_hd.o(.text)
    USBWakeUp_IRQHandler                     0x08002ac3   Thumb Code     0  startup_stm32f10x_hd.o(.text)
    USB_HP_CAN1_TX_IRQHandler                0x08002ac3   Thumb Code     0  startup_stm32f10x_hd.o(.text)
    USB_LP_CAN1_RX0_IRQHandler               0x08002ac3   Thumb Code     0  startup_stm32f10x_hd.o(.text)
    WWDG_IRQHandler                          0x08002ac3   Thumb Code     0  startup_stm32f10x_hd.o(.text)
    __user_initial_stackheap                 0x08002ac5   Thumb Code     0  startup_stm32f10x_hd.o(.text)
    OS_CPU_SR_Save                           0x08002ae5   Thumb Code     0  os_cpu_a.o(.text)
    OS_CPU_SR_Restore                        0x08002aed   Thumb Code     0  os_cpu_a.o(.text)
    OSStartHighRdy                           0x08002af3   Thumb Code     0  os_cpu_a.o(.text)
    OSCtxSw                                  0x08002b15   Thumb Code     0  os_cpu_a.o(.text)
    OSIntCtxSw                               0x08002b23   Thumb Code     0  os_cpu_a.o(.text)
    PendSV_Handler                           0x08002b33   Thumb Code     0  os_cpu_a.o(.text)
    GetZeroNum                               0x08002b79   Thumb Code     0  os_cpu_a.o(.text)
    GetRBIT16                                0x08002b7f   Thumb Code     0  os_cpu_a.o(.text)
    BlxExternFun                             0x08002b89   Thumb Code     0  os_cpu_a.o(.text)
    __use_no_semihosting                     0x08002bbd   Thumb Code     2  use_no_semi_2.o(.text)
    tolower                                  0x08002bbf   Thumb Code    26  tolower.o(.text)
    __2sprintf                               0x08002bd9   Thumb Code    38  __2sprintf.o(.text)
    _printf_pre_padding                      0x08002c05   Thumb Code    44  _printf_pad.o(.text)
    _printf_post_padding                     0x08002c31   Thumb Code    34  _printf_pad.o(.text)
    _printf_str                              0x08002c53   Thumb Code    82  _printf_str.o(.text)
    _printf_int_dec                          0x08002ca5   Thumb Code   104  _printf_dec.o(.text)
    _printf_int_hex                          0x08002d1d   Thumb Code    84  _printf_hex_int.o(.text)
    _printf_longlong_hex                     0x08002d1d   Thumb Code     0  _printf_hex_int.o(.text)
    __printf                                 0x08002d75   Thumb Code   308  __printf_flags_wp.o(.text)
    srand                                    0x08002ead   Thumb Code    42  rand.o(.text)
    _rand_init                               0x08002ed7   Thumb Code     4  rand.o(.text)
    strchr                                   0x08002ee9   Thumb Code    20  strchr.o(.text)
    strcpy                                   0x08002efd   Thumb Code    72  strcpy.o(.text)
    strlen                                   0x08002f45   Thumb Code    62  strlen.o(.text)
    strncmp                                  0x08002f83   Thumb Code   150  strncmp.o(.text)
    __aeabi_memcpy                           0x08003019   Thumb Code     0  rt_memcpy_v6.o(.text)
    __rt_memcpy                              0x08003019   Thumb Code   138  rt_memcpy_v6.o(.text)
    _memcpy_lastbytes                        0x0800307f   Thumb Code     0  rt_memcpy_v6.o(.text)
    __aeabi_memcpy4                          0x080030a3   Thumb Code     0  rt_memcpy_w.o(.text)
    __aeabi_memcpy8                          0x080030a3   Thumb Code     0  rt_memcpy_w.o(.text)
    __rt_memcpy_w                            0x080030a3   Thumb Code   100  rt_memcpy_w.o(.text)
    _memcpy_lastbytes_aligned                0x080030eb   Thumb Code     0  rt_memcpy_w.o(.text)
    __aeabi_memclr                           0x08003107   Thumb Code     0  rt_memclr.o(.text)
    __rt_memclr                              0x08003107   Thumb Code    68  rt_memclr.o(.text)
    _memset                                  0x0800310b   Thumb Code     0  rt_memclr.o(.text)
    __aeabi_memclr4                          0x0800314b   Thumb Code     0  rt_memclr_w.o(.text)
    __aeabi_memclr8                          0x0800314b   Thumb Code     0  rt_memclr_w.o(.text)
    __rt_memclr_w                            0x0800314b   Thumb Code    78  rt_memclr_w.o(.text)
    _memset_w                                0x0800314f   Thumb Code     0  rt_memclr_w.o(.text)
    strncpy                                  0x08003199   Thumb Code    86  strncpy.o(.text)
    strcmp                                   0x080031f1   Thumb Code   128  strcmpv7m.o(.text)
    __use_two_region_memory                  0x08003271   Thumb Code     2  heapauxi.o(.text)
    __rt_heap_escrow$2region                 0x08003273   Thumb Code     2  heapauxi.o(.text)
    __rt_heap_expand$2region                 0x08003275   Thumb Code     2  heapauxi.o(.text)
    __I$use$semihosting                      0x08003277   Thumb Code     0  use_no_semi.o(.text)
    __use_no_semihosting_swi                 0x08003277   Thumb Code     2  use_no_semi.o(.text)
    __rt_ctype_table                         0x08003279   Thumb Code    16  rt_ctype_table.o(.text)
    __read_errno                             0x08003289   Thumb Code    10  _rserrno.o(.text)
    __set_errno                              0x08003293   Thumb Code    12  _rserrno.o(.text)
    _printf_int_common                       0x0800329f   Thumb Code   178  _printf_intcommon.o(.text)
    __lib_sel_fp_printf                      0x08003351   Thumb Code     2  _printf_fp_dec.o(.text)
    _printf_fp_dec_real                      0x080034ff   Thumb Code   620  _printf_fp_dec.o(.text)
    _printf_char_common                      0x08003777   Thumb Code    32  _printf_char_common.o(.text)
    _sputc                                   0x0800379d   Thumb Code    10  _sputc.o(.text)
    _printf_cs_common                        0x080037a7   Thumb Code    20  _printf_char.o(.text)
    _printf_char                             0x080037bb   Thumb Code    16  _printf_char.o(.text)
    _printf_string                           0x080037cb   Thumb Code     8  _printf_char.o(.text)
    __rt_locale                              0x080037d5   Thumb Code     8  rt_locale_intlibspace.o(.text)
    __aeabi_errno_addr                       0x080037dd   Thumb Code     8  rt_errno_addr_intlibspace.o(.text)
    __errno$intlibspace                      0x080037dd   Thumb Code     0  rt_errno_addr_intlibspace.o(.text)
    __rt_errno_addr$intlibspace              0x080037dd   Thumb Code     0  rt_errno_addr_intlibspace.o(.text)
    _ll_udiv10                               0x080037e5   Thumb Code   138  lludiv10.o(.text)
    _printf_fp_infnan                        0x08003871   Thumb Code   112  _printf_fp_infnan.o(.text)
    _btod_etento                             0x080038f1   Thumb Code   216  bigflt0.o(.text)
    __user_libspace                          0x080039cd   Thumb Code     8  libspace.o(.text)
    __user_perproc_libspace                  0x080039cd   Thumb Code     0  libspace.o(.text)
    __user_perthread_libspace                0x080039cd   Thumb Code     0  libspace.o(.text)
    __user_setup_stackheap                   0x080039d5   Thumb Code    74  sys_stackheap_outer.o(.text)
    exit                                     0x08003a1f   Thumb Code    12  exit.o(.text)
    _btod_d2e                                0x08003a2b   Thumb Code    62  btod.o(CL$$btod_d2e)
    _d2e_denorm_low                          0x08003a69   Thumb Code    70  btod.o(CL$$btod_d2e_denorm_low)
    _d2e_norm_op1                            0x08003aaf   Thumb Code    96  btod.o(CL$$btod_d2e_norm_op1)
    __btod_div_common                        0x08003b0f   Thumb Code   696  btod.o(CL$$btod_div_common)
    _e2e                                     0x08003e47   Thumb Code   198  btod.o(CL$$btod_e2e)
    _btod_ediv                               0x08003f0d   Thumb Code    40  btod.o(CL$$btod_ediv)
    _btod_emul                               0x08003f35   Thumb Code    40  btod.o(CL$$btod_emul)
    __btod_mult_common                       0x08003f5d   Thumb Code   580  btod.o(CL$$btod_mult_common)
    AutoCtr                                  0x080041a1   Thumb Code    48  my_lcd.o(i.AutoCtr)
    Auto_sleep                               0x080041d1   Thumb Code    68  my_lcd.o(i.Auto_sleep)
    BEEP_Init                                0x0800421d   Thumb Code    56  beep.o(i.BEEP_Init)
    BKP_DeInit                               0x08004259   Thumb Code    16  stm32f10x_bkp.o(i.BKP_DeInit)
    BKP_ReadBackupRegister                   0x08004269   Thumb Code    24  stm32f10x_bkp.o(i.BKP_ReadBackupRegister)
    BKP_WriteBackupRegister                  0x08004285   Thumb Code    22  stm32f10x_bkp.o(i.BKP_WriteBackupRegister)
    BUT_DOWN_HUMI                            0x080042a1   Thumb Code    52  my_lcd.o(i.BUT_DOWN_HUMI)
    BUT_DOWN_TEMP                            0x080042d5   Thumb Code    50  my_lcd.o(i.BUT_DOWN_TEMP)
    BUT_PM                                   0x08004307   Thumb Code    52  my_lcd.o(i.BUT_PM)
    BUT_UP_HUMI                              0x0800433b   Thumb Code    54  my_lcd.o(i.BUT_UP_HUMI)
    BUT_UP_TEMP                              0x08004371   Thumb Code    52  my_lcd.o(i.BUT_UP_TEMP)
    Beep_AutoOff_IRQ                         0x080043a5   Thumb Code    34  beep.o(i.Beep_AutoOff_IRQ)
    Beep_End                                 0x080043d1   Thumb Code    32  beep.o(i.Beep_End)
    Beep_Off                                 0x08004401   Thumb Code    16  beep.o(i.Beep_Off)
    Beep_On                                  0x08004419   Thumb Code    22  beep.o(i.Beep_On)
    Beep_Play                                0x0800443d   Thumb Code   290  beep.o(i.Beep_Play)
    Beep_Run                                 0x08004575   Thumb Code   236  beep.o(i.Beep_Run)
    Beep_Set_Multiple                        0x0800467d   Thumb Code    36  beep.o(i.Beep_Set_Multiple)
    BusFault_Handler                         0x080046a9   Thumb Code     4  stm32f10x_it.o(i.BusFault_Handler)
    CheckId                                  0x080046ad   Thumb Code    50  my_rf.o(i.CheckId)
    CheckTaskUsege                           0x080046e1   Thumb Code   150  os_task.o(i.CheckTaskUsege)
    Clear_Mycmd                              0x0800477d   Thumb Code    22  rf.o(i.Clear_Mycmd)
    Cmd_0x01                                 0x08004799   Thumb Code   220  my_rf.o(i.Cmd_0x01)
    Cmd_0x03                                 0x08004875   Thumb Code   254  my_rf.o(i.Cmd_0x03)
    CreateTaskN                              0x08004975   Thumb Code   136  os_task.o(i.CreateTaskN)
    DebugMon_Handler                         0x08004a05   Thumb Code     4  stm32f10x_it.o(i.DebugMon_Handler)
    Delay                                    0x08004a09   Thumb Code    12  w5500.o(i.Delay)
    DeleteTask                               0x08004a15   Thumb Code    46  os_task.o(i.DeleteTask)
    Device_state_see                         0x08004a4d   Thumb Code   430  my_rf.o(i.Device_state_see)
    EXTI4_IRQHandler                         0x08004bfb   Thumb Code    26  w5500.o(i.EXTI4_IRQHandler)
    EXTI_ClearITPendingBit                   0x08004c15   Thumb Code     6  stm32f10x_exti.o(i.EXTI_ClearITPendingBit)
    EXTI_GetITStatus                         0x08004c21   Thumb Code    34  stm32f10x_exti.o(i.EXTI_GetITStatus)
    EXTI_Init                                0x08004c49   Thumb Code   142  stm32f10x_exti.o(i.EXTI_Init)
    FLASH_ErasePage                          0x08004cdd   Thumb Code    72  stm32f10x_flash.o(i.FLASH_ErasePage)
    FLASH_GetBank1Status                     0x08004d29   Thumb Code    48  stm32f10x_flash.o(i.FLASH_GetBank1Status)
    FLASH_Lock                               0x08004d5d   Thumb Code    14  stm32f10x_flash.o(i.FLASH_Lock)
    FLASH_ProgramHalfWord                    0x08004d71   Thumb Code    60  stm32f10x_flash.o(i.FLASH_ProgramHalfWord)
    FLASH_Unlock                             0x08004db1   Thumb Code    12  stm32f10x_flash.o(i.FLASH_Unlock)
    FLASH_WaitForLastOperation               0x08004dc9   Thumb Code    38  stm32f10x_flash.o(i.FLASH_WaitForLastOperation)
    GPIO_EXTILineConfig                      0x08004df1   Thumb Code    60  stm32f10x_gpio.o(i.GPIO_EXTILineConfig)
    GPIO_Init                                0x08004e31   Thumb Code   278  stm32f10x_gpio.o(i.GPIO_Init)
    GPIO_PinRemapConfig                      0x08004f49   Thumb Code   138  stm32f10x_gpio.o(i.GPIO_PinRemapConfig)
    GPIO_ReadInputData                       0x08004fd9   Thumb Code     8  stm32f10x_gpio.o(i.GPIO_ReadInputData)
    GPIO_ResetBits                           0x08004fe1   Thumb Code     4  stm32f10x_gpio.o(i.GPIO_ResetBits)
    GPIO_SetBits                             0x08004fe5   Thumb Code     4  stm32f10x_gpio.o(i.GPIO_SetBits)
    GetCJDataAddr                            0x08004fe9   Thumb Code     4  data_map.o(i.GetCJDataAddr)
    GetCfgData                               0x08004ff1   Thumb Code     4  data_map.o(i.GetCfgData)
    GetDeviceNum                             0x08004ff9   Thumb Code    56  data_map.o(i.GetDeviceNum)
    GetDeviceState                           0x08005035   Thumb Code    66  data_map.o(i.GetDeviceState)
    GetDeviceType                            0x08005077   Thumb Code    62  data_map.o(i.GetDeviceType)
    GetNextDeviceaddr                        0x080050b5   Thumb Code    78  data_map.o(i.GetNextDeviceaddr)
    GetTaskSize                              0x08005105   Thumb Code    32  os_task.o(i.GetTaskSize)
    GetTaskUsed                              0x08005129   Thumb Code    42  os_task.o(i.GetTaskUsed)
    Get_Crc16                                0x080051b9   Thumb Code    46  crc8_16.o(i.Get_Crc16)
    Get_Key                                  0x080051f1   Thumb Code    20  key.o(i.Get_Key)
    Get_MyAddr                               0x08005209   Thumb Code    10  data_map.o(i.Get_MyAddr)
    Get_MyChanel                             0x08005213   Thumb Code    12  data_map.o(i.Get_MyChanel)
    Get_MyIP                                 0x0800521f   Thumb Code    12  data_map.o(i.Get_MyIP)
    Get_Mycmd                                0x0800522d   Thumb Code    32  rf.o(i.Get_Mycmd)
    Get_cmd                                  0x08005251   Thumb Code   106  cmd.o(i.Get_cmd)
    Hand_Set_Init                            0x080052c1   Thumb Code   158  my_lcd.o(i.Hand_Set_Init)
    HardFault_Handler                        0x0800535f   Thumb Code     4  stm32f10x_it.o(i.HardFault_Handler)
    IWDG_Enable                              0x08005365   Thumb Code    10  stm32f10x_iwdg.o(i.IWDG_Enable)
    IWDG_Feed                                0x08005375   Thumb Code     8  iwdg.o(i.IWDG_Feed)
    IWDG_Init                                0x0800537d   Thumb Code    54  iwdg.o(i.IWDG_Init)
    IWDG_ReloadCounter                       0x080053b5   Thumb Code    10  stm32f10x_iwdg.o(i.IWDG_ReloadCounter)
    IWDG_SetPrescaler                        0x080053c5   Thumb Code     6  stm32f10x_iwdg.o(i.IWDG_SetPrescaler)
    IWDG_SetReload                           0x080053d1   Thumb Code     6  stm32f10x_iwdg.o(i.IWDG_SetReload)
    IWDG_WriteAccessCmd                      0x080053dd   Thumb Code     6  stm32f10x_iwdg.o(i.IWDG_WriteAccessCmd)
    Into_Senior                              0x080053e9   Thumb Code    44  my_lcd.o(i.Into_Senior)
    Is_Leap_Year                             0x0800541d   Thumb Code    58  rtc.o(i.Is_Leap_Year)
    KEY_IRQHandler                           0x08005459   Thumb Code   538  key.o(i.KEY_IRQHandler)
    Key_Init                                 0x08005685   Thumb Code    44  key.o(i.Key_Init)
    LCD_Init                                 0x080056b9   Thumb Code   222  lcd.o(i.LCD_Init)
    LCD_Receive_Data                         0x080057a9   Thumb Code    56  lcd.o(i.LCD_Receive_Data)
    LCD_Send_Data                            0x080057ed   Thumb Code    68  lcd.o(i.LCD_Send_Data)
    LCD_SetFocus                             0x08005839   Thumb Code     2  lcd.o(i.LCD_SetFocus)
    LCD_tolight                              0x0800583b   Thumb Code   118  my_lcd.o(i.LCD_tolight)
    LCD_tosleep                              0x080058b1   Thumb Code   116  my_lcd.o(i.LCD_tosleep)
    Lcd_GetHandstate                         0x08005925   Thumb Code    10  data_map.o(i.Lcd_GetHandstate)
    Lcd_GetLimitData                         0x0800592f   Thumb Code    22  data_map.o(i.Lcd_GetLimitData)
    Lcd_SetHandstate                         0x08005945   Thumb Code    12  data_map.o(i.Lcd_SetHandstate)
    Lcd_SetLimitData                         0x08005951   Thumb Code    20  data_map.o(i.Lcd_SetLimitData)
    Light_init                               0x08005965   Thumb Code    88  light.o(i.Light_init)
    Load_Config                              0x080059cd   Thumb Code   132  data_map.o(i.Load_Config)
    Load_LCD                                 0x08005a55   Thumb Code   136  data_map.o(i.Load_LCD)
    Load_Net_Parameters                      0x08005ae1   Thumb Code    70  w5500.o(i.Load_Net_Parameters)
    Load_down                                0x08005b31   Thumb Code    94  beep.o(i.Load_down)
    Load_song                                0x08005bad   Thumb Code  1166  beep.o(i.Load_song)
    Load_song1                               0x0800603d   Thumb Code  1680  beep.o(i.Load_song1)
    Load_song2                               0x080066d1   Thumb Code  1512  beep.o(i.Load_song2)
    Load_song3                               0x08006cbd   Thumb Code  1834  beep.o(i.Load_song3)
    Load_up                                  0x080073f1   Thumb Code    94  beep.o(i.Load_up)
    MQTTDeserialize_connack                  0x0800746d   Thumb Code   118  mqttconnectclient.o(i.MQTTDeserialize_connack)
    MQTTPacket_decode                        0x080074e3   Thumb Code    88  mqttpacket.o(i.MQTTPacket_decode)
    MQTTPacket_decodeBuf                     0x0800753d   Thumb Code    20  mqttpacket.o(i.MQTTPacket_decodeBuf)
    MQTTPacket_encode                        0x08007559   Thumb Code    54  mqttpacket.o(i.MQTTPacket_encode)
    MQTTPacket_len                           0x08007591   Thumb Code    34  mqttpacket.o(i.MQTTPacket_len)
    MQTTSerialize_connect                    0x080075b9   Thumb Code   342  mqttconnectclient.o(i.MQTTSerialize_connect)
    MQTTSerialize_connectLength              0x08007721   Thumb Code   118  mqttconnectclient.o(i.MQTTSerialize_connectLength)
    MQTTstrlen                               0x08007797   Thumb Code    24  mqttpacket.o(i.MQTTstrlen)
    MemManage_Handler                        0x080077af   Thumb Code     4  stm32f10x_it.o(i.MemManage_Handler)
    NMI_Handler                              0x080077b3   Thumb Code     4  stm32f10x_it.o(i.NMI_Handler)
    NVIC_Init                                0x080077b9   Thumb Code   100  misc.o(i.NVIC_Init)
    NVIC_PriorityGroupConfig                 0x08007829   Thumb Code    10  misc.o(i.NVIC_PriorityGroupConfig)
    NVIC_SetVectorTable                      0x0800783d   Thumb Code    12  misc.o(i.NVIC_SetVectorTable)
    OSStart                                  0x08007875   Thumb Code    56  os_task.o(i.OSStart)
    OSTaskStkInit                            0x080078c9   Thumb Code   154  os_cpu_c.o(i.OSTaskStkInit)
    OS_Enter_Onlyme                          0x08007965   Thumb Code    34  os_task.o(i.OS_Enter_Onlyme)
    OS_Exit_Onlyme                           0x08007995   Thumb Code    48  os_task.o(i.OS_Exit_Onlyme)
    OS_TCBInit                               0x080079cd   Thumb Code    36  os_task.o(i.OS_TCBInit)
    PWR_BackupAccessCmd                      0x080079f5   Thumb Code     6  stm32f10x_pwr.o(i.PWR_BackupAccessCmd)
    PingCalculationDelayIRQ                  0x08007a01   Thumb Code    12  ping.o(i.PingCalculationDelayIRQ)
    RCC_APB1PeriphClockCmd                   0x08007a11   Thumb Code    26  stm32f10x_rcc.o(i.RCC_APB1PeriphClockCmd)
    RCC_APB1PeriphResetCmd                   0x08007a31   Thumb Code    26  stm32f10x_rcc.o(i.RCC_APB1PeriphResetCmd)
    RCC_APB2PeriphClockCmd                   0x08007a51   Thumb Code    26  stm32f10x_rcc.o(i.RCC_APB2PeriphClockCmd)
    RCC_APB2PeriphResetCmd                   0x08007a71   Thumb Code    26  stm32f10x_rcc.o(i.RCC_APB2PeriphResetCmd)
    RCC_BackupResetCmd                       0x08007a91   Thumb Code     6  stm32f10x_rcc.o(i.RCC_BackupResetCmd)
    RCC_GetClocksFreq                        0x08007a9d   Thumb Code   192  stm32f10x_rcc.o(i.RCC_GetClocksFreq)
    RCC_GetFlagStatus                        0x08007b71   Thumb Code    56  stm32f10x_rcc.o(i.RCC_GetFlagStatus)
    RCC_LSEConfig                            0x08007bad   Thumb Code    46  stm32f10x_rcc.o(i.RCC_LSEConfig)
    RCC_RTCCLKCmd                            0x08007be1   Thumb Code     6  stm32f10x_rcc.o(i.RCC_RTCCLKCmd)
    RCC_RTCCLKConfig                         0x08007bed   Thumb Code    12  stm32f10x_rcc.o(i.RCC_RTCCLKConfig)
    RF1_tx_bytes                             0x08007bfd   Thumb Code    68  rf.o(i.RF1_tx_bytes)
    RF_Get                                   0x08007c49   Thumb Code    56  rf.o(i.RF_Get)
    RF_GetCmd                                0x08007c85   Thumb Code   188  rf.o(i.RF_GetCmd)
    RF_Init                                  0x08007d5d   Thumb Code   304  rf.o(i.RF_Init)
    RF_SetChannel                            0x08007e95   Thumb Code   138  rf.o(i.RF_SetChannel)
    RTC_ClearITPendingBit                    0x08007f35   Thumb Code    12  stm32f10x_rtc.o(i.RTC_ClearITPendingBit)
    RTC_EnterConfigMode                      0x08007f45   Thumb Code    14  stm32f10x_rtc.o(i.RTC_EnterConfigMode)
    RTC_ExitConfigMode                       0x08007f59   Thumb Code    16  stm32f10x_rtc.o(i.RTC_ExitConfigMode)
    RTC_Get                                  0x08007f6d   Thumb Code   240  rtc.o(i.RTC_Get)
    RTC_GetCounter                           0x0800806d   Thumb Code    16  stm32f10x_rtc.o(i.RTC_GetCounter)
    RTC_GetITStatus                          0x08008081   Thumb Code    32  stm32f10x_rtc.o(i.RTC_GetITStatus)
    RTC_GetTimeBySec                         0x080080a5   Thumb Code     8  rtc.o(i.RTC_GetTimeBySec)
    RTC_GetTimeObj                           0x080080ad   Thumb Code     4  rtc.o(i.RTC_GetTimeObj)
    RTC_Get_Week                             0x080080b5   Thumb Code   116  rtc.o(i.RTC_Get_Week)
    RTC_IRQHandler                           0x0800812d   Thumb Code    40  rtc.o(i.RTC_IRQHandler)
    RTC_ITConfig                             0x08008155   Thumb Code    26  stm32f10x_rtc.o(i.RTC_ITConfig)
    RTC_Init                                 0x08008175   Thumb Code   190  rtc.o(i.RTC_Init)
    RTC_Set                                  0x08008255   Thumb Code   184  rtc.o(i.RTC_Set)
    RTC_SetCounter                           0x0800831d   Thumb Code    24  stm32f10x_rtc.o(i.RTC_SetCounter)
    RTC_SetPrescaler                         0x08008339   Thumb Code    26  stm32f10x_rtc.o(i.RTC_SetPrescaler)
    RTC_SetTimeBySec                         0x08008359   Thumb Code    34  rtc.o(i.RTC_SetTimeBySec)
    RTC_WaitForLastTask                      0x0800837d   Thumb Code    16  stm32f10x_rtc.o(i.RTC_WaitForLastTask)
    RTC_WaitForSynchro                       0x08008391   Thumb Code    30  stm32f10x_rtc.o(i.RTC_WaitForSynchro)
    Read_SOCK_Data_Buffer                    0x080083b5   Thumb Code   288  w5500.o(i.Read_SOCK_Data_Buffer)
    Read_W5500_1Byte                         0x080084dd   Thumb Code    58  w5500.o(i.Read_W5500_1Byte)
    Read_W5500_SOCK_1Byte                    0x08008521   Thumb Code    70  w5500.o(i.Read_W5500_SOCK_1Byte)
    Read_W5500_SOCK_2Byte                    0x08008571   Thumb Code    94  w5500.o(i.Read_W5500_SOCK_2Byte)
    Relay_Init                               0x080085d9   Thumb Code    46  relay.o(i.Relay_Init)
    Relay_Off                                0x0800860d   Thumb Code     8  relay.o(i.Relay_Off)
    Relay_On                                 0x08008619   Thumb Code     8  relay.o(i.Relay_On)
    RunTime_IRQHandler                       0x08008625   Thumb Code    38  delay.o(i.RunTime_IRQHandler)
    SD_DisSelect                             0x08008655   Thumb Code    16  mmc_sd.o(i.SD_DisSelect)
    SD_GetCSD                                0x08008669   Thumb Code    42  mmc_sd.o(i.SD_GetCSD)
    SD_GetResponse                           0x08008693   Thumb Code    38  mmc_sd.o(i.SD_GetResponse)
    SD_GetSectorCount                        0x080086b9   Thumb Code   118  mmc_sd.o(i.SD_GetSectorCount)
    SD_Initialize                            0x08008731   Thumb Code   386  mmc_sd.o(i.SD_Initialize)
    SD_ReadDisk                              0x080088b9   Thumb Code   112  mmc_sd.o(i.SD_ReadDisk)
    SD_RecvData                              0x0800892d   Thumb Code    56  mmc_sd.o(i.SD_RecvData)
    SD_Reset                                 0x08008965   Thumb Code    18  mmc_sd.o(i.SD_Reset)
    SD_SPI_Init                              0x08008979   Thumb Code    56  mmc_sd.o(i.SD_SPI_Init)
    SD_SPI_ReadWriteByte                     0x080089b9   Thumb Code    12  mmc_sd.o(i.SD_SPI_ReadWriteByte)
    SD_SPI_SpeedHigh                         0x080089c5   Thumb Code    10  mmc_sd.o(i.SD_SPI_SpeedHigh)
    SD_SPI_SpeedLow                          0x080089cf   Thumb Code    10  mmc_sd.o(i.SD_SPI_SpeedLow)
    SD_Select                                0x080089d9   Thumb Code    26  mmc_sd.o(i.SD_Select)
    SD_SendBlock                             0x080089f9   Thumb Code    82  mmc_sd.o(i.SD_SendBlock)
    SD_SendCmd                               0x08008a4b   Thumb Code   120  mmc_sd.o(i.SD_SendCmd)
    SD_WaitReady                             0x08008ac3   Thumb Code    34  mmc_sd.o(i.SD_WaitReady)
    SD_WriteDisk                             0x08008ae5   Thumb Code   140  mmc_sd.o(i.SD_WriteDisk)
    SOCKET0_GetFocus                         0x08008b75   Thumb Code     6  hard_irq.o(i.SOCKET0_GetFocus)
    SOCKET0_SetFocus                         0x08008b81   Thumb Code    10  hard_irq.o(i.SOCKET0_SetFocus)
    SOCKET1_GetFocus                         0x08008b91   Thumb Code     6  hard_irq.o(i.SOCKET1_GetFocus)
    SOCKET1_SetFocus                         0x08008b9d   Thumb Code    10  hard_irq.o(i.SOCKET1_SetFocus)
    SOCKET2_GetFocus                         0x08008bad   Thumb Code     6  hard_irq.o(i.SOCKET2_GetFocus)
    SOCKET2_SetFocus                         0x08008bb9   Thumb Code    10  hard_irq.o(i.SOCKET2_SetFocus)
    SOCKET3_GetFocus                         0x08008bc9   Thumb Code     6  hard_irq.o(i.SOCKET3_GetFocus)
    SOCKET3_SetFocus                         0x08008bd5   Thumb Code    10  hard_irq.o(i.SOCKET3_SetFocus)
    SOCKET4_GetFocus                         0x08008be5   Thumb Code     6  hard_irq.o(i.SOCKET4_GetFocus)
    SOCKET4_SetFocus                         0x08008bf1   Thumb Code    10  hard_irq.o(i.SOCKET4_SetFocus)
    SOCKET5_GetFocus                         0x08008c01   Thumb Code     6  hard_irq.o(i.SOCKET5_GetFocus)
    SOCKET5_SetFocus                         0x08008c0d   Thumb Code    10  hard_irq.o(i.SOCKET5_SetFocus)
    SOCKET6_GetFocus                         0x08008c1d   Thumb Code     6  hard_irq.o(i.SOCKET6_GetFocus)
    SOCKET6_SetFocus                         0x08008c29   Thumb Code    10  hard_irq.o(i.SOCKET6_SetFocus)
    SOCKET7_GetFocus                         0x08008c39   Thumb Code     6  hard_irq.o(i.SOCKET7_GetFocus)
    SOCKET7_SetFocus                         0x08008c45   Thumb Code    10  hard_irq.o(i.SOCKET7_SetFocus)
    SPI1_Send_Byte                           0x08008c55   Thumb Code    28  w5500.o(i.SPI1_Send_Byte)
    SPI1_Send_Short                          0x08008c75   Thumb Code    28  w5500.o(i.SPI1_Send_Short)
    SPI2_Init                                0x08008c91   Thumb Code   140  spi.o(i.SPI2_Init)
    SPI2_ReadWriteByte                       0x08008d25   Thumb Code    78  spi.o(i.SPI2_ReadWriteByte)
    SPI2_SetSpeed                            0x08008d79   Thumb Code    36  spi.o(i.SPI2_SetSpeed)
    SPI_Cmd                                  0x08008da1   Thumb Code    24  stm32f10x_spi.o(i.SPI_Cmd)
    SPI_Configuration                        0x08008db9   Thumb Code   154  w5500.o(i.SPI_Configuration)
    SPI_FLASH_Write_Enable                   0x08008e5d   Thumb Code    24  flash.o(i.SPI_FLASH_Write_Enable)
    SPI_Flash_Erase_Sector                   0x08008e7d   Thumb Code    62  flash.o(i.SPI_Flash_Erase_Sector)
    SPI_Flash_GetType                        0x08008ec5   Thumb Code     6  flash.o(i.SPI_Flash_GetType)
    SPI_Flash_Init                           0x08008ed1   Thumb Code    96  flash.o(i.SPI_Flash_Init)
    SPI_Flash_Read                           0x08008f3d   Thumb Code    82  flash.o(i.SPI_Flash_Read)
    SPI_Flash_ReadID                         0x08008f95   Thumb Code    64  flash.o(i.SPI_Flash_ReadID)
    SPI_Flash_ReadSR                         0x08008fdd   Thumb Code    36  flash.o(i.SPI_Flash_ReadSR)
    SPI_Flash_Wait_Busy                      0x08009009   Thumb Code    18  flash.o(i.SPI_Flash_Wait_Busy)
    SPI_Flash_Write                          0x0800901b   Thumb Code   220  flash.o(i.SPI_Flash_Write)
    SPI_Flash_Write_NoCheck                  0x080090f7   Thumb Code    66  flash.o(i.SPI_Flash_Write_NoCheck)
    SPI_Flash_Write_Page                     0x08009139   Thumb Code    76  flash.o(i.SPI_Flash_Write_Page)
    SPI_I2S_GetFlagStatus                    0x08009189   Thumb Code    18  stm32f10x_spi.o(i.SPI_I2S_GetFlagStatus)
    SPI_I2S_ReceiveData                      0x0800919b   Thumb Code     6  stm32f10x_spi.o(i.SPI_I2S_ReceiveData)
    SPI_I2S_SendData                         0x080091a1   Thumb Code     4  stm32f10x_spi.o(i.SPI_I2S_SendData)
    SPI_Init                                 0x080091a5   Thumb Code    60  stm32f10x_spi.o(i.SPI_Init)
    STMFLASH_Read                            0x080091e1   Thumb Code    46  stmflash.o(i.STMFLASH_Read)
    STMFLASH_ReadHalfWord                    0x0800920f   Thumb Code     6  stmflash.o(i.STMFLASH_ReadHalfWord)
    STMFLASH_Write                           0x08009215   Thumb Code   534  stmflash.o(i.STMFLASH_Write)
    STMFLASH_Write_NoCheck                   0x08009431   Thumb Code    38  stmflash.o(i.STMFLASH_Write_NoCheck)
    SVC_Handler                              0x08009457   Thumb Code     2  stm32f10x_it.o(i.SVC_Handler)
    SWD_Ask                                  0x08009459   Thumb Code    68  swd.o(i.SWD_Ask)
    SWD_Cm3Halt                              0x080094a9   Thumb Code   288  swd.o(i.SWD_Cm3Halt)
    SWD_Init                                 0x080095d9   Thumb Code   104  swd.o(i.SWD_Init)
    SWD_LineReset                            0x08009655   Thumb Code    94  swd.o(i.SWD_LineReset)
    SWD_Praity                               0x080096b5   Thumb Code    50  swd.o(i.SWD_Praity)
    SWD_ReadReg                              0x080096f5   Thumb Code   198  swd.o(i.SWD_ReadReg)
    SWD_ReadSram                             0x080097bd   Thumb Code   206  swd.o(i.SWD_ReadSram)
    SWD_RecvByte                             0x08009891   Thumb Code    68  swd.o(i.SWD_RecvByte)
    SWD_SendByte                             0x080098e1   Thumb Code    56  swd.o(i.SWD_SendByte)
    SWD_Turn                                 0x08009925   Thumb Code    16  swd.o(i.SWD_Turn)
    SWD_WriteCm3Reg                          0x0800993d   Thumb Code   298  swd.o(i.SWD_WriteCm3Reg)
    SWD_WriteReg                             0x08009a71   Thumb Code   170  swd.o(i.SWD_WriteReg)
    SWD_WriteSram                            0x08009b1d   Thumb Code   184  swd.o(i.SWD_WriteSram)
    Save_Config                              0x08009bd9   Thumb Code    20  data_map.o(i.Save_Config)
    Save_LCD                                 0x08009bf1   Thumb Code    20  data_map.o(i.Save_LCD)
    Set_Device                               0x08009d3d   Thumb Code    98  data_map.o(i.Set_Device)
    Set_Init                                 0x08009da1   Thumb Code   300  my_lcd.o(i.Set_Init)
    Set_Key                                  0x08009ed9   Thumb Code    52  key.o(i.Set_Key)
    Set_MyAddr                               0x08009f11   Thumb Code    12  data_map.o(i.Set_MyAddr)
    Set_MyChanel                             0x08009f1d   Thumb Code    24  data_map.o(i.Set_MyChanel)
    Set_MyIP                                 0x08009f35   Thumb Code    50  data_map.o(i.Set_MyIP)
    Set_Save                                 0x08009f69   Thumb Code   730  my_lcd.o(i.Set_Save)
    Socket_Init                              0x0800a249   Thumb Code   102  w5500.o(i.Socket_Init)
    Socket_UDP                               0x0800a2af   Thumb Code    60  w5500.o(i.Socket_UDP)
    SysPowerOff                              0x0800a2ed   Thumb Code    42  power.o(i.SysPowerOff)
    SysPowerOn                               0x0800a321   Thumb Code    20  power.o(i.SysPowerOn)
    SysTick_CLKSourceConfig                  0x0800a335   Thumb Code    40  misc.o(i.SysTick_CLKSourceConfig)
    SysTick_Handler                          0x0800a35d   Thumb Code    70  delay.o(i.SysTick_Handler)
    Sys_Init                                 0x0800a3a9   Thumb Code    44  power.o(i.Sys_Init)
    SystemInit                               0x0800a3d9   Thumb Code    78  system_stm32f10x.o(i.SystemInit)
    TIM2_IRQHandler                          0x0800a439   Thumb Code    38  timer.o(i.TIM2_IRQHandler)
    TIM3_IRQHandler                          0x0800a465   Thumb Code    22  timer.o(i.TIM3_IRQHandler)
    TIM4_IRQHandler                          0x0800a481   Thumb Code   184  timer.o(i.TIM4_IRQHandler)
    TIM_ClearITPendingBit                    0x0800a689   Thumb Code     6  stm32f10x_tim.o(i.TIM_ClearITPendingBit)
    TIM_Cmd                                  0x0800a68f   Thumb Code    24  stm32f10x_tim.o(i.TIM_Cmd)
    TIM_GetITStatus                          0x0800a6a7   Thumb Code    34  stm32f10x_tim.o(i.TIM_GetITStatus)
    TIM_ITConfig                             0x0800a6c9   Thumb Code    18  stm32f10x_tim.o(i.TIM_ITConfig)
    TIM_OC3Init                              0x0800a6dd   Thumb Code   150  stm32f10x_tim.o(i.TIM_OC3Init)
    TIM_OC3PreloadConfig                     0x0800a77d   Thumb Code    18  stm32f10x_tim.o(i.TIM_OC3PreloadConfig)
    TIM_OC4Init                              0x0800a791   Thumb Code   114  stm32f10x_tim.o(i.TIM_OC4Init)
    TIM_OC4PreloadConfig                     0x0800a80d   Thumb Code    26  stm32f10x_tim.o(i.TIM_OC4PreloadConfig)
    TIM_TimeBaseInit                         0x0800a829   Thumb Code   122  stm32f10x_tim.o(i.TIM_TimeBaseInit)
    TaskGetMsg                               0x0800a8cd   Thumb Code    94  os_task.o(i.TaskGetMsg)
    TaskIntSendMsg                           0x0800a939   Thumb Code   138  os_task.o(i.TaskIntSendMsg)
    TaskPend                                 0x0800a9d9   Thumb Code    52  os_task.o(i.TaskPend)
    TaskRepend                               0x0800aa11   Thumb Code    72  os_task.o(i.TaskRepend)
    TaskSendMsg                              0x0800aa5d   Thumb Code    78  os_task.o(i.TaskSendMsg)
    Task_AddFree                             0x0800aab1   Thumb Code    66  os_task.o(i.Task_AddFree)
    Task_DelFree                             0x0800aafd   Thumb Code    54  os_task.o(i.Task_DelFree)
    Time_Set                                 0x0800ab3d   Thumb Code   730  my_lcd.o(i.Time_Set)
    TimersInit                               0x0800ae31   Thumb Code    16  timer.o(i.TimersInit)
    ToggleTasks                              0x0800ae41   Thumb Code    58  os_task.o(i.ToggleTasks)
    USART1_GetFocus                          0x0800ae8d   Thumb Code     6  hard_irq.o(i.USART1_GetFocus)
    USART1_IRQHandler                        0x0800ae99   Thumb Code   190  rf.o(i.USART1_IRQHandler)
    USART1_SetFocus                          0x0800af75   Thumb Code    10  hard_irq.o(i.USART1_SetFocus)
    USART2_GetFocus                          0x0800af85   Thumb Code     6  hard_irq.o(i.USART2_GetFocus)
    USART2_IRQHandler                        0x0800af91   Thumb Code   118  lcd.o(i.USART2_IRQHandler)
    USART2_SetFocus                          0x0800b019   Thumb Code    10  hard_irq.o(i.USART2_SetFocus)
    USART_ClearFlag                          0x0800b029   Thumb Code    18  stm32f10x_usart.o(i.USART_ClearFlag)
    USART_Cmd                                0x0800b03b   Thumb Code    24  stm32f10x_usart.o(i.USART_Cmd)
    USART_DeInit                             0x0800b055   Thumb Code   134  stm32f10x_usart.o(i.USART_DeInit)
    USART_GetFlagStatus                      0x0800b0f1   Thumb Code    26  stm32f10x_usart.o(i.USART_GetFlagStatus)
    USART_GetITStatus                        0x0800b10b   Thumb Code    84  stm32f10x_usart.o(i.USART_GetITStatus)
    USART_ITConfig                           0x0800b15f   Thumb Code    74  stm32f10x_usart.o(i.USART_ITConfig)
    USART_Init                               0x0800b1a9   Thumb Code   210  stm32f10x_usart.o(i.USART_Init)
    USART_ReceiveData                        0x0800b281   Thumb Code    10  stm32f10x_usart.o(i.USART_ReceiveData)
    USART_SendData                           0x0800b28b   Thumb Code     8  stm32f10x_usart.o(i.USART_SendData)
    Updata_DeviceNum                         0x0800b295   Thumb Code   124  data_map.o(i.Updata_DeviceNum)
    Updata_devicestate                       0x0800b315   Thumb Code   110  my_rf.o(i.Updata_devicestate)
    UsageFault_Handler                       0x0800b383   Thumb Code     4  stm32f10x_it.o(i.UsageFault_Handler)
    W25Q_ReadWriteByte                       0x0800b389   Thumb Code    74  flash.o(i.W25Q_ReadWriteByte)
    W5500_GPIO_Configuration                 0x0800b3dd   Thumb Code   128  w5500.o(i.W5500_GPIO_Configuration)
    W5500_Hardware_Reset                     0x0800b461   Thumb Code    56  w5500.o(i.W5500_Hardware_Reset)
    W5500_IRQ                                0x0800b49d   Thumb Code   442  w5500.o(i.W5500_IRQ)
    W5500_Init                               0x0800b665   Thumb Code   176  w5500.o(i.W5500_Init)
    W5500_Initialization                     0x0800b719   Thumb Code    30  w5500.o(i.W5500_Initialization)
    WFI_SET                                  0x0800b737   Thumb Code     4  sys.o(i.WFI_SET)
    Write_SOCK_Data_Buffer                   0x0800b73d   Thumb Code   210  w5500.o(i.Write_SOCK_Data_Buffer)
    Write_W5500_1Byte                        0x0800b815   Thumb Code    42  w5500.o(i.Write_W5500_1Byte)
    Write_W5500_2Byte                        0x0800b845   Thumb Code    42  w5500.o(i.Write_W5500_2Byte)
    Write_W5500_SOCK_1Byte                   0x0800b875   Thumb Code    54  w5500.o(i.Write_W5500_SOCK_1Byte)
    Write_W5500_SOCK_2Byte                   0x0800b8b1   Thumb Code    54  w5500.o(i.Write_W5500_SOCK_2Byte)
    Write_W5500_SOCK_4Byte                   0x0800b8ed   Thumb Code    80  w5500.o(i.Write_W5500_SOCK_4Byte)
    Write_W5500_nByte                        0x0800b941   Thumb Code    62  w5500.o(i.Write_W5500_nByte)
    __ARM_fpclassify                         0x0800b985   Thumb Code    40  fpclassify.o(i.__ARM_fpclassify)
    __kernel_poly                            0x0800b9ad   Thumb Code   170  poly.o(i.__kernel_poly)
    __mathlib_dbl_divzero                    0x0800ba59   Thumb Code    12  dunder.o(i.__mathlib_dbl_divzero)
    __mathlib_dbl_infnan2                    0x0800ba69   Thumb Code     4  dunder.o(i.__mathlib_dbl_infnan2)
    __mathlib_dbl_invalid                    0x0800ba6d   Thumb Code    12  dunder.o(i.__mathlib_dbl_invalid)
    __mathlib_dbl_overflow                   0x0800ba79   Thumb Code    14  dunder.o(i.__mathlib_dbl_overflow)
    __mathlib_dbl_underflow                  0x0800ba89   Thumb Code    10  dunder.o(i.__mathlib_dbl_underflow)
    _is_digit                                0x0800ba99   Thumb Code    14  __printf_wp.o(i._is_digit)
    _sys_exit                                0x0800baa7   Thumb Code     8  rf.o(i._sys_exit)
    addDevAddr                               0x0800baaf   Thumb Code   106  data_map.o(i.addDevAddr)
    addSoftTimerIrq10ms                      0x0800bb19   Thumb Code    40  my_topmsg.o(i.addSoftTimerIrq10ms)
    addTimerIrq10ms                          0x0800bb45   Thumb Code    36  timer.o(i.addTimerIrq10ms)
    addTimerIrq10us                          0x0800bb6d   Thumb Code    36  timer.o(i.addTimerIrq10us)
    addVariable                              0x0800bb95   Thumb Code   122  cscript.o(i.addVariable)
    alculation                               0x0800bc15   Thumb Code   664  cscript.o(i.alculation)
    bufchar                                  0x0800bead   Thumb Code    36  mqttpacket.o(i.bufchar)
    cJSON_AddItemToArray                     0x0800bed5   Thumb Code    42  cjson.o(i.cJSON_AddItemToArray)
    cJSON_AddItemToObject                    0x0800bf01   Thumb Code    44  cjson.o(i.cJSON_AddItemToObject)
    cJSON_CreateNumber                       0x0800bf31   Thumb Code    36  cjson.o(i.cJSON_CreateNumber)
    cJSON_CreateObject                       0x0800bf55   Thumb Code    18  cjson.o(i.cJSON_CreateObject)
    cJSON_CreateString                       0x0800bf67   Thumb Code    28  cjson.o(i.cJSON_CreateString)
    cJSON_Delete                             0x0800bf85   Thumb Code    74  cjson.o(i.cJSON_Delete)
    cJSON_GetObjectItem                      0x0800bfd5   Thumb Code    30  cjson.o(i.cJSON_GetObjectItem)
    cJSON_InitHooks                          0x0800bff5   Thumb Code    48  cjson.o(i.cJSON_InitHooks)
    cJSON_Parse                              0x0800c055   Thumb Code    16  cjson.o(i.cJSON_Parse)
    cJSON_ParseWithOpts                      0x0800c065   Thumb Code    96  cjson.o(i.cJSON_ParseWithOpts)
    cJSON_PrintUnformatted                   0x0800c0c9   Thumb Code    16  cjson.o(i.cJSON_PrintUnformatted)
    cfg_0x01                                 0x0800c151   Thumb Code   218  my_cfg.o(i.cfg_0x01)
    cfg_0x06                                 0x0800c245   Thumb Code   180  my_cfg.o(i.cfg_0x06)
    cfg_0x07                                 0x0800c2fd   Thumb Code    66  my_cfg.o(i.cfg_0x07)
    cfg_0x08                                 0x0800c345   Thumb Code   142  my_cfg.o(i.cfg_0x08)
    cfg_0x09                                 0x0800c3d9   Thumb Code    64  my_cfg.o(i.cfg_0x09)
    cfg_getstate                             0x0800c421   Thumb Code     6  my_cfg.o(i.cfg_getstate)
    cfg_msg                                  0x0800c42d   Thumb Code    60  my_cfg.o(i.cfg_msg)
    cfg_retern                               0x0800c46d   Thumb Code   140  my_cfg.o(i.cfg_retern)
    cheVariable                              0x0800c4f9   Thumb Code   144  cscript.o(i.cheVariable)
    checkCategory                            0x0800c58d   Thumb Code   820  cscript.o(i.checkCategory)
    checkEnterISP                            0x0800c8e1   Thumb Code    68  rf.o(i.checkEnterISP)
    checkNetstate                            0x0800c935   Thumb Code    28  w5500.o(i.checkNetstate)
    checkSocketState                         0x0800c955   Thumb Code    28  w5500.o(i.checkSocketState)
    checkSocketStateN                        0x0800c975   Thumb Code    18  w5500.o(i.checkSocketStateN)
    checkStrType                             0x0800c98d   Thumb Code   360  cscript.o(i.checkStrType)
    check_server_data                        0x0800caf9   Thumb Code    36  my_w5500.o(i.check_server_data)
    checksum                                 0x0800cb25   Thumb Code    64  ping.o(i.checksum)
    cheeckflash                              0x0800cb65   Thumb Code    40  cmd.o(i.cheeckflash)
    clearDev                                 0x0800cb8d   Thumb Code    26  data_map.o(i.clearDev)
    cmd_0x05                                 0x0800cba7   Thumb Code    62  cmd.o(i.cmd_0x05)
    cmd_byudp                                0x0800cbe5   Thumb Code    32  debug.o(i.cmd_byudp)
    cmd_flash_read                           0x0800cc0d   Thumb Code    38  cmd.o(i.cmd_flash_read)
    cmd_flash_write                          0x0800cc33   Thumb Code    38  cmd.o(i.cmd_flash_write)
    cmd_return                               0x0800cc59   Thumb Code   136  cmd.o(i.cmd_return)
    cmd_send                                 0x0800cce5   Thumb Code    24  debug.o(i.cmd_send)
    copy_data                                0x0800cd05   Thumb Code    24  my_fun.o(i.copy_data)
    ctrl_air                                 0x0800cd1d   Thumb Code   246  my_autocontrol.o(i.ctrl_air)
    ctrl_humi                                0x0800ce13   Thumb Code   576  my_autocontrol.o(i.ctrl_humi)
    ctrl_temp                                0x0800d053   Thumb Code   548  my_autocontrol.o(i.ctrl_temp)
    data_real                                0x0800d279   Thumb Code    32  cmd.o(i.data_real)
    dbg_Interpreter                          0x0800d29d   Thumb Code   374  debug.o(i.dbg_Interpreter)
    dbg_booting                              0x0800d4a1   Thumb Code    44  debug.o(i.dbg_booting)
    dbg_copydata                             0x0800d4f5   Thumb Code   176  debug.o(i.dbg_copydata)
    dbg_devconfig                            0x0800d679   Thumb Code   154  debug.o(i.dbg_devconfig)
    dbg_err                                  0x0800d755   Thumb Code    18  debug.o(i.dbg_err)
    dbg_find                                 0x0800d795   Thumb Code   162  debug.o(i.dbg_find)
    dbg_fun                                  0x0800d895   Thumb Code   154  debug.o(i.dbg_fun)
    dbg_getdevname                           0x0800da09   Thumb Code    22  data_map.o(i.dbg_getdevname)
    dbg_getdevstate                          0x0800da25   Thumb Code   146  debug.o(i.dbg_getdevstate)
    dbg_getip                                0x0800dafd   Thumb Code   104  debug.o(i.dbg_getip)
    dbg_help                                 0x0800dbc1   Thumb Code   222  debug.o(i.dbg_help)
    dbg_info                                 0x0800df59   Thumb Code   912  debug.o(i.dbg_info)
    dbg_key                                  0x0800e6b1   Thumb Code   134  debug.o(i.dbg_key)
    dbg_mem                                  0x0800e7a9   Thumb Code   458  debug.o(i.dbg_mem)
    dbg_mqtt                                 0x0800eb49   Thumb Code    62  debug.o(i.dbg_mqtt)
    dbg_ntp                                  0x0800ebe1   Thumb Code    82  debug.o(i.dbg_ntp)
    dbg_oche                                 0x0800ec6d   Thumb Code    62  debug.o(i.dbg_oche)
    dbg_ping                                 0x0800ecdd   Thumb Code   122  debug.o(i.dbg_ping)
    dbg_print                                0x0800edb9   Thumb Code    22  debug.o(i.dbg_print)
    dbg_reboot                               0x0800edd9   Thumb Code    20  debug.o(i.dbg_reboot)
    dbg_run                                  0x0800ee05   Thumb Code   112  debug.o(i.dbg_run)
    dbg_send_udp                             0x0800ef25   Thumb Code    30  debug.o(i.dbg_send_udp)
    dbg_set                                  0x0800ef4d   Thumb Code  2126  debug.o(i.dbg_set)
    dbg_set_adddev                           0x0800fae5   Thumb Code   496  debug.o(i.dbg_set_adddev)
    dbg_swd                                  0x0800fe79   Thumb Code   196  debug.o(i.dbg_swd)
    dbg_swdidcode                            0x08010061   Thumb Code    56  debug.o(i.dbg_swdidcode)
    dbg_swdinit                              0x080100b5   Thumb Code    38  debug.o(i.dbg_swdinit)
    dbg_swdloader                            0x080100f9   Thumb Code   340  debug.o(i.dbg_swdloader)
    dbg_swdprogram                           0x080102e5   Thumb Code   470  debug.o(i.dbg_swdprogram)
    dbg_task                                 0x08010555   Thumb Code   210  debug.o(i.dbg_task)
    dbg_whos                                 0x080106cd   Thumb Code    66  debug.o(i.dbg_whos)
    delDevAddr                               0x08010741   Thumb Code   222  data_map.o(i.delDevAddr)
    delSoftTimerIrq10ms                      0x08010821   Thumb Code    42  my_topmsg.o(i.delSoftTimerIrq10ms)
    delTimerIrq10ms                          0x08010851   Thumb Code    38  timer.o(i.delTimerIrq10ms)
    delTimerIrq10us                          0x0801087d   Thumb Code    38  timer.o(i.delTimerIrq10us)
    delay_init                               0x080108a9   Thumb Code   112  delay.o(i.delay_init)
    delay_ms                                 0x08010931   Thumb Code    44  delay.o(i.delay_ms)
    delay_us                                 0x08010965   Thumb Code    70  delay.o(i.delay_us)
    dhcp_ask                                 0x080109b5   Thumb Code   178  dhcp.o(i.dhcp_ask)
    dhcp_discover                            0x08010aad   Thumb Code   532  dhcp.o(i.dhcp_discover)
    dhcp_request                             0x08010cd9   Thumb Code   736  dhcp.o(i.dhcp_request)
    dhcp_retry                               0x08010fd1   Thumb Code   228  dhcp.o(i.dhcp_retry)
    dns_answer                               0x080110b5   Thumb Code   252  dns.o(i.dns_answer)
    dns_makequery                            0x080111b5   Thumb Code   194  dns.o(i.dns_makequery)
    dns_query                                0x0801127d   Thumb Code   174  dns.o(i.dns_query)
    dns_question                             0x08011335   Thumb Code    38  dns.o(i.dns_question)
    err_to_str                               0x0801135d   Thumb Code    86  my_messeg.o(i.err_to_str)
    exit_cfg                                 0x080114c9   Thumb Code    50  my_cfg.o(i.exit_cfg)
    fats_init                                0x080114fd   Thumb Code   296  fats.o(i.fats_init)
    fats_state                               0x08011665   Thumb Code     6  fats.o(i.fats_state)
    findFunAddr                              0x08011671   Thumb Code    50  cscript.o(i.findFunAddr)
    findPair                                 0x080116a9   Thumb Code   108  my_fun.o(i.findPair)
    findSemicolon                            0x08011715   Thumb Code   190  cscript.o(i.findSemicolon)
    findVariable                             0x080117e9   Thumb Code    76  cscript.o(i.findVariable)
    find_messeg                              0x08011839   Thumb Code    38  os_msg.o(i.find_messeg)
    floor                                    0x08011865   Thumb Code   204  floor.o(i.floor)
    getAutoCtrlAmount                        0x08011941   Thumb Code    12  data_map.o(i.getAutoCtrlAmount)
    getAutoCtrlFrequency                     0x0801194d   Thumb Code    12  data_map.o(i.getAutoCtrlFrequency)
    getChar                                  0x08011959   Thumb Code     6  my_fun.o(i.getChar)
    getDhcpState                             0x0801195f   Thumb Code    12  data_map.o(i.getDhcpState)
    getFunNameByIndex                        0x0801196d   Thumb Code    12  cscript.o(i.getFunNameByIndex)
    getIdleTask                              0x0801197d   Thumb Code     6  my_idle.o(i.getIdleTask)
    getKilledTask                            0x08011989   Thumb Code    18  my_idle.o(i.getKilledTask)
    getLcdCfgData                            0x080119a5   Thumb Code     4  data_map.o(i.getLcdCfgData)
    getMemU32                                0x080119ad   Thumb Code    46  my_fun.o(i.getMemU32)
    getMemValue                              0x080119db   Thumb Code    56  my_fun.o(i.getMemValue)
    getMyName                                0x08011a13   Thumb Code    12  data_map.o(i.getMyName)
    getStr                                   0x08011a1f   Thumb Code    20  my_fun.o(i.getStr)
    getSysRunTime                            0x08011a35   Thumb Code     6  delay.o(i.getSysRunTime)
    getVariable                              0x08011a41   Thumb Code    74  cscript.o(i.getVariable)
    getWarnTolerance                         0x08011a91   Thumb Code    12  data_map.o(i.getWarnTolerance)
    getWkServerConnect                       0x08011a9d   Thumb Code    12  data_map.o(i.getWkServerConnect)
    get_messeg                               0x08011aa9   Thumb Code   124  os_msg.o(i.get_messeg)
    get_newstate                             0x08011b29   Thumb Code   102  my_rf.o(i.get_newstate)
    getnumfstr                               0x08011b8f   Thumb Code    80  my_fun.o(i.getnumfstr)
    idle_task                                0x08011bdf   Thumb Code    38  my_idle.o(i.idle_task)
    into_cfg                                 0x08011c05   Thumb Code    56  my_cfg.o(i.into_cfg)
    jianpu_end                               0x08011c41   Thumb Code     8  beep.o(i.jianpu_end)
    json_cheek                               0x08011c49   Thumb Code    62  wk_json.o(i.json_cheek)
    json_close                               0x08011c89   Thumb Code   274  wk_json.o(i.json_close)
    json_get_devicname                       0x08011de1   Thumb Code    50  wk_json.o(i.json_get_devicname)
    json_mode                                0x08011e45   Thumb Code   186  wk_json.o(i.json_mode)
    json_ping                                0x08011f45   Thumb Code    60  wk_json.o(i.json_ping)
    json_return                              0x08011f8d   Thumb Code   338  wk_json.o(i.json_return)
    json_setting                             0x0801217d   Thumb Code   234  wk_json.o(i.json_setting)
    json_start                               0x080122b1   Thumb Code   276  wk_json.o(i.json_start)
    json_startdown                           0x08012409   Thumb Code   276  wk_json.o(i.json_startdown)
    json_startup                             0x08012561   Thumb Code   274  wk_json.o(i.json_startup)
    json_version                             0x080126b9   Thumb Code   330  wk_json.o(i.json_version)
    judgeIf                                  0x080128ad   Thumb Code   146  cscript.o(i.judgeIf)
    key_around                               0x08012941   Thumb Code    32  light.o(i.key_around)
    key_deal                                 0x08012965   Thumb Code   710  my_topmsg.o(i.key_deal)
    key_getcolor                             0x08012c3d   Thumb Code    38  light.o(i.key_getcolor)
    key_light                                0x08012c69   Thumb Code    32  light.o(i.key_light)
    key_reset                                0x08012c8d   Thumb Code    18  light.o(i.key_reset)
    key_send                                 0x08012ca5   Thumb Code   974  light.o(i.key_send)
    key_senddata                             0x0801307d   Thumb Code    52  light.o(i.key_senddata)
    key_setcolor                             0x080130b9   Thumb Code    28  light.o(i.key_setcolor)
    lcd_beep                                 0x080130d9   Thumb Code    44  my_lcd.o(i.lcd_beep)
    lcd_chan_state                           0x0801310d   Thumb Code    20  my_lcd.o(i.lcd_chan_state)
    lcd_dataUp                               0x08013125   Thumb Code    98  my_lcd.o(i.lcd_dataUp)
    lcd_gettime                              0x08013191   Thumb Code   144  my_lcd.o(i.lcd_gettime)
    lcd_messeg_02                            0x08013229   Thumb Code   420  my_lcd.o(i.lcd_messeg_02)
    lcd_messeg_03                            0x080133cd   Thumb Code   328  my_lcd.o(i.lcd_messeg_03)
    lcd_page                                 0x0801352d   Thumb Code    16  my_lcd.o(i.lcd_page)
    lcd_set_data                             0x08013541   Thumb Code    28  my_lcd.o(i.lcd_set_data)
    lcd_sleep                                0x08013561   Thumb Code    56  my_lcd.o(i.lcd_sleep)
    lcd_timetosleep                          0x08013599   Thumb Code   220  my_lcd.o(i.lcd_timetosleep)
    led_light                                0x08013679   Thumb Code   350  my_light.o(i.led_light)
    led_lightall                             0x080137d9   Thumb Code   108  my_light.o(i.led_lightall)
    led_resetall                             0x08013855   Thumb Code    34  light.o(i.led_resetall)
    led_run                                  0x0801387d   Thumb Code   394  my_light.o(i.led_run)
    led_senddata                             0x08013a25   Thumb Code     2  light.o(i.led_senddata)
    led_setall                               0x08013a29   Thumb Code    32  light.o(i.led_setall)
    led_setcolor                             0x08013a4d   Thumb Code    28  light.o(i.led_setcolor)
    light_runto                              0x08013a6d   Thumb Code   426  my_light.o(i.light_runto)
    light_setcolor                           0x08013c45   Thumb Code    22  light.o(i.light_setcolor)
    load_test_cfg                            0x08013c6d   Thumb Code   218  my_topmsg.o(i.load_test_cfg)
    loopWhile                                0x08013d69   Thumb Code    92  cscript.o(i.loopWhile)
    loushui_warn                             0x08013dc5   Thumb Code    66  my_rf.o(i.loushui_warn)
    main                                     0x08013e09   Thumb Code   136  main.o(i.main)
    mem_free                                 0x08013ec9   Thumb Code    74  os_mem.o(i.mem_free)
    mem_init                                 0x08013f21   Thumb Code   194  os_mem.o(i.mem_init)
    mem_malloc                               0x08014001   Thumb Code   138  os_mem.o(i.mem_malloc)
    mem_perused                              0x08014099   Thumb Code    44  os_mem.o(i.mem_perused)
    mqtt_connect                             0x080140cd   Thumb Code   294  baidu_iot.o(i.mqtt_connect)
    msgInit                                  0x080141fd   Thumb Code    28  os_msg.o(i.msgInit)
    my_autocontrol                           0x0801421d   Thumb Code   178  my_autocontrol.o(i.my_autocontrol)
    my_debug                                 0x080142d1   Thumb Code   136  debug.o(i.my_debug)
    my_lcd                                   0x0801436d   Thumb Code   376  my_lcd.o(i.my_lcd)
    my_lcd_init                              0x080144e9   Thumb Code    48  my_lcd.o(i.my_lcd_init)
    my_light                                 0x0801451d   Thumb Code   166  my_light.o(i.my_light)
    my_rf_loop                               0x080145cd   Thumb Code   168  my_rf.o(i.my_rf_loop)
    my_topmsg                                0x08014681   Thumb Code   152  my_topmsg.o(i.my_topmsg)
    my_w5500                                 0x08014725   Thumb Code   160  my_w5500.o(i.my_w5500)
    myfree                                   0x080147d9   Thumb Code    36  os_mem.o(i.myfree)
    mymalloc                                 0x08014801   Thumb Code    40  os_mem.o(i.mymalloc)
    mymemcpy                                 0x0801482d   Thumb Code    26  os_mem.o(i.mymemcpy)
    mymemset                                 0x08014847   Thumb Code    20  os_mem.o(i.mymemset)
    myrealloc                                0x0801485d   Thumb Code    62  os_mem.o(i.myrealloc)
    nest_Options                             0x080148a1   Thumb Code    22  dhcp.o(i.nest_Options)
    net_check_gateway                        0x080148b9   Thumb Code   208  enternet.o(i.net_check_gateway)
    net_check_parameters                     0x0801498d   Thumb Code    88  enternet.o(i.net_check_parameters)
    net_get_comstate                         0x080149f1   Thumb Code    14  enternet.o(i.net_get_comstate)
    net_get_phycstate                        0x080149ff   Thumb Code    14  enternet.o(i.net_get_phycstate)
    net_init                                 0x08014a0d   Thumb Code    24  enternet.o(i.net_init)
    net_set_disip                            0x08014a25   Thumb Code    58  enternet.o(i.net_set_disip)
    net_set_getway                           0x08014a5f   Thumb Code    16  enternet.o(i.net_set_getway)
    net_set_myip                             0x08014a6f   Thumb Code    16  enternet.o(i.net_set_myip)
    net_set_sub_mask                         0x08014a7f   Thumb Code    16  enternet.o(i.net_set_sub_mask)
    net_sysboot_init                         0x08014a91   Thumb Code    22  enternet.o(i.net_sysboot_init)
    net_test                                 0x08014ab5   Thumb Code    60  enternet.o(i.net_test)
    ntp_gettime                              0x08014b05   Thumb Code   248  ntp.o(i.ntp_gettime)
    os_fats_init                             0x08014bfd   Thumb Code     8  os_fats.o(i.os_fats_init)
    os_init                                  0x08014c05   Thumb Code    20  os_sys.o(i.os_init)
    os_mem_init                              0x08014c19   Thumb Code     8  os_mem.o(i.os_mem_init)
    os_msg_init                              0x08014c21   Thumb Code    10  os_msg.o(i.os_msg_init)
    os_task_init                             0x08014c2b   Thumb Code     8  os_task.o(i.os_task_init)
    parseMSG                                 0x08014c33   Thumb Code   222  dns.o(i.parseMSG)
    parse_name                               0x08014ed1   Thumb Code   216  dns.o(i.parse_name)
    ping_auto                                0x08015501   Thumb Code   210  ping.o(i.ping_auto)
    ping_reply                               0x080155dd   Thumb Code    90  ping.o(i.ping_reply)
    ping_request                             0x08015639   Thumb Code   140  ping.o(i.ping_request)
    pow                                      0x080156cd   Thumb Code  2478  pow.o(i.pow)
    readChar                                 0x08016761   Thumb Code    14  mqttpacket.o(i.readChar)
    read_flash                               0x0801676f   Thumb Code     2  cmd.o(i.read_flash)
    recv_json                                0x08016771   Thumb Code   294  wk_json.o(i.recv_json)
    rf_cfg                                   0x080168f5   Thumb Code   164  my_cfg.o(i.rf_cfg)
    rf_cjq_deal                              0x08016999   Thumb Code   190  my_rf.o(i.rf_cjq_deal)
    rf_cjq_to_data                           0x08016a5d   Thumb Code   392  my_rf.o(i.rf_cjq_to_data)
    rf_deverr                                0x08016be9   Thumb Code    64  my_rf.o(i.rf_deverr)
    rf_hand                                  0x08016c29   Thumb Code   664  my_rf.o(i.rf_hand)
    rf_loop                                  0x08016ec1   Thumb Code   516  my_rf.o(i.rf_loop)
    rf_send                                  0x080170c5   Thumb Code   376  my_rf.o(i.rf_send)
    runCScript                               0x0801723d   Thumb Code   190  cscript.o(i.runCScript)
    runFunction                              0x08017309   Thumb Code   408  cscript.o(i.runFunction)
    run_sysinit                              0x080174a1   Thumb Code   120  file.o(i.run_sysinit)
    samestr                                  0x08017531   Thumb Code    46  my_fun.o(i.samestr)
    sendColorData                            0x08017561   Thumb Code    20  my_light.o(i.sendColorData)
    send_json                                0x08017579   Thumb Code    72  wk_json.o(i.send_json)
    send_json_adddevice                      0x080175c1   Thumb Code   688  wk_json.o(i.send_json_adddevice)
    send_json_cj                             0x08017929   Thumb Code   680  wk_json.o(i.send_json_cj)
    send_json_kz                             0x08017cc5   Thumb Code   546  wk_json.o(i.send_json_kz)
    send_json_limit                          0x08017fb5   Thumb Code   562  wk_json.o(i.send_json_limit)
    send_json_warn                           0x080182b9   Thumb Code   460  wk_json.o(i.send_json_warn)
    send_messeg                              0x08018541   Thumb Code   150  os_msg.o(i.send_messeg)
    send_warn                                0x080185dd   Thumb Code    66  my_autocontrol.o(i.send_warn)
    server_data                              0x08018621   Thumb Code    64  wk_json.o(i.server_data)
    server_read_data                         0x08018665   Thumb Code   168  wk_json.o(i.server_read_data)
    server_send_data                         0x08018725   Thumb Code   172  wk_json.o(i.server_send_data)
    setAutoCtrlAmount                        0x080187ed   Thumb Code    24  data_map.o(i.setAutoCtrlAmount)
    setAutoCtrlFrequency                     0x08018805   Thumb Code    16  data_map.o(i.setAutoCtrlFrequency)
    setDhcpState                             0x08018815   Thumb Code    32  data_map.o(i.setDhcpState)
    setGatewayIP                             0x08018835   Thumb Code    26  data_map.o(i.setGatewayIP)
    setMemU32                                0x0801884f   Thumb Code    46  my_fun.o(i.setMemU32)
    setMemValue                              0x0801887d   Thumb Code    56  my_fun.o(i.setMemValue)
    setMyName                                0x080188b5   Thumb Code    44  data_map.o(i.setMyName)
    setNativeIP                              0x080188e1   Thumb Code    22  data_map.o(i.setNativeIP)
    setNativePort                            0x080188f7   Thumb Code    14  data_map.o(i.setNativePort)
    setServerIP                              0x08018905   Thumb Code    24  data_map.o(i.setServerIP)
    setServerPort                            0x0801891d   Thumb Code    14  data_map.o(i.setServerPort)
    setSubMask                               0x0801892b   Thumb Code    26  data_map.o(i.setSubMask)
    setWarnTolerance                         0x08018945   Thumb Code    24  data_map.o(i.setWarnTolerance)
    setWkServerConnect                       0x0801895d   Thumb Code    32  data_map.o(i.setWkServerConnect)
    set_dns_serverip                         0x0801897d   Thumb Code    16  enternet.o(i.set_dns_serverip)
    set_jianpu                               0x08018991   Thumb Code    52  beep.o(i.set_jianpu)
    set_ntp_serverip                         0x080189c5   Thumb Code    16  enternet.o(i.set_ntp_serverip)
    sleep_ms                                 0x080189ed   Thumb Code    58  delay.o(i.sleep_ms)
    socket_recv                              0x08018a31   Thumb Code    26  enternet.o(i.socket_recv)
    soft_timer_irq                           0x08018a4b   Thumb Code    14  my_topmsg.o(i.soft_timer_irq)
    soft_timer_run                           0x08018a59   Thumb Code    40  my_topmsg.o(i.soft_timer_run)
    sqrt                                     0x08018a85   Thumb Code    76  sqrt.o(i.sqrt)
    str2hex                                  0x08018ad1   Thumb Code   102  my_fun.o(i.str2hex)
    str2num                                  0x08018b3d   Thumb Code    40  my_fun.o(i.str2num)
    str2nums                                 0x08018b65   Thumb Code   122  my_fun.o(i.str2nums)
    strlenByChar                             0x08018bdf   Thumb Code    36  my_fun.o(i.strlenByChar)
    sys_test                                 0x08018c09   Thumb Code    42  my_w5500.o(i.sys_test)
    taskmsg_deal                             0x08018c33   Thumb Code   192  my_topmsg.o(i.taskmsg_deal)
    tcp_close                                0x08018cf3   Thumb Code    26  enternet.o(i.tcp_close)
    tcp_connect                              0x08018d0d   Thumb Code   182  enternet.o(i.tcp_connect)
    tcp_send                                 0x08018dc3   Thumb Code    30  enternet.o(i.tcp_send)
    udp_close                                0x08018de1   Thumb Code    56  enternet.o(i.udp_close)
    udp_init                                 0x08018e19   Thumb Code    74  enternet.o(i.udp_init)
    udp_send                                 0x08018e63   Thumb Code    76  enternet.o(i.udp_send)
    w5500_rest_timer_irq                     0x08018eb1   Thumb Code    12  my_w5500.o(i.w5500_rest_timer_irq)
    wk_client                                0x08018ec1   Thumb Code   236  my_w5500.o(i.wk_client)
    writeCString                             0x08018fbd   Thumb Code    40  mqttpacket.o(i.writeCString)
    writeChar                                0x08018fe5   Thumb Code    12  mqttpacket.o(i.writeChar)
    writeInt                                 0x08018ff1   Thumb Code    48  mqttpacket.o(i.writeInt)
    writeMQTTString                          0x08019021   Thumb Code    62  mqttpacket.o(i.writeMQTTString)
    write_flash                              0x08019061   Thumb Code   244  cmd.o(i.write_flash)
    writting_flash                           0x08019189   Thumb Code   394  cmd.o(i.writting_flash)
    yt_newstate                              0x08019339   Thumb Code   144  my_rf.o(i.yt_newstate)
    _get_lc_ctype                            0x080193c9   Thumb Code    44  lc_ctype_c.o(locale$$code)
    _get_lc_numeric                          0x080193f5   Thumb Code    44  lc_numeric_c.o(locale$$code)
    __aeabi_d2f                              0x08019421   Thumb Code     0  d2f.o(x$fpl$d2f)
    _d2f                                     0x08019421   Thumb Code    98  d2f.o(x$fpl$d2f)
    __aeabi_dadd                             0x08019485   Thumb Code     0  daddsub_clz.o(x$fpl$dadd)
    _dadd                                    0x08019485   Thumb Code   332  daddsub_clz.o(x$fpl$dadd)
    __fpl_dcheck_NaN1                        0x080195d5   Thumb Code    10  dcheck1.o(x$fpl$dcheck1)
    __fpl_dcmp_Inf                           0x080195e5   Thumb Code    24  dcmpi.o(x$fpl$dcmpinf)
    __aeabi_ddiv                             0x080195fd   Thumb Code     0  ddiv.o(x$fpl$ddiv)
    _ddiv                                    0x080195fd   Thumb Code   552  ddiv.o(x$fpl$ddiv)
    __aeabi_d2iz                             0x080198ad   Thumb Code     0  dfix.o(x$fpl$dfix)
    _dfix                                    0x080198ad   Thumb Code    94  dfix.o(x$fpl$dfix)
    __aeabi_i2d                              0x0801990b   Thumb Code     0  dflt_clz.o(x$fpl$dflt)
    _dflt                                    0x0801990b   Thumb Code    46  dflt_clz.o(x$fpl$dflt)
    __aeabi_ui2d                             0x08019939   Thumb Code     0  dflt_clz.o(x$fpl$dfltu)
    _dfltu                                   0x08019939   Thumb Code    38  dflt_clz.o(x$fpl$dfltu)
    __aeabi_cdcmple                          0x08019961   Thumb Code     0  dleqf.o(x$fpl$dleqf)
    _dcmple                                  0x08019961   Thumb Code   120  dleqf.o(x$fpl$dleqf)
    __fpl_dcmple_InfNaN                      0x080199c3   Thumb Code     0  dleqf.o(x$fpl$dleqf)
    __aeabi_dmul                             0x080199d9   Thumb Code     0  dmul.o(x$fpl$dmul)
    _dmul                                    0x080199d9   Thumb Code   332  dmul.o(x$fpl$dmul)
    __fpl_dnaninf                            0x08019b2d   Thumb Code   156  dnaninf.o(x$fpl$dnaninf)
    __fpl_dretinf                            0x08019bc9   Thumb Code    12  dretinf.o(x$fpl$dretinf)
    __aeabi_cdrcmple                         0x08019bd5   Thumb Code     0  drleqf.o(x$fpl$drleqf)
    _drcmple                                 0x08019bd5   Thumb Code   108  drleqf.o(x$fpl$drleqf)
    __aeabi_drsub                            0x08019c41   Thumb Code     0  daddsub_clz.o(x$fpl$drsb)
    _drsb                                    0x08019c41   Thumb Code    22  daddsub_clz.o(x$fpl$drsb)
    _dsqrt                                   0x08019c59   Thumb Code   456  dsqrt_noumaal.o(x$fpl$dsqrt)
    __aeabi_dsub                             0x08019e25   Thumb Code     0  daddsub_clz.o(x$fpl$dsub)
    _dsub                                    0x08019e25   Thumb Code   464  daddsub_clz.o(x$fpl$dsub)
    __aeabi_f2d                              0x08019ff9   Thumb Code     0  f2d.o(x$fpl$f2d)
    _f2d                                     0x08019ff9   Thumb Code    86  f2d.o(x$fpl$f2d)
    __aeabi_fadd                             0x0801a051   Thumb Code     0  faddsub_clz.o(x$fpl$fadd)
    _fadd                                    0x0801a051   Thumb Code   196  faddsub_clz.o(x$fpl$fadd)
    __fpl_fcmp_Inf                           0x0801a115   Thumb Code    24  fcmpi.o(x$fpl$fcmpinf)
    __aeabi_f2uiz                            0x0801a12d   Thumb Code     0  ffixu.o(x$fpl$ffixu)
    _ffixu                                   0x0801a12d   Thumb Code    62  ffixu.o(x$fpl$ffixu)
    __aeabi_i2f                              0x0801a16d   Thumb Code     0  fflt_clz.o(x$fpl$fflt)
    _fflt                                    0x0801a16d   Thumb Code    48  fflt_clz.o(x$fpl$fflt)
    __aeabi_ui2f                             0x0801a19d   Thumb Code     0  fflt_clz.o(x$fpl$ffltu)
    _ffltu                                   0x0801a19d   Thumb Code    38  fflt_clz.o(x$fpl$ffltu)
    __aeabi_cfcmple                          0x0801a1c5   Thumb Code     0  fleqf.o(x$fpl$fleqf)
    _fcmple                                  0x0801a1c5   Thumb Code   104  fleqf.o(x$fpl$fleqf)
    __fpl_fcmple_InfNaN                      0x0801a217   Thumb Code     0  fleqf.o(x$fpl$fleqf)
    __aeabi_fmul                             0x0801a22d   Thumb Code     0  fmul.o(x$fpl$fmul)
    _fmul                                    0x0801a22d   Thumb Code   258  fmul.o(x$fpl$fmul)
    __fpl_fnaninf                            0x0801a32f   Thumb Code   140  fnaninf.o(x$fpl$fnaninf)
    __fpl_fretinf                            0x0801a3bb   Thumb Code    10  fretinf.o(x$fpl$fretinf)
    __aeabi_cfrcmple                         0x0801a3c5   Thumb Code     0  frleqf.o(x$fpl$frleqf)
    _frcmple                                 0x0801a3c5   Thumb Code    98  frleqf.o(x$fpl$frleqf)
    __aeabi_fsub                             0x0801a429   Thumb Code     0  faddsub_clz.o(x$fpl$fsub)
    _fsub                                    0x0801a429   Thumb Code   234  faddsub_clz.o(x$fpl$fsub)
    _printf_fp_dec                           0x0801a513   Thumb Code     4  printf1.o(x$fpl$printf1)
    __fpl_return_NaN                         0x0801a517   Thumb Code   100  retnan.o(x$fpl$retnan)
    __ARM_scalbn                             0x0801a57b   Thumb Code    92  scalbn.o(x$fpl$scalbn)
    __fpl_cmpreturn                          0x0801a5d7   Thumb Code    48  trapv.o(x$fpl$trapveneer)
    __I$use$fp                               0x0801a606   Number         0  usenofp.o(x$fpl$usenofp)
    FUN_LIST                                 0x0801a608   Data        1504  fun_list.o(.constdata)
    table_week                               0x0801abe8   Data          12  rtc.o(.constdata)
    mon_table                                0x0801abf4   Data          12  rtc.o(.constdata)
    auchCRCHi                                0x0801ac68   Data         256  crc8_16.o(.constdata)
    auchCRCLo                                0x0801ad68   Data         256  crc8_16.o(.constdata)
    devicename                               0x0801ae68   Data          64  data_map.o(.constdata)
    warn_char                                0x0801aeaf   Data          56  wk_json.o(.constdata)
    __mathlib_zero                           0x0801afc0   Data           8  qnan.o(.constdata)
    Region$$Table$$Base                      0x0801bf30   Number         0  anon$$obj.o(Region$$Table)
    Region$$Table$$Limit                     0x0801bf50   Number         0  anon$$obj.o(Region$$Table)
    __ctype                                  0x0801bf5d   Data           0  lc_ctype_c.o(locale$$data)
    SystemCoreClock                          0x20000004   Data           4  system_stm32f10x.o(.data)
    AHBPrescTable                            0x20000008   Data          16  system_stm32f10x.o(.data)
    memtblsize                               0x20000038   Data           4  os_mem.o(.data)
    memblksize                               0x2000003c   Data           4  os_mem.o(.data)
    memsize                                  0x20000040   Data           4  os_mem.o(.data)
    OSRunning                                0x20000044   Data           4  os_task.o(.data)
    OSPrioCur                                0x20000048   Data           4  os_task.o(.data)
    OSPrioHighRdy                            0x2000004c   Data           4  os_task.o(.data)
    OSTCBCur                                 0x20000050   Data           4  os_task.o(.data)
    OSTCBHighRdy                             0x20000054   Data           4  os_task.o(.data)
    OSIntNesting                             0x20000058   Data           4  os_task.o(.data)
    OSIntExit                                0x2000005c   Data           4  os_task.o(.data)
    OSTaskSwHook                             0x20000060   Data           4  os_task.o(.data)
    OS_ONLYME                                0x20000064   Data           1  os_task.o(.data)
    TASK_Free                                0x20000068   Data           4  os_task.o(.data)
    ONLYME_PRO                               0x2000006c   Data           1  os_task.o(.data)
    LIGHT_RUN_PTR                            0x200000b8   Data           4  light.o(.data)
    RED_LIGHT                                0x200000bc   Data           1  light.o(.data)
    GREEN_LIGHT                              0x200000bd   Data           1  light.o(.data)
    BLUE_LIGHT                               0x200000be   Data           1  light.o(.data)
    USART_RX_STA                             0x200000cc   Data           2  rf.o(.data)
    __stdout                                 0x200000d4   Data           4  rf.o(.data)
    fatfs                                    0x200000dc   Data           8  fats.o(.data)
    file                                     0x200000e4   Data           4  fats.o(.data)
    ftemp                                    0x200000e8   Data           4  fats.o(.data)
    file_br                                  0x200000ec   Data           4  fats.o(.data)
    file_bw                                  0x200000f0   Data           4  fats.o(.data)
    file_buf                                 0x200000f4   Data           4  fats.o(.data)
    FATS_STATE                               0x200000f8   Data           1  fats.o(.data)
    DBG_FATS                                 0x200000f9   Data           1  fats.o(.data)
    SD_Type                                  0x200000fa   Data           1  mmc_sd.o(.data)
    Phy_Addr                                 0x20000102   Data           6  w5500.o(.data)
    RF_FOCUS                                 0x20000111   Data           1  hard_irq.o(.data)
    LCD_FOCUS                                0x20000112   Data           1  hard_irq.o(.data)
    SOCKET0_FOCUS                            0x20000113   Data           1  hard_irq.o(.data)
    SOCKET1_FOCUS                            0x20000114   Data           1  hard_irq.o(.data)
    SOCKET2_FOCUS                            0x20000115   Data           1  hard_irq.o(.data)
    SOCKET3_FOCUS                            0x20000116   Data           1  hard_irq.o(.data)
    SOCKET4_FOCUS                            0x20000117   Data           1  hard_irq.o(.data)
    SOCKET5_FOCUS                            0x20000118   Data           1  hard_irq.o(.data)
    SOCKET6_FOCUS                            0x20000119   Data           1  hard_irq.o(.data)
    SOCKET7_FOCUS                            0x2000011a   Data           1  hard_irq.o(.data)
    MQTT_IP                                  0x2000011b   Data           4  baidu_iot.o(.data)
    Transaction                              0x20000148   Data           4  dhcp.o(.data)
    Sub_Mask                                 0x20000152   Data           4  enternet.o(.data)
    IP_Addr                                  0x20000156   Data           4  enternet.o(.data)
    Gateway_IP                               0x2000015a   Data           4  enternet.o(.data)
    DNS_SERVER                               0x2000015e   Data           4  enternet.o(.data)
    NTP_SERVER                               0x20000162   Data           4  enternet.o(.data)
    SERVER_IP                                0x20000166   Data           4  enternet.o(.data)
    SERVER_PORT                              0x2000016a   Data           2  enternet.o(.data)
    DBG_COPY_TO_S1CK                         0x2000017e   Data           1  wk_json.o(.data)
    p_Flash_Write                            0x20000190   Data           4  cmd.o(.data)
    p_Flash_Read                             0x20000194   Data           4  cmd.o(.data)
    dbg_sendstr                              0x2000019c   Data           4  debug.o(.data)
    DBG_IP                                   0x200001a4   Data           4  debug.o(.data)
    DBG_PORT                                 0x200001a8   Data           2  debug.o(.data)
    soft_timer_10ms                          0x200001bc   Data           4  my_topmsg.o(.data)
    LCD_PAGE                                 0x200001d2   Data           6  my_lcd.o(.data)
    LCD_STATE                                0x200001d8   Data           8  my_lcd.o(.data)
    LCD_SET_DATA                             0x200001e0   Data           8  my_lcd.o(.data)
    LCD_GET_DATA                             0x200001e8   Data           7  my_lcd.o(.data)
    needUpData                               0x200001f4   Data           1  my_light.o(.data)
    IN_CFG                                   0x20000220   Data           1  my_cfg.o(.data)
    IDLE                                     0x20000224   Data           4  my_idle.o(.data)
    DBG_INTER_STATE                          0x20000228   Data           1  my_w5500.o(.data)
    my_keytack                               0x20000238   Data         512  main.o(.bss)
    my_lcdtack                               0x20000438   Data         512  main.o(.bss)
    rf_looptack                              0x20000638   Data        1024  main.o(.bss)
    my_lighttack                             0x20000a38   Data         512  main.o(.bss)
    my_w5500tack                             0x20000c38   Data        1536  main.o(.bss)
    my_autotack                              0x20001238   Data         512  main.o(.bss)
    my_idletack                              0x20001438   Data        1024  main.o(.bss)
    mallco_dev                               0x20001838   Data          20  os_mem.o(.bss)
    my_messeg                                0x2000184c   Data         720  os_msg.o(.bss)
    TCB_Table                                0x20001b1c   Data        1024  os_task.o(.bss)
    USART_RX_BUF                             0x20001fec   Data          50  rf.o(.bss)
    MY_CMD                                   0x2000201e   Data          58  rf.o(.bss)
    key_color                                0x20002250   Data          18  my_topmsg.o(.bss)
    LASTTIME                                 0x20002264   Data         128  my_idle.o(.bss)
    IDLETIMES                                0x200022e4   Data          64  my_idle.o(.bss)
    _random_number_data                      0x20002324   Data         228  rand.o(.bss)
    __libspace_start                         0x20002408   Data          96  libspace.o(.bss)
    __temporary_stack_top$libspace           0x20002468   Data           0  libspace.o(.bss)



==============================================================================

Image component sizes


      Code (inc. data)   RO Data    RW Data    ZI Data      Debug   

     83802      12876       6424        564       8940     729054   Object Totals
         0          0         32          0          0          0   (incl. Generated)
       110          0          5         19          2          0   (incl. Padding)
     13694        734        652          0        324       7880   Library Totals
        32          0          3          0          0          0   (incl. Padding)

==============================================================================


      Code (inc. data)   RO Data    RW Data    ZI Data      Debug   

     97496      13610       7076        564       9264     701206   Grand Totals
     97496      13610       7076        144       9264     701206   ELF Image Totals (compressed)
     97496      13610       7076        144          0          0   ROM Totals

==============================================================================

    Total RO  Size (Code + RO Data)               104572 ( 102.12kB)
    Total RW  Size (RW Data + ZI Data)              9828 (   9.60kB)
    Total ROM Size (Code + RO Data + RW Data)     104716 ( 102.26kB)

==============================================================================

