Component: ARM Compiler 5.05 update 1 (build 106) Tool: armlink [4d0efa]

==============================================================================

Image Symbol Table

    Local Symbols

    Symbol Name                              Value     Ov Type        Size  Object(Section)

    ../clib/angel/boardlib.s                 0x00000000   Number         0  boardshut.o ABSOLUTE
    ../clib/angel/boardlib.s                 0x00000000   Number         0  boardinit2.o ABSOLUTE
    ../clib/angel/boardlib.s                 0x00000000   Number         0  boardinit3.o ABSOLUTE
    ../clib/angel/boardlib.s                 0x00000000   Number         0  boardinit1.o ABSOLUTE
    ../clib/angel/dczerorl2.s                0x00000000   Number         0  __dczerorl2.o ABSOLUTE
    ../clib/angel/handlers.s                 0x00000000   Number         0  __scatter_zi.o ABSOLUTE
    ../clib/angel/kernel.s                   0x00000000   Number         0  __rtentry4.o ABSOLUTE
    ../clib/angel/kernel.s                   0x00000000   Number         0  rtexit2.o ABSOLUTE
    ../clib/angel/kernel.s                   0x00000000   Number         0  rtexit.o ABSOLUTE
    ../clib/angel/kernel.s                   0x00000000   Number         0  __rtentry.o ABSOLUTE
    ../clib/angel/kernel.s                   0x00000000   Number         0  __rtentry2.o ABSOLUTE
    ../clib/angel/rt.s                       0x00000000   Number         0  rt_locale.o ABSOLUTE
    ../clib/angel/rt.s                       0x00000000   Number         0  rt_locale_intlibspace.o ABSOLUTE
    ../clib/angel/rt.s                       0x00000000   Number         0  rt_errno_addr.o ABSOLUTE
    ../clib/angel/rt.s                       0x00000000   Number         0  rt_errno_addr_intlibspace.o ABSOLUTE
    ../clib/angel/rt.s                       0x00000000   Number         0  rt_ctype_table.o ABSOLUTE
    ../clib/angel/rt.s                       0x00000000   Number         0  rt_raise.o ABSOLUTE
    ../clib/angel/scatter.s                  0x00000000   Number         0  __scatter.o ABSOLUTE
    ../clib/angel/startup.s                  0x00000000   Number         0  __main.o ABSOLUTE
    ../clib/angel/sys.s                      0x00000000   Number         0  use_no_semi_2.o ABSOLUTE
    ../clib/angel/sys.s                      0x00000000   Number         0  use_no_semi.o ABSOLUTE
    ../clib/angel/sys.s                      0x00000000   Number         0  indicate_semi.o ABSOLUTE
    ../clib/angel/sys.s                      0x00000000   Number         0  sys_stackheap_outer.o ABSOLUTE
    ../clib/angel/sys.s                      0x00000000   Number         0  libspace.o ABSOLUTE
    ../clib/angel/sysapp.c                   0x00000000   Number         0  sys_command.o ABSOLUTE
    ../clib/armsys.c                         0x00000000   Number         0  argv_veneer.o ABSOLUTE
    ../clib/armsys.c                         0x00000000   Number         0  argv_veneer.o ABSOLUTE
    ../clib/armsys.c                         0x00000000   Number         0  no_argv.o ABSOLUTE
    ../clib/armsys.c                         0x00000000   Number         0  _get_argv_nomalloc.o ABSOLUTE
    ../clib/bigflt.c                         0x00000000   Number         0  bigflt0.o ABSOLUTE
    ../clib/btod.s                           0x00000000   Number         0  btod.o ABSOLUTE
    ../clib/ctype.c                          0x00000000   Number         0  tolower.o ABSOLUTE
    ../clib/fenv.c                           0x00000000   Number         0  _rserrno.o ABSOLUTE
    ../clib/heapalloc.c                      0x00000000   Number         0  hrguard.o ABSOLUTE
    ../clib/heapaux.c                        0x00000000   Number         0  heapauxi.o ABSOLUTE
    ../clib/libinit.s                        0x00000000   Number         0  libinit.o ABSOLUTE
    ../clib/libinit.s                        0x00000000   Number         0  libshutdown.o ABSOLUTE
    ../clib/libinit.s                        0x00000000   Number         0  libinit2.o ABSOLUTE
    ../clib/libinit.s                        0x00000000   Number         0  libshutdown2.o ABSOLUTE
    ../clib/locale.s                         0x00000000   Number         0  lc_ctype_c.o ABSOLUTE
    ../clib/locale.s                         0x00000000   Number         0  lc_numeric_c.o ABSOLUTE
    ../clib/longlong.s                       0x00000000   Number         0  lludiv10.o ABSOLUTE
    ../clib/memcpset.s                       0x00000000   Number         0  rt_memclr_w.o ABSOLUTE
    ../clib/memcpset.s                       0x00000000   Number         0  rt_memcpy_w.o ABSOLUTE
    ../clib/memcpset.s                       0x00000000   Number         0  strncpy.o ABSOLUTE
    ../clib/memcpset.s                       0x00000000   Number         0  rt_memclr.o ABSOLUTE
    ../clib/memcpset.s                       0x00000000   Number         0  rt_memcpy_v6.o ABSOLUTE
[...]
    RTC_ITConfig                             0x08003e45   Thumb Code    26  stm32f10x_rtc.o(.text)
    RTC_EnterConfigMode                      0x08003e5f   Thumb Code    18  stm32f10x_rtc.o(.text)
    RTC_ExitConfigMode                       0x08003e71   Thumb Code    20  stm32f10x_rtc.o(.text)
    RTC_GetCounter                           0x08003e85   Thumb Code    18  stm32f10x_rtc.o(.text)
    RTC_SetCounter                           0x08003e97   Thumb Code    26  stm32f10x_rtc.o(.text)
    RTC_SetPrescaler                         0x08003eb1   Thumb Code    28  stm32f10x_rtc.o(.text)
    RTC_SetAlarm                             0x08003ecd   Thumb Code    26  stm32f10x_rtc.o(.text)
    RTC_GetDivider                           0x08003ee7   Thumb Code    22  stm32f10x_rtc.o(.text)
    RTC_WaitForLastTask                      0x08003efd   Thumb Code    18  stm32f10x_rtc.o(.text)
    RTC_WaitForSynchro                       0x08003f0f   Thumb Code    36  stm32f10x_rtc.o(.text)
    RTC_GetFlagStatus                        0x08003f33   Thumb Code    22  stm32f10x_rtc.o(.text)
    RTC_ClearFlag                            0x08003f49   Thumb Code    16  stm32f10x_rtc.o(.text)
    RTC_GetITStatus                          0x08003f59   Thumb Code    32  stm32f10x_rtc.o(.text)
    RTC_ClearITPendingBit                    0x08003f79   Thumb Code    16  stm32f10x_rtc.o(.text)
    SPI_I2S_DeInit                           0x08003f8d   Thumb Code    76  stm32f10x_spi.o(.text)
    SPI_Init                                 0x08003fd9   Thumb Code    60  stm32f10x_spi.o(.text)
    I2S_Init                                 0x08004015   Thumb Code   226  stm32f10x_spi.o(.text)
    SPI_StructInit                           0x080040f7   Thumb Code    24  stm32f10x_spi.o(.text)
    I2S_StructInit                           0x0800410f   Thumb Code    20  stm32f10x_spi.o(.text)
    SPI_Cmd                                  0x08004123   Thumb Code    24  stm32f10x_spi.o(.text)
    I2S_Cmd                                  0x0800413b   Thumb Code    24  stm32f10x_spi.o(.text)
    SPI_I2S_ITConfig                         0x08004153   Thumb Code    32  stm32f10x_spi.o(.text)
    SPI_I2S_DMACmd                           0x08004173   Thumb Code    18  stm32f10x_spi.o(.text)
    SPI_I2S_SendData                         0x08004185   Thumb Code     4  stm32f10x_spi.o(.text)
    SPI_I2S_ReceiveData                      0x08004189   Thumb Code     6  stm32f10x_spi.o(.text)
    SPI_NSSInternalSoftwareConfig            0x0800418f   Thumb Code    30  stm32f10x_spi.o(.text)
    SPI_SSOutputCmd                          0x080041ad   Thumb Code    24  stm32f10x_spi.o(.text)
    SPI_DataSizeConfig                       0x080041c5   Thumb Code    18  stm32f10x_spi.o(.text)
    SPI_TransmitCRC                          0x080041d7   Thumb Code    10  stm32f10x_spi.o(.text)
    SPI_CalculateCRC                         0x080041e1   Thumb Code    24  stm32f10x_spi.o(.text)
    SPI_GetCRC                               0x080041f9   Thumb Code    16  stm32f10x_spi.o(.text)
    SPI_GetCRCPolynomial                     0x08004209   Thumb Code     6  stm32f10x_spi.o(.text)
    SPI_BiDirectionalLineConfig              0x0800420f   Thumb Code    28  stm32f10x_spi.o(.text)
    SPI_I2S_GetFlagStatus                    0x0800422b   Thumb Code    18  stm32f10x_spi.o(.text)
    SPI_I2S_ClearFlag                        0x0800423d   Thumb Code     6  stm32f10x_spi.o(.text)
    SPI_I2S_GetITStatus                      0x08004243   Thumb Code    52  stm32f10x_spi.o(.text)
    SPI_I2S_ClearITPendingBit                0x08004277   Thumb Code    20  stm32f10x_spi.o(.text)
    TIM_DeInit                               0x08004299   Thumb Code   424  stm32f10x_tim.o(.text)
    TIM_TimeBaseInit                         0x08004441   Thumb Code   122  stm32f10x_tim.o(.text)
    TIM_OC1Init                              0x080044bb   Thumb Code   132  stm32f10x_tim.o(.text)
    TIM_OC2Init                              0x0800453f   Thumb Code   154  stm32f10x_tim.o(.text)
    TIM_OC3Init                              0x080045d9   Thumb Code   150  stm32f10x_tim.o(.text)
    TIM_OC4Init                              0x0800466f   Thumb Code   182  stm32f10x_tim.o(.text)
    TIM_SetIC4Prescaler                      0x08004725   Thumb Code    26  stm32f10x_tim.o(.text)
    TIM_SetIC3Prescaler                      0x080047c1   Thumb Code    18  stm32f10x_tim.o(.text)
    TIM_SetIC2Prescaler                      0x0800484d   Thumb Code    26  stm32f10x_tim.o(.text)
    TIM_SetIC1Prescaler                      0x080048e9   Thumb Code    18  stm32f10x_tim.o(.text)
    TIM_ICInit                               0x08004967   Thumb Code   150  stm32f10x_tim.o(.text)
    TIM_PWMIConfig                           0x080049fd   Thumb Code   124  stm32f10x_tim.o(.text)
    TIM_BDTRConfig                           0x08004a79   Thumb Code    32  stm32f10x_tim.o(.text)
    TIM_TimeBaseStructInit                   0x08004a99   Thumb Code    18  stm32f10x_tim.o(.text)
    TIM_OCStructInit                         0x08004aab   Thumb Code    20  stm32f10x_tim.o(.text)
    TIM_ICStructInit                         0x08004abf   Thumb Code    18  stm32f10x_tim.o(.text)
    TIM_BDTRStructInit                       0x08004ad1   Thumb Code    40  stm32f10x_tim.o(.text)
    TIM_Cmd                                  0x08004af9   Thumb Code    24  stm32f10x_tim.o(.text)
    TIM_CtrlPWMOutputs                       0x08004b11   Thumb Code    30  stm32f10x_tim.o(.text)
    TIM_ITConfig                             0x08004b2f   Thumb Code    18  stm32f10x_tim.o(.text)
    TIM_GenerateEvent                        0x08004b41   Thumb Code     4  stm32f10x_tim.o(.text)
    TIM_DMAConfig                            0x08004b45   Thumb Code    10  stm32f10x_tim.o(.text)
    TIM_DMACmd                               0x08004b4f   Thumb Code    18  stm32f10x_tim.o(.text)
    TIM_InternalClockConfig                  0x08004b61   Thumb Code    12  stm32f10x_tim.o(.text)
    TIM_SelectInputTrigger                   0x08004b6d   Thumb Code    18  stm32f10x_tim.o(.text)
    TIM_ITRxExternalClockConfig              0x08004b7f   Thumb Code    24  stm32f10x_tim.o(.text)
    TIM_TIxExternalClockConfig               0x08004b97   Thumb Code    62  stm32f10x_tim.o(.text)
    TIM_ETRConfig                            0x08004bd5   Thumb Code    28  stm32f10x_tim.o(.text)
    TIM_ETRClockMode1Config                  0x08004bf1   Thumb Code    54  stm32f10x_tim.o(.text)
    TIM_ETRClockMode2Config                  0x08004c27   Thumb Code    32  stm32f10x_tim.o(.text)
    TIM_PrescalerConfig                      0x08004c47   Thumb Code     6  stm32f10x_tim.o(.text)
    TIM_CounterModeConfig                    0x08004c4d   Thumb Code    18  stm32f10x_tim.o(.text)
    TIM_EncoderInterfaceConfig               0x08004c5f   Thumb Code    66  stm32f10x_tim.o(.text)
    TIM_ForcedOC1Config                      0x08004ca1   Thumb Code    18  stm32f10x_tim.o(.text)
    TIM_ForcedOC2Config                      0x08004cb3   Thumb Code    26  stm32f10x_tim.o(.text)
    TIM_ForcedOC3Config                      0x08004ccd   Thumb Code    18  stm32f10x_tim.o(.text)
    TIM_ForcedOC4Config                      0x08004cdf   Thumb Code    26  stm32f10x_tim.o(.text)
    TIM_ARRPreloadConfig                     0x08004cf9   Thumb Code    24  stm32f10x_tim.o(.text)
    TIM_SelectCOM                            0x08004d11   Thumb Code    24  stm32f10x_tim.o(.text)
    TIM_SelectCCDMA                          0x08004d29   Thumb Code    24  stm32f10x_tim.o(.text)
    TIM_CCPreloadControl                     0x08004d41   Thumb Code    24  stm32f10x_tim.o(.text)
    TIM_OC1PreloadConfig                     0x08004d59   Thumb Code    18  stm32f10x_tim.o(.text)
    TIM_OC2PreloadConfig                     0x08004d6b   Thumb Code    26  stm32f10x_tim.o(.text)
    TIM_OC3PreloadConfig                     0x08004d85   Thumb Code    18  stm32f10x_tim.o(.text)
    TIM_OC4PreloadConfig                     0x08004d97   Thumb Code    26  stm32f10x_tim.o(.text)
    TIM_OC1FastConfig                        0x08004db1   Thumb Code    18  stm32f10x_tim.o(.text)
    TIM_OC2FastConfig                        0x08004dc3   Thumb Code    26  stm32f10x_tim.o(.text)
    TIM_OC3FastConfig                        0x08004ddd   Thumb Code    18  stm32f10x_tim.o(.text)
    TIM_OC4FastConfig                        0x08004def   Thumb Code    26  stm32f10x_tim.o(.text)
    TIM_ClearOC1Ref                          0x08004e09   Thumb Code    18  stm32f10x_tim.o(.text)
    TIM_ClearOC2Ref                          0x08004e1b   Thumb Code    24  stm32f10x_tim.o(.text)
    TIM_ClearOC3Ref                          0x08004e33   Thumb Code    18  stm32f10x_tim.o(.text)
    TIM_ClearOC4Ref                          0x08004e45   Thumb Code    24  stm32f10x_tim.o(.text)
    TIM_OC1PolarityConfig                    0x08004e5d   Thumb Code    18  stm32f10x_tim.o(.text)
    TIM_OC1NPolarityConfig                   0x08004e6f   Thumb Code    18  stm32f10x_tim.o(.text)
    TIM_OC2PolarityConfig                    0x08004e81   Thumb Code    26  stm32f10x_tim.o(.text)
    TIM_OC2NPolarityConfig                   0x08004e9b   Thumb Code    26  stm32f10x_tim.o(.text)
    TIM_OC3PolarityConfig                    0x08004eb5   Thumb Code    26  stm32f10x_tim.o(.text)
    TIM_OC3NPolarityConfig                   0x08004ecf   Thumb Code    26  stm32f10x_tim.o(.text)
    TIM_OC4PolarityConfig                    0x08004ee9   Thumb Code    26  stm32f10x_tim.o(.text)
    TIM_CCxCmd                               0x08004f03   Thumb Code    30  stm32f10x_tim.o(.text)
    TIM_CCxNCmd                              0x08004f21   Thumb Code    30  stm32f10x_tim.o(.text)
    TIM_SelectOCxM                           0x08004f3f   Thumb Code    82  stm32f10x_tim.o(.text)
    TIM_UpdateDisableConfig                  0x08004f91   Thumb Code    24  stm32f10x_tim.o(.text)
    TIM_UpdateRequestConfig                  0x08004fa9   Thumb Code    24  stm32f10x_tim.o(.text)
    TIM_SelectHallSensor                     0x08004fc1   Thumb Code    24  stm32f10x_tim.o(.text)
    TIM_SelectOnePulseMode                   0x08004fd9   Thumb Code    18  stm32f10x_tim.o(.text)
    TIM_SelectOutputTrigger                  0x08004feb   Thumb Code    18  stm32f10x_tim.o(.text)
    TIM_SelectSlaveMode                      0x08004ffd   Thumb Code    18  stm32f10x_tim.o(.text)
    TIM_SelectMasterSlaveMode                0x0800500f   Thumb Code    18  stm32f10x_tim.o(.text)
    TIM_SetCounter                           0x08005021   Thumb Code     4  stm32f10x_tim.o(.text)
    TIM_SetAutoreload                        0x08005025   Thumb Code     4  stm32f10x_tim.o(.text)
    TIM_SetCompare1                          0x08005029   Thumb Code     4  stm32f10x_tim.o(.text)
    TIM_SetCompare2                          0x0800502d   Thumb Code     4  stm32f10x_tim.o(.text)
    TIM_SetCompare3                          0x08005031   Thumb Code     4  stm32f10x_tim.o(.text)
    TIM_SetCompare4                          0x08005035   Thumb Code     6  stm32f10x_tim.o(.text)
    TIM_SetClockDivision                     0x0800503b   Thumb Code    18  stm32f10x_tim.o(.text)
    TIM_GetCapture1                          0x0800504d   Thumb Code     6  stm32f10x_tim.o(.text)
    TIM_GetCapture2                          0x08005053   Thumb Code     6  stm32f10x_tim.o(.text)
    TIM_GetCapture3                          0x08005059   Thumb Code     6  stm32f10x_tim.o(.text)
    TIM_GetCapture4                          0x0800505f   Thumb Code     8  stm32f10x_tim.o(.text)
    TIM_GetCounter                           0x08005067   Thumb Code     6  stm32f10x_tim.o(.text)
    TIM_GetPrescaler                         0x0800506d   Thumb Code     6  stm32f10x_tim.o(.text)
    TIM_GetFlagStatus                        0x08005073   Thumb Code    18  stm32f10x_tim.o(.text)
    TIM_ClearFlag                            0x08005085   Thumb Code     6  stm32f10x_tim.o(.text)
    TIM_GetITStatus                          0x0800508b   Thumb Code    34  stm32f10x_tim.o(.text)
    TIM_ClearITPendingBit                    0x080050ad   Thumb Code     6  stm32f10x_tim.o(.text)
    USART_DeInit                             0x080050b5   Thumb Code   134  stm32f10x_usart.o(.text)
    USART_Init                               0x0800513b   Thumb Code   210  stm32f10x_usart.o(.text)
    USART_StructInit                         0x0800520d   Thumb Code    24  stm32f10x_usart.o(.text)
    USART_ClockInit                          0x08005225   Thumb Code    34  stm32f10x_usart.o(.text)
    USART_ClockStructInit                    0x08005247   Thumb Code    12  stm32f10x_usart.o(.text)
    USART_Cmd                                0x08005253   Thumb Code    24  stm32f10x_usart.o(.text)
    USART_ITConfig                           0x0800526b   Thumb Code    74  stm32f10x_usart.o(.text)
    USART_DMACmd                             0x080052b5   Thumb Code    18  stm32f10x_usart.o(.text)
    USART_SetAddress                         0x080052c7   Thumb Code    18  stm32f10x_usart.o(.text)
    USART_WakeUpConfig                       0x080052d9   Thumb Code    18  stm32f10x_usart.o(.text)
    USART_ReceiverWakeUpCmd                  0x080052eb   Thumb Code    24  stm32f10x_usart.o(.text)
    USART_LINBreakDetectLengthConfig         0x08005303   Thumb Code    18  stm32f10x_usart.o(.text)
    USART_LINCmd                             0x08005315   Thumb Code    24  stm32f10x_usart.o(.text)
    USART_SendData                           0x0800532d   Thumb Code     8  stm32f10x_usart.o(.text)
    USART_ReceiveData                        0x08005335   Thumb Code    10  stm32f10x_usart.o(.text)
    USART_SendBreak                          0x0800533f   Thumb Code    10  stm32f10x_usart.o(.text)
    USART_SetGuardTime                       0x08005349   Thumb Code    16  stm32f10x_usart.o(.text)
    USART_SetPrescaler                       0x08005359   Thumb Code    16  stm32f10x_usart.o(.text)
    USART_SmartCardCmd                       0x08005369   Thumb Code    24  stm32f10x_usart.o(.text)
    USART_SmartCardNACKCmd                   0x08005381   Thumb Code    24  stm32f10x_usart.o(.text)
    USART_HalfDuplexCmd                      0x08005399   Thumb Code    24  stm32f10x_usart.o(.text)
    USART_OverSampling8Cmd                   0x080053b1   Thumb Code    22  stm32f10x_usart.o(.text)
    USART_OneBitMethodCmd                    0x080053c7   Thumb Code    24  stm32f10x_usart.o(.text)
    USART_IrDAConfig                         0x080053df   Thumb Code    18  stm32f10x_usart.o(.text)
    USART_IrDACmd                            0x080053f1   Thumb Code    24  stm32f10x_usart.o(.text)
    USART_GetFlagStatus                      0x08005409   Thumb Code    26  stm32f10x_usart.o(.text)
    USART_ClearFlag                          0x08005423   Thumb Code    18  stm32f10x_usart.o(.text)
    USART_GetITStatus                        0x08005435   Thumb Code    84  stm32f10x_usart.o(.text)
    USART_ClearITPendingBit                  0x08005489   Thumb Code    52  stm32f10x_usart.o(.text)
    OSTaskStkInit                            0x080054bd   Thumb Code   154  os_cpu_c.o(.text)
    OS_CPU_SR_Save                           0x08005559   Thumb Code     0  os_cpu_a.o(.text)
    OS_CPU_SR_Restore                        0x08005561   Thumb Code     0  os_cpu_a.o(.text)
    OSStartHighRdy                           0x08005567   Thumb Code     0  os_cpu_a.o(.text)
    OSCtxSw                                  0x08005589   Thumb Code     0  os_cpu_a.o(.text)
    OSIntCtxSw                               0x08005597   Thumb Code     0  os_cpu_a.o(.text)
    PendSV_Handler                           0x080055a7   Thumb Code     0  os_cpu_a.o(.text)
    GetZeroNum                               0x080055ed   Thumb Code     0  os_cpu_a.o(.text)
    GetRBIT16                                0x080055f3   Thumb Code     0  os_cpu_a.o(.text)
    BlxExternFun                             0x080055fd   Thumb Code     0  os_cpu_a.o(.text)
    delay_init                               0x08005631   Thumb Code   112  delay.o(.text)
    delay_us                                 0x080056a1   Thumb Code    70  delay.o(.text)
    delay_ms                                 0x080056e7   Thumb Code    44  delay.o(.text)
    sleep_ms                                 0x08005713   Thumb Code    58  delay.o(.text)
    RunTime_IRQHandler                       0x0800574d   Thumb Code    38  delay.o(.text)
    getSysRunTime                            0x08005773   Thumb Code     6  delay.o(.text)
    cpuBreakIRQ                              0x08005779   Thumb Code    46  delay.o(.text)
    SysTick_Handler                          0x080057a7   Thumb Code    70  delay.o(.text)
    os_fats_init                             0x0800581d   Thumb Code     8  os_fats.o(.text)
    mymemset                                 0x08005825   Thumb Code    20  os_mem.o(.text)
    mem_perused                              0x08005839   Thumb Code    44  os_mem.o(.text)
    mem_init                                 0x08005865   Thumb Code   196  os_mem.o(.text)
    os_mem_init                              0x08005929   Thumb Code     8  os_mem.o(.text)
    mymemcpy                                 0x08005931   Thumb Code    26  os_mem.o(.text)
    mem_malloc                               0x0800594b   Thumb Code   138  os_mem.o(.text)
    mem_free                                 0x080059d5   Thumb Code    74  os_mem.o(.text)
    myfree                                   0x08005a1f   Thumb Code    36  os_mem.o(.text)
    mymalloc                                 0x08005a43   Thumb Code    40  os_mem.o(.text)
    myrealloc                                0x08005a6b   Thumb Code    62  os_mem.o(.text)
    msgInit                                  0x08005ac1   Thumb Code    28  os_msg.o(.text)
    os_msg_init                              0x08005add   Thumb Code    10  os_msg.o(.text)
    find_messeg                              0x08005ae7   Thumb Code    38  os_msg.o(.text)
    send_messeg                              0x08005b0d   Thumb Code   150  os_msg.o(.text)
    get_messeg                               0x08005ba3   Thumb Code   124  os_msg.o(.text)
    wait_messeg                              0x08005c1f   Thumb Code   138  os_msg.o(.text)
    SetFocus                                 0x08005ca9   Thumb Code    18  os_msg.o(.text)
    GetFocus                                 0x08005cbb   Thumb Code     6  os_msg.o(.text)
    msgErrToStr                              0x08005cc1   Thumb Code    44  os_msg.o(.text)
    msgCopyMsg                               0x08005ced   Thumb Code    68  os_msg.o(.text)
    Msg_Send                                 0x08005d31   Thumb Code   354  os_msg.o(.text)
    Msg_Wait                                 0x08005e93   Thumb Code   444  os_msg.o(.text)
    Msg_Get                                  0x0800604f   Thumb Code   298  os_msg.o(.text)
    os_init                                  0x08006181   Thumb Code    20  os_sys.o(.text)
    os_task_init                             0x08006195   Thumb Code     8  os_task.o(.text)
    OS_TCBInit                               0x0800619d   Thumb Code    36  os_task.o(.text)
    CreateTaskN                              0x080061c1   Thumb Code   136  os_task.o(.text)
    CreateTask                               0x08006249   Thumb Code    84  os_task.o(.text)
    DeleteTask                               0x0800629d   Thumb Code    46  os_task.o(.text)
    GetTaskSize                              0x080062cb   Thumb Code    32  os_task.o(.text)
    GetTaskUsed                              0x080062eb   Thumb Code    42  os_task.o(.text)
    CheckTaskUsege                           0x08006315   Thumb Code   150  os_task.o(.text)
    CheckHighRdyTaskUsege                    0x080063ab   Thumb Code   134  os_task.o(.text)
    OSStart                                  0x08006431   Thumb Code    56  os_task.o(.text)
    Task_AddFree                             0x08006469   Thumb Code    66  os_task.o(.text)
    Task_DelFree                             0x080064ab   Thumb Code    54  os_task.o(.text)
    TaskPend                                 0x080064e1   Thumb Code    52  os_task.o(.text)
    TaskRepend                               0x08006515   Thumb Code    72  os_task.o(.text)
    ToggleTasks                              0x0800655d   Thumb Code    88  os_task.o(.text)
    TaskIntSendMsg                           0x080065b5   Thumb Code   138  os_task.o(.text)
    TaskSendMsg                              0x0800663f   Thumb Code    78  os_task.o(.text)
    TaskMsgZero                              0x0800668d   Thumb Code    30  os_task.o(.text)
    TaskGetMsg                               0x080066ab   Thumb Code    94  os_task.o(.text)
    OS_Enter_Onlyme                          0x08006709   Thumb Code    34  os_task.o(.text)
    OS_Exit_Onlyme                           0x0800672b   Thumb Code    48  os_task.o(.text)
    samestr                                  0x08006775   Thumb Code    46  my_fun.o(.text)
    str2num                                  0x080067a3   Thumb Code    40  my_fun.o(.text)
    getnumfstr                               0x080067cb   Thumb Code    80  my_fun.o(.text)
    str2nums                                 0x0800681b   Thumb Code   122  my_fun.o(.text)
    str2hex                                  0x08006895   Thumb Code   102  my_fun.o(.text)
    getStr                                   0x080068fb   Thumb Code    20  my_fun.o(.text)
    getChar                                  0x0800690f   Thumb Code     6  my_fun.o(.text)
    strlenByChar                             0x08006915   Thumb Code    36  my_fun.o(.text)
    findStr                                  0x08006939   Thumb Code    54  my_fun.o(.text)
    findPair                                 0x0800696f   Thumb Code   108  my_fun.o(.text)
    copy_data                                0x080069db   Thumb Code    24  my_fun.o(.text)
    getMemValue                              0x080069f3   Thumb Code    56  my_fun.o(.text)
    setMemValue                              0x08006a2b   Thumb Code    56  my_fun.o(.text)
    setMemU32                                0x08006a63   Thumb Code    46  my_fun.o(.text)
    getMemU32                                0x08006a91   Thumb Code    46  my_fun.o(.text)
    RTC_Get_Week                             0x08006ae7   Thumb Code   116  rtc.o(.text)
    Is_Leap_Year                             0x08006b5b   Thumb Code    58  rtc.o(.text)
    RTC_Get                                  0x08006b95   Thumb Code   240  rtc.o(.text)
    RTC_Set                                  0x08006c85   Thumb Code   184  rtc.o(.text)
    RTC_Init                                 0x08006d3d   Thumb Code   190  rtc.o(.text)
    RTC_IRQHandler                           0x08006dfb   Thumb Code    40  rtc.o(.text)
    RTC_GetTimeObj                           0x08006e23   Thumb Code     4  rtc.o(.text)
    RTC_SetTimeBySec                         0x08006e27   Thumb Code    34  rtc.o(.text)
    RTC_GetTimeBySec                         0x08006e49   Thumb Code     8  rtc.o(.text)
    IWDG_Init                                0x08006e6d   Thumb Code    54  iwdg.o(.text)
    IWDG_Feed                                0x08006ea3   Thumb Code     8  iwdg.o(.text)
    BEEP_Init                                0x08006ead   Thumb Code    56  beep.o(.text)
    Beep_Run                                 0x08006ee5   Thumb Code   236  beep.o(.text)
    Beep_Play                                0x08006fd1   Thumb Code   292  beep.o(.text)
    jianpu_end                               0x080070f5   Thumb Code     8  beep.o(.text)
    set_jianpu                               0x080070fd   Thumb Code    52  beep.o(.text)
    Load_song                                0x08007131   Thumb Code  1332  beep.o(.text)
    Load_song1                               0x08007665   Thumb Code  1966  beep.o(.text)
    Load_song2                               0x08007e13   Thumb Code  1658  beep.o(.text)
    Load_song3                               0x0800848d   Thumb Code  1870  beep.o(.text)
    Load_up                                  0x08008bdb   Thumb Code   102  beep.o(.text)
    Load_down                                0x08008c41   Thumb Code   102  beep.o(.text)
    Beep_Set_Multiple                        0x08008ca7   Thumb Code    36  beep.o(.text)
    Beep_End                                 0x08008ccb   Thumb Code    32  beep.o(.text)
    Beep_AutoOff_IRQ                         0x08008ceb   Thumb Code    34  beep.o(.text)
    Beep_On                                  0x08008d0d   Thumb Code    24  beep.o(.text)
    Beep_Off                                 0x08008d25   Thumb Code    18  beep.o(.text)
    KEY_IRQHandler                           0x08008d65   Thumb Code   538  key.o(.text)
    Key_Init                                 0x08008f7f   Thumb Code    46  key.o(.text)
    Get_Key                                  0x08008fad   Thumb Code    20  key.o(.text)
    Set_Key                                  0x08008fc1   Thumb Code    52  key.o(.text)
    USART2_IRQHandler                        0x08009005   Thumb Code   118  lcd.o(.text)
    LCD_SetFocus                             0x0800907b   Thumb Code     2  lcd.o(.text)
    LCD_Init                                 0x0800907d   Thumb Code   222  lcd.o(.text)
    LCD_Send_Data                            0x0800915b   Thumb Code    68  lcd.o(.text)
    LCD_Receive_Data                         0x0800919f   Thumb Code    56  lcd.o(.text)
    key_send                                 0x080091f5   Thumb Code   974  light.o(.text)
    key_reset                                0x080095c3   Thumb Code    18  light.o(.text)
    key_senddata                             0x080095d5   Thumb Code    66  light.o(.text)
    Light_init                               0x08009617   Thumb Code    88  light.o(.text)
    key_senddataby                           0x0800966f   Thumb Code    46  light.o(.text)
    key_getcolor                             0x0800969d   Thumb Code    38  light.o(.text)
    key_setcolor                             0x080096c3   Thumb Code    28  light.o(.text)
    key_resetall                             0x080096df   Thumb Code    34  light.o(.text)
    key_light                                0x08009701   Thumb Code    36  light.o(.text)
    key_around                               0x08009725   Thumb Code    32  light.o(.text)
    sm16703_reset                            0x08009745   Thumb Code    18  light.o(.text)
    sm16703_send                             0x08009757   Thumb Code  1008  light.o(.text)
    led_setcolor                             0x08009b47   Thumb Code    28  light.o(.text)
    led_getcolor                             0x08009b63   Thumb Code    38  light.o(.text)
    led_resetall                             0x08009b89   Thumb Code    34  light.o(.text)
    led_setall                               0x08009bab   Thumb Code    32  light.o(.text)
    led_senddata                             0x08009bcb   Thumb Code     2  light.o(.text)
    HC595_SendData                           0x08009bcd   Thumb Code     2  light.o(.text)
    on_light                                 0x08009bcf   Thumb Code    22  light.o(.text)
    off_light                                0x08009be5   Thumb Code    22  light.o(.text)
    GetLight_State                           0x08009bfb   Thumb Code    16  light.o(.text)
    Set_lightdata                            0x08009c0b   Thumb Code    24  light.o(.text)
    Get_lightdata                            0x08009c23   Thumb Code    24  light.o(.text)
    Run_Light                                0x08009c3b   Thumb Code   988  light.o(.text)
    light_setcolor                           0x0800a017   Thumb Code    22  light.o(.text)
    Relay_Init                               0x0800a051   Thumb Code    46  relay.o(.text)
    Relay_On                                 0x0800a07f   Thumb Code     8  relay.o(.text)
    Relay_Off                                0x0800a087   Thumb Code     8  relay.o(.text)
    _sys_exit                                0x0800a099   Thumb Code     8  rf.o(.text)
    _ttywrch                                 0x0800a0a1   Thumb Code     2  rf.o(.text)
    fputc                                    0x0800a0a3   Thumb Code    24  rf.o(.text)
    RF_Init                                  0x0800a0bb   Thumb Code   304  rf.o(.text)
    USART1_GetFlag                           0x0800a1eb   Thumb Code     6  rf.o(.text)
    RF_Get                                   0x0800a279   Thumb Code    56  rf.o(.text)
    Clear_Mycmd                              0x0800a2b1   Thumb Code    22  rf.o(.text)
    Get_Mycmd                                0x0800a2c7   Thumb Code    32  rf.o(.text)
    RF_GetCmd                                0x0800a2e7   Thumb Code   188  rf.o(.text)
    RF1_tx_bytes                             0x0800a3a3   Thumb Code    68  rf.o(.text)
    RF_SetChannel                            0x0800a3e7   Thumb Code   142  rf.o(.text)
    USART1_IRQHandler                        0x0800a475   Thumb Code   254  rf.o(.text)
    fats_state                               0x0800a591   Thumb Code     6  fats.o(.text)
    fats_init                                0x0800a597   Thumb Code   296  fats.o(.text)
    my_f_mount                               0x0800a6bf   Thumb Code    28  fats.o(.text)
    my_f_open                                0x0800a6db   Thumb Code    32  fats.o(.text)
    my_f_read                                0x0800a6fb   Thumb Code    42  fats.o(.text)
    my_f_lseek                               0x0800a725   Thumb Code    28  fats.o(.text)
    my_f_close                               0x0800a741   Thumb Code    24  fats.o(.text)
    my_f_opendir                             0x0800a759   Thumb Code    28  fats.o(.text)
    my_f_readdir                             0x0800a775   Thumb Code    28  fats.o(.text)
    my_f_stat                                0x0800a791   Thumb Code    28  fats.o(.text)
    my_f_write                               0x0800a7ad   Thumb Code    42  fats.o(.text)
    my_f_getfree                             0x0800a7d7   Thumb Code    32  fats.o(.text)
    my_f_truncate                            0x0800a7f7   Thumb Code    24  fats.o(.text)
    my_f_sync                                0x0800a80f   Thumb Code    24  fats.o(.text)
    my_f_unlink                              0x0800a827   Thumb Code    24  fats.o(.text)
    my_f_mkdir                               0x0800a83f   Thumb Code    24  fats.o(.text)
    my_f_chmod                               0x0800a857   Thumb Code    32  fats.o(.text)
    my_f_utime                               0x0800a877   Thumb Code    28  fats.o(.text)
    my_f_rename                              0x0800a893   Thumb Code    28  fats.o(.text)
    my_f_chdrive                             0x0800a8af   Thumb Code    24  fats.o(.text)
    my_f_chdir                               0x0800a8c7   Thumb Code    24  fats.o(.text)
    my_f_getcwd                              0x0800a8df   Thumb Code    28  fats.o(.text)
    my_f_forward                             0x0800a8fb   Thumb Code    42  fats.o(.text)
    my_f_mkfs                                0x0800a925   Thumb Code    32  fats.o(.text)
    my_f_fdisk                               0x0800a945   Thumb Code    32  fats.o(.text)
    my_f_putc                                0x0800a965   Thumb Code    94  fats.o(.text)
    my_f_puts                                0x0800a9c3   Thumb Code    30  fats.o(.text)
    my_f_gets                                0x0800a9e1   Thumb Code    32  fats.o(.text)
    SD_SPI_ReadWriteByte                     0x0800aa05   Thumb Code    12  mmc_sd.o(.text)
    SD_SPI_SpeedLow                          0x0800aa11   Thumb Code    10  mmc_sd.o(.text)
    SD_SPI_SpeedHigh                         0x0800aa1b   Thumb Code    10  mmc_sd.o(.text)
    SD_SPI_Init                              0x0800aa25   Thumb Code    56  mmc_sd.o(.text)
    SD_DisSelect                             0x0800aa5d   Thumb Code    16  mmc_sd.o(.text)
    SD_WaitReady                             0x0800aa6d   Thumb Code    34  mmc_sd.o(.text)
    SD_Select                                0x0800aa8f   Thumb Code    26  mmc_sd.o(.text)
    SD_GetResponse                           0x0800aaa9   Thumb Code    38  mmc_sd.o(.text)
    SD_RecvData                              0x0800aacf   Thumb Code    56  mmc_sd.o(.text)
    SD_SendBlock                             0x0800ab07   Thumb Code    82  mmc_sd.o(.text)
    SD_SendCmd                               0x0800ab59   Thumb Code   120  mmc_sd.o(.text)
    SD_GetCID                                0x0800abd1   Thumb Code    42  mmc_sd.o(.text)
    SD_GetCSD                                0x0800abfb   Thumb Code    42  mmc_sd.o(.text)
    SD_GetSectorCount                        0x0800ac25   Thumb Code   118  mmc_sd.o(.text)
    SD_Initialize                            0x0800ac9b   Thumb Code   398  mmc_sd.o(.text)
    SD_ReadDisk                              0x0800ae29   Thumb Code   112  mmc_sd.o(.text)
    SD_WriteDisk                             0x0800ae99   Thumb Code   140  mmc_sd.o(.text)
    SD_Reset                                 0x0800af25   Thumb Code    18  mmc_sd.o(.text)
    SPI2_ReadWriteByte                       0x0800af3d   Thumb Code    78  spi.o(.text)
    SPI2_Init                                0x0800af8b   Thumb Code   140  spi.o(.text)
    SPI2_SetSpeed                            0x0800b017   Thumb Code    36  spi.o(.text)
    STMFLASH_ReadHalfWord                    0x0800b045   Thumb Code     6  stmflash.o(.text)
    STMFLASH_Write_NoCheck                   0x0800b04b   Thumb Code    38  stmflash.o(.text)
    STMFLASH_Read                            0x0800b071   Thumb Code    46  stmflash.o(.text)
    STMFLASH_Write                           0x0800b09f   Thumb Code   534  stmflash.o(.text)
    Test_Write                               0x0800b2b5   Thumb Code    16  stmflash.o(.text)
    TimersInit                               0x0800b405   Thumb Code    16  timer.o(.text)
    addTimerIrq10ms                          0x0800b415   Thumb Code    36  timer.o(.text)
    delTimerIrq10ms                          0x0800b439   Thumb Code    38  timer.o(.text)
    addTimerIrq10us                          0x0800b45f   Thumb Code    36  timer.o(.text)
    delTimerIrq10us                          0x0800b483   Thumb Code    38  timer.o(.text)
    TIM2_IRQHandler                          0x0800b4a9   Thumb Code    38  timer.o(.text)
    TIM3_IRQHandler                          0x0800b4cf   Thumb Code    22  timer.o(.text)
    TIM4_IRQHandler                          0x0800b4e5   Thumb Code   184  timer.o(.text)
    W25Q_ReadWriteByte                       0x0800b5ad   Thumb Code    74  flash.o(.text)
    SPI_Flash_ReadID                         0x0800b5f7   Thumb Code    66  flash.o(.text)
    SPI_Flash_Init                           0x0800b639   Thumb Code    96  flash.o(.text)
    SPI_Flash_ReadSR                         0x0800b699   Thumb Code    38  flash.o(.text)
    SPI_FLASH_Write_SR                       0x0800b6bf   Thumb Code    34  flash.o(.text)
    SPI_FLASH_Write_Enable                   0x0800b6e1   Thumb Code    26  flash.o(.text)
    SPI_FLASH_Write_Disable                  0x0800b6fb   Thumb Code    26  flash.o(.text)
    SPI_Flash_Read                           0x0800b715   Thumb Code    86  flash.o(.text)
    SPI_Flash_Wait_Busy                      0x0800b76b   Thumb Code    18  flash.o(.text)
    SPI_Flash_Write_Page                     0x0800b77d   Thumb Code    80  flash.o(.text)
    SPI_Flash_Write_NoCheck                  0x0800b7cd   Thumb Code    66  flash.o(.text)
    SPI_Flash_Erase_Sector                   0x0800b80f   Thumb Code    64  flash.o(.text)
    SPI_Flash_Write                          0x0800b84f   Thumb Code   220  flash.o(.text)
    SPI_Flash_Erase_Chip                     0x0800b92b   Thumb Code    38  flash.o(.text)
    SPI_Flash_PowerDown                      0x0800b951   Thumb Code    32  flash.o(.text)
    SPI_Flash_WAKEUP                         0x0800b971   Thumb Code    32  flash.o(.text)
    SPI_Flash_GetType                        0x0800b991   Thumb Code    28  flash.o(.text)
    W5500_GPIO_Configuration                 0x0800b9ad   Thumb Code   128  w5500.o(.text)
    W5500_NVIC_Configuration                 0x0800ba2d   Thumb Code    32  w5500.o(.text)
    SPI_Configuration                        0x0800ba4d   Thumb Code   154  w5500.o(.text)
    SPI1_Send_Byte                           0x0800bae7   Thumb Code    28  w5500.o(.text)
    SPI1_Send_Short                          0x0800bb03   Thumb Code    28  w5500.o(.text)
    Write_W5500_1Byte                        0x0800bb1f   Thumb Code    42  w5500.o(.text)
    Write_W5500_2Byte                        0x0800bb49   Thumb Code    42  w5500.o(.text)
    Write_W5500_nByte                        0x0800bb73   Thumb Code    62  w5500.o(.text)
    Write_W5500_SOCK_1Byte                   0x0800bbb1   Thumb Code    54  w5500.o(.text)
    Write_W5500_SOCK_2Byte                   0x0800bbe7   Thumb Code    54  w5500.o(.text)
    Write_W5500_SOCK_4Byte                   0x0800bc1d   Thumb Code    80  w5500.o(.text)
    Read_W5500_1Byte                         0x0800bc6d   Thumb Code    58  w5500.o(.text)
    Read_W5500_SOCK_1Byte                    0x0800bca7   Thumb Code    70  w5500.o(.text)
    Read_W5500_SOCK_2Byte                    0x0800bced   Thumb Code    94  w5500.o(.text)
    Read_SOCK_Data_Buffer                    0x0800bd4b   Thumb Code   302  w5500.o(.text)
    Write_SOCK_Data_Buffer                   0x0800be79   Thumb Code   210  w5500.o(.text)
    Delay                                    0x0800bf4b   Thumb Code    12  w5500.o(.text)
    W5500_Hardware_Reset                     0x0800bf57   Thumb Code    56  w5500.o(.text)
    W5500_Init                               0x0800bf8f   Thumb Code   176  w5500.o(.text)
    Socket_Init                              0x0800c03f   Thumb Code   102  w5500.o(.text)
    Socket_Connect                           0x0800c0a5   Thumb Code    70  w5500.o(.text)
    Socket_Listen                            0x0800c0eb   Thumb Code   102  w5500.o(.text)
    Socket_UDP                               0x0800c151   Thumb Code    60  w5500.o(.text)
    W5500_Socket_Set                         0x0800c18d   Thumb Code     2  w5500.o(.text)
    Load_Net_Parameters                      0x0800c18f   Thumb Code    90  w5500.o(.text)
    W5500_Initialization                     0x0800c1e9   Thumb Code    30  w5500.o(.text)
    EXTI4_IRQHandler                         0x0800c207   Thumb Code    26  w5500.o(.text)
    W5500_IRQ                                0x0800c221   Thumb Code   442  w5500.o(.text)
    getSocketState                           0x0800c3db   Thumb Code     8  w5500.o(.text)
    delSocketState                           0x0800c3e3   Thumb Code    12  w5500.o(.text)
    checkSocketState                         0x0800c3ef   Thumb Code    28  w5500.o(.text)
    checkNetstate                            0x0800c40b   Thumb Code    28  w5500.o(.text)
    checkSocketStateN                        0x0800c427   Thumb Code    18  w5500.o(.text)
    USART1_SetFocus                          0x0800c449   Thumb Code    10  hard_irq.o(.text)
    USART1_GetFocus                          0x0800c453   Thumb Code     6  hard_irq.o(.text)
    USART2_SetFocus                          0x0800c459   Thumb Code    10  hard_irq.o(.text)
    USART2_GetFocus                          0x0800c463   Thumb Code     6  hard_irq.o(.text)
    SOCKET0_SetFocus                         0x0800c469   Thumb Code    10  hard_irq.o(.text)
    SOCKET1_SetFocus                         0x0800c473   Thumb Code    10  hard_irq.o(.text)
    SOCKET2_SetFocus                         0x0800c47d   Thumb Code    10  hard_irq.o(.text)
    SOCKET3_SetFocus                         0x0800c487   Thumb Code    10  hard_irq.o(.text)
    SOCKET4_SetFocus                         0x0800c491   Thumb Code    10  hard_irq.o(.text)
    SOCKET5_SetFocus                         0x0800c49b   Thumb Code    10  hard_irq.o(.text)
    SOCKET6_SetFocus                         0x0800c4a5   Thumb Code    10  hard_irq.o(.text)
    SOCKET7_SetFocus                         0x0800c4af   Thumb Code    10  hard_irq.o(.text)
    SOCKET0_GetFocus                         0x0800c4b9   Thumb Code     6  hard_irq.o(.text)
    SOCKET1_GetFocus                         0x0800c4bf   Thumb Code     6  hard_irq.o(.text)
    SOCKET2_GetFocus                         0x0800c4c5   Thumb Code     6  hard_irq.o(.text)
    SOCKET3_GetFocus                         0x0800c4cb   Thumb Code     6  hard_irq.o(.text)
    SOCKET4_GetFocus                         0x0800c4d1   Thumb Code     6  hard_irq.o(.text)
    SOCKET5_GetFocus                         0x0800c4d7   Thumb Code     6  hard_irq.o(.text)
    SOCKET6_GetFocus                         0x0800c4dd   Thumb Code     6  hard_irq.o(.text)
    SOCKET7_GetFocus                         0x0800c4e3   Thumb Code     6  hard_irq.o(.text)
    mqtt_connect                             0x0800c511   Thumb Code   294  baidu_iot.o(.text)
    mqtt_keepalive                           0x0800c637   Thumb Code   130  baidu_iot.o(.text)
    mqtt_publish                             0x0800c6b9   Thumb Code   178  baidu_iot.o(.text)
    creat_baidujson                          0x0800c76b   Thumb Code   122  baidu_iot.o(.text)
    Get_Crc16                                0x0800c801   Thumb Code    46  crc8_16.o(.text)
    Get_Crc8                                 0x0800c82f   Thumb Code    56  crc8_16.o(.text)
    GetCfgData                               0x0800c871   Thumb Code     4  data_map.o(.text)
    Save_Config                              0x0800c875   Thumb Code    20  data_map.o(.text)
    Load_Config                              0x0800c889   Thumb Code   132  data_map.o(.text)
    getLcdCfgData                            0x0800c90d   Thumb Code     6  data_map.o(.text)
    Save_LCD                                 0x0800c913   Thumb Code    22  data_map.o(.text)
    Load_LCD                                 0x0800c929   Thumb Code   138  data_map.o(.text)
    Updata_DeviceNum                         0x0800c9b3   Thumb Code   124  data_map.o(.text)
    GetDeviceType                            0x0800ca2f   Thumb Code    62  data_map.o(.text)
    GetDeviceState                           0x0800ca6d   Thumb Code    66  data_map.o(.text)
    GetDeviceNum                             0x0800caaf   Thumb Code    56  data_map.o(.text)
    GetNextDeviceaddr                        0x0800cae7   Thumb Code    78  data_map.o(.text)
    Get_MyIP                                 0x0800cb35   Thumb Code    12  data_map.o(.text)
    setNativeIP                              0x0800cb41   Thumb Code    22  data_map.o(.text)
    setNativePort                            0x0800cb57   Thumb Code    14  data_map.o(.text)
    setServerIP                              0x0800cb65   Thumb Code    24  data_map.o(.text)
    setServerPort                            0x0800cb7d   Thumb Code    14  data_map.o(.text)
    setGatewayIP                             0x0800cb8b   Thumb Code    26  data_map.o(.text)
    setSubMask                               0x0800cba5   Thumb Code    26  data_map.o(.text)
    Get_MyChanel                             0x0800cbbf   Thumb Code    12  data_map.o(.text)
    Set_MyChanel                             0x0800cbcb   Thumb Code    24  data_map.o(.text)
    Set_MyIP                                 0x0800cbe3   Thumb Code    50  data_map.o(.text)
    Set_Device                               0x0800cc15   Thumb Code   114  data_map.o(.text)
    GetCJDataAddr                            0x0800cc87   Thumb Code     4  data_map.o(.text)
    Get_MyAddr                               0x0800cc8b   Thumb Code    10  data_map.o(.text)
    Set_MyAddr                               0x0800cc95   Thumb Code    12  data_map.o(.text)
    addDevAddr                               0x0800cca1   Thumb Code   106  data_map.o(.text)
    delDevAddr                               0x0800cd0b   Thumb Code   222  data_map.o(.text)
    clearDev                                 0x0800cde9   Thumb Code    26  data_map.o(.text)
    dbg_getdevname                           0x0800ce03   Thumb Code    22  data_map.o(.text)
    getAutoCtrlFrequency                     0x0800ce19   Thumb Code    12  data_map.o(.text)
    setAutoCtrlFrequency                     0x0800ce25   Thumb Code    16  data_map.o(.text)
    getAutoCtrlAmount                        0x0800ce35   Thumb Code    12  data_map.o(.text)
    setAutoCtrlAmount                        0x0800ce41   Thumb Code    24  data_map.o(.text)
    getWarnTolerance                         0x0800ce59   Thumb Code    12  data_map.o(.text)
    setWarnTolerance                         0x0800ce65   Thumb Code    24  data_map.o(.text)
    setMyName                                0x0800ce7d   Thumb Code    44  data_map.o(.text)
    getMyName                                0x0800cea9   Thumb Code    12  data_map.o(.text)
    getDhcpState                             0x0800ceb5   Thumb Code    12  data_map.o(.text)
    setDhcpState                             0x0800cec1   Thumb Code    32  data_map.o(.text)
    getWkServerConnect                       0x0800cee1   Thumb Code    12  data_map.o(.text)
    setWkServerConnect                       0x0800ceed   Thumb Code    32  data_map.o(.text)
    Lcd_GetHandstate                         0x0800cf0d   Thumb Code    10  data_map.o(.text)
    Lcd_SetHandstate                         0x0800cf17   Thumb Code    12  data_map.o(.text)
    Lcd_GetLimitData                         0x0800cf23   Thumb Code    22  data_map.o(.text)
    Lcd_SetLimitData                         0x0800cf39   Thumb Code    20  data_map.o(.text)
    dhcp_discover                            0x0800cf55   Thumb Code   532  dhcp.o(.text)
    nest_Options                             0x0800d169   Thumb Code    22  dhcp.o(.text)
    dhcp_request                             0x0800d17f   Thumb Code   778  dhcp.o(.text)
    dhcp_ask                                 0x0800d489   Thumb Code   178  dhcp.o(.text)
    dhcp_retry                               0x0800d53b   Thumb Code   228  dhcp.o(.text)
    dns_makequery                            0x0800d669   Thumb Code   194  dns.o(.text)
    parse_name                               0x0800d72b   Thumb Code   216  dns.o(.text)
    dns_question                             0x0800d803   Thumb Code    38  dns.o(.text)
    dns_answer                               0x0800d829   Thumb Code   252  dns.o(.text)
    parseMSG                                 0x0800d925   Thumb Code   222  dns.o(.text)
    dns_query                                0x0800da03   Thumb Code   186  dns.o(.text)
    set_ntp_serverip                         0x0800dac1   Thumb Code    16  enternet.o(.text)
    set_dns_serverip                         0x0800dad1   Thumb Code    16  enternet.o(.text)
    udp_send                                 0x0800dae1   Thumb Code    76  enternet.o(.text)
    udp_init                                 0x0800db2d   Thumb Code    74  enternet.o(.text)
    tcp_connect                              0x0800db77   Thumb Code   182  enternet.o(.text)
    tcp_send                                 0x0800dc2d   Thumb Code    30  enternet.o(.text)
    tcp_close                                0x0800dc4b   Thumb Code    26  enternet.o(.text)
    udp_close                                0x0800dc65   Thumb Code    56  enternet.o(.text)
    socket_recv                              0x0800dc9d   Thumb Code    26  enternet.o(.text)
    net_wailt_sended                         0x0800dcb7   Thumb Code    34  enternet.o(.text)
    net_get_comstate                         0x0800dcd9   Thumb Code    14  enternet.o(.text)
    net_set_getway                           0x0800dce7   Thumb Code    16  enternet.o(.text)
    net_set_sub_mask                         0x0800dcf7   Thumb Code    16  enternet.o(.text)
    net_set_myip                             0x0800dd07   Thumb Code    16  enternet.o(.text)
    net_set_disip                            0x0800dd17   Thumb Code    58  enternet.o(.text)
    net_init                                 0x0800dd51   Thumb Code    24  enternet.o(.text)
    net_sysboot_init                         0x0800dd69   Thumb Code    22  enternet.o(.text)
    net_get_phycstate                        0x0800dd7f   Thumb Code    14  enternet.o(.text)
    net_check_gateway                        0x0800dd8d   Thumb Code   208  enternet.o(.text)
    net_check_parameters                     0x0800de5d   Thumb Code   108  enternet.o(.text)
    net_test                                 0x0800dec9   Thumb Code    60  enternet.o(.text)
    read_config                              0x0800df19   Thumb Code    88  file.o(.text)
    write_config                             0x0800df71   Thumb Code    88  file.o(.text)
    read_json                                0x0800dfc9   Thumb Code   274  file.o(.text)
    run_sysinit                              0x0800e0db   Thumb Code   120  file.o(.text)
    cJSON_GetErrorPtr                        0x0800e195   Thumb Code     6  cjson.o(.text)
    cJSON_InitHooks                          0x0800e20f   Thumb Code    48  cjson.o(.text)
    cJSON_Delete                             0x0800e259   Thumb Code    74  cjson.o(.text)
    cJSON_ParseWithOpts                      0x0800ec11   Thumb Code    96  cjson.o(.text)
    cJSON_Parse                              0x0800ec71   Thumb Code    16  cjson.o(.text)
    cJSON_Print                              0x0800f0f3   Thumb Code    16  cjson.o(.text)
    cJSON_PrintUnformatted                   0x0800f103   Thumb Code    16  cjson.o(.text)
    cJSON_GetArraySize                       0x0800f113   Thumb Code    18  cjson.o(.text)
    cJSON_GetArrayItem                       0x0800f125   Thumb Code    18  cjson.o(.text)
    cJSON_GetObjectItem                      0x0800f137   Thumb Code    30  cjson.o(.text)
    cJSON_AddItemToArray                     0x0800f18b   Thumb Code    42  cjson.o(.text)
    cJSON_AddItemToObject                    0x0800f1b5   Thumb Code    44  cjson.o(.text)
    cJSON_AddItemReferenceToArray            0x0800f1e1   Thumb Code    24  cjson.o(.text)
    cJSON_AddItemReferenceToObject           0x0800f1f9   Thumb Code    32  cjson.o(.text)
    cJSON_DetachItemFromArray                0x0800f219   Thumb Code    66  cjson.o(.text)
    cJSON_DeleteItemFromArray                0x0800f25b   Thumb Code    22  cjson.o(.text)
    cJSON_DetachItemFromObject               0x0800f271   Thumb Code    50  cjson.o(.text)
    cJSON_DeleteItemFromObject               0x0800f2a3   Thumb Code    22  cjson.o(.text)
    cJSON_ReplaceItemInArray                 0x0800f2b9   Thumb Code    90  cjson.o(.text)
    cJSON_ReplaceItemInObject                0x0800f313   Thumb Code    62  cjson.o(.text)
    cJSON_CreateNull                         0x0800f351   Thumb Code    18  cjson.o(.text)
    cJSON_CreateTrue                         0x0800f363   Thumb Code    18  cjson.o(.text)
    cJSON_CreateFalse                        0x0800f375   Thumb Code    18  cjson.o(.text)
    cJSON_CreateBool                         0x0800f387   Thumb Code    26  cjson.o(.text)
    cJSON_CreateNumber                       0x0800f3a1   Thumb Code    36  cjson.o(.text)
    cJSON_CreateString                       0x0800f3c5   Thumb Code    28  cjson.o(.text)
    cJSON_CreateArray                        0x0800f3e1   Thumb Code    18  cjson.o(.text)
    cJSON_CreateObject                       0x0800f3f3   Thumb Code    18  cjson.o(.text)
    cJSON_CreateIntArray                     0x0800f405   Thumb Code    68  cjson.o(.text)
    cJSON_CreateFloatArray                   0x0800f449   Thumb Code    68  cjson.o(.text)
    cJSON_CreateDoubleArray                  0x0800f48d   Thumb Code    68  cjson.o(.text)
    cJSON_CreateStringArray                  0x0800f4d1   Thumb Code    62  cjson.o(.text)
    cJSON_Duplicate                          0x0800f50f   Thumb Code   172  cjson.o(.text)
    cJSON_Minify                             0x0800f5bb   Thumb Code   186  cjson.o(.text)
    PingCalculationDelayIRQ                  0x0800f675   Thumb Code    12  ping.o(.text)
    ping_reply                               0x0800f681   Thumb Code    90  ping.o(.text)
    checksum                                 0x0800f6db   Thumb Code    64  ping.o(.text)
    ping_request                             0x0800f71b   Thumb Code   140  ping.o(.text)
    ping_auto                                0x0800f7a7   Thumb Code   214  ping.o(.text)
    Sys_Init                                 0x0800f889   Thumb Code    44  power.o(.text)
    SysPowerOn                               0x0800f8b5   Thumb Code    20  power.o(.text)
    SysPowerOff                              0x0800f8c9   Thumb Code    42  power.o(.text)
    server_send_data                         0x0800f8fd   Thumb Code   172  wk_json.o(.text)
    server_read_data                         0x0800f9a9   Thumb Code   168  wk_json.o(.text)
    json_return                              0x0800fa51   Thumb Code   336  wk_json.o(.text)
    json_ping                                0x0800fba1   Thumb Code    60  wk_json.o(.text)
    json_version                             0x0800fbdd   Thumb Code   576  wk_json.o(.text)
    json_startdown                           0x0800fe1d   Thumb Code   292  wk_json.o(.text)
    json_startup                             0x0800ff41   Thumb Code   290  wk_json.o(.text)
    json_mode                                0x08010063   Thumb Code   200  wk_json.o(.text)
    json_close                               0x0801012b   Thumb Code   390  wk_json.o(.text)
    json_start                               0x080102b1   Thumb Code   302  wk_json.o(.text)
    json_setting                             0x080103df   Thumb Code   244  wk_json.o(.text)
    recv_json                                0x080104d3   Thumb Code   320  wk_json.o(.text)
    json_cheek                               0x08010613   Thumb Code    62  wk_json.o(.text)
    server_data                              0x08010651   Thumb Code    66  wk_json.o(.text)
    serch_server                             0x08010693   Thumb Code   234  wk_json.o(.text)
    json_get_devicname                       0x0801077d   Thumb Code    52  wk_json.o(.text)
    send_json_kz                             0x080107b1   Thumb Code   772  wk_json.o(.text)
    send_json_cj                             0x08010ab5   Thumb Code   710  wk_json.o(.text)
    send_json                                0x08010d7b   Thumb Code    72  wk_json.o(.text)
    send_json_adddevice                      0x08010dc3   Thumb Code   714  wk_json.o(.text)
    json_setto                               0x0801108d   Thumb Code     2  wk_json.o(.text)
    json_alarm                               0x0801108f   Thumb Code     2  wk_json.o(.text)
    send_json_warn                           0x08011091   Thumb Code   530  wk_json.o(.text)
    send_json_limit                          0x080112a3   Thumb Code   588  wk_json.o(.text)
    cmd_flash_read                           0x0801151d   Thumb Code    38  cmd.o(.text)
    cmd_flash_write                          0x08011543   Thumb Code    38  cmd.o(.text)
    cmd_return                               0x08011569   Thumb Code   136  cmd.o(.text)
    data_real                                0x080115f1   Thumb Code    32  cmd.o(.text)
    cheeckflash                              0x08011611   Thumb Code    40  cmd.o(.text)
    writting_flash                           0x08011639   Thumb Code   394  cmd.o(.text)
    write_flash                              0x080117c3   Thumb Code   248  cmd.o(.text)
    read_flash                               0x080118bb   Thumb Code     2  cmd.o(.text)
    cmd_0x05                                 0x080118bd   Thumb Code    62  cmd.o(.text)
    Get_cmd                                  0x080118fb   Thumb Code   106  cmd.o(.text)
    dbg_send_udp                             0x08011999   Thumb Code    30  debug.o(.text)
    dbg_err                                  0x080119b7   Thumb Code    18  debug.o(.text)
    dbg_run                                  0x080119c9   Thumb Code   112  debug.o(.text)
    dbg_fun                                  0x08011a39   Thumb Code   154  debug.o(.text)
    dbg_mem                                  0x08011ad3   Thumb Code   458  debug.o(.text)
    dbg_key                                  0x08011c9d   Thumb Code  1080  debug.o(.text)
    dbg_find                                 0x080120d5   Thumb Code   162  debug.o(.text)
    dbg_whos                                 0x08012177   Thumb Code    66  debug.o(.text)
    dbg_ntp                                  0x080121b9   Thumb Code    82  debug.o(.text)
    dbg_ping                                 0x0801220b   Thumb Code   122  debug.o(.text)
    dbg_task                                 0x08012285   Thumb Code   210  debug.o(.text)
    dbg_mqtt                                 0x08012357   Thumb Code    62  debug.o(.text)
    dbg_set_adddev                           0x08012395   Thumb Code  1228  debug.o(.text)
    dbg_set                                  0x08012861   Thumb Code  3030  debug.o(.text)
    dbg_getip                                0x08013437   Thumb Code   106  debug.o(.text)
    dbg_copydata                             0x080134a1   Thumb Code   176  debug.o(.text)
    dbg_oche                                 0x08013551   Thumb Code    62  debug.o(.text)
    dbg_reboot                               0x0801358f   Thumb Code    20  debug.o(.text)
    dbg_getdevstate                          0x080135a3   Thumb Code   146  debug.o(.text)
    dbg_devconfig                            0x08013635   Thumb Code   154  debug.o(.text)
    dbg_help                                 0x080136cf   Thumb Code  1258  debug.o(.text)
    dbg_info                                 0x08013bb9   Thumb Code  1884  debug.o(.text)
    dbg_Interpreter                          0x08014315   Thumb Code   356  debug.o(.text)
    cmd_send                                 0x08014479   Thumb Code    24  debug.o(.text)
    cmd_byudp                                0x08014491   Thumb Code    34  debug.o(.text)
    my_debug                                 0x080144b3   Thumb Code   136  debug.o(.text)
    dbg_booting                              0x0801453b   Thumb Code    44  debug.o(.text)
    dbg_print                                0x08014567   Thumb Code    22  debug.o(.text)
    ntp_gettime                              0x08014731   Thumb Code   248  ntp.o(.text)
    findSemicolon                            0x08014829   Thumb Code   190  cscript.o(.text)
    addVariable                              0x080148e7   Thumb Code   122  cscript.o(.text)
    cheVariable                              0x08014961   Thumb Code   144  cscript.o(.text)
    findVariable                             0x080149f1   Thumb Code    76  cscript.o(.text)
    getVariable                              0x08014a3d   Thumb Code    74  cscript.o(.text)
    findFunAddr                              0x08014a87   Thumb Code    50  cscript.o(.text)
    runFunction                              0x08014ab9   Thumb Code   436  cscript.o(.text)
    checkStrType                             0x08014c6d   Thumb Code   360  cscript.o(.text)
    runCScript                               0x08014dd5   Thumb Code   190  cscript.o(.text)
    judgeIf                                  0x08014e93   Thumb Code   146  cscript.o(.text)
    loopWhile                                0x08014f25   Thumb Code    92  cscript.o(.text)
    checkCategory                            0x08014f81   Thumb Code   852  cscript.o(.text)
    alculation                               0x080152d5   Thumb Code   668  cscript.o(.text)
    getFunNameByIndex                        0x08015571   Thumb Code    12  cscript.o(.text)
    taskmsg_deal                             0x08015581   Thumb Code   192  my_topmsg.o(.text)
    soft_timer_run                           0x08015641   Thumb Code    40  my_topmsg.o(.text)
    key_deal                                 0x08015669   Thumb Code   710  my_topmsg.o(.text)
    addSoftTimerIrq10ms                      0x0801592f   Thumb Code    40  my_topmsg.o(.text)
    soft_timer_irq                           0x08015957   Thumb Code    14  my_topmsg.o(.text)
    load_test_cfg                            0x08015965   Thumb Code   274  my_topmsg.o(.text)
    my_topmsg                                0x08015a77   Thumb Code   154  my_topmsg.o(.text)
    delSoftTimerIrq10ms                      0x08015b11   Thumb Code    42  my_topmsg.o(.text)
    Into_Senior                              0x08015b45   Thumb Code    44  my_lcd.o(.text)
    lcd_sleep                                0x08015b71   Thumb Code    56  my_lcd.o(.text)
    lcd_chan_state                           0x08015ba9   Thumb Code    20  my_lcd.o(.text)
    AutoCtr                                  0x08015bbd   Thumb Code    48  my_lcd.o(.text)
    Time_Set                                 0x08015bed   Thumb Code   730  my_lcd.o(.text)
    BUT_PM                                   0x08015ec7   Thumb Code    52  my_lcd.o(.text)
    BUT_DOWN_HUMI                            0x08015efb   Thumb Code    90  my_lcd.o(.text)
    BUT_UP_HUMI                              0x08015f55   Thumb Code    54  my_lcd.o(.text)
    BUT_DOWN_TEMP                            0x08015f8b   Thumb Code    50  my_lcd.o(.text)
    BUT_UP_TEMP                              0x08015fbd   Thumb Code    52  my_lcd.o(.text)
    Auto_sleep                               0x08015ff1   Thumb Code    68  my_lcd.o(.text)
    Set_Save                                 0x08016035   Thumb Code   730  my_lcd.o(.text)
    Hand_Set_Init                            0x0801630f   Thumb Code   158  my_lcd.o(.text)
    lcd_set_data                             0x080163ad   Thumb Code    28  my_lcd.o(.text)
    Set_Init                                 0x080163c9   Thumb Code   320  my_lcd.o(.text)
    lcd_gettime                              0x08016509   Thumb Code   144  my_lcd.o(.text)
    lcd_timetosleep                          0x08016599   Thumb Code   220  my_lcd.o(.text)
    lcd_beep                                 0x08016675   Thumb Code    44  my_lcd.o(.text)
    lcd_dataUp                               0x080166a1   Thumb Code    98  my_lcd.o(.text)
    lcd_page                                 0x08016703   Thumb Code    16  my_lcd.o(.text)
    lcd_messeg_03                            0x08016713   Thumb Code   390  my_lcd.o(.text)
    lcd_messeg_02                            0x08016899   Thumb Code   420  my_lcd.o(.text)
    my_lcd_init                              0x08016a3d   Thumb Code    48  my_lcd.o(.text)
    my_lcd                                   0x08016a6d   Thumb Code   376  my_lcd.o(.text)
    LCD_tosleep                              0x08016be5   Thumb Code   116  my_lcd.o(.text)
    LCD_tolight                              0x08016c59   Thumb Code   128  my_lcd.o(.text)
    Device_state_see                         0x08016cd9   Thumb Code   430  my_rf.o(.text)
    Updata_devicestate                       0x08016e87   Thumb Code   110  my_rf.o(.text)
    Cmd_0x03                                 0x08016ef5   Thumb Code   254  my_rf.o(.text)
    CheckId                                  0x08016ff3   Thumb Code    50  my_rf.o(.text)
    yt_newstate                              0x08017025   Thumb Code   144  my_rf.o(.text)
    get_newstate                             0x080170b5   Thumb Code   102  my_rf.o(.text)
    rf_hand                                  0x0801711b   Thumb Code   664  my_rf.o(.text)
    rf_send                                  0x080173b3   Thumb Code   376  my_rf.o(.text)
    loushui_warn                             0x0801752b   Thumb Code    66  my_rf.o(.text)
    rf_cjq_deal                              0x0801756d   Thumb Code   190  my_rf.o(.text)
    rf_cjq_to_data                           0x0801762b   Thumb Code   392  my_rf.o(.text)
    rf_deverr                                0x080177b3   Thumb Code    64  my_rf.o(.text)
    Cmd_0x01                                 0x080177f3   Thumb Code   220  my_rf.o(.text)
    rf_loop                                  0x080178cf   Thumb Code   522  my_rf.o(.text)
    my_rf_loop                               0x08017ad9   Thumb Code   168  my_rf.o(.text)
    my_rf_hand                               0x08017b81   Thumb Code   770  my_rf.o(.text)
    my_rf_deal                               0x08017e83   Thumb Code   438  my_rf.o(.text)
    Cmd_0x06                                 0x08018039   Thumb Code   222  my_rf.o(.text)
    Cmd_0x07                                 0x08018117   Thumb Code   248  my_rf.o(.text)
    send_warn                                0x0801820f   Thumb Code    66  my_autocontrol.o(.text)
    ctrl_air                                 0x08018251   Thumb Code   246  my_autocontrol.o(.text)
    ctrl_humi                                0x08018347   Thumb Code   576  my_autocontrol.o(.text)
    ctrl_temp                                0x08018587   Thumb Code   548  my_autocontrol.o(.text)
    my_autocontrol                           0x080187ab   Thumb Code   178  my_autocontrol.o(.text)
    sendColorData                            0x0801885d   Thumb Code    20  my_light.o(.text)
    light_runto                              0x08018871   Thumb Code   426  my_light.o(.text)
    led_lightall                             0x08018a1b   Thumb Code   108  my_light.o(.text)
    led_light                                0x08018a87   Thumb Code   350  my_light.o(.text)
    led_run                                  0x08018be5   Thumb Code   456  my_light.o(.text)
    my_light                                 0x08018dad   Thumb Code   168  my_light.o(.text)
    light_run                                0x08018e55   Thumb Code   176  my_light.o(.text)
    cfg_retern                               0x08018f35   Thumb Code   140  my_cfg.o(.text)
    cfg_0x09                                 0x08018fc1   Thumb Code    64  my_cfg.o(.text)
    cfg_0x08                                 0x08019001   Thumb Code   142  my_cfg.o(.text)
    cfg_0x07                                 0x0801908f   Thumb Code    66  my_cfg.o(.text)
    exit_cfg                                 0x080190d1   Thumb Code    50  my_cfg.o(.text)
    into_cfg                                 0x08019103   Thumb Code    56  my_cfg.o(.text)
    cfg_0x06                                 0x0801913b   Thumb Code   180  my_cfg.o(.text)
    cfg_0x01                                 0x080191ef   Thumb Code   208  my_cfg.o(.text)
    cfg_msg                                  0x080192bf   Thumb Code    60  my_cfg.o(.text)
    my_cfg                                   0x080192fb   Thumb Code   300  my_cfg.o(.text)
    rf_cfg                                   0x08019427   Thumb Code   172  my_cfg.o(.text)
    cfg_getstate                             0x080194d3   Thumb Code     6  my_cfg.o(.text)
    idle_task                                0x080194dd   Thumb Code   118  my_idle.o(.text)
    getIdleTask                              0x08019553   Thumb Code     6  my_idle.o(.text)
    getKilledTask                            0x08019559   Thumb Code    18  my_idle.o(.text)
    err_to_str                               0x0801957d   Thumb Code    86  my_messeg.o(.text)
    wk_client                                0x080196e9   Thumb Code   236  my_w5500.o(.text)
    check_server_data                        0x080197d5   Thumb Code    36  my_w5500.o(.text)
    sys_test                                 0x080197f9   Thumb Code    42  my_w5500.o(.text)
    w5500_rest_timer_irq                     0x08019823   Thumb Code    12  my_w5500.o(.text)
    my_w5500                                 0x0801982f   Thumb Code   162  my_w5500.o(.text)
    MQTTSerialize_connectLength              0x080198f5   Thumb Code   118  mqttconnectclient.o(.text)
    MQTTSerialize_connect                    0x0801996b   Thumb Code   342  mqttconnectclient.o(.text)
    MQTTDeserialize_connack                  0x08019ac1   Thumb Code   118  mqttconnectclient.o(.text)
    MQTTSerialize_zero                       0x08019b37   Thumb Code    76  mqttconnectclient.o(.text)
    MQTTSerialize_disconnect                 0x08019b83   Thumb Code    18  mqttconnectclient.o(.text)
    MQTTSerialize_pingreq                    0x08019b95   Thumb Code    18  mqttconnectclient.o(.text)
    MQTTPacket_encode                        0x08019bb9   Thumb Code    54  mqttpacket.o(.text)
    MQTTPacket_decode                        0x08019bef   Thumb Code    88  mqttpacket.o(.text)
    MQTTPacket_len                           0x08019c47   Thumb Code    34  mqttpacket.o(.text)
    bufchar                                  0x08019c69   Thumb Code    36  mqttpacket.o(.text)
    MQTTPacket_decodeBuf                     0x08019c8d   Thumb Code    22  mqttpacket.o(.text)
    readInt                                  0x08019ca3   Thumb Code    26  mqttpacket.o(.text)
    readChar                                 0x08019cbd   Thumb Code    14  mqttpacket.o(.text)
    writeChar                                0x08019ccb   Thumb Code    12  mqttpacket.o(.text)
    writeInt                                 0x08019cd7   Thumb Code    48  mqttpacket.o(.text)
    writeCString                             0x08019d07   Thumb Code    40  mqttpacket.o(.text)
    getLenStringLen                          0x08019d2f   Thumb Code    18  mqttpacket.o(.text)
    writeMQTTString                          0x08019d41   Thumb Code    62  mqttpacket.o(.text)
    readMQTTLenString                        0x08019d7f   Thumb Code    58  mqttpacket.o(.text)
    MQTTstrlen                               0x08019db9   Thumb Code    24  mqttpacket.o(.text)
    MQTTPacket_equals                        0x08019dd1   Thumb Code    66  mqttpacket.o(.text)
    MQTTPacket_read                          0x08019e13   Thumb Code   102  mqttpacket.o(.text)
    MQTTPacket_readnb                        0x08019ee1   Thumb Code   204  mqttpacket.o(.text)
    MQTTSerialize_publishLength              0x08019fb5   Thumb Code    34  mqttserializepublish.o(.text)
    MQTTSerialize_publish                    0x08019fd7   Thumb Code   176  mqttserializepublish.o(.text)
    MQTTSerialize_ack                        0x0801a087   Thumb Code   114  mqttserializepublish.o(.text)
    MQTTSerialize_puback                     0x0801a0f9   Thumb Code    24  mqttserializepublish.o(.text)
    MQTTSerialize_pubrel                     0x0801a111   Thumb Code    26  mqttserializepublish.o(.text)
    MQTTSerialize_pubcomp                    0x0801a12b   Thumb Code    24  mqttserializepublish.o(.text)
    __use_no_semihosting                     0x0801a143   Thumb Code     2  use_no_semi_2.o(.text)
    tolower                                  0x0801a145   Thumb Code    26  tolower.o(.text)
    __2sprintf                               0x0801a161   Thumb Code    38  __2sprintf.o(.text)
    _printf_pre_padding                      0x0801a18d   Thumb Code    44  _printf_pad.o(.text)
    _printf_post_padding                     0x0801a1b9   Thumb Code    34  _printf_pad.o(.text)
    _printf_str                              0x0801a1db   Thumb Code    82  _printf_str.o(.text)
    _printf_int_dec                          0x0801a22d   Thumb Code   104  _printf_dec.o(.text)
    _printf_int_hex                          0x0801a2a5   Thumb Code    84  _printf_hex_int.o(.text)
    _printf_longlong_hex                     0x0801a2a5   Thumb Code     0  _printf_hex_int.o(.text)
    __printf                                 0x0801a2fd   Thumb Code   308  __printf_flags_wp.o(.text)
    srand                                    0x0801a435   Thumb Code    42  rand.o(.text)
    _rand_init                               0x0801a45f   Thumb Code     4  rand.o(.text)
    strchr                                   0x0801a471   Thumb Code    20  strchr.o(.text)
    strcpy                                   0x0801a485   Thumb Code    72  strcpy.o(.text)
    strlen                                   0x0801a4cd   Thumb Code    62  strlen.o(.text)
    strncmp                                  0x0801a50b   Thumb Code   150  strncmp.o(.text)
    __aeabi_memcpy                           0x0801a5a1   Thumb Code     0  rt_memcpy_v6.o(.text)
    __rt_memcpy                              0x0801a5a1   Thumb Code   138  rt_memcpy_v6.o(.text)
    _memcpy_lastbytes                        0x0801a607   Thumb Code     0  rt_memcpy_v6.o(.text)
    __aeabi_memcpy4                          0x0801a62b   Thumb Code     0  rt_memcpy_w.o(.text)
    __aeabi_memcpy8                          0x0801a62b   Thumb Code     0  rt_memcpy_w.o(.text)
    __rt_memcpy_w                            0x0801a62b   Thumb Code   100  rt_memcpy_w.o(.text)
    _memcpy_lastbytes_aligned                0x0801a673   Thumb Code     0  rt_memcpy_w.o(.text)
    __aeabi_memclr                           0x0801a68f   Thumb Code     0  rt_memclr.o(.text)
    __rt_memclr                              0x0801a68f   Thumb Code    68  rt_memclr.o(.text)
    _memset                                  0x0801a693   Thumb Code     0  rt_memclr.o(.text)
    __aeabi_memclr4                          0x0801a6d3   Thumb Code     0  rt_memclr_w.o(.text)
    __aeabi_memclr8                          0x0801a6d3   Thumb Code     0  rt_memclr_w.o(.text)
    __rt_memclr_w                            0x0801a6d3   Thumb Code    78  rt_memclr_w.o(.text)
    _memset_w                                0x0801a6d7   Thumb Code     0  rt_memclr_w.o(.text)
    strncpy                                  0x0801a721   Thumb Code    86  strncpy.o(.text)
    strcmp                                   0x0801a779   Thumb Code   128  strcmpv7m.o(.text)
    __use_two_region_memory                  0x0801a7f9   Thumb Code     2  heapauxi.o(.text)
    __rt_heap_escrow$2region                 0x0801a7fb   Thumb Code     2  heapauxi.o(.text)
    __rt_heap_expand$2region                 0x0801a7fd   Thumb Code     2  heapauxi.o(.text)
    __I$use$semihosting                      0x0801a7ff   Thumb Code     0  use_no_semi.o(.text)
    __use_no_semihosting_swi                 0x0801a7ff   Thumb Code     2  use_no_semi.o(.text)
    __rt_ctype_table                         0x0801a801   Thumb Code    16  rt_ctype_table.o(.text)
    __read_errno                             0x0801a811   Thumb Code    10  _rserrno.o(.text)
    __set_errno                              0x0801a81b   Thumb Code    12  _rserrno.o(.text)
    _printf_int_common                       0x0801a827   Thumb Code   178  _printf_intcommon.o(.text)
    __lib_sel_fp_printf                      0x0801a8d9   Thumb Code     2  _printf_fp_dec.o(.text)
    _printf_fp_dec_real                      0x0801aa87   Thumb Code   620  _printf_fp_dec.o(.text)
    _printf_char_common                      0x0801acff   Thumb Code    32  _printf_char_common.o(.text)
    _sputc                                   0x0801ad25   Thumb Code    10  _sputc.o(.text)
    _printf_cs_common                        0x0801ad2f   Thumb Code    20  _printf_char.o(.text)
    _printf_char                             0x0801ad43   Thumb Code    16  _printf_char.o(.text)
    _printf_string                           0x0801ad53   Thumb Code     8  _printf_char.o(.text)
    __rt_locale                              0x0801ad5d   Thumb Code     8  rt_locale_intlibspace.o(.text)
    __aeabi_errno_addr                       0x0801ad65   Thumb Code     8  rt_errno_addr_intlibspace.o(.text)
    __errno$intlibspace                      0x0801ad65   Thumb Code     0  rt_errno_addr_intlibspace.o(.text)
    __rt_errno_addr$intlibspace              0x0801ad65   Thumb Code     0  rt_errno_addr_intlibspace.o(.text)
    _ll_udiv10                               0x0801ad6d   Thumb Code   138  lludiv10.o(.text)
    _printf_fp_infnan                        0x0801adf9   Thumb Code   112  _printf_fp_infnan.o(.text)
    _btod_etento                             0x0801ae79   Thumb Code   216  bigflt0.o(.text)
    __user_libspace                          0x0801af55   Thumb Code     8  libspace.o(.text)
    __user_perproc_libspace                  0x0801af55   Thumb Code     0  libspace.o(.text)
    __user_perthread_libspace                0x0801af55   Thumb Code     0  libspace.o(.text)
    __user_setup_stackheap                   0x0801af5d   Thumb Code    74  sys_stackheap_outer.o(.text)
    exit                                     0x0801afa7   Thumb Code    12  exit.o(.text)
    _btod_d2e                                0x0801afb3   Thumb Code    62  btod.o(CL$$btod_d2e)
    _d2e_denorm_low                          0x0801aff1   Thumb Code    70  btod.o(CL$$btod_d2e_denorm_low)
    _d2e_norm_op1                            0x0801b037   Thumb Code    96  btod.o(CL$$btod_d2e_norm_op1)
    __btod_div_common                        0x0801b097   Thumb Code   696  btod.o(CL$$btod_div_common)
    _e2e                                     0x0801b3cf   Thumb Code   198  btod.o(CL$$btod_e2e)
    _btod_ediv                               0x0801b495   Thumb Code    40  btod.o(CL$$btod_ediv)
    _btod_emul                               0x0801b4bd   Thumb Code    40  btod.o(CL$$btod_emul)
    __btod_mult_common                       0x0801b4e5   Thumb Code   580  btod.o(CL$$btod_mult_common)
    __ARM_fpclassify                         0x0801b729   Thumb Code    40  fpclassify.o(i.__ARM_fpclassify)
    __kernel_poly                            0x0801b751   Thumb Code   170  poly.o(i.__kernel_poly)
    __mathlib_dbl_divzero                    0x0801b7fd   Thumb Code    12  dunder.o(i.__mathlib_dbl_divzero)
    __mathlib_dbl_infnan2                    0x0801b80d   Thumb Code     4  dunder.o(i.__mathlib_dbl_infnan2)
    __mathlib_dbl_invalid                    0x0801b811   Thumb Code    12  dunder.o(i.__mathlib_dbl_invalid)
    __mathlib_dbl_overflow                   0x0801b81d   Thumb Code    14  dunder.o(i.__mathlib_dbl_overflow)
    __mathlib_dbl_underflow                  0x0801b82d   Thumb Code    10  dunder.o(i.__mathlib_dbl_underflow)
    _is_digit                                0x0801b83d   Thumb Code    14  __printf_wp.o(i._is_digit)
    floor                                    0x0801b84d   Thumb Code   204  floor.o(i.floor)
    pow                                      0x0801b929   Thumb Code  2478  pow.o(i.pow)
    sqrt                                     0x0801c2e1   Thumb Code    76  sqrt.o(i.sqrt)
    _get_lc_ctype                            0x0801c32d   Thumb Code    44  lc_ctype_c.o(locale$$code)
    _get_lc_numeric                          0x0801c359   Thumb Code    44  lc_numeric_c.o(locale$$code)
    __aeabi_d2f                              0x0801c385   Thumb Code     0  d2f.o(x$fpl$d2f)
    _d2f                                     0x0801c385   Thumb Code    98  d2f.o(x$fpl$d2f)
    __aeabi_dadd                             0x0801c3e9   Thumb Code     0  daddsub_clz.o(x$fpl$dadd)
    _dadd                                    0x0801c3e9   Thumb Code   332  daddsub_clz.o(x$fpl$dadd)
    __fpl_dcheck_NaN1                        0x0801c539   Thumb Code    10  dcheck1.o(x$fpl$dcheck1)
    __fpl_dcmp_Inf                           0x0801c549   Thumb Code    24  dcmpi.o(x$fpl$dcmpinf)
    __aeabi_ddiv                             0x0801c561   Thumb Code     0  ddiv.o(x$fpl$ddiv)
    _ddiv                                    0x0801c561   Thumb Code   552  ddiv.o(x$fpl$ddiv)
    __aeabi_d2iz                             0x0801c811   Thumb Code     0  dfix.o(x$fpl$dfix)
    _dfix                                    0x0801c811   Thumb Code    94  dfix.o(x$fpl$dfix)
    __aeabi_i2d                              0x0801c86f   Thumb Code     0  dflt_clz.o(x$fpl$dflt)
    _dflt                                    0x0801c86f   Thumb Code    46  dflt_clz.o(x$fpl$dflt)
    __aeabi_ui2d                             0x0801c89d   Thumb Code     0  dflt_clz.o(x$fpl$dfltu)
    _dfltu                                   0x0801c89d   Thumb Code    38  dflt_clz.o(x$fpl$dfltu)
    __aeabi_cdcmple                          0x0801c8c5   Thumb Code     0  dleqf.o(x$fpl$dleqf)
    _dcmple                                  0x0801c8c5   Thumb Code   120  dleqf.o(x$fpl$dleqf)
    __fpl_dcmple_InfNaN                      0x0801c927   Thumb Code     0  dleqf.o(x$fpl$dleqf)
    __aeabi_dmul                             0x0801c93d   Thumb Code     0  dmul.o(x$fpl$dmul)
    _dmul                                    0x0801c93d   Thumb Code   332  dmul.o(x$fpl$dmul)
    __fpl_dnaninf                            0x0801ca91   Thumb Code   156  dnaninf.o(x$fpl$dnaninf)
    __fpl_dretinf                            0x0801cb2d   Thumb Code    12  dretinf.o(x$fpl$dretinf)
    __aeabi_cdrcmple                         0x0801cb39   Thumb Code     0  drleqf.o(x$fpl$drleqf)
    _drcmple                                 0x0801cb39   Thumb Code   108  drleqf.o(x$fpl$drleqf)
    __aeabi_drsub                            0x0801cba5   Thumb Code     0  daddsub_clz.o(x$fpl$drsb)
    _drsb                                    0x0801cba5   Thumb Code    22  daddsub_clz.o(x$fpl$drsb)
    _dsqrt                                   0x0801cbbd   Thumb Code   456  dsqrt_noumaal.o(x$fpl$dsqrt)
    __aeabi_dsub                             0x0801cd89   Thumb Code     0  daddsub_clz.o(x$fpl$dsub)
    _dsub                                    0x0801cd89   Thumb Code   464  daddsub_clz.o(x$fpl$dsub)
    __aeabi_f2d                              0x0801cf5d   Thumb Code     0  f2d.o(x$fpl$f2d)
    _f2d                                     0x0801cf5d   Thumb Code    86  f2d.o(x$fpl$f2d)
    __aeabi_fadd                             0x0801cfb5   Thumb Code     0  faddsub_clz.o(x$fpl$fadd)
    _fadd                                    0x0801cfb5   Thumb Code   196  faddsub_clz.o(x$fpl$fadd)
    __fpl_fcmp_Inf                           0x0801d079   Thumb Code    24  fcmpi.o(x$fpl$fcmpinf)
    __aeabi_f2uiz                            0x0801d091   Thumb Code     0  ffixu.o(x$fpl$ffixu)
    _ffixu                                   0x0801d091   Thumb Code    62  ffixu.o(x$fpl$ffixu)
    __aeabi_i2f                              0x0801d0d1   Thumb Code     0  fflt_clz.o(x$fpl$fflt)
    _fflt                                    0x0801d0d1   Thumb Code    48  fflt_clz.o(x$fpl$fflt)
    __aeabi_ui2f                             0x0801d101   Thumb Code     0  fflt_clz.o(x$fpl$ffltu)
    _ffltu                                   0x0801d101   Thumb Code    38  fflt_clz.o(x$fpl$ffltu)
    __aeabi_cfcmple                          0x0801d129   Thumb Code     0  fleqf.o(x$fpl$fleqf)
    _fcmple                                  0x0801d129   Thumb Code   104  fleqf.o(x$fpl$fleqf)
    __fpl_fcmple_InfNaN                      0x0801d17b   Thumb Code     0  fleqf.o(x$fpl$fleqf)
    __aeabi_fmul                             0x0801d191   Thumb Code     0  fmul.o(x$fpl$fmul)
    _fmul                                    0x0801d191   Thumb Code   258  fmul.o(x$fpl$fmul)
    __fpl_fnaninf                            0x0801d293   Thumb Code   140  fnaninf.o(x$fpl$fnaninf)
    __fpl_fretinf                            0x0801d31f   Thumb Code    10  fretinf.o(x$fpl$fretinf)
    __aeabi_cfrcmple                         0x0801d329   Thumb Code     0  frleqf.o(x$fpl$frleqf)
    _frcmple                                 0x0801d329   Thumb Code    98  frleqf.o(x$fpl$frleqf)
    __aeabi_fsub                             0x0801d38d   Thumb Code     0  faddsub_clz.o(x$fpl$fsub)
    _fsub                                    0x0801d38d   Thumb Code   234  faddsub_clz.o(x$fpl$fsub)
    _printf_fp_dec                           0x0801d477   Thumb Code     4  printf1.o(x$fpl$printf1)
    __fpl_return_NaN                         0x0801d47b   Thumb Code   100  retnan.o(x$fpl$retnan)
    __ARM_scalbn                             0x0801d4df   Thumb Code    92  scalbn.o(x$fpl$scalbn)
    __fpl_cmpreturn                          0x0801d53b   Thumb Code    48  trapv.o(x$fpl$trapveneer)
    __I$use$fp                               0x0801d56a   Number         0  usenofp.o(x$fpl$usenofp)
    FUN_LIST                                 0x0801d56c   Data        1472  fun_list.o(.constdata)
    table_week                               0x0801db2c   Data          12  rtc.o(.constdata)
    mon_table                                0x0801db38   Data          12  rtc.o(.constdata)
    auchCRCHi                                0x0801dbac   Data         256  crc8_16.o(.constdata)
    auchCRCLo                                0x0801dcac   Data         256  crc8_16.o(.constdata)
    devicename                               0x0801ddac   Data          64  data_map.o(.constdata)
    warn_char                                0x0801ddf3   Data          56  wk_json.o(.constdata)
    __mathlib_zero                           0x0801df08   Data           8  qnan.o(.constdata)
    Region$$Table$$Base                      0x0801ee3c   Number         0  anon$$obj.o(Region$$Table)
    Region$$Table$$Limit                     0x0801ee5c   Number         0  anon$$obj.o(Region$$Table)
    __ctype                                  0x0801ee69   Data           0  lc_ctype_c.o(locale$$data)
    SystemCoreClock                          0x20000004   Data           4  system_stm32f10x.o(.data)
    AHBPrescTable                            0x20000008   Data          16  system_stm32f10x.o(.data)
    memtblsize                               0x20000038   Data           4  os_mem.o(.data)
    memblksize                               0x2000003c   Data           4  os_mem.o(.data)
    memsize                                  0x20000040   Data           4  os_mem.o(.data)
    INPUT_FOCUS                              0x20000044   Data           1  os_msg.o(.data)
    OSRunning                                0x20000048   Data           4  os_task.o(.data)
    OSPrioCur                                0x2000004c   Data           4  os_task.o(.data)
    OSPrioHighRdy                            0x20000050   Data           4  os_task.o(.data)
    OSTCBCur                                 0x20000054   Data           4  os_task.o(.data)
    OSTCBHighRdy                             0x20000058   Data           4  os_task.o(.data)
    OSIntNesting                             0x2000005c   Data           4  os_task.o(.data)
    OSIntExit                                0x20000060   Data           4  os_task.o(.data)
    OSTaskSwHook                             0x20000064   Data           4  os_task.o(.data)
    OS_ONLYME                                0x20000068   Data           1  os_task.o(.data)
    TASK_Free                                0x2000006c   Data           4  os_task.o(.data)
    ONLYME_PRO                               0x20000070   Data           1  os_task.o(.data)
    LIGHT_RUN_PTR                            0x200000bc   Data           4  light.o(.data)
    RED_LIGHT                                0x200000c0   Data           1  light.o(.data)
    GREEN_LIGHT                              0x200000c1   Data           1  light.o(.data)
    BLUE_LIGHT                               0x200000c2   Data           1  light.o(.data)
    USART_RX_STA                             0x200000d0   Data           2  rf.o(.data)
    __stdout                                 0x200000d8   Data           4  rf.o(.data)
    fatfs                                    0x200000e0   Data           8  fats.o(.data)
    file                                     0x200000e8   Data           4  fats.o(.data)
    ftemp                                    0x200000ec   Data           4  fats.o(.data)
    file_br                                  0x200000f0   Data           4  fats.o(.data)
    file_bw                                  0x200000f4   Data           4  fats.o(.data)
    file_buf                                 0x200000f8   Data           4  fats.o(.data)
    FATS_STATE                               0x200000fc   Data           1  fats.o(.data)
    DBG_FATS                                 0x200000fd   Data           1  fats.o(.data)
    SD_Type                                  0x200000fe   Data           1  mmc_sd.o(.data)
    Phy_Addr                                 0x20000106   Data           6  w5500.o(.data)
    RF_FOCUS                                 0x20000115   Data           1  hard_irq.o(.data)
    LCD_FOCUS                                0x20000116   Data           1  hard_irq.o(.data)
    SOCKET0_FOCUS                            0x20000117   Data           1  hard_irq.o(.data)
    SOCKET1_FOCUS                            0x20000118   Data           1  hard_irq.o(.data)
    SOCKET2_FOCUS                            0x20000119   Data           1  hard_irq.o(.data)
    SOCKET3_FOCUS                            0x2000011a   Data           1  hard_irq.o(.data)
    SOCKET4_FOCUS                            0x2000011b   Data           1  hard_irq.o(.data)
    SOCKET5_FOCUS                            0x2000011c   Data           1  hard_irq.o(.data)
    SOCKET6_FOCUS                            0x2000011d   Data           1  hard_irq.o(.data)
    SOCKET7_FOCUS                            0x2000011e   Data           1  hard_irq.o(.data)
    MQTT_IP                                  0x2000011f   Data           4  baidu_iot.o(.data)
    Transaction                              0x2000014c   Data           4  dhcp.o(.data)
    Sub_Mask                                 0x20000156   Data           4  enternet.o(.data)
    IP_Addr                                  0x2000015a   Data           4  enternet.o(.data)
    Gateway_IP                               0x2000015e   Data           4  enternet.o(.data)
    DNS_SERVER                               0x20000162   Data           4  enternet.o(.data)
    NTP_SERVER                               0x20000166   Data           4  enternet.o(.data)
    SERVER_IP                                0x2000016a   Data           4  enternet.o(.data)
    SERVER_PORT                              0x2000016e   Data           2  enternet.o(.data)
    DBG_COPY_TO_S1CK                         0x20000182   Data           1  wk_json.o(.data)
    p_Flash_Write                            0x20000194   Data           4  cmd.o(.data)
    p_Flash_Read                             0x20000198   Data           4  cmd.o(.data)
    dbg_sendstr                              0x200001a0   Data           4  debug.o(.data)
    DBG_IP                                   0x200001a8   Data           4  debug.o(.data)
    DBG_PORT                                 0x200001ac   Data           2  debug.o(.data)
    soft_timer_10ms                          0x200001c0   Data           4  my_topmsg.o(.data)
    LCD_PAGE                                 0x200001d6   Data           6  my_lcd.o(.data)
    LCD_STATE                                0x200001dc   Data           8  my_lcd.o(.data)
    LCD_SET_DATA                             0x200001e4   Data           8  my_lcd.o(.data)
    LCD_GET_DATA                             0x200001ec   Data           7  my_lcd.o(.data)
    needUpData                               0x200001f8   Data           1  my_light.o(.data)
    IN_CFG                                   0x20000224   Data           1  my_cfg.o(.data)
    IDLE                                     0x20000228   Data           4  my_idle.o(.data)
    DBG_INTER_STATE                          0x2000022c   Data           1  my_w5500.o(.data)
    my_keytack                               0x20000240   Data         512  main.o(.bss)
    my_lcdtack                               0x20000440   Data         512  main.o(.bss)
    rf_looptack                              0x20000640   Data        1024  main.o(.bss)
    my_lighttack                             0x20000a40   Data         512  main.o(.bss)
    my_w5500tack                             0x20000c40   Data        1024  main.o(.bss)
    my_autotack                              0x20001040   Data         512  main.o(.bss)
    my_idletack                              0x20001240   Data        1024  main.o(.bss)
    mallco_dev                               0x20001640   Data          20  os_mem.o(.bss)
    my_messeg                                0x20001654   Data         720  os_msg.o(.bss)
    TCB_Table                                0x20001924   Data        1024  os_task.o(.bss)
    USART_RX_BUF                             0x20001df4   Data          50  rf.o(.bss)
    MY_CMD                                   0x20001e26   Data          58  rf.o(.bss)
    key_color                                0x20002058   Data          18  my_topmsg.o(.bss)
    LASTTIME                                 0x2000206c   Data         128  my_idle.o(.bss)
    IDLETIMES                                0x200020ec   Data          64  my_idle.o(.bss)
    _random_number_data                      0x2000212c   Data         228  rand.o(.bss)
    __libspace_start                         0x20002210   Data          96  libspace.o(.bss)
    __temporary_stack_top$libspace           0x20002270   Data           0  libspace.o(.bss)



==============================================================================

Image component sizes


      Code (inc. data)   RO Data    RW Data    ZI Data      Debug   

     95930       9634       6332        568       8432     635898   Object Totals
         0          0         32          0          0          0   (incl. Generated)
         6          0          5         23          6          0   (incl. Padding)
     13698        734        656          0        324       7880   Library Totals
        36          0          7          0          0          0   (incl. Padding)

==============================================================================


      Code (inc. data)   RO Data    RW Data    ZI Data      Debug   

    109628      10368       6988        568       8756     632334   Grand Totals
    109628      10368       6988        144       8756     632334   ELF Image Totals (compressed)
    109628      10368       6988        144          0          0   ROM Totals

==============================================================================

    Total RO  Size (Code + RO Data)               116616 ( 113.88kB)
    Total RW  Size (RW Data + ZI Data)              9324 (   9.11kB)
    Total ROM Size (Code + RO Data + RW Data)     116760 ( 114.02kB)

==============================================================================

