Component: ARM Compiler 5.05 update 1 (build 106) Tool: armlink [4d0efa]

==============================================================================

Image Symbol Table

    Local Symbols

    Symbol Name                              Value     Ov Type        Size  Object(Section)

    ../clib/angel/boardlib.s                 0x00000000   Number         0  boardinit3.o ABSOLUTE
    ../clib/angel/boardlib.s                 0x00000000   Number         0  boardinit2.o ABSOLUTE
    ../clib/angel/boardlib.s                 0x00000000   Number         0  boardinit1.o ABSOLUTE
    ../clib/angel/boardlib.s                 0x00000000   Number         0  boardshut.o ABSOLUTE
    ../clib/angel/dczerorl2.s                0x00000000   Number         0  __dczerorl2.o ABSOLUTE
    ../clib/angel/handlers.s                 0x00000000   Number         0  __scatter_zi.o ABSOLUTE
    ../clib/angel/kernel.s                   0x00000000   Number         0  rtexit.o ABSOLUTE
    ../clib/angel/kernel.s                   0x00000000   Number         0  rtexit2.o ABSOLUTE
    ../clib/angel/kernel.s                   0x00000000   Number         0  __rtentry.o ABSOLUTE
    ../clib/angel/kernel.s                   0x00000000   Number         0  __rtentry4.o ABSOLUTE
    ../clib/angel/kernel.s                   0x00000000   Number         0  __rtentry2.o ABSOLUTE
    ../clib/angel/rt.s                       0x00000000   Number         0  rt_ctype_table.o ABSOLUTE
    ../clib/angel/rt.s                       0x00000000   Number         0  rt_locale_intlibspace.o ABSOLUTE
    ../clib/angel/rt.s                       0x00000000   Number         0  rt_errno_addr_intlibspace.o ABSOLUTE
    ../clib/angel/rt.s                       0x00000000   Number         0  rt_locale.o ABSOLUTE
    ../clib/angel/rt.s                       0x00000000   Number         0  rt_errno_addr.o ABSOLUTE
    ../clib/angel/rt.s                       0x00000000   Number         0  rt_raise.o ABSOLUTE
    ../clib/angel/scatter.s                  0x00000000   Number         0  __scatter.o ABSOLUTE
    ../clib/angel/startup.s                  0x00000000   Number         0  __main.o ABSOLUTE
    ../clib/angel/sys.s                      0x00000000   Number         0  libspace.o ABSOLUTE
    ../clib/angel/sys.s                      0x00000000   Number         0  sys_stackheap_outer.o ABSOLUTE
    ../clib/angel/sys.s                      0x00000000   Number         0  use_no_semi.o ABSOLUTE
    ../clib/angel/sys.s                      0x00000000   Number         0  use_no_semi_2.o ABSOLUTE
    ../clib/angel/sys.s                      0x00000000   Number         0  indicate_semi.o ABSOLUTE
    ../clib/angel/sysapp.c                   0x00000000   Number         0  sys_command.o ABSOLUTE
    ../clib/armsys.c                         0x00000000   Number         0  _get_argv_nomalloc.o ABSOLUTE
    ../clib/armsys.c                         0x00000000   Number         0  no_argv.o ABSOLUTE
    ../clib/armsys.c                         0x00000000   Number         0  argv_veneer.o ABSOLUTE
    ../clib/armsys.c                         0x00000000   Number         0  argv_veneer.o ABSOLUTE
    ../clib/bigflt.c                         0x00000000   Number         0  bigflt0.o ABSOLUTE
    ../clib/btod.s                           0x00000000   Number         0  btod.o ABSOLUTE
    ../clib/ctype.c                          0x00000000   Number         0  tolower.o ABSOLUTE
    ../clib/fenv.c                           0x00000000   Number         0  _rserrno.o ABSOLUTE
    ../clib/heapalloc.c                      0x00000000   Number         0  hrguard.o ABSOLUTE
    ../clib/heapaux.c                        0x00000000   Number         0  heapauxi.o ABSOLUTE
    ../clib/libinit.s                        0x00000000   Number         0  libshutdown.o ABSOLUTE
    ../clib/libinit.s                        0x00000000   Number         0  libshutdown2.o ABSOLUTE
    ../clib/libinit.s                        0x00000000   Number         0  libinit.o ABSOLUTE
    ../clib/libinit.s                        0x00000000   Number         0  libinit2.o ABSOLUTE
    ../clib/locale.s                         0x00000000   Number         0  lc_ctype_c.o ABSOLUTE
    ../clib/locale.s                         0x00000000   Number         0  lc_numeric_c.o ABSOLUTE
    ../clib/longlong.s                       0x00000000   Number         0  lludiv10.o ABSOLUTE
    ../clib/memcpset.s                       0x00000000   Number         0  rt_memcpy_v6.o ABSOLUTE
    ../clib/memcpset.s                       0x00000000   Number         0  strcmpv7m.o ABSOLUTE
    ../clib/memcpset.s                       0x00000000   Number         0  rt_memclr_w.o ABSOLUTE
    ../clib/memcpset.s                       0x00000000   Number         0  rt_memcpy_w.o ABSOLUTE
    ../clib/memcpset.s                       0x00000000   Number         0  strncpy.o ABSOLUTE
[...]
    PWR_WakeUpPinCmd                         0x080039e9   Thumb Code     8  stm32f10x_pwr.o(.text)
    PWR_EnterSTOPMode                        0x080039f1   Thumb Code    54  stm32f10x_pwr.o(.text)
    PWR_EnterSTANDBYMode                     0x08003a27   Thumb Code    42  stm32f10x_pwr.o(.text)
    PWR_GetFlagStatus                        0x08003a51   Thumb Code    20  stm32f10x_pwr.o(.text)
    PWR_ClearFlag                            0x08003a65   Thumb Code    14  stm32f10x_pwr.o(.text)
    RCC_DeInit                               0x08003a81   Thumb Code    64  stm32f10x_rcc.o(.text)
    RCC_HSEConfig                            0x08003ac1   Thumb Code    70  stm32f10x_rcc.o(.text)
    RCC_GetFlagStatus                        0x08003b07   Thumb Code    56  stm32f10x_rcc.o(.text)
    RCC_WaitForHSEStartUp                    0x08003b3f   Thumb Code    56  stm32f10x_rcc.o(.text)
    RCC_AdjustHSICalibrationValue            0x08003b77   Thumb Code    20  stm32f10x_rcc.o(.text)
    RCC_HSICmd                               0x08003b8b   Thumb Code     6  stm32f10x_rcc.o(.text)
    RCC_PLLConfig                            0x08003b91   Thumb Code    24  stm32f10x_rcc.o(.text)
    RCC_PLLCmd                               0x08003ba9   Thumb Code     6  stm32f10x_rcc.o(.text)
    RCC_SYSCLKConfig                         0x08003baf   Thumb Code    18  stm32f10x_rcc.o(.text)
    RCC_GetSYSCLKSource                      0x08003bc1   Thumb Code    10  stm32f10x_rcc.o(.text)
    RCC_HCLKConfig                           0x08003bcb   Thumb Code    18  stm32f10x_rcc.o(.text)
    RCC_PCLK1Config                          0x08003bdd   Thumb Code    18  stm32f10x_rcc.o(.text)
    RCC_PCLK2Config                          0x08003bef   Thumb Code    20  stm32f10x_rcc.o(.text)
    RCC_ITConfig                             0x08003c03   Thumb Code    26  stm32f10x_rcc.o(.text)
    RCC_USBCLKConfig                         0x08003c1d   Thumb Code     8  stm32f10x_rcc.o(.text)
    RCC_ADCCLKConfig                         0x08003c25   Thumb Code    18  stm32f10x_rcc.o(.text)
    RCC_LSEConfig                            0x08003c37   Thumb Code    50  stm32f10x_rcc.o(.text)
    RCC_LSICmd                               0x08003c69   Thumb Code     6  stm32f10x_rcc.o(.text)
    RCC_RTCCLKConfig                         0x08003c6f   Thumb Code    12  stm32f10x_rcc.o(.text)
    RCC_RTCCLKCmd                            0x08003c7b   Thumb Code     8  stm32f10x_rcc.o(.text)
    RCC_GetClocksFreq                        0x08003c83   Thumb Code   192  stm32f10x_rcc.o(.text)
    RCC_AHBPeriphClockCmd                    0x08003d43   Thumb Code    26  stm32f10x_rcc.o(.text)
    RCC_APB2PeriphClockCmd                   0x08003d5d   Thumb Code    26  stm32f10x_rcc.o(.text)
    RCC_APB1PeriphClockCmd                   0x08003d77   Thumb Code    26  stm32f10x_rcc.o(.text)
    RCC_APB2PeriphResetCmd                   0x08003d91   Thumb Code    26  stm32f10x_rcc.o(.text)
    RCC_APB1PeriphResetCmd                   0x08003dab   Thumb Code    26  stm32f10x_rcc.o(.text)
    RCC_BackupResetCmd                       0x08003dc5   Thumb Code     8  stm32f10x_rcc.o(.text)
    RCC_ClockSecuritySystemCmd               0x08003dcd   Thumb Code     6  stm32f10x_rcc.o(.text)
    RCC_MCOConfig                            0x08003dd3   Thumb Code     6  stm32f10x_rcc.o(.text)
    RCC_ClearFlag                            0x08003dd9   Thumb Code    14  stm32f10x_rcc.o(.text)
    RCC_GetITStatus                          0x08003de7   Thumb Code    20  stm32f10x_rcc.o(.text)
    RCC_ClearITPendingBit                    0x08003dfb   Thumb Code     6  stm32f10x_rcc.o(.text)
    RTC_ITConfig                             0x08003e25   Thumb Code    26  stm32f10x_rtc.o(.text)
    RTC_EnterConfigMode                      0x08003e3f   Thumb Code    18  stm32f10x_rtc.o(.text)
    RTC_ExitConfigMode                       0x08003e51   Thumb Code    20  stm32f10x_rtc.o(.text)
    RTC_GetCounter                           0x08003e65   Thumb Code    18  stm32f10x_rtc.o(.text)
    RTC_SetCounter                           0x08003e77   Thumb Code    26  stm32f10x_rtc.o(.text)
    RTC_SetPrescaler                         0x08003e91   Thumb Code    28  stm32f10x_rtc.o(.text)
    RTC_SetAlarm                             0x08003ead   Thumb Code    26  stm32f10x_rtc.o(.text)
    RTC_GetDivider                           0x08003ec7   Thumb Code    22  stm32f10x_rtc.o(.text)
    RTC_WaitForLastTask                      0x08003edd   Thumb Code    18  stm32f10x_rtc.o(.text)
    RTC_WaitForSynchro                       0x08003eef   Thumb Code    36  stm32f10x_rtc.o(.text)
    RTC_GetFlagStatus                        0x08003f13   Thumb Code    22  stm32f10x_rtc.o(.text)
    RTC_ClearFlag                            0x08003f29   Thumb Code    16  stm32f10x_rtc.o(.text)
    RTC_GetITStatus                          0x08003f39   Thumb Code    32  stm32f10x_rtc.o(.text)
    RTC_ClearITPendingBit                    0x08003f59   Thumb Code    16  stm32f10x_rtc.o(.text)
    SPI_I2S_DeInit                           0x08003f6d   Thumb Code    76  stm32f10x_spi.o(.text)
    SPI_Init                                 0x08003fb9   Thumb Code    60  stm32f10x_spi.o(.text)
    I2S_Init                                 0x08003ff5   Thumb Code   226  stm32f10x_spi.o(.text)
    SPI_StructInit                           0x080040d7   Thumb Code    24  stm32f10x_spi.o(.text)
    I2S_StructInit                           0x080040ef   Thumb Code    20  stm32f10x_spi.o(.text)
    SPI_Cmd                                  0x08004103   Thumb Code    24  stm32f10x_spi.o(.text)
    I2S_Cmd                                  0x0800411b   Thumb Code    24  stm32f10x_spi.o(.text)
    SPI_I2S_ITConfig                         0x08004133   Thumb Code    32  stm32f10x_spi.o(.text)
    SPI_I2S_DMACmd                           0x08004153   Thumb Code    18  stm32f10x_spi.o(.text)
    SPI_I2S_SendData                         0x08004165   Thumb Code     4  stm32f10x_spi.o(.text)
    SPI_I2S_ReceiveData                      0x08004169   Thumb Code     6  stm32f10x_spi.o(.text)
    SPI_NSSInternalSoftwareConfig            0x0800416f   Thumb Code    30  stm32f10x_spi.o(.text)
    SPI_SSOutputCmd                          0x0800418d   Thumb Code    24  stm32f10x_spi.o(.text)
    SPI_DataSizeConfig                       0x080041a5   Thumb Code    18  stm32f10x_spi.o(.text)
    SPI_TransmitCRC                          0x080041b7   Thumb Code    10  stm32f10x_spi.o(.text)
    SPI_CalculateCRC                         0x080041c1   Thumb Code    24  stm32f10x_spi.o(.text)
    SPI_GetCRC                               0x080041d9   Thumb Code    16  stm32f10x_spi.o(.text)
    SPI_GetCRCPolynomial                     0x080041e9   Thumb Code     6  stm32f10x_spi.o(.text)
    SPI_BiDirectionalLineConfig              0x080041ef   Thumb Code    28  stm32f10x_spi.o(.text)
    SPI_I2S_GetFlagStatus                    0x0800420b   Thumb Code    18  stm32f10x_spi.o(.text)
    SPI_I2S_ClearFlag                        0x0800421d   Thumb Code     6  stm32f10x_spi.o(.text)
    SPI_I2S_GetITStatus                      0x08004223   Thumb Code    52  stm32f10x_spi.o(.text)
    SPI_I2S_ClearITPendingBit                0x08004257   Thumb Code    20  stm32f10x_spi.o(.text)
    TIM_DeInit                               0x08004279   Thumb Code   424  stm32f10x_tim.o(.text)
    TIM_TimeBaseInit                         0x08004421   Thumb Code   122  stm32f10x_tim.o(.text)
    TIM_OC1Init                              0x0800449b   Thumb Code   132  stm32f10x_tim.o(.text)
    TIM_OC2Init                              0x0800451f   Thumb Code   154  stm32f10x_tim.o(.text)
    TIM_OC3Init                              0x080045b9   Thumb Code   150  stm32f10x_tim.o(.text)
    TIM_OC4Init                              0x0800464f   Thumb Code   182  stm32f10x_tim.o(.text)
    TIM_SetIC4Prescaler                      0x08004705   Thumb Code    26  stm32f10x_tim.o(.text)
    TIM_SetIC3Prescaler                      0x080047a1   Thumb Code    18  stm32f10x_tim.o(.text)
    TIM_SetIC2Prescaler                      0x0800482d   Thumb Code    26  stm32f10x_tim.o(.text)
    TIM_SetIC1Prescaler                      0x080048c9   Thumb Code    18  stm32f10x_tim.o(.text)
    TIM_ICInit                               0x08004947   Thumb Code   150  stm32f10x_tim.o(.text)
    TIM_PWMIConfig                           0x080049dd   Thumb Code   124  stm32f10x_tim.o(.text)
    TIM_BDTRConfig                           0x08004a59   Thumb Code    32  stm32f10x_tim.o(.text)
    TIM_TimeBaseStructInit                   0x08004a79   Thumb Code    18  stm32f10x_tim.o(.text)
    TIM_OCStructInit                         0x08004a8b   Thumb Code    20  stm32f10x_tim.o(.text)
    TIM_ICStructInit                         0x08004a9f   Thumb Code    18  stm32f10x_tim.o(.text)
    TIM_BDTRStructInit                       0x08004ab1   Thumb Code    40  stm32f10x_tim.o(.text)
    TIM_Cmd                                  0x08004ad9   Thumb Code    24  stm32f10x_tim.o(.text)
    TIM_CtrlPWMOutputs                       0x08004af1   Thumb Code    30  stm32f10x_tim.o(.text)
    TIM_ITConfig                             0x08004b0f   Thumb Code    18  stm32f10x_tim.o(.text)
    TIM_GenerateEvent                        0x08004b21   Thumb Code     4  stm32f10x_tim.o(.text)
    TIM_DMAConfig                            0x08004b25   Thumb Code    10  stm32f10x_tim.o(.text)
    TIM_DMACmd                               0x08004b2f   Thumb Code    18  stm32f10x_tim.o(.text)
    TIM_InternalClockConfig                  0x08004b41   Thumb Code    12  stm32f10x_tim.o(.text)
    TIM_SelectInputTrigger                   0x08004b4d   Thumb Code    18  stm32f10x_tim.o(.text)
    TIM_ITRxExternalClockConfig              0x08004b5f   Thumb Code    24  stm32f10x_tim.o(.text)
    TIM_TIxExternalClockConfig               0x08004b77   Thumb Code    62  stm32f10x_tim.o(.text)
    TIM_ETRConfig                            0x08004bb5   Thumb Code    28  stm32f10x_tim.o(.text)
    TIM_ETRClockMode1Config                  0x08004bd1   Thumb Code    54  stm32f10x_tim.o(.text)
    TIM_ETRClockMode2Config                  0x08004c07   Thumb Code    32  stm32f10x_tim.o(.text)
    TIM_PrescalerConfig                      0x08004c27   Thumb Code     6  stm32f10x_tim.o(.text)
    TIM_CounterModeConfig                    0x08004c2d   Thumb Code    18  stm32f10x_tim.o(.text)
    TIM_EncoderInterfaceConfig               0x08004c3f   Thumb Code    66  stm32f10x_tim.o(.text)
    TIM_ForcedOC1Config                      0x08004c81   Thumb Code    18  stm32f10x_tim.o(.text)
    TIM_ForcedOC2Config                      0x08004c93   Thumb Code    26  stm32f10x_tim.o(.text)
    TIM_ForcedOC3Config                      0x08004cad   Thumb Code    18  stm32f10x_tim.o(.text)
    TIM_ForcedOC4Config                      0x08004cbf   Thumb Code    26  stm32f10x_tim.o(.text)
    TIM_ARRPreloadConfig                     0x08004cd9   Thumb Code    24  stm32f10x_tim.o(.text)
    TIM_SelectCOM                            0x08004cf1   Thumb Code    24  stm32f10x_tim.o(.text)
    TIM_SelectCCDMA                          0x08004d09   Thumb Code    24  stm32f10x_tim.o(.text)
    TIM_CCPreloadControl                     0x08004d21   Thumb Code    24  stm32f10x_tim.o(.text)
    TIM_OC1PreloadConfig                     0x08004d39   Thumb Code    18  stm32f10x_tim.o(.text)
    TIM_OC2PreloadConfig                     0x08004d4b   Thumb Code    26  stm32f10x_tim.o(.text)
    TIM_OC3PreloadConfig                     0x08004d65   Thumb Code    18  stm32f10x_tim.o(.text)
    TIM_OC4PreloadConfig                     0x08004d77   Thumb Code    26  stm32f10x_tim.o(.text)
    TIM_OC1FastConfig                        0x08004d91   Thumb Code    18  stm32f10x_tim.o(.text)
    TIM_OC2FastConfig                        0x08004da3   Thumb Code    26  stm32f10x_tim.o(.text)
    TIM_OC3FastConfig                        0x08004dbd   Thumb Code    18  stm32f10x_tim.o(.text)
    TIM_OC4FastConfig                        0x08004dcf   Thumb Code    26  stm32f10x_tim.o(.text)
    TIM_ClearOC1Ref                          0x08004de9   Thumb Code    18  stm32f10x_tim.o(.text)
    TIM_ClearOC2Ref                          0x08004dfb   Thumb Code    24  stm32f10x_tim.o(.text)
    TIM_ClearOC3Ref                          0x08004e13   Thumb Code    18  stm32f10x_tim.o(.text)
    TIM_ClearOC4Ref                          0x08004e25   Thumb Code    24  stm32f10x_tim.o(.text)
    TIM_OC1PolarityConfig                    0x08004e3d   Thumb Code    18  stm32f10x_tim.o(.text)
    TIM_OC1NPolarityConfig                   0x08004e4f   Thumb Code    18  stm32f10x_tim.o(.text)
    TIM_OC2PolarityConfig                    0x08004e61   Thumb Code    26  stm32f10x_tim.o(.text)
    TIM_OC2NPolarityConfig                   0x08004e7b   Thumb Code    26  stm32f10x_tim.o(.text)
    TIM_OC3PolarityConfig                    0x08004e95   Thumb Code    26  stm32f10x_tim.o(.text)
    TIM_OC3NPolarityConfig                   0x08004eaf   Thumb Code    26  stm32f10x_tim.o(.text)
    TIM_OC4PolarityConfig                    0x08004ec9   Thumb Code    26  stm32f10x_tim.o(.text)
    TIM_CCxCmd                               0x08004ee3   Thumb Code    30  stm32f10x_tim.o(.text)
    TIM_CCxNCmd                              0x08004f01   Thumb Code    30  stm32f10x_tim.o(.text)
    TIM_SelectOCxM                           0x08004f1f   Thumb Code    82  stm32f10x_tim.o(.text)
    TIM_UpdateDisableConfig                  0x08004f71   Thumb Code    24  stm32f10x_tim.o(.text)
    TIM_UpdateRequestConfig                  0x08004f89   Thumb Code    24  stm32f10x_tim.o(.text)
    TIM_SelectHallSensor                     0x08004fa1   Thumb Code    24  stm32f10x_tim.o(.text)
    TIM_SelectOnePulseMode                   0x08004fb9   Thumb Code    18  stm32f10x_tim.o(.text)
    TIM_SelectOutputTrigger                  0x08004fcb   Thumb Code    18  stm32f10x_tim.o(.text)
    TIM_SelectSlaveMode                      0x08004fdd   Thumb Code    18  stm32f10x_tim.o(.text)
    TIM_SelectMasterSlaveMode                0x08004fef   Thumb Code    18  stm32f10x_tim.o(.text)
    TIM_SetCounter                           0x08005001   Thumb Code     4  stm32f10x_tim.o(.text)
    TIM_SetAutoreload                        0x08005005   Thumb Code     4  stm32f10x_tim.o(.text)
    TIM_SetCompare1                          0x08005009   Thumb Code     4  stm32f10x_tim.o(.text)
    TIM_SetCompare2                          0x0800500d   Thumb Code     4  stm32f10x_tim.o(.text)
    TIM_SetCompare3                          0x08005011   Thumb Code     4  stm32f10x_tim.o(.text)
    TIM_SetCompare4                          0x08005015   Thumb Code     6  stm32f10x_tim.o(.text)
    TIM_SetClockDivision                     0x0800501b   Thumb Code    18  stm32f10x_tim.o(.text)
    TIM_GetCapture1                          0x0800502d   Thumb Code     6  stm32f10x_tim.o(.text)
    TIM_GetCapture2                          0x08005033   Thumb Code     6  stm32f10x_tim.o(.text)
    TIM_GetCapture3                          0x08005039   Thumb Code     6  stm32f10x_tim.o(.text)
    TIM_GetCapture4                          0x0800503f   Thumb Code     8  stm32f10x_tim.o(.text)
    TIM_GetCounter                           0x08005047   Thumb Code     6  stm32f10x_tim.o(.text)
    TIM_GetPrescaler                         0x0800504d   Thumb Code     6  stm32f10x_tim.o(.text)
    TIM_GetFlagStatus                        0x08005053   Thumb Code    18  stm32f10x_tim.o(.text)
    TIM_ClearFlag                            0x08005065   Thumb Code     6  stm32f10x_tim.o(.text)
    TIM_GetITStatus                          0x0800506b   Thumb Code    34  stm32f10x_tim.o(.text)
    TIM_ClearITPendingBit                    0x0800508d   Thumb Code     6  stm32f10x_tim.o(.text)
    USART_DeInit                             0x08005095   Thumb Code   134  stm32f10x_usart.o(.text)
    USART_Init                               0x0800511b   Thumb Code   210  stm32f10x_usart.o(.text)
    USART_StructInit                         0x080051ed   Thumb Code    24  stm32f10x_usart.o(.text)
    USART_ClockInit                          0x08005205   Thumb Code    34  stm32f10x_usart.o(.text)
    USART_ClockStructInit                    0x08005227   Thumb Code    12  stm32f10x_usart.o(.text)
    USART_Cmd                                0x08005233   Thumb Code    24  stm32f10x_usart.o(.text)
    USART_ITConfig                           0x0800524b   Thumb Code    74  stm32f10x_usart.o(.text)
    USART_DMACmd                             0x08005295   Thumb Code    18  stm32f10x_usart.o(.text)
    USART_SetAddress                         0x080052a7   Thumb Code    18  stm32f10x_usart.o(.text)
    USART_WakeUpConfig                       0x080052b9   Thumb Code    18  stm32f10x_usart.o(.text)
    USART_ReceiverWakeUpCmd                  0x080052cb   Thumb Code    24  stm32f10x_usart.o(.text)
    USART_LINBreakDetectLengthConfig         0x080052e3   Thumb Code    18  stm32f10x_usart.o(.text)
    USART_LINCmd                             0x080052f5   Thumb Code    24  stm32f10x_usart.o(.text)
    USART_SendData                           0x0800530d   Thumb Code     8  stm32f10x_usart.o(.text)
    USART_ReceiveData                        0x08005315   Thumb Code    10  stm32f10x_usart.o(.text)
    USART_SendBreak                          0x0800531f   Thumb Code    10  stm32f10x_usart.o(.text)
    USART_SetGuardTime                       0x08005329   Thumb Code    16  stm32f10x_usart.o(.text)
    USART_SetPrescaler                       0x08005339   Thumb Code    16  stm32f10x_usart.o(.text)
    USART_SmartCardCmd                       0x08005349   Thumb Code    24  stm32f10x_usart.o(.text)
    USART_SmartCardNACKCmd                   0x08005361   Thumb Code    24  stm32f10x_usart.o(.text)
    USART_HalfDuplexCmd                      0x08005379   Thumb Code    24  stm32f10x_usart.o(.text)
    USART_OverSampling8Cmd                   0x08005391   Thumb Code    22  stm32f10x_usart.o(.text)
    USART_OneBitMethodCmd                    0x080053a7   Thumb Code    24  stm32f10x_usart.o(.text)
    USART_IrDAConfig                         0x080053bf   Thumb Code    18  stm32f10x_usart.o(.text)
    USART_IrDACmd                            0x080053d1   Thumb Code    24  stm32f10x_usart.o(.text)
    USART_GetFlagStatus                      0x080053e9   Thumb Code    26  stm32f10x_usart.o(.text)
    USART_ClearFlag                          0x08005403   Thumb Code    18  stm32f10x_usart.o(.text)
    USART_GetITStatus                        0x08005415   Thumb Code    84  stm32f10x_usart.o(.text)
    USART_ClearITPendingBit                  0x08005469   Thumb Code    52  stm32f10x_usart.o(.text)
    OSTaskStkInit                            0x0800549d   Thumb Code   154  os_cpu_c.o(.text)
    OS_CPU_SR_Save                           0x08005539   Thumb Code     0  os_cpu_a.o(.text)
    OS_CPU_SR_Restore                        0x08005541   Thumb Code     0  os_cpu_a.o(.text)
    OSStartHighRdy                           0x08005547   Thumb Code     0  os_cpu_a.o(.text)
    OSCtxSw                                  0x08005569   Thumb Code     0  os_cpu_a.o(.text)
    OSIntCtxSw                               0x08005577   Thumb Code     0  os_cpu_a.o(.text)
    PendSV_Handler                           0x08005587   Thumb Code     0  os_cpu_a.o(.text)
    GetZeroNum                               0x080055cd   Thumb Code     0  os_cpu_a.o(.text)
    GetRBIT16                                0x080055d3   Thumb Code     0  os_cpu_a.o(.text)
    BlxExternFun                             0x080055dd   Thumb Code     0  os_cpu_a.o(.text)
    delay_init                               0x08005611   Thumb Code    72  delay.o(.text)
    delay_us                                 0x08005659   Thumb Code    70  delay.o(.text)
    delay_ms                                 0x0800569f   Thumb Code    44  delay.o(.text)
    sleep_ms                                 0x080056cb   Thumb Code    56  delay.o(.text)
    RunTime_IRQHandler                       0x08005703   Thumb Code    38  delay.o(.text)
    getSysRunTime                            0x08005729   Thumb Code     6  delay.o(.text)
    cpuBreakIRQ                              0x0800572f   Thumb Code    46  delay.o(.text)
    SysTick_Handler                          0x0800575d   Thumb Code    74  delay.o(.text)
    os_fats_init                             0x080057d1   Thumb Code     8  os_fats.o(.text)
    mymemset                                 0x080057d9   Thumb Code    20  os_mem.o(.text)
    mem_perused                              0x080057ed   Thumb Code    44  os_mem.o(.text)
    mem_init                                 0x08005819   Thumb Code   196  os_mem.o(.text)
    os_mem_init                              0x080058dd   Thumb Code     8  os_mem.o(.text)
    mymemcpy                                 0x080058e5   Thumb Code    26  os_mem.o(.text)
    mem_malloc                               0x080058ff   Thumb Code   138  os_mem.o(.text)
    mem_free                                 0x08005989   Thumb Code    74  os_mem.o(.text)
    myfree                                   0x080059d3   Thumb Code    36  os_mem.o(.text)
    mymalloc                                 0x080059f7   Thumb Code    40  os_mem.o(.text)
    myrealloc                                0x08005a1f   Thumb Code    62  os_mem.o(.text)
    msgInit                                  0x08005a75   Thumb Code    28  os_msg.o(.text)
    os_msg_init                              0x08005a91   Thumb Code    10  os_msg.o(.text)
    find_messeg                              0x08005a9b   Thumb Code    38  os_msg.o(.text)
    send_messeg                              0x08005ac1   Thumb Code   128  os_msg.o(.text)
    get_messeg                               0x08005b41   Thumb Code   124  os_msg.o(.text)
    wait_messeg                              0x08005bbd   Thumb Code   138  os_msg.o(.text)
    SetFocus                                 0x08005c47   Thumb Code    18  os_msg.o(.text)
    GetFocus                                 0x08005c59   Thumb Code     6  os_msg.o(.text)
    msgErrToStr                              0x08005c5f   Thumb Code    44  os_msg.o(.text)
    msgCopyMsg                               0x08005c8b   Thumb Code    68  os_msg.o(.text)
    Msg_Send                                 0x08005ccf   Thumb Code   354  os_msg.o(.text)
    Msg_Wait                                 0x08005e31   Thumb Code   444  os_msg.o(.text)
    Msg_Get                                  0x08005fed   Thumb Code   298  os_msg.o(.text)
    os_init                                  0x08006121   Thumb Code    20  os_sys.o(.text)
    os_task_init                             0x08006135   Thumb Code     8  os_task.o(.text)
    OS_TCBInit                               0x0800613d   Thumb Code    36  os_task.o(.text)
    CreateTaskN                              0x08006161   Thumb Code   136  os_task.o(.text)
    CreateTask                               0x080061e9   Thumb Code    84  os_task.o(.text)
    GetTaskSize                              0x0800623d   Thumb Code    32  os_task.o(.text)
    GetTaskUsed                              0x0800625d   Thumb Code    32  os_task.o(.text)
    CheckTaskUsege                           0x0800627d   Thumb Code   150  os_task.o(.text)
    CheckHighRdyTaskUsege                    0x08006313   Thumb Code   134  os_task.o(.text)
    OSStart                                  0x08006399   Thumb Code    56  os_task.o(.text)
    Task_AddFree                             0x080063d1   Thumb Code    66  os_task.o(.text)
    Task_DelFree                             0x08006413   Thumb Code    54  os_task.o(.text)
    TaskPend                                 0x08006449   Thumb Code    52  os_task.o(.text)
    TaskRepend                               0x0800647d   Thumb Code    72  os_task.o(.text)
    ToggleTasks                              0x080064c5   Thumb Code    58  os_task.o(.text)
    TaskIntSendMsg                           0x080064ff   Thumb Code   168  os_task.o(.text)
    TaskSendMsg                              0x080065a7   Thumb Code    78  os_task.o(.text)
    TaskMsgZero                              0x080065f5   Thumb Code    30  os_task.o(.text)
    TaskGetMsg                               0x08006613   Thumb Code    94  os_task.o(.text)
    OS_Enter_Onlyme                          0x08006671   Thumb Code    34  os_task.o(.text)
    OS_Exit_Onlyme                           0x08006693   Thumb Code    48  os_task.o(.text)
    samestr                                  0x080066dd   Thumb Code    46  my_fun.o(.text)
    str2num                                  0x0800670b   Thumb Code    48  my_fun.o(.text)
    getnumfstr                               0x0800673b   Thumb Code    90  my_fun.o(.text)
    str2nums                                 0x08006795   Thumb Code   122  my_fun.o(.text)
    str2hex                                  0x0800680f   Thumb Code   102  my_fun.o(.text)
    copy_data                                0x08006875   Thumb Code    24  my_fun.o(.text)
    getMemValue                              0x0800688d   Thumb Code    56  my_fun.o(.text)
    setMemValue                              0x080068c5   Thumb Code    56  my_fun.o(.text)
    setMemU32                                0x080068fd   Thumb Code    46  my_fun.o(.text)
    getMemU32                                0x0800692b   Thumb Code    46  my_fun.o(.text)
    checkStrType                             0x08006959   Thumb Code   142  my_fun.o(.text)
    runFunction                              0x080069e7   Thumb Code   350  my_fun.o(.text)
    RTC_Get_Week                             0x08006b6b   Thumb Code   116  rtc.o(.text)
    Is_Leap_Year                             0x08006bdf   Thumb Code    58  rtc.o(.text)
    RTC_Get                                  0x08006c19   Thumb Code   240  rtc.o(.text)
    RTC_Set                                  0x08006d09   Thumb Code   184  rtc.o(.text)
    RTC_Init                                 0x08006dc1   Thumb Code   190  rtc.o(.text)
    RTC_IRQHandler                           0x08006e7f   Thumb Code    40  rtc.o(.text)
    RTC_GetTimeObj                           0x08006ea7   Thumb Code     4  rtc.o(.text)
    RTC_SetTimeBySec                         0x08006eab   Thumb Code    34  rtc.o(.text)
    RTC_GetTimeBySec                         0x08006ecd   Thumb Code     8  rtc.o(.text)
    IWDG_Init                                0x08006ef1   Thumb Code    54  iwdg.o(.text)
    IWDG_Feed                                0x08006f27   Thumb Code     8  iwdg.o(.text)
    BEEP_Init                                0x08006f31   Thumb Code    56  beep.o(.text)
    Beep_Run                                 0x08006f69   Thumb Code   236  beep.o(.text)
    Beep_Play                                0x08007055   Thumb Code   234  beep.o(.text)
    jianpu_end                               0x0800713f   Thumb Code     8  beep.o(.text)
    set_jianpu                               0x08007147   Thumb Code    52  beep.o(.text)
    Load_song                                0x0800717b   Thumb Code  1340  beep.o(.text)
    Load_song1                               0x080076b7   Thumb Code  1958  beep.o(.text)
    Load_song2                               0x08007e5d   Thumb Code  1646  beep.o(.text)
    Load_song3                               0x080084cb   Thumb Code  1866  beep.o(.text)
    Load_up                                  0x08008c15   Thumb Code   102  beep.o(.text)
    Load_down                                0x08008c7b   Thumb Code   102  beep.o(.text)
    Beep_End                                 0x08008ce1   Thumb Code    32  beep.o(.text)
    KEY_IRQHandler                           0x08008d21   Thumb Code   538  key.o(.text)
    Key_Init                                 0x08008f3b   Thumb Code    46  key.o(.text)
    Get_Key                                  0x08008f69   Thumb Code    20  key.o(.text)
    Set_Key                                  0x08008f7d   Thumb Code    52  key.o(.text)
    USART2_IRQHandler                        0x08008fc1   Thumb Code   118  lcd.o(.text)
    LCD_SetFocus                             0x08009037   Thumb Code     2  lcd.o(.text)
    LCD_Init                                 0x08009039   Thumb Code   222  lcd.o(.text)
    LCD_Send_Data                            0x08009117   Thumb Code    68  lcd.o(.text)
    LCD_Receive_Data                         0x0800915b   Thumb Code    56  lcd.o(.text)
    key_send                                 0x080091b1   Thumb Code   974  light.o(.text)
    key_reset                                0x0800957f   Thumb Code    18  light.o(.text)
    key_senddata                             0x08009591   Thumb Code    66  light.o(.text)
    sm16703_send                             0x080095d3   Thumb Code   974  light.o(.text)
    sm16703_reset                            0x080099a1   Thumb Code    18  light.o(.text)
    led_senddata                             0x080099b3   Thumb Code    58  light.o(.text)
    Light_init                               0x080099ed   Thumb Code   264  light.o(.text)
    key_senddataby                           0x08009af5   Thumb Code    46  light.o(.text)
    key_setcolor                             0x08009b23   Thumb Code    28  light.o(.text)
    key_resetall                             0x08009b3f   Thumb Code    34  light.o(.text)
    key_light                                0x08009b61   Thumb Code    44  light.o(.text)
    key_around                               0x08009b8d   Thumb Code    40  light.o(.text)
    led_setcolor                             0x08009bb5   Thumb Code    28  light.o(.text)
    led_getcolor                             0x08009bd1   Thumb Code    38  light.o(.text)
    led_resetall                             0x08009bf7   Thumb Code    34  light.o(.text)
    led_setall                               0x08009c19   Thumb Code    32  light.o(.text)
    HC595_SendData                           0x08009c39   Thumb Code     2  light.o(.text)
    on_light                                 0x08009c3b   Thumb Code    22  light.o(.text)
    off_light                                0x08009c51   Thumb Code    22  light.o(.text)
    GetLight_State                           0x08009c67   Thumb Code    16  light.o(.text)
    Set_lightdata                            0x08009c77   Thumb Code    24  light.o(.text)
    Get_lightdata                            0x08009c8f   Thumb Code    24  light.o(.text)
    Run_Light                                0x08009ca7   Thumb Code   998  light.o(.text)
    light_setcolor                           0x0800a08d   Thumb Code    22  light.o(.text)
    Relay_Init                               0x0800a0c9   Thumb Code    46  relay.o(.text)
    _sys_exit                                0x0800a0fd   Thumb Code     8  rf.o(.text)
    _ttywrch                                 0x0800a105   Thumb Code     2  rf.o(.text)
    fputc                                    0x0800a107   Thumb Code    24  rf.o(.text)
    RF_Init                                  0x0800a11f   Thumb Code   304  rf.o(.text)
    USART1_GetFlag                           0x0800a24f   Thumb Code     6  rf.o(.text)
    RF_Get                                   0x0800a2dd   Thumb Code    56  rf.o(.text)
    Clear_Mycmd                              0x0800a315   Thumb Code    22  rf.o(.text)
    Get_Mycmd                                0x0800a32b   Thumb Code    32  rf.o(.text)
    RF_GetCmd                                0x0800a34b   Thumb Code   188  rf.o(.text)
    RF1_tx_bytes                             0x0800a407   Thumb Code    68  rf.o(.text)
    RF_SetChannel                            0x0800a44b   Thumb Code   142  rf.o(.text)
    USART1_IRQHandler                        0x0800a4d9   Thumb Code   254  rf.o(.text)
    fats_state                               0x0800a5f5   Thumb Code     6  fats.o(.text)
    fats_init                                0x0800a5fb   Thumb Code   296  fats.o(.text)
    my_f_mount                               0x0800a723   Thumb Code    28  fats.o(.text)
    my_f_open                                0x0800a73f   Thumb Code    32  fats.o(.text)
    my_f_read                                0x0800a75f   Thumb Code    42  fats.o(.text)
    my_f_lseek                               0x0800a789   Thumb Code    28  fats.o(.text)
    my_f_close                               0x0800a7a5   Thumb Code    24  fats.o(.text)
    my_f_opendir                             0x0800a7bd   Thumb Code    28  fats.o(.text)
    my_f_readdir                             0x0800a7d9   Thumb Code    28  fats.o(.text)
    my_f_stat                                0x0800a7f5   Thumb Code    28  fats.o(.text)
    my_f_write                               0x0800a811   Thumb Code    42  fats.o(.text)
    my_f_getfree                             0x0800a83b   Thumb Code    32  fats.o(.text)
    my_f_truncate                            0x0800a85b   Thumb Code    24  fats.o(.text)
    my_f_sync                                0x0800a873   Thumb Code    24  fats.o(.text)
    my_f_unlink                              0x0800a88b   Thumb Code    24  fats.o(.text)
    my_f_mkdir                               0x0800a8a3   Thumb Code    24  fats.o(.text)
    my_f_chmod                               0x0800a8bb   Thumb Code    32  fats.o(.text)
    my_f_utime                               0x0800a8db   Thumb Code    28  fats.o(.text)
    my_f_rename                              0x0800a8f7   Thumb Code    28  fats.o(.text)
    my_f_chdrive                             0x0800a913   Thumb Code    24  fats.o(.text)
    my_f_chdir                               0x0800a92b   Thumb Code    24  fats.o(.text)
    my_f_getcwd                              0x0800a943   Thumb Code    28  fats.o(.text)
    my_f_forward                             0x0800a95f   Thumb Code    42  fats.o(.text)
    my_f_mkfs                                0x0800a989   Thumb Code    32  fats.o(.text)
    my_f_fdisk                               0x0800a9a9   Thumb Code    32  fats.o(.text)
    my_f_putc                                0x0800a9c9   Thumb Code    94  fats.o(.text)
    my_f_puts                                0x0800aa27   Thumb Code    30  fats.o(.text)
    my_f_gets                                0x0800aa45   Thumb Code    32  fats.o(.text)
    SD_SPI_ReadWriteByte                     0x0800aa69   Thumb Code    12  mmc_sd.o(.text)
    SD_SPI_SpeedLow                          0x0800aa75   Thumb Code    10  mmc_sd.o(.text)
    SD_SPI_SpeedHigh                         0x0800aa7f   Thumb Code    10  mmc_sd.o(.text)
    SD_SPI_Init                              0x0800aa89   Thumb Code    56  mmc_sd.o(.text)
    SD_DisSelect                             0x0800aac1   Thumb Code    16  mmc_sd.o(.text)
    SD_WaitReady                             0x0800aad1   Thumb Code    34  mmc_sd.o(.text)
    SD_Select                                0x0800aaf3   Thumb Code    26  mmc_sd.o(.text)
    SD_GetResponse                           0x0800ab0d   Thumb Code    38  mmc_sd.o(.text)
    SD_RecvData                              0x0800ab33   Thumb Code    56  mmc_sd.o(.text)
    SD_SendBlock                             0x0800ab6b   Thumb Code    82  mmc_sd.o(.text)
    SD_SendCmd                               0x0800abbd   Thumb Code   120  mmc_sd.o(.text)
    SD_GetCID                                0x0800ac35   Thumb Code    42  mmc_sd.o(.text)
    SD_GetCSD                                0x0800ac5f   Thumb Code    42  mmc_sd.o(.text)
    SD_GetSectorCount                        0x0800ac89   Thumb Code   118  mmc_sd.o(.text)
    SD_Initialize                            0x0800acff   Thumb Code   398  mmc_sd.o(.text)
    SD_ReadDisk                              0x0800ae8d   Thumb Code   112  mmc_sd.o(.text)
    SD_WriteDisk                             0x0800aefd   Thumb Code   140  mmc_sd.o(.text)
    SD_Reset                                 0x0800af89   Thumb Code    18  mmc_sd.o(.text)
    SPI2_ReadWriteByte                       0x0800afa1   Thumb Code    78  spi.o(.text)
    SPI2_Init                                0x0800afef   Thumb Code   140  spi.o(.text)
    SPI2_SetSpeed                            0x0800b07b   Thumb Code    36  spi.o(.text)
    STMFLASH_ReadHalfWord                    0x0800b0a9   Thumb Code     6  stmflash.o(.text)
    STMFLASH_Write_NoCheck                   0x0800b0af   Thumb Code    38  stmflash.o(.text)
    STMFLASH_Read                            0x0800b0d5   Thumb Code    46  stmflash.o(.text)
    STMFLASH_Write                           0x0800b103   Thumb Code   534  stmflash.o(.text)
    Test_Write                               0x0800b319   Thumb Code    16  stmflash.o(.text)
    TIME4_Init                               0x0800b32d   Thumb Code    92  timer.o(.text)
    TIME3_Init                               0x0800b389   Thumb Code   172  timer.o(.text)
    TIME2_Init                               0x0800b435   Thumb Code    92  timer.o(.text)
    TimersInit                               0x0800b491   Thumb Code    16  timer.o(.text)
    addTimerIrq10ms                          0x0800b4a1   Thumb Code    36  timer.o(.text)
    delTimerIrq10ms                          0x0800b4c5   Thumb Code    38  timer.o(.text)
    addTimerIrq10us                          0x0800b4eb   Thumb Code    36  timer.o(.text)
    delTimerIrq10us                          0x0800b50f   Thumb Code    38  timer.o(.text)
    TIM2_IRQHandler                          0x0800b535   Thumb Code    38  timer.o(.text)
    TIM3_IRQHandler                          0x0800b55b   Thumb Code    22  timer.o(.text)
    TIM4_IRQHandler                          0x0800b571   Thumb Code   184  timer.o(.text)
    W25Q_ReadWriteByte                       0x0800b639   Thumb Code    74  flash.o(.text)
    SPI_Flash_ReadID                         0x0800b683   Thumb Code    66  flash.o(.text)
    SPI_Flash_Init                           0x0800b6c5   Thumb Code    96  flash.o(.text)
    SPI_Flash_ReadSR                         0x0800b725   Thumb Code    38  flash.o(.text)
    SPI_FLASH_Write_SR                       0x0800b74b   Thumb Code    34  flash.o(.text)
    SPI_FLASH_Write_Enable                   0x0800b76d   Thumb Code    26  flash.o(.text)
    SPI_FLASH_Write_Disable                  0x0800b787   Thumb Code    26  flash.o(.text)
    SPI_Flash_Read                           0x0800b7a1   Thumb Code    86  flash.o(.text)
    SPI_Flash_Wait_Busy                      0x0800b7f7   Thumb Code    18  flash.o(.text)
    SPI_Flash_Write_Page                     0x0800b809   Thumb Code    80  flash.o(.text)
    SPI_Flash_Write_NoCheck                  0x0800b859   Thumb Code    66  flash.o(.text)
    SPI_Flash_Erase_Sector                   0x0800b89b   Thumb Code    64  flash.o(.text)
    SPI_Flash_Write                          0x0800b8db   Thumb Code   220  flash.o(.text)
    SPI_Flash_Erase_Chip                     0x0800b9b7   Thumb Code    38  flash.o(.text)
    SPI_Flash_PowerDown                      0x0800b9dd   Thumb Code    32  flash.o(.text)
    SPI_Flash_WAKEUP                         0x0800b9fd   Thumb Code    32  flash.o(.text)
    SPI_Flash_GetType                        0x0800ba1d   Thumb Code    28  flash.o(.text)
    W5500_GPIO_Configuration                 0x0800ba39   Thumb Code   128  w5500.o(.text)
    W5500_NVIC_Configuration                 0x0800bab9   Thumb Code    32  w5500.o(.text)
    SPI_Configuration                        0x0800bad9   Thumb Code   154  w5500.o(.text)
    SPI1_Send_Byte                           0x0800bb73   Thumb Code    28  w5500.o(.text)
    SPI1_Send_Short                          0x0800bb8f   Thumb Code    28  w5500.o(.text)
    Write_W5500_1Byte                        0x0800bbab   Thumb Code    42  w5500.o(.text)
    Write_W5500_2Byte                        0x0800bbd5   Thumb Code    42  w5500.o(.text)
    Write_W5500_nByte                        0x0800bbff   Thumb Code    62  w5500.o(.text)
    Write_W5500_SOCK_1Byte                   0x0800bc3d   Thumb Code    54  w5500.o(.text)
    Write_W5500_SOCK_2Byte                   0x0800bc73   Thumb Code    54  w5500.o(.text)
    Write_W5500_SOCK_4Byte                   0x0800bca9   Thumb Code    80  w5500.o(.text)
    Read_W5500_1Byte                         0x0800bcf9   Thumb Code    58  w5500.o(.text)
    Read_W5500_SOCK_1Byte                    0x0800bd33   Thumb Code    70  w5500.o(.text)
    Read_W5500_SOCK_2Byte                    0x0800bd79   Thumb Code    94  w5500.o(.text)
    Read_SOCK_Data_Buffer                    0x0800bdd7   Thumb Code   302  w5500.o(.text)
    Write_SOCK_Data_Buffer                   0x0800bf05   Thumb Code   210  w5500.o(.text)
    Delay                                    0x0800bfd7   Thumb Code    12  w5500.o(.text)
    W5500_Hardware_Reset                     0x0800bfe3   Thumb Code    56  w5500.o(.text)
    W5500_Init                               0x0800c01b   Thumb Code   176  w5500.o(.text)
    Socket_Init                              0x0800c0cb   Thumb Code   102  w5500.o(.text)
    Socket_Connect                           0x0800c131   Thumb Code    70  w5500.o(.text)
    Socket_Listen                            0x0800c177   Thumb Code   102  w5500.o(.text)
    Socket_UDP                               0x0800c1dd   Thumb Code    60  w5500.o(.text)
    W5500_Socket_Set                         0x0800c219   Thumb Code     2  w5500.o(.text)
    Load_Net_Parameters                      0x0800c21b   Thumb Code    90  w5500.o(.text)
    W5500_Initialization                     0x0800c275   Thumb Code    30  w5500.o(.text)
    EXTI4_IRQHandler                         0x0800c293   Thumb Code    26  w5500.o(.text)
    W5500_IRQ                                0x0800c2ad   Thumb Code   442  w5500.o(.text)
    getSocketState                           0x0800c467   Thumb Code     8  w5500.o(.text)
    delSocketState                           0x0800c46f   Thumb Code    12  w5500.o(.text)
    checkSocketState                         0x0800c47b   Thumb Code    28  w5500.o(.text)
    checkNetstate                            0x0800c497   Thumb Code    28  w5500.o(.text)
    USART1_SetFocus                          0x0800c4c5   Thumb Code    10  hard_irq.o(.text)
    USART1_GetFocus                          0x0800c4cf   Thumb Code     6  hard_irq.o(.text)
    USART2_SetFocus                          0x0800c4d5   Thumb Code    10  hard_irq.o(.text)
    USART2_GetFocus                          0x0800c4df   Thumb Code     6  hard_irq.o(.text)
    SOCKET0_SetFocus                         0x0800c4e5   Thumb Code    10  hard_irq.o(.text)
    SOCKET1_SetFocus                         0x0800c4ef   Thumb Code    10  hard_irq.o(.text)
    SOCKET2_SetFocus                         0x0800c4f9   Thumb Code    10  hard_irq.o(.text)
    SOCKET3_SetFocus                         0x0800c503   Thumb Code    10  hard_irq.o(.text)
    SOCKET4_SetFocus                         0x0800c50d   Thumb Code    10  hard_irq.o(.text)
    SOCKET5_SetFocus                         0x0800c517   Thumb Code    10  hard_irq.o(.text)
    SOCKET6_SetFocus                         0x0800c521   Thumb Code    10  hard_irq.o(.text)
    SOCKET7_SetFocus                         0x0800c52b   Thumb Code    10  hard_irq.o(.text)
    SOCKET0_GetFocus                         0x0800c535   Thumb Code     6  hard_irq.o(.text)
    SOCKET1_GetFocus                         0x0800c53b   Thumb Code     6  hard_irq.o(.text)
    SOCKET2_GetFocus                         0x0800c541   Thumb Code     6  hard_irq.o(.text)
    SOCKET3_GetFocus                         0x0800c547   Thumb Code     6  hard_irq.o(.text)
    SOCKET4_GetFocus                         0x0800c54d   Thumb Code     6  hard_irq.o(.text)
    SOCKET5_GetFocus                         0x0800c553   Thumb Code     6  hard_irq.o(.text)
    SOCKET6_GetFocus                         0x0800c559   Thumb Code     6  hard_irq.o(.text)
    SOCKET7_GetFocus                         0x0800c55f   Thumb Code     6  hard_irq.o(.text)
    mqtt_connect                             0x0800c58d   Thumb Code   294  baidu_iot.o(.text)
    mqtt_keepalive                           0x0800c6b3   Thumb Code   130  baidu_iot.o(.text)
    mqtt_publish                             0x0800c735   Thumb Code   178  baidu_iot.o(.text)
    creat_baidujson                          0x0800c7e7   Thumb Code   122  baidu_iot.o(.text)
    Get_Crc16                                0x0800c87d   Thumb Code    46  crc8_16.o(.text)
    Get_Crc8                                 0x0800c8ab   Thumb Code    56  crc8_16.o(.text)
    GetCfgData                               0x0800c8ed   Thumb Code     4  data_map.o(.text)
    Save_Config                              0x0800c8f1   Thumb Code    20  data_map.o(.text)
    Load_Config                              0x0800c905   Thumb Code   130  data_map.o(.text)
    getLcdCfgData                            0x0800c987   Thumb Code     6  data_map.o(.text)
    Save_LCD                                 0x0800c98d   Thumb Code    22  data_map.o(.text)
    Load_LCD                                 0x0800c9a3   Thumb Code   138  data_map.o(.text)
    Updata_DeviceNum                         0x0800ca2d   Thumb Code   124  data_map.o(.text)
    GetDeviceType                            0x0800caa9   Thumb Code    62  data_map.o(.text)
    GetDeviceState                           0x0800cae7   Thumb Code    66  data_map.o(.text)
    GetDeviceNum                             0x0800cb29   Thumb Code    56  data_map.o(.text)
    GetNextDeviceaddr                        0x0800cb61   Thumb Code    78  data_map.o(.text)
    Get_MyIP                                 0x0800cbaf   Thumb Code    12  data_map.o(.text)
    setNativeIP                              0x0800cbbb   Thumb Code    40  data_map.o(.text)
    setNativePort                            0x0800cbe3   Thumb Code    24  data_map.o(.text)
    setServerIP                              0x0800cbfb   Thumb Code    40  data_map.o(.text)
    setServerPort                            0x0800cc23   Thumb Code    24  data_map.o(.text)
    setGatewayIP                             0x0800cc3b   Thumb Code    40  data_map.o(.text)
    Get_MyChanel                             0x0800cc63   Thumb Code    12  data_map.o(.text)
    Set_MyChanel                             0x0800cc6f   Thumb Code    24  data_map.o(.text)
    Set_MyIP                                 0x0800cc87   Thumb Code    34  data_map.o(.text)
    Set_Device                               0x0800cca9   Thumb Code   112  data_map.o(.text)
    GetCJDataAddr                            0x0800cd19   Thumb Code     4  data_map.o(.text)
    Get_MyAddr                               0x0800cd1d   Thumb Code    10  data_map.o(.text)
    Set_MyAddr                               0x0800cd27   Thumb Code    12  data_map.o(.text)
    addDevAddr                               0x0800cd33   Thumb Code   106  data_map.o(.text)
    delDevAddr                               0x0800cd9d   Thumb Code   222  data_map.o(.text)
    clearDev                                 0x0800ce7b   Thumb Code    26  data_map.o(.text)
    dbg_getdevname                           0x0800ce95   Thumb Code    22  data_map.o(.text)
    getAutoCtrlFrequency                     0x0800ceab   Thumb Code    12  data_map.o(.text)
    setAutoCtrlFrequency                     0x0800ceb7   Thumb Code    16  data_map.o(.text)
    getAutoCtrlAmount                        0x0800cec7   Thumb Code    12  data_map.o(.text)
    setAutoCtrlAmount                        0x0800ced3   Thumb Code    24  data_map.o(.text)
    setMyName                                0x0800ceeb   Thumb Code    44  data_map.o(.text)
    getMyName                                0x0800cf17   Thumb Code    12  data_map.o(.text)
    getDhcpState                             0x0800cf23   Thumb Code    12  data_map.o(.text)
    setDhcpState                             0x0800cf2f   Thumb Code    32  data_map.o(.text)
    getWarnTolerance                         0x0800cf4f   Thumb Code    12  data_map.o(.text)
    setWarnTolerance                         0x0800cf5b   Thumb Code    24  data_map.o(.text)
    getWkServerConnect                       0x0800cf73   Thumb Code    12  data_map.o(.text)
    setWkServerConnect                       0x0800cf7f   Thumb Code    32  data_map.o(.text)
    Lcd_GetHandstate                         0x0800cf9f   Thumb Code    10  data_map.o(.text)
    Lcd_SetHandstate                         0x0800cfa9   Thumb Code    12  data_map.o(.text)
    Lcd_GetLimitData                         0x0800cfb5   Thumb Code    22  data_map.o(.text)
    Lcd_SetLimitData                         0x0800cfcb   Thumb Code    20  data_map.o(.text)
    dhcp_discover                            0x0800cfe9   Thumb Code   532  dhcp.o(.text)
    nest_Options                             0x0800d1fd   Thumb Code    22  dhcp.o(.text)
    dhcp_request                             0x0800d213   Thumb Code   778  dhcp.o(.text)
    dhcp_ask                                 0x0800d51d   Thumb Code   178  dhcp.o(.text)
    dhcp_retry                               0x0800d5cf   Thumb Code   228  dhcp.o(.text)
    dns_makequery                            0x0800d6fd   Thumb Code   194  dns.o(.text)
    parse_name                               0x0800d7bf   Thumb Code   216  dns.o(.text)
    dns_question                             0x0800d897   Thumb Code    38  dns.o(.text)
    dns_answer                               0x0800d8bd   Thumb Code   252  dns.o(.text)
    parseMSG                                 0x0800d9b9   Thumb Code   222  dns.o(.text)
    dns_query                                0x0800da97   Thumb Code   186  dns.o(.text)
    udp_send                                 0x0800db55   Thumb Code    76  enternet.o(.text)
    udp_init                                 0x0800dba1   Thumb Code    74  enternet.o(.text)
    tcp_connect                              0x0800dbeb   Thumb Code   182  enternet.o(.text)
    tcp_send                                 0x0800dca1   Thumb Code    30  enternet.o(.text)
    tcp_close                                0x0800dcbf   Thumb Code    26  enternet.o(.text)
    udp_close                                0x0800dcd9   Thumb Code    56  enternet.o(.text)
    socket_recv                              0x0800dd11   Thumb Code    26  enternet.o(.text)
    net_wailt_sended                         0x0800dd2b   Thumb Code    34  enternet.o(.text)
    net_get_comstate                         0x0800dd4d   Thumb Code    14  enternet.o(.text)
    net_set_getway                           0x0800dd5b   Thumb Code    16  enternet.o(.text)
    net_set_sub_mask                         0x0800dd6b   Thumb Code    16  enternet.o(.text)
    net_set_myip                             0x0800dd7b   Thumb Code    16  enternet.o(.text)
    net_set_disip                            0x0800dd8b   Thumb Code    58  enternet.o(.text)
    net_init                                 0x0800ddc5   Thumb Code    24  enternet.o(.text)
    net_sysboot_init                         0x0800dddd   Thumb Code    22  enternet.o(.text)
    net_get_phycstate                        0x0800ddf3   Thumb Code    14  enternet.o(.text)
    net_check_gateway                        0x0800de01   Thumb Code   208  enternet.o(.text)
    net_check_parameters                     0x0800ded1   Thumb Code    88  enternet.o(.text)
    net_test                                 0x0800df29   Thumb Code   140  enternet.o(.text)
    cJSON_GetErrorPtr                        0x0800dfc9   Thumb Code     6  cjson.o(.text)
    cJSON_InitHooks                          0x0800e043   Thumb Code    48  cjson.o(.text)
    cJSON_Delete                             0x0800e08d   Thumb Code    74  cjson.o(.text)
    cJSON_ParseWithOpts                      0x0800ea45   Thumb Code    96  cjson.o(.text)
    cJSON_Parse                              0x0800eaa5   Thumb Code    16  cjson.o(.text)
    cJSON_Print                              0x0800ef27   Thumb Code    16  cjson.o(.text)
    cJSON_PrintUnformatted                   0x0800ef37   Thumb Code    16  cjson.o(.text)
    cJSON_GetArraySize                       0x0800ef47   Thumb Code    18  cjson.o(.text)
    cJSON_GetArrayItem                       0x0800ef59   Thumb Code    18  cjson.o(.text)
    cJSON_GetObjectItem                      0x0800ef6b   Thumb Code    30  cjson.o(.text)
    cJSON_AddItemToArray                     0x0800efbf   Thumb Code    42  cjson.o(.text)
    cJSON_AddItemToObject                    0x0800efe9   Thumb Code    44  cjson.o(.text)
    cJSON_AddItemReferenceToArray            0x0800f015   Thumb Code    24  cjson.o(.text)
    cJSON_AddItemReferenceToObject           0x0800f02d   Thumb Code    32  cjson.o(.text)
    cJSON_DetachItemFromArray                0x0800f04d   Thumb Code    66  cjson.o(.text)
    cJSON_DeleteItemFromArray                0x0800f08f   Thumb Code    22  cjson.o(.text)
    cJSON_DetachItemFromObject               0x0800f0a5   Thumb Code    50  cjson.o(.text)
    cJSON_DeleteItemFromObject               0x0800f0d7   Thumb Code    22  cjson.o(.text)
    cJSON_ReplaceItemInArray                 0x0800f0ed   Thumb Code    90  cjson.o(.text)
    cJSON_ReplaceItemInObject                0x0800f147   Thumb Code    62  cjson.o(.text)
    cJSON_CreateNull                         0x0800f185   Thumb Code    18  cjson.o(.text)
    cJSON_CreateTrue                         0x0800f197   Thumb Code    18  cjson.o(.text)
    cJSON_CreateFalse                        0x0800f1a9   Thumb Code    18  cjson.o(.text)
    cJSON_CreateBool                         0x0800f1bb   Thumb Code    26  cjson.o(.text)
    cJSON_CreateNumber                       0x0800f1d5   Thumb Code    36  cjson.o(.text)
    cJSON_CreateString                       0x0800f1f9   Thumb Code    28  cjson.o(.text)
    cJSON_CreateArray                        0x0800f215   Thumb Code    18  cjson.o(.text)
    cJSON_CreateObject                       0x0800f227   Thumb Code    18  cjson.o(.text)
    cJSON_CreateIntArray                     0x0800f239   Thumb Code    68  cjson.o(.text)
    cJSON_CreateFloatArray                   0x0800f27d   Thumb Code    68  cjson.o(.text)
    cJSON_CreateDoubleArray                  0x0800f2c1   Thumb Code    68  cjson.o(.text)
    cJSON_CreateStringArray                  0x0800f305   Thumb Code    62  cjson.o(.text)
    cJSON_Duplicate                          0x0800f343   Thumb Code   172  cjson.o(.text)
    cJSON_Minify                             0x0800f3ef   Thumb Code   186  cjson.o(.text)
    PingCalculationDelayIRQ                  0x0800f4a9   Thumb Code    12  ping.o(.text)
    ping_reply                               0x0800f4b5   Thumb Code    90  ping.o(.text)
    checksum                                 0x0800f50f   Thumb Code    64  ping.o(.text)
    ping_request                             0x0800f54f   Thumb Code   140  ping.o(.text)
    ping_auto                                0x0800f5db   Thumb Code   214  ping.o(.text)
    Sys_Init                                 0x0800f6bd   Thumb Code    44  power.o(.text)
    SysPowerOn                               0x0800f6e9   Thumb Code    20  power.o(.text)
    SysPowerOff                              0x0800f6fd   Thumb Code    42  power.o(.text)
    server_send_data                         0x0800f731   Thumb Code   172  wk_json.o(.text)
    server_read_data                         0x0800f7dd   Thumb Code   168  wk_json.o(.text)
    json_return                              0x0800f885   Thumb Code   206  wk_json.o(.text)
    json_ping                                0x0800f953   Thumb Code    60  wk_json.o(.text)
    json_version                             0x0800f98f   Thumb Code   190  wk_json.o(.text)
    json_startdown                           0x0800fa4d   Thumb Code   514  wk_json.o(.text)
    json_startup                             0x0800fc4f   Thumb Code   298  wk_json.o(.text)
    json_mode                                0x0800fd79   Thumb Code   200  wk_json.o(.text)
    json_close                               0x0800fe41   Thumb Code   298  wk_json.o(.text)
    json_start                               0x0800ff6b   Thumb Code   366  wk_json.o(.text)
    json_setting                             0x080100d9   Thumb Code   242  wk_json.o(.text)
    recv_json                                0x080101cb   Thumb Code   320  wk_json.o(.text)
    json_cheek                               0x0801030b   Thumb Code    62  wk_json.o(.text)
    server_data                              0x08010349   Thumb Code    72  wk_json.o(.text)
    serch_server                             0x08010391   Thumb Code   234  wk_json.o(.text)
    json_get_devicname                       0x0801047b   Thumb Code    52  wk_json.o(.text)
    send_json_kz                             0x080104af   Thumb Code   580  wk_json.o(.text)
    send_json_cj                             0x080106f3   Thumb Code   456  wk_json.o(.text)
    send_json                                0x080108bb   Thumb Code    72  wk_json.o(.text)
    send_json_adddevice                      0x08010903   Thumb Code   664  wk_json.o(.text)
    json_setto                               0x08010b9b   Thumb Code     2  wk_json.o(.text)
    json_alarm                               0x08010b9d   Thumb Code     2  wk_json.o(.text)
    send_json_warn                           0x08010b9f   Thumb Code   356  wk_json.o(.text)
    send_json_limit                          0x08010d03   Thumb Code   480  wk_json.o(.text)
    cmd_flash_read                           0x08010f15   Thumb Code    38  cmd.o(.text)
    cmd_flash_write                          0x08010f3b   Thumb Code    38  cmd.o(.text)
    cmd_return                               0x08010f61   Thumb Code   136  cmd.o(.text)
    data_real                                0x08010fe9   Thumb Code    32  cmd.o(.text)
    cheeckflash                              0x08011009   Thumb Code    40  cmd.o(.text)
    writting_flash                           0x08011031   Thumb Code   394  cmd.o(.text)
    write_flash                              0x080111bb   Thumb Code   248  cmd.o(.text)
    read_flash                               0x080112b3   Thumb Code     2  cmd.o(.text)
    cmd_0x05                                 0x080112b5   Thumb Code    62  cmd.o(.text)
    Get_cmd                                  0x080112f3   Thumb Code   106  cmd.o(.text)
    dbg_err                                  0x08011391   Thumb Code    34  debug.o(.text)
    dbg_fun                                  0x080113b3   Thumb Code   210  debug.o(.text)
    dbg_mem                                  0x08011485   Thumb Code   630  debug.o(.text)
    dbg_key                                  0x080116fb   Thumb Code   836  debug.o(.text)
    dbg_find                                 0x08011a3f   Thumb Code   192  debug.o(.text)
    dbg_whos                                 0x08011aff   Thumb Code    82  debug.o(.text)
    dbg_ntp                                  0x08011b51   Thumb Code   114  debug.o(.text)
    dbg_ping                                 0x08011bc3   Thumb Code   162  debug.o(.text)
    dbg_task                                 0x08011c65   Thumb Code   274  debug.o(.text)
    dbg_mqtt                                 0x08011d77   Thumb Code   678  debug.o(.text)
    dbg_set_adddev                           0x0801201d   Thumb Code   730  debug.o(.text)
    dbg_set                                  0x080122f7   Thumb Code  3180  debug.o(.text)
    dbg_getip                                0x08012f63   Thumb Code   140  debug.o(.text)
    dbg_copydata                             0x08012fef   Thumb Code   192  debug.o(.text)
    dbg_oche                                 0x080130af   Thumb Code   978  debug.o(.text)
    dbg_reboot                               0x08013481   Thumb Code    36  debug.o(.text)
    dbg_getdevstate                          0x080134a5   Thumb Code   146  debug.o(.text)
    dbg_devconfig                            0x08013537   Thumb Code   186  debug.o(.text)
    dbg_help                                 0x080135f1   Thumb Code   490  debug.o(.text)
    dbg_info                                 0x080137db   Thumb Code  3048  debug.o(.text)
    dbg_Interpreter                          0x080143c3   Thumb Code   422  debug.o(.text)
    cmd_send                                 0x08014569   Thumb Code    24  debug.o(.text)
    cmd_byudp                                0x08014581   Thumb Code    34  debug.o(.text)
    my_debug                                 0x080145a3   Thumb Code   556  debug.o(.text)
    dbg_booting                              0x080147cf   Thumb Code    60  debug.o(.text)
    ntp_gettime                              0x0801483d   Thumb Code   248  ntp.o(.text)
    taskmsg_deal                             0x08014935   Thumb Code   192  my_topmsg.o(.text)
    soft_timer_run                           0x080149f5   Thumb Code    40  my_topmsg.o(.text)
    key_deal                                 0x08014a1d   Thumb Code   916  my_topmsg.o(.text)
    soft_timer_irq                           0x08014db1   Thumb Code    14  my_topmsg.o(.text)
    load_test_cfg                            0x08014dbf   Thumb Code   354  my_topmsg.o(.text)
    my_topmsg                                0x08014f21   Thumb Code   148  my_topmsg.o(.text)
    addSoftTimerIrq10ms                      0x08014fb5   Thumb Code    40  my_topmsg.o(.text)
    delSoftTimerIrq10ms                      0x08014fdd   Thumb Code    42  my_topmsg.o(.text)
    Into_Senior                              0x0801502d   Thumb Code    44  my_lcd.o(.text)
    lcd_sleep                                0x08015059   Thumb Code    56  my_lcd.o(.text)
    lcd_chan_state                           0x08015091   Thumb Code    20  my_lcd.o(.text)
    AutoCtr                                  0x080150a5   Thumb Code    48  my_lcd.o(.text)
    Time_Set                                 0x080150d5   Thumb Code   730  my_lcd.o(.text)
    BUT_PM                                   0x080153af   Thumb Code    52  my_lcd.o(.text)
    BUT_DOWN_HUMI                            0x080153e3   Thumb Code    90  my_lcd.o(.text)
    BUT_UP_HUMI                              0x0801543d   Thumb Code    54  my_lcd.o(.text)
    BUT_DOWN_TEMP                            0x08015473   Thumb Code    50  my_lcd.o(.text)
    BUT_UP_TEMP                              0x080154a5   Thumb Code    52  my_lcd.o(.text)
    Auto_sleep                               0x080154d9   Thumb Code    68  my_lcd.o(.text)
    Set_Save                                 0x0801551d   Thumb Code   730  my_lcd.o(.text)
    Hand_Set_Init                            0x080157f7   Thumb Code   158  my_lcd.o(.text)
    lcd_set_data                             0x08015895   Thumb Code    28  my_lcd.o(.text)
    Set_Init                                 0x080158b1   Thumb Code   320  my_lcd.o(.text)
    lcd_gettime                              0x080159f1   Thumb Code   144  my_lcd.o(.text)
    lcd_timetosleep                          0x08015a81   Thumb Code   220  my_lcd.o(.text)
    lcd_beep                                 0x08015b5d   Thumb Code    44  my_lcd.o(.text)
    lcd_dataUp                               0x08015b89   Thumb Code    98  my_lcd.o(.text)
    lcd_page                                 0x08015beb   Thumb Code    16  my_lcd.o(.text)
    lcd_messeg_03                            0x08015bfb   Thumb Code   390  my_lcd.o(.text)
    lcd_messeg_02                            0x08015d81   Thumb Code   420  my_lcd.o(.text)
    my_lcd_init                              0x08015f25   Thumb Code    48  my_lcd.o(.text)
    my_lcd                                   0x08015f55   Thumb Code   376  my_lcd.o(.text)
    LCD_tosleep                              0x080160cd   Thumb Code   116  my_lcd.o(.text)
    LCD_tolight                              0x08016141   Thumb Code   128  my_lcd.o(.text)
    Device_state_see                         0x080161c1   Thumb Code   430  my_rf.o(.text)
    Updata_devicestate                       0x0801636f   Thumb Code   110  my_rf.o(.text)
    Cmd_0x03                                 0x080163dd   Thumb Code   254  my_rf.o(.text)
    CheckId                                  0x080164db   Thumb Code    50  my_rf.o(.text)
    yt_newstate                              0x0801650d   Thumb Code   144  my_rf.o(.text)
    get_newstate                             0x0801659d   Thumb Code   102  my_rf.o(.text)
    rf_hand                                  0x08016603   Thumb Code   664  my_rf.o(.text)
    rf_send                                  0x0801689b   Thumb Code   376  my_rf.o(.text)
    loushui_warn                             0x08016a13   Thumb Code    66  my_rf.o(.text)
    rf_cjq_deal                              0x08016a55   Thumb Code   190  my_rf.o(.text)
    rf_cjq_to_data                           0x08016b13   Thumb Code   392  my_rf.o(.text)
    rf_deverr                                0x08016c9b   Thumb Code    64  my_rf.o(.text)
    Cmd_0x01                                 0x08016cdb   Thumb Code   220  my_rf.o(.text)
    rf_loop                                  0x08016db7   Thumb Code   522  my_rf.o(.text)
    my_rf_loop                               0x08016fc1   Thumb Code   168  my_rf.o(.text)
    my_rf_hand                               0x08017069   Thumb Code   770  my_rf.o(.text)
    my_rf_deal                               0x0801736b   Thumb Code   438  my_rf.o(.text)
    Cmd_0x06                                 0x08017521   Thumb Code   222  my_rf.o(.text)
    Cmd_0x07                                 0x080175ff   Thumb Code   248  my_rf.o(.text)
    send_warn                                0x080176f7   Thumb Code    66  my_autocontrol.o(.text)
    ctrl_air                                 0x08017739   Thumb Code   246  my_autocontrol.o(.text)
    ctrl_humi                                0x0801782f   Thumb Code   576  my_autocontrol.o(.text)
    ctrl_temp                                0x08017a6f   Thumb Code   548  my_autocontrol.o(.text)
    my_autocontrol                           0x08017c93   Thumb Code   178  my_autocontrol.o(.text)
    light_runto                              0x08017d45   Thumb Code   426  my_light.o(.text)
    led_lightall                             0x08017eef   Thumb Code   108  my_light.o(.text)
    led_light                                0x08017f5b   Thumb Code   350  my_light.o(.text)
    led_run                                  0x080180b9   Thumb Code   456  my_light.o(.text)
    my_light                                 0x08018281   Thumb Code   150  my_light.o(.text)
    light_run                                0x08018317   Thumb Code   176  my_light.o(.text)
    cfg_retern                               0x080183f1   Thumb Code   140  my_cfg.o(.text)
    cfg_0x09                                 0x0801847d   Thumb Code    64  my_cfg.o(.text)
    cfg_0x08                                 0x080184bd   Thumb Code   142  my_cfg.o(.text)
    cfg_0x07                                 0x0801854b   Thumb Code    66  my_cfg.o(.text)
    exit_cfg                                 0x0801858d   Thumb Code    50  my_cfg.o(.text)
    into_cfg                                 0x080185bf   Thumb Code    56  my_cfg.o(.text)
    cfg_0x06                                 0x080185f7   Thumb Code   180  my_cfg.o(.text)
    cfg_0x01                                 0x080186ab   Thumb Code   208  my_cfg.o(.text)
    cfg_msg                                  0x0801877b   Thumb Code    60  my_cfg.o(.text)
    my_cfg                                   0x080187b7   Thumb Code   300  my_cfg.o(.text)
    rf_cfg                                   0x080188e3   Thumb Code   172  my_cfg.o(.text)
    cfg_getstate                             0x0801898f   Thumb Code     6  my_cfg.o(.text)
    idle_task                                0x08018999   Thumb Code   112  my_idle.o(.text)
    getIdleTask                              0x08018a09   Thumb Code     6  my_idle.o(.text)
    getKilledTask                            0x08018a0f   Thumb Code    18  my_idle.o(.text)
    IOT_Hander                               0x08018a31   Thumb Code    54  my_iot.o(.text)
    my_iot                                   0x08018a67   Thumb Code   444  my_iot.o(.text)
    wk_client                                0x08018c41   Thumb Code   236  my_w5500.o(.text)
    sys_test                                 0x08018d2d   Thumb Code    42  my_w5500.o(.text)
    my_w5500                                 0x08018d57   Thumb Code   150  my_w5500.o(.text)
    MQTTSerialize_connectLength              0x08018e09   Thumb Code   118  mqttconnectclient.o(.text)
    MQTTSerialize_connect                    0x08018e7f   Thumb Code   342  mqttconnectclient.o(.text)
    MQTTDeserialize_connack                  0x08018fd5   Thumb Code   118  mqttconnectclient.o(.text)
    MQTTSerialize_zero                       0x0801904b   Thumb Code    76  mqttconnectclient.o(.text)
    MQTTSerialize_disconnect                 0x08019097   Thumb Code    18  mqttconnectclient.o(.text)
    MQTTSerialize_pingreq                    0x080190a9   Thumb Code    18  mqttconnectclient.o(.text)
    MQTTPacket_encode                        0x080190cd   Thumb Code    54  mqttpacket.o(.text)
    MQTTPacket_decode                        0x08019103   Thumb Code    88  mqttpacket.o(.text)
    MQTTPacket_len                           0x0801915b   Thumb Code    34  mqttpacket.o(.text)
    bufchar                                  0x0801917d   Thumb Code    36  mqttpacket.o(.text)
    MQTTPacket_decodeBuf                     0x080191a1   Thumb Code    22  mqttpacket.o(.text)
    readInt                                  0x080191b7   Thumb Code    26  mqttpacket.o(.text)
    readChar                                 0x080191d1   Thumb Code    14  mqttpacket.o(.text)
    writeChar                                0x080191df   Thumb Code    12  mqttpacket.o(.text)
    writeInt                                 0x080191eb   Thumb Code    48  mqttpacket.o(.text)
    writeCString                             0x0801921b   Thumb Code    40  mqttpacket.o(.text)
    getLenStringLen                          0x08019243   Thumb Code    18  mqttpacket.o(.text)
    writeMQTTString                          0x08019255   Thumb Code    62  mqttpacket.o(.text)
    readMQTTLenString                        0x08019293   Thumb Code    58  mqttpacket.o(.text)
    MQTTstrlen                               0x080192cd   Thumb Code    24  mqttpacket.o(.text)
    MQTTPacket_equals                        0x080192e5   Thumb Code    66  mqttpacket.o(.text)
    MQTTPacket_read                          0x08019327   Thumb Code   102  mqttpacket.o(.text)
    MQTTPacket_readnb                        0x080193f5   Thumb Code   204  mqttpacket.o(.text)
    MQTTSerialize_publishLength              0x080194c9   Thumb Code    34  mqttserializepublish.o(.text)
    MQTTSerialize_publish                    0x080194eb   Thumb Code   176  mqttserializepublish.o(.text)
    MQTTSerialize_ack                        0x0801959b   Thumb Code   114  mqttserializepublish.o(.text)
    MQTTSerialize_puback                     0x0801960d   Thumb Code    24  mqttserializepublish.o(.text)
    MQTTSerialize_pubrel                     0x08019625   Thumb Code    26  mqttserializepublish.o(.text)
    MQTTSerialize_pubcomp                    0x0801963f   Thumb Code    24  mqttserializepublish.o(.text)
    __use_no_semihosting                     0x08019657   Thumb Code     2  use_no_semi_2.o(.text)
    tolower                                  0x08019659   Thumb Code    26  tolower.o(.text)
    __2sprintf                               0x08019675   Thumb Code    38  __2sprintf.o(.text)
    _printf_pre_padding                      0x080196a1   Thumb Code    44  _printf_pad.o(.text)
    _printf_post_padding                     0x080196cd   Thumb Code    34  _printf_pad.o(.text)
    _printf_str                              0x080196ef   Thumb Code    82  _printf_str.o(.text)
    _printf_int_dec                          0x08019741   Thumb Code   104  _printf_dec.o(.text)
    _printf_int_hex                          0x080197b9   Thumb Code    84  _printf_hex_int.o(.text)
    _printf_longlong_hex                     0x080197b9   Thumb Code     0  _printf_hex_int.o(.text)
    __printf                                 0x08019811   Thumb Code   308  __printf_flags_wp.o(.text)
    strchr                                   0x08019949   Thumb Code    20  strchr.o(.text)
    strcpy                                   0x0801995d   Thumb Code    72  strcpy.o(.text)
    strlen                                   0x080199a5   Thumb Code    62  strlen.o(.text)
    strncmp                                  0x080199e3   Thumb Code   150  strncmp.o(.text)
    __aeabi_memcpy                           0x08019a79   Thumb Code     0  rt_memcpy_v6.o(.text)
    __rt_memcpy                              0x08019a79   Thumb Code   138  rt_memcpy_v6.o(.text)
    _memcpy_lastbytes                        0x08019adf   Thumb Code     0  rt_memcpy_v6.o(.text)
    __aeabi_memcpy4                          0x08019b03   Thumb Code     0  rt_memcpy_w.o(.text)
    __aeabi_memcpy8                          0x08019b03   Thumb Code     0  rt_memcpy_w.o(.text)
    __rt_memcpy_w                            0x08019b03   Thumb Code   100  rt_memcpy_w.o(.text)
    _memcpy_lastbytes_aligned                0x08019b4b   Thumb Code     0  rt_memcpy_w.o(.text)
    __aeabi_memclr                           0x08019b67   Thumb Code     0  rt_memclr.o(.text)
    __rt_memclr                              0x08019b67   Thumb Code    68  rt_memclr.o(.text)
    _memset                                  0x08019b6b   Thumb Code     0  rt_memclr.o(.text)
    __aeabi_memclr4                          0x08019bab   Thumb Code     0  rt_memclr_w.o(.text)
    __aeabi_memclr8                          0x08019bab   Thumb Code     0  rt_memclr_w.o(.text)
    __rt_memclr_w                            0x08019bab   Thumb Code    78  rt_memclr_w.o(.text)
    _memset_w                                0x08019baf   Thumb Code     0  rt_memclr_w.o(.text)
    strncpy                                  0x08019bf9   Thumb Code    86  strncpy.o(.text)
    strcmp                                   0x08019c51   Thumb Code   128  strcmpv7m.o(.text)
    __use_two_region_memory                  0x08019cd1   Thumb Code     2  heapauxi.o(.text)
    __rt_heap_escrow$2region                 0x08019cd3   Thumb Code     2  heapauxi.o(.text)
    __rt_heap_expand$2region                 0x08019cd5   Thumb Code     2  heapauxi.o(.text)
    __I$use$semihosting                      0x08019cd7   Thumb Code     0  use_no_semi.o(.text)
    __use_no_semihosting_swi                 0x08019cd7   Thumb Code     2  use_no_semi.o(.text)
    __rt_ctype_table                         0x08019cd9   Thumb Code    16  rt_ctype_table.o(.text)
    __read_errno                             0x08019ce9   Thumb Code    10  _rserrno.o(.text)
    __set_errno                              0x08019cf3   Thumb Code    12  _rserrno.o(.text)
    _printf_int_common                       0x08019cff   Thumb Code   178  _printf_intcommon.o(.text)
    __lib_sel_fp_printf                      0x08019db1   Thumb Code     2  _printf_fp_dec.o(.text)
    _printf_fp_dec_real                      0x08019f5f   Thumb Code   620  _printf_fp_dec.o(.text)
    _printf_char_common                      0x0801a1d7   Thumb Code    32  _printf_char_common.o(.text)
    _sputc                                   0x0801a1fd   Thumb Code    10  _sputc.o(.text)
    _printf_cs_common                        0x0801a207   Thumb Code    20  _printf_char.o(.text)
    _printf_char                             0x0801a21b   Thumb Code    16  _printf_char.o(.text)
    _printf_string                           0x0801a22b   Thumb Code     8  _printf_char.o(.text)
    __rt_locale                              0x0801a235   Thumb Code     8  rt_locale_intlibspace.o(.text)
    __aeabi_errno_addr                       0x0801a23d   Thumb Code     8  rt_errno_addr_intlibspace.o(.text)
    __errno$intlibspace                      0x0801a23d   Thumb Code     0  rt_errno_addr_intlibspace.o(.text)
    __rt_errno_addr$intlibspace              0x0801a23d   Thumb Code     0  rt_errno_addr_intlibspace.o(.text)
    _ll_udiv10                               0x0801a245   Thumb Code   138  lludiv10.o(.text)
    _printf_fp_infnan                        0x0801a2d1   Thumb Code   112  _printf_fp_infnan.o(.text)
    _btod_etento                             0x0801a351   Thumb Code   216  bigflt0.o(.text)
    __user_libspace                          0x0801a42d   Thumb Code     8  libspace.o(.text)
    __user_perproc_libspace                  0x0801a42d   Thumb Code     0  libspace.o(.text)
    __user_perthread_libspace                0x0801a42d   Thumb Code     0  libspace.o(.text)
    __user_setup_stackheap                   0x0801a435   Thumb Code    74  sys_stackheap_outer.o(.text)
    exit                                     0x0801a47f   Thumb Code    12  exit.o(.text)
    _btod_d2e                                0x0801a48b   Thumb Code    62  btod.o(CL$$btod_d2e)
    _d2e_denorm_low                          0x0801a4c9   Thumb Code    70  btod.o(CL$$btod_d2e_denorm_low)
    _d2e_norm_op1                            0x0801a50f   Thumb Code    96  btod.o(CL$$btod_d2e_norm_op1)
    __btod_div_common                        0x0801a56f   Thumb Code   696  btod.o(CL$$btod_div_common)
    _e2e                                     0x0801a8a7   Thumb Code   198  btod.o(CL$$btod_e2e)
    _btod_ediv                               0x0801a96d   Thumb Code    40  btod.o(CL$$btod_ediv)
    _btod_emul                               0x0801a995   Thumb Code    40  btod.o(CL$$btod_emul)
    __btod_mult_common                       0x0801a9bd   Thumb Code   580  btod.o(CL$$btod_mult_common)
    __ARM_fpclassify                         0x0801ac01   Thumb Code    40  fpclassify.o(i.__ARM_fpclassify)
    __kernel_poly                            0x0801ac29   Thumb Code   170  poly.o(i.__kernel_poly)
    __mathlib_dbl_divzero                    0x0801acd5   Thumb Code    12  dunder.o(i.__mathlib_dbl_divzero)
    __mathlib_dbl_infnan2                    0x0801ace5   Thumb Code     4  dunder.o(i.__mathlib_dbl_infnan2)
    __mathlib_dbl_invalid                    0x0801ace9   Thumb Code    12  dunder.o(i.__mathlib_dbl_invalid)
    __mathlib_dbl_overflow                   0x0801acf5   Thumb Code    14  dunder.o(i.__mathlib_dbl_overflow)
    __mathlib_dbl_underflow                  0x0801ad05   Thumb Code    10  dunder.o(i.__mathlib_dbl_underflow)
    _is_digit                                0x0801ad15   Thumb Code    14  __printf_wp.o(i._is_digit)
    floor                                    0x0801ad25   Thumb Code   204  floor.o(i.floor)
    pow                                      0x0801ae01   Thumb Code  2478  pow.o(i.pow)
    sqrt                                     0x0801b7b9   Thumb Code    76  sqrt.o(i.sqrt)
    _get_lc_ctype                            0x0801b805   Thumb Code    44  lc_ctype_c.o(locale$$code)
    _get_lc_numeric                          0x0801b831   Thumb Code    44  lc_numeric_c.o(locale$$code)
    __aeabi_d2f                              0x0801b85d   Thumb Code     0  d2f.o(x$fpl$d2f)
    _d2f                                     0x0801b85d   Thumb Code    98  d2f.o(x$fpl$d2f)
    __aeabi_dadd                             0x0801b8c1   Thumb Code     0  daddsub_clz.o(x$fpl$dadd)
    _dadd                                    0x0801b8c1   Thumb Code   332  daddsub_clz.o(x$fpl$dadd)
    __fpl_dcheck_NaN1                        0x0801ba11   Thumb Code    10  dcheck1.o(x$fpl$dcheck1)
    __fpl_dcmp_Inf                           0x0801ba21   Thumb Code    24  dcmpi.o(x$fpl$dcmpinf)
    __aeabi_ddiv                             0x0801ba39   Thumb Code     0  ddiv.o(x$fpl$ddiv)
    _ddiv                                    0x0801ba39   Thumb Code   552  ddiv.o(x$fpl$ddiv)
    __aeabi_d2iz                             0x0801bce9   Thumb Code     0  dfix.o(x$fpl$dfix)
    _dfix                                    0x0801bce9   Thumb Code    94  dfix.o(x$fpl$dfix)
    __aeabi_i2d                              0x0801bd47   Thumb Code     0  dflt_clz.o(x$fpl$dflt)
    _dflt                                    0x0801bd47   Thumb Code    46  dflt_clz.o(x$fpl$dflt)
    __aeabi_ui2d                             0x0801bd75   Thumb Code     0  dflt_clz.o(x$fpl$dfltu)
    _dfltu                                   0x0801bd75   Thumb Code    38  dflt_clz.o(x$fpl$dfltu)
    __aeabi_cdcmple                          0x0801bd9d   Thumb Code     0  dleqf.o(x$fpl$dleqf)
    _dcmple                                  0x0801bd9d   Thumb Code   120  dleqf.o(x$fpl$dleqf)
    __fpl_dcmple_InfNaN                      0x0801bdff   Thumb Code     0  dleqf.o(x$fpl$dleqf)
    __aeabi_dmul                             0x0801be15   Thumb Code     0  dmul.o(x$fpl$dmul)
    _dmul                                    0x0801be15   Thumb Code   332  dmul.o(x$fpl$dmul)
    __fpl_dnaninf                            0x0801bf69   Thumb Code   156  dnaninf.o(x$fpl$dnaninf)
    __fpl_dretinf                            0x0801c005   Thumb Code    12  dretinf.o(x$fpl$dretinf)
    __aeabi_cdrcmple                         0x0801c011   Thumb Code     0  drleqf.o(x$fpl$drleqf)
    _drcmple                                 0x0801c011   Thumb Code   108  drleqf.o(x$fpl$drleqf)
    __aeabi_drsub                            0x0801c07d   Thumb Code     0  daddsub_clz.o(x$fpl$drsb)
    _drsb                                    0x0801c07d   Thumb Code    22  daddsub_clz.o(x$fpl$drsb)
    _dsqrt                                   0x0801c095   Thumb Code   456  dsqrt_noumaal.o(x$fpl$dsqrt)
    __aeabi_dsub                             0x0801c261   Thumb Code     0  daddsub_clz.o(x$fpl$dsub)
    _dsub                                    0x0801c261   Thumb Code   464  daddsub_clz.o(x$fpl$dsub)
    __aeabi_f2d                              0x0801c435   Thumb Code     0  f2d.o(x$fpl$f2d)
    _f2d                                     0x0801c435   Thumb Code    86  f2d.o(x$fpl$f2d)
    __aeabi_fadd                             0x0801c48d   Thumb Code     0  faddsub_clz.o(x$fpl$fadd)
    _fadd                                    0x0801c48d   Thumb Code   196  faddsub_clz.o(x$fpl$fadd)
    __fpl_fcmp_Inf                           0x0801c551   Thumb Code    24  fcmpi.o(x$fpl$fcmpinf)
    __aeabi_f2uiz                            0x0801c569   Thumb Code     0  ffixu.o(x$fpl$ffixu)
    _ffixu                                   0x0801c569   Thumb Code    62  ffixu.o(x$fpl$ffixu)
    __aeabi_i2f                              0x0801c5a9   Thumb Code     0  fflt_clz.o(x$fpl$fflt)
    _fflt                                    0x0801c5a9   Thumb Code    48  fflt_clz.o(x$fpl$fflt)
    __aeabi_ui2f                             0x0801c5d9   Thumb Code     0  fflt_clz.o(x$fpl$ffltu)
    _ffltu                                   0x0801c5d9   Thumb Code    38  fflt_clz.o(x$fpl$ffltu)
    __aeabi_cfcmple                          0x0801c601   Thumb Code     0  fleqf.o(x$fpl$fleqf)
    _fcmple                                  0x0801c601   Thumb Code   104  fleqf.o(x$fpl$fleqf)
    __fpl_fcmple_InfNaN                      0x0801c653   Thumb Code     0  fleqf.o(x$fpl$fleqf)
    __aeabi_fmul                             0x0801c669   Thumb Code     0  fmul.o(x$fpl$fmul)
    _fmul                                    0x0801c669   Thumb Code   258  fmul.o(x$fpl$fmul)
    __fpl_fnaninf                            0x0801c76b   Thumb Code   140  fnaninf.o(x$fpl$fnaninf)
    __fpl_fretinf                            0x0801c7f7   Thumb Code    10  fretinf.o(x$fpl$fretinf)
    __aeabi_cfrcmple                         0x0801c801   Thumb Code     0  frleqf.o(x$fpl$frleqf)
    _frcmple                                 0x0801c801   Thumb Code    98  frleqf.o(x$fpl$frleqf)
    __aeabi_fsub                             0x0801c865   Thumb Code     0  faddsub_clz.o(x$fpl$fsub)
    _fsub                                    0x0801c865   Thumb Code   234  faddsub_clz.o(x$fpl$fsub)
    _printf_fp_dec                           0x0801c94f   Thumb Code     4  printf1.o(x$fpl$printf1)
    __fpl_return_NaN                         0x0801c953   Thumb Code   100  retnan.o(x$fpl$retnan)
    __ARM_scalbn                             0x0801c9b7   Thumb Code    92  scalbn.o(x$fpl$scalbn)
    __fpl_cmpreturn                          0x0801ca13   Thumb Code    48  trapv.o(x$fpl$trapveneer)
    __I$use$fp                               0x0801ca42   Number         0  usenofp.o(x$fpl$usenofp)
    table_week                               0x0801ca42   Data          12  rtc.o(.constdata)
    mon_table                                0x0801ca4e   Data          12  rtc.o(.constdata)
    auchCRCHi                                0x0801cac4   Data         256  crc8_16.o(.constdata)
    auchCRCLo                                0x0801cbc4   Data         256  crc8_16.o(.constdata)
    devicename                               0x0801ccc4   Data          64  data_map.o(.constdata)
    warn_char                                0x0801cd0b   Data          56  wk_json.o(.constdata)
    __mathlib_zero                           0x0801ce20   Data           8  qnan.o(.constdata)
    Region$$Table$$Base                      0x0801d1b4   Number         0  anon$$obj.o(Region$$Table)
    Region$$Table$$Limit                     0x0801d1d4   Number         0  anon$$obj.o(Region$$Table)
    __ctype                                  0x0801d1e1   Data           0  lc_ctype_c.o(locale$$data)
    SystemCoreClock                          0x20000004   Data           4  system_stm32f10x.o(.data)
    AHBPrescTable                            0x20000008   Data          16  system_stm32f10x.o(.data)
    memtblsize                               0x20000038   Data           4  os_mem.o(.data)
    memblksize                               0x2000003c   Data           4  os_mem.o(.data)
    memsize                                  0x20000040   Data           4  os_mem.o(.data)
    INPUT_FOCUS                              0x20000044   Data           1  os_msg.o(.data)
    OSRunning                                0x20000048   Data           4  os_task.o(.data)
    OSPrioCur                                0x2000004c   Data           4  os_task.o(.data)
    OSPrioHighRdy                            0x20000050   Data           4  os_task.o(.data)
    OSTCBCur                                 0x20000054   Data           4  os_task.o(.data)
    OSTCBHighRdy                             0x20000058   Data           4  os_task.o(.data)
    OSIntNesting                             0x2000005c   Data           4  os_task.o(.data)
    OSIntExit                                0x20000060   Data           4  os_task.o(.data)
    OSTaskSwHook                             0x20000064   Data           4  os_task.o(.data)
    OS_ONLYME                                0x20000068   Data           1  os_task.o(.data)
    TASK_Free                                0x2000006c   Data           4  os_task.o(.data)
    ONLYME_PRO                               0x20000070   Data           1  os_task.o(.data)
    LIGHT_RUN_PTR                            0x200000b8   Data           4  light.o(.data)
    RED_LIGHT                                0x200000bc   Data           1  light.o(.data)
    GREEN_LIGHT                              0x200000bd   Data           1  light.o(.data)
    BLUE_LIGHT                               0x200000be   Data           1  light.o(.data)
    USART_RX_STA                             0x200000cc   Data           2  rf.o(.data)
    __stdout                                 0x200000d4   Data           4  rf.o(.data)
    fatfs                                    0x200000dc   Data           8  fats.o(.data)
    file                                     0x200000e4   Data           4  fats.o(.data)
    ftemp                                    0x200000e8   Data           4  fats.o(.data)
    file_br                                  0x200000ec   Data           4  fats.o(.data)
    file_bw                                  0x200000f0   Data           4  fats.o(.data)
    file_buf                                 0x200000f4   Data           4  fats.o(.data)
    FATS_STATE                               0x200000f8   Data           1  fats.o(.data)
    DBG_FATS                                 0x200000f9   Data           1  fats.o(.data)
    SD_Type                                  0x200000fa   Data           1  mmc_sd.o(.data)
    Phy_Addr                                 0x20000102   Data           6  w5500.o(.data)
    RF_FOCUS                                 0x20000111   Data           1  hard_irq.o(.data)
    LCD_FOCUS                                0x20000112   Data           1  hard_irq.o(.data)
    SOCKET0_FOCUS                            0x20000113   Data           1  hard_irq.o(.data)
    SOCKET1_FOCUS                            0x20000114   Data           1  hard_irq.o(.data)
    SOCKET2_FOCUS                            0x20000115   Data           1  hard_irq.o(.data)
    SOCKET3_FOCUS                            0x20000116   Data           1  hard_irq.o(.data)
    SOCKET4_FOCUS                            0x20000117   Data           1  hard_irq.o(.data)
    SOCKET5_FOCUS                            0x20000118   Data           1  hard_irq.o(.data)
    SOCKET6_FOCUS                            0x20000119   Data           1  hard_irq.o(.data)
    SOCKET7_FOCUS                            0x2000011a   Data           1  hard_irq.o(.data)
    MQTT_IP                                  0x2000011b   Data           4  baidu_iot.o(.data)
    Transaction                              0x20000148   Data           4  dhcp.o(.data)
    Sub_Mask                                 0x20000152   Data           4  enternet.o(.data)
    IP_Addr                                  0x20000156   Data           4  enternet.o(.data)
    Gateway_IP                               0x2000015a   Data           4  enternet.o(.data)
    DNS_SERVER                               0x2000015e   Data           4  enternet.o(.data)
    NTP_SERVER                               0x20000162   Data           4  enternet.o(.data)
    SERVER_IP                                0x20000166   Data           4  enternet.o(.data)
    SERVER_PORT                              0x2000016a   Data           2  enternet.o(.data)
    DBG_COPY_TO_S1CK                         0x2000017e   Data           1  wk_json.o(.data)
    p_Flash_Write                            0x20000190   Data           4  cmd.o(.data)
    p_Flash_Read                             0x20000194   Data           4  cmd.o(.data)
    DBG_IP                                   0x200001a0   Data           4  debug.o(.data)
    DBG_PORT                                 0x200001a4   Data           2  debug.o(.data)
    soft_timer_10ms                          0x200001a8   Data           4  my_topmsg.o(.data)
    LCD_PAGE                                 0x200001be   Data           6  my_lcd.o(.data)
    LCD_STATE                                0x200001c4   Data           8  my_lcd.o(.data)
    LCD_SET_DATA                             0x200001cc   Data           8  my_lcd.o(.data)
    LCD_GET_DATA                             0x200001d4   Data           7  my_lcd.o(.data)
    IN_CFG                                   0x2000020c   Data           1  my_cfg.o(.data)
    IDLE                                     0x20000210   Data           4  my_idle.o(.data)
    MQTT_STATE                               0x20000214   Data           1  my_iot.o(.data)
    DBG_INTER_STATE                          0x20000218   Data           1  my_w5500.o(.data)
    my_keytack                               0x20000220   Data         512  main.o(.bss)
    my_lcdtack                               0x20000420   Data         512  main.o(.bss)
    rf_looptack                              0x20000620   Data        1024  main.o(.bss)
    my_lighttack                             0x20000a20   Data         512  main.o(.bss)
    my_w5500tack                             0x20000c20   Data        1024  main.o(.bss)
    my_autotack                              0x20001020   Data         512  main.o(.bss)
    my_iottack                               0x20001220   Data        1024  main.o(.bss)
    my_idletack                              0x20001620   Data         256  main.o(.bss)
    mallco_dev                               0x20001720   Data          20  os_mem.o(.bss)
    my_messeg                                0x20001734   Data         720  os_msg.o(.bss)
    TCB_Table                                0x20001a04   Data        1024  os_task.o(.bss)
    USART_RX_BUF                             0x20001ed4   Data          50  rf.o(.bss)
    MY_CMD                                   0x20001f06   Data          58  rf.o(.bss)
    LASTTIME                                 0x20002138   Data         128  my_idle.o(.bss)
    IDLETIMES                                0x200021b8   Data          64  my_idle.o(.bss)
    __libspace_start                         0x200021f8   Data          96  libspace.o(.bss)
    __temporary_stack_top$libspace           0x20002258   Data           0  libspace.o(.bss)



==============================================================================

Image component sizes


      Code (inc. data)   RO Data    RW Data    ZI Data      Debug   

     93190       8744       1886        540       8664     599291   Object Totals
         0          0         32          0          0          0   (incl. Generated)
         6          0          9         19          0          0   (incl. Padding)
     13580        716        656          0         96       7720   Library Totals
        34          0          7          0          0          0   (incl. Padding)

==============================================================================


      Code (inc. data)   RO Data    RW Data    ZI Data      Debug   

    106770       9460       2542        540       8760     595983   Grand Totals
    106770       9460       2542        144       8760     595983   ELF Image Totals (compressed)
    106770       9460       2542        144          0          0   ROM Totals

==============================================================================

    Total RO  Size (Code + RO Data)               109312 ( 106.75kB)
    Total RW  Size (RW Data + ZI Data)              9300 (   9.08kB)
    Total ROM Size (Code + RO Data + RW Data)     109456 ( 106.89kB)

==============================================================================

