Component: ARM Compiler 5.05 update 1 (build 106) Tool: armlink [4d0efa]

==============================================================================

Image Symbol Table

    Local Symbols

    Symbol Name                              Value     Ov Type        Size  Object(Section)

    ../clib/angel/boardlib.s                 0x00000000   Number         0  boardinit1.o ABSOLUTE
    ../clib/angel/boardlib.s                 0x00000000   Number         0  boardinit3.o ABSOLUTE
    ../clib/angel/boardlib.s                 0x00000000   Number         0  boardinit2.o ABSOLUTE
    ../clib/angel/boardlib.s                 0x00000000   Number         0  boardshut.o ABSOLUTE
    ../clib/angel/dczerorl2.s                0x00000000   Number         0  __dczerorl2.o ABSOLUTE
    ../clib/angel/handlers.s                 0x00000000   Number         0  __scatter_zi.o ABSOLUTE
    ../clib/angel/kernel.s                   0x00000000   Number         0  __rtentry.o ABSOLUTE
    ../clib/angel/kernel.s                   0x00000000   Number         0  __rtentry2.o ABSOLUTE
    ../clib/angel/kernel.s                   0x00000000   Number         0  __rtentry4.o ABSOLUTE
    ../clib/angel/kernel.s                   0x00000000   Number         0  rtexit2.o ABSOLUTE
    ../clib/angel/kernel.s                   0x00000000   Number         0  rtexit.o ABSOLUTE
    ../clib/angel/rt.s                       0x00000000   Number         0  rt_errno_addr_intlibspace.o ABSOLUTE
    ../clib/angel/rt.s                       0x00000000   Number         0  rt_raise.o ABSOLUTE
    ../clib/angel/rt.s                       0x00000000   Number         0  rt_errno_addr.o ABSOLUTE
    ../clib/angel/rt.s                       0x00000000   Number         0  rt_ctype_table.o ABSOLUTE
    ../clib/angel/rt.s                       0x00000000   Number         0  rt_locale_intlibspace.o ABSOLUTE
    ../clib/angel/rt.s                       0x00000000   Number         0  rt_locale.o ABSOLUTE
    ../clib/angel/scatter.s                  0x00000000   Number         0  __scatter.o ABSOLUTE
    ../clib/angel/startup.s                  0x00000000   Number         0  __main.o ABSOLUTE
    ../clib/angel/sys.s                      0x00000000   Number         0  libspace.o ABSOLUTE
    ../clib/angel/sys.s                      0x00000000   Number         0  sys_stackheap_outer.o ABSOLUTE
    ../clib/angel/sys.s                      0x00000000   Number         0  use_no_semi.o ABSOLUTE
    ../clib/angel/sys.s                      0x00000000   Number         0  use_no_semi_2.o ABSOLUTE
    ../clib/angel/sys.s                      0x00000000   Number         0  indicate_semi.o ABSOLUTE
    ../clib/angel/sysapp.c                   0x00000000   Number         0  sys_command.o ABSOLUTE
    ../clib/armsys.c                         0x00000000   Number         0  no_argv.o ABSOLUTE
    ../clib/armsys.c                         0x00000000   Number         0  _get_argv_nomalloc.o ABSOLUTE
    ../clib/armsys.c                         0x00000000   Number         0  argv_veneer.o ABSOLUTE
    ../clib/armsys.c                         0x00000000   Number         0  argv_veneer.o ABSOLUTE
    ../clib/bigflt.c                         0x00000000   Number         0  bigflt0.o ABSOLUTE
    ../clib/btod.s                           0x00000000   Number         0  btod.o ABSOLUTE
    ../clib/ctype.c                          0x00000000   Number         0  tolower.o ABSOLUTE
    ../clib/fenv.c                           0x00000000   Number         0  _rserrno.o ABSOLUTE
    ../clib/heapalloc.c                      0x00000000   Number         0  hrguard.o ABSOLUTE
    ../clib/heapaux.c                        0x00000000   Number         0  heapauxi.o ABSOLUTE
    ../clib/libinit.s                        0x00000000   Number         0  libshutdown.o ABSOLUTE
    ../clib/libinit.s                        0x00000000   Number         0  libshutdown2.o ABSOLUTE
    ../clib/libinit.s                        0x00000000   Number         0  libinit.o ABSOLUTE
    ../clib/libinit.s                        0x00000000   Number         0  libinit2.o ABSOLUTE
    ../clib/locale.s                         0x00000000   Number         0  lc_ctype_c.o ABSOLUTE
    ../clib/locale.s                         0x00000000   Number         0  lc_numeric_c.o ABSOLUTE
    ../clib/longlong.s                       0x00000000   Number         0  lludiv10.o ABSOLUTE
    ../clib/memcpset.s                       0x00000000   Number         0  rt_memclr.o ABSOLUTE
    ../clib/memcpset.s                       0x00000000   Number         0  rt_memcpy_w.o ABSOLUTE
    ../clib/memcpset.s                       0x00000000   Number         0  rt_memclr_w.o ABSOLUTE
    ../clib/memcpset.s                       0x00000000   Number         0  rt_memcpy_v6.o ABSOLUTE
    ../clib/memcpset.s                       0x00000000   Number         0  strncpy.o ABSOLUTE
[...]
    TIM_GetPrescaler                         0x0800504d   Thumb Code     6  stm32f10x_tim.o(.text)
    TIM_GetFlagStatus                        0x08005053   Thumb Code    18  stm32f10x_tim.o(.text)
    TIM_ClearFlag                            0x08005065   Thumb Code     6  stm32f10x_tim.o(.text)
    TIM_GetITStatus                          0x0800506b   Thumb Code    34  stm32f10x_tim.o(.text)
    TIM_ClearITPendingBit                    0x0800508d   Thumb Code     6  stm32f10x_tim.o(.text)
    USART_DeInit                             0x08005095   Thumb Code   134  stm32f10x_usart.o(.text)
    USART_Init                               0x0800511b   Thumb Code   210  stm32f10x_usart.o(.text)
    USART_StructInit                         0x080051ed   Thumb Code    24  stm32f10x_usart.o(.text)
    USART_ClockInit                          0x08005205   Thumb Code    34  stm32f10x_usart.o(.text)
    USART_ClockStructInit                    0x08005227   Thumb Code    12  stm32f10x_usart.o(.text)
    USART_Cmd                                0x08005233   Thumb Code    24  stm32f10x_usart.o(.text)
    USART_ITConfig                           0x0800524b   Thumb Code    74  stm32f10x_usart.o(.text)
    USART_DMACmd                             0x08005295   Thumb Code    18  stm32f10x_usart.o(.text)
    USART_SetAddress                         0x080052a7   Thumb Code    18  stm32f10x_usart.o(.text)
    USART_WakeUpConfig                       0x080052b9   Thumb Code    18  stm32f10x_usart.o(.text)
    USART_ReceiverWakeUpCmd                  0x080052cb   Thumb Code    24  stm32f10x_usart.o(.text)
    USART_LINBreakDetectLengthConfig         0x080052e3   Thumb Code    18  stm32f10x_usart.o(.text)
    USART_LINCmd                             0x080052f5   Thumb Code    24  stm32f10x_usart.o(.text)
    USART_SendData                           0x0800530d   Thumb Code     8  stm32f10x_usart.o(.text)
    USART_ReceiveData                        0x08005315   Thumb Code    10  stm32f10x_usart.o(.text)
    USART_SendBreak                          0x0800531f   Thumb Code    10  stm32f10x_usart.o(.text)
    USART_SetGuardTime                       0x08005329   Thumb Code    16  stm32f10x_usart.o(.text)
    USART_SetPrescaler                       0x08005339   Thumb Code    16  stm32f10x_usart.o(.text)
    USART_SmartCardCmd                       0x08005349   Thumb Code    24  stm32f10x_usart.o(.text)
    USART_SmartCardNACKCmd                   0x08005361   Thumb Code    24  stm32f10x_usart.o(.text)
    USART_HalfDuplexCmd                      0x08005379   Thumb Code    24  stm32f10x_usart.o(.text)
    USART_OverSampling8Cmd                   0x08005391   Thumb Code    22  stm32f10x_usart.o(.text)
    USART_OneBitMethodCmd                    0x080053a7   Thumb Code    24  stm32f10x_usart.o(.text)
    USART_IrDAConfig                         0x080053bf   Thumb Code    18  stm32f10x_usart.o(.text)
    USART_IrDACmd                            0x080053d1   Thumb Code    24  stm32f10x_usart.o(.text)
    USART_GetFlagStatus                      0x080053e9   Thumb Code    26  stm32f10x_usart.o(.text)
    USART_ClearFlag                          0x08005403   Thumb Code    18  stm32f10x_usart.o(.text)
    USART_GetITStatus                        0x08005415   Thumb Code    84  stm32f10x_usart.o(.text)
    USART_ClearITPendingBit                  0x08005469   Thumb Code    52  stm32f10x_usart.o(.text)
    OSTaskStkInit                            0x0800549d   Thumb Code   154  os_cpu_c.o(.text)
    OS_CPU_SR_Save                           0x08005539   Thumb Code     0  os_cpu_a.o(.text)
    OS_CPU_SR_Restore                        0x08005541   Thumb Code     0  os_cpu_a.o(.text)
    OSStartHighRdy                           0x08005547   Thumb Code     0  os_cpu_a.o(.text)
    OSCtxSw                                  0x08005569   Thumb Code     0  os_cpu_a.o(.text)
    OSIntCtxSw                               0x08005577   Thumb Code     0  os_cpu_a.o(.text)
    PendSV_Handler                           0x08005587   Thumb Code     0  os_cpu_a.o(.text)
    GetZeroNum                               0x080055cd   Thumb Code     0  os_cpu_a.o(.text)
    GetRBIT16                                0x080055d3   Thumb Code     0  os_cpu_a.o(.text)
    BlxExternFun                             0x080055dd   Thumb Code     0  os_cpu_a.o(.text)
    delay_init                               0x08005611   Thumb Code    72  delay.o(.text)
    delay_us                                 0x08005659   Thumb Code    70  delay.o(.text)
    delay_ms                                 0x0800569f   Thumb Code    44  delay.o(.text)
    sleep_ms                                 0x080056cb   Thumb Code    58  delay.o(.text)
    RunTime_IRQHandler                       0x08005705   Thumb Code    38  delay.o(.text)
    getSysRunTime                            0x0800572b   Thumb Code     6  delay.o(.text)
    cpuBreakIRQ                              0x08005731   Thumb Code    46  delay.o(.text)
    SysTick_Handler                          0x0800575f   Thumb Code    74  delay.o(.text)
    os_fats_init                             0x080057d1   Thumb Code     8  os_fats.o(.text)
    mymemset                                 0x080057d9   Thumb Code    20  os_mem.o(.text)
    mem_perused                              0x080057ed   Thumb Code    44  os_mem.o(.text)
    mem_init                                 0x08005819   Thumb Code   196  os_mem.o(.text)
    os_mem_init                              0x080058dd   Thumb Code     8  os_mem.o(.text)
    mymemcpy                                 0x080058e5   Thumb Code    26  os_mem.o(.text)
    mem_malloc                               0x080058ff   Thumb Code   138  os_mem.o(.text)
    mem_free                                 0x08005989   Thumb Code    74  os_mem.o(.text)
    myfree                                   0x080059d3   Thumb Code    36  os_mem.o(.text)
    mymalloc                                 0x080059f7   Thumb Code    40  os_mem.o(.text)
    myrealloc                                0x08005a1f   Thumb Code    62  os_mem.o(.text)
    msgInit                                  0x08005a75   Thumb Code    28  os_msg.o(.text)
    os_msg_init                              0x08005a91   Thumb Code    10  os_msg.o(.text)
    find_messeg                              0x08005a9b   Thumb Code    38  os_msg.o(.text)
    send_messeg                              0x08005ac1   Thumb Code   128  os_msg.o(.text)
    get_messeg                               0x08005b41   Thumb Code   124  os_msg.o(.text)
    wait_messeg                              0x08005bbd   Thumb Code   138  os_msg.o(.text)
    SetFocus                                 0x08005c47   Thumb Code    18  os_msg.o(.text)
    GetFocus                                 0x08005c59   Thumb Code     6  os_msg.o(.text)
    msgErrToStr                              0x08005c5f   Thumb Code    44  os_msg.o(.text)
    msgCopyMsg                               0x08005c8b   Thumb Code    68  os_msg.o(.text)
    Msg_Send                                 0x08005ccf   Thumb Code   354  os_msg.o(.text)
    Msg_Wait                                 0x08005e31   Thumb Code   444  os_msg.o(.text)
    Msg_Get                                  0x08005fed   Thumb Code   298  os_msg.o(.text)
    os_init                                  0x08006121   Thumb Code    20  os_sys.o(.text)
    os_task_init                             0x08006135   Thumb Code     8  os_task.o(.text)
    OS_TCBInit                               0x0800613d   Thumb Code    36  os_task.o(.text)
    CreateTaskN                              0x08006161   Thumb Code   136  os_task.o(.text)
    CreateTask                               0x080061e9   Thumb Code    84  os_task.o(.text)
    GetTaskSize                              0x0800623d   Thumb Code    32  os_task.o(.text)
    GetTaskUsed                              0x0800625d   Thumb Code    32  os_task.o(.text)
    CheckTaskUsege                           0x0800627d   Thumb Code   150  os_task.o(.text)
    CheckHighRdyTaskUsege                    0x08006313   Thumb Code   134  os_task.o(.text)
    OSStart                                  0x08006399   Thumb Code    56  os_task.o(.text)
    Task_AddFree                             0x080063d1   Thumb Code    66  os_task.o(.text)
    Task_DelFree                             0x08006413   Thumb Code    54  os_task.o(.text)
    TaskPend                                 0x08006449   Thumb Code    52  os_task.o(.text)
    TaskRepend                               0x0800647d   Thumb Code    72  os_task.o(.text)
    ToggleTasks                              0x080064c5   Thumb Code    58  os_task.o(.text)
    TaskIntSendMsg                           0x080064ff   Thumb Code   168  os_task.o(.text)
    TaskSendMsg                              0x080065a7   Thumb Code    78  os_task.o(.text)
    TaskMsgZero                              0x080065f5   Thumb Code    30  os_task.o(.text)
    TaskGetMsg                               0x08006613   Thumb Code    94  os_task.o(.text)
    OS_Enter_Onlyme                          0x08006671   Thumb Code    34  os_task.o(.text)
    OS_Exit_Onlyme                           0x08006693   Thumb Code    48  os_task.o(.text)
    samestr                                  0x080066dd   Thumb Code    46  my_fun.o(.text)
    str2num                                  0x0800670b   Thumb Code    40  my_fun.o(.text)
    getnumfstr                               0x08006733   Thumb Code    80  my_fun.o(.text)
    str2nums                                 0x08006783   Thumb Code   122  my_fun.o(.text)
    str2hex                                  0x080067fd   Thumb Code   102  my_fun.o(.text)
    getStr                                   0x08006863   Thumb Code    20  my_fun.o(.text)
    getChar                                  0x08006877   Thumb Code     6  my_fun.o(.text)
    strlenByChar                             0x0800687d   Thumb Code    34  my_fun.o(.text)
    copy_data                                0x0800689f   Thumb Code    24  my_fun.o(.text)
    getMemValue                              0x080068b7   Thumb Code    56  my_fun.o(.text)
    setMemValue                              0x080068ef   Thumb Code    56  my_fun.o(.text)
    setMemU32                                0x08006927   Thumb Code    46  my_fun.o(.text)
    getMemU32                                0x08006955   Thumb Code    46  my_fun.o(.text)
    RTC_Get_Week                             0x080069ab   Thumb Code   116  rtc.o(.text)
    Is_Leap_Year                             0x08006a1f   Thumb Code    58  rtc.o(.text)
    RTC_Get                                  0x08006a59   Thumb Code   240  rtc.o(.text)
    RTC_Set                                  0x08006b49   Thumb Code   184  rtc.o(.text)
    RTC_Init                                 0x08006c01   Thumb Code   190  rtc.o(.text)
    RTC_IRQHandler                           0x08006cbf   Thumb Code    40  rtc.o(.text)
    RTC_GetTimeObj                           0x08006ce7   Thumb Code     4  rtc.o(.text)
    RTC_SetTimeBySec                         0x08006ceb   Thumb Code    34  rtc.o(.text)
    RTC_GetTimeBySec                         0x08006d0d   Thumb Code     8  rtc.o(.text)
    IWDG_Init                                0x08006d31   Thumb Code    54  iwdg.o(.text)
    IWDG_Feed                                0x08006d67   Thumb Code     8  iwdg.o(.text)
    BEEP_Init                                0x08006d71   Thumb Code    56  beep.o(.text)
    Beep_Run                                 0x08006da9   Thumb Code   236  beep.o(.text)
    Beep_Play                                0x08006e95   Thumb Code   234  beep.o(.text)
    jianpu_end                               0x08006f7f   Thumb Code     8  beep.o(.text)
    set_jianpu                               0x08006f87   Thumb Code    52  beep.o(.text)
    Load_song                                0x08006fbb   Thumb Code  1340  beep.o(.text)
    Load_song1                               0x080074f7   Thumb Code  1958  beep.o(.text)
    Load_song2                               0x08007c9d   Thumb Code  1646  beep.o(.text)
    Load_song3                               0x0800830b   Thumb Code  1866  beep.o(.text)
    Load_up                                  0x08008a55   Thumb Code   102  beep.o(.text)
    Load_down                                0x08008abb   Thumb Code   102  beep.o(.text)
    Beep_End                                 0x08008b21   Thumb Code    32  beep.o(.text)
    KEY_IRQHandler                           0x08008b61   Thumb Code   538  key.o(.text)
    Key_Init                                 0x08008d7b   Thumb Code    46  key.o(.text)
    Get_Key                                  0x08008da9   Thumb Code    20  key.o(.text)
    Set_Key                                  0x08008dbd   Thumb Code    52  key.o(.text)
    USART2_IRQHandler                        0x08008e01   Thumb Code   118  lcd.o(.text)
    LCD_SetFocus                             0x08008e77   Thumb Code     2  lcd.o(.text)
    LCD_Init                                 0x08008e79   Thumb Code   222  lcd.o(.text)
    LCD_Send_Data                            0x08008f57   Thumb Code    68  lcd.o(.text)
    LCD_Receive_Data                         0x08008f9b   Thumb Code    56  lcd.o(.text)
    key_send                                 0x08008ff1   Thumb Code   974  light.o(.text)
    key_reset                                0x080093bf   Thumb Code    18  light.o(.text)
    key_senddata                             0x080093d1   Thumb Code    66  light.o(.text)
    sm16703_send                             0x08009413   Thumb Code   974  light.o(.text)
    sm16703_reset                            0x080097e1   Thumb Code    18  light.o(.text)
    led_senddata                             0x080097f3   Thumb Code    58  light.o(.text)
    Light_init                               0x0800982d   Thumb Code   264  light.o(.text)
    key_senddataby                           0x08009935   Thumb Code    46  light.o(.text)
    key_setcolor                             0x08009963   Thumb Code    28  light.o(.text)
    key_resetall                             0x0800997f   Thumb Code    34  light.o(.text)
    key_light                                0x080099a1   Thumb Code    44  light.o(.text)
    key_around                               0x080099cd   Thumb Code    40  light.o(.text)
    led_setcolor                             0x080099f5   Thumb Code    28  light.o(.text)
    led_getcolor                             0x08009a11   Thumb Code    38  light.o(.text)
    led_resetall                             0x08009a37   Thumb Code    34  light.o(.text)
    led_setall                               0x08009a59   Thumb Code    32  light.o(.text)
    HC595_SendData                           0x08009a79   Thumb Code     2  light.o(.text)
    on_light                                 0x08009a7b   Thumb Code    22  light.o(.text)
    off_light                                0x08009a91   Thumb Code    22  light.o(.text)
    GetLight_State                           0x08009aa7   Thumb Code    16  light.o(.text)
    Set_lightdata                            0x08009ab7   Thumb Code    24  light.o(.text)
    Get_lightdata                            0x08009acf   Thumb Code    24  light.o(.text)
    Run_Light                                0x08009ae7   Thumb Code   998  light.o(.text)
    light_setcolor                           0x08009ecd   Thumb Code    22  light.o(.text)
    Relay_Init                               0x08009f09   Thumb Code    46  relay.o(.text)
    _sys_exit                                0x08009f3d   Thumb Code     8  rf.o(.text)
    _ttywrch                                 0x08009f45   Thumb Code     2  rf.o(.text)
    fputc                                    0x08009f47   Thumb Code    24  rf.o(.text)
    RF_Init                                  0x08009f5f   Thumb Code   304  rf.o(.text)
    USART1_GetFlag                           0x0800a08f   Thumb Code     6  rf.o(.text)
    RF_Get                                   0x0800a11d   Thumb Code    56  rf.o(.text)
    Clear_Mycmd                              0x0800a155   Thumb Code    22  rf.o(.text)
    Get_Mycmd                                0x0800a16b   Thumb Code    32  rf.o(.text)
    RF_GetCmd                                0x0800a18b   Thumb Code   188  rf.o(.text)
    RF1_tx_bytes                             0x0800a247   Thumb Code    68  rf.o(.text)
    RF_SetChannel                            0x0800a28b   Thumb Code   142  rf.o(.text)
    USART1_IRQHandler                        0x0800a319   Thumb Code   254  rf.o(.text)
    fats_state                               0x0800a435   Thumb Code     6  fats.o(.text)
    fats_init                                0x0800a43b   Thumb Code   296  fats.o(.text)
    my_f_mount                               0x0800a563   Thumb Code    28  fats.o(.text)
    my_f_open                                0x0800a57f   Thumb Code    32  fats.o(.text)
    my_f_read                                0x0800a59f   Thumb Code    42  fats.o(.text)
    my_f_lseek                               0x0800a5c9   Thumb Code    28  fats.o(.text)
    my_f_close                               0x0800a5e5   Thumb Code    24  fats.o(.text)
    my_f_opendir                             0x0800a5fd   Thumb Code    28  fats.o(.text)
    my_f_readdir                             0x0800a619   Thumb Code    28  fats.o(.text)
    my_f_stat                                0x0800a635   Thumb Code    28  fats.o(.text)
    my_f_write                               0x0800a651   Thumb Code    42  fats.o(.text)
    my_f_getfree                             0x0800a67b   Thumb Code    32  fats.o(.text)
    my_f_truncate                            0x0800a69b   Thumb Code    24  fats.o(.text)
    my_f_sync                                0x0800a6b3   Thumb Code    24  fats.o(.text)
    my_f_unlink                              0x0800a6cb   Thumb Code    24  fats.o(.text)
    my_f_mkdir                               0x0800a6e3   Thumb Code    24  fats.o(.text)
    my_f_chmod                               0x0800a6fb   Thumb Code    32  fats.o(.text)
    my_f_utime                               0x0800a71b   Thumb Code    28  fats.o(.text)
    my_f_rename                              0x0800a737   Thumb Code    28  fats.o(.text)
    my_f_chdrive                             0x0800a753   Thumb Code    24  fats.o(.text)
    my_f_chdir                               0x0800a76b   Thumb Code    24  fats.o(.text)
    my_f_getcwd                              0x0800a783   Thumb Code    28  fats.o(.text)
    my_f_forward                             0x0800a79f   Thumb Code    42  fats.o(.text)
    my_f_mkfs                                0x0800a7c9   Thumb Code    32  fats.o(.text)
    my_f_fdisk                               0x0800a7e9   Thumb Code    32  fats.o(.text)
    my_f_putc                                0x0800a809   Thumb Code    94  fats.o(.text)
    my_f_puts                                0x0800a867   Thumb Code    30  fats.o(.text)
    my_f_gets                                0x0800a885   Thumb Code    32  fats.o(.text)
    SD_SPI_ReadWriteByte                     0x0800a8a9   Thumb Code    12  mmc_sd.o(.text)
    SD_SPI_SpeedLow                          0x0800a8b5   Thumb Code    10  mmc_sd.o(.text)
    SD_SPI_SpeedHigh                         0x0800a8bf   Thumb Code    10  mmc_sd.o(.text)
    SD_SPI_Init                              0x0800a8c9   Thumb Code    56  mmc_sd.o(.text)
    SD_DisSelect                             0x0800a901   Thumb Code    16  mmc_sd.o(.text)
    SD_WaitReady                             0x0800a911   Thumb Code    34  mmc_sd.o(.text)
    SD_Select                                0x0800a933   Thumb Code    26  mmc_sd.o(.text)
    SD_GetResponse                           0x0800a94d   Thumb Code    38  mmc_sd.o(.text)
    SD_RecvData                              0x0800a973   Thumb Code    56  mmc_sd.o(.text)
    SD_SendBlock                             0x0800a9ab   Thumb Code    82  mmc_sd.o(.text)
    SD_SendCmd                               0x0800a9fd   Thumb Code   120  mmc_sd.o(.text)
    SD_GetCID                                0x0800aa75   Thumb Code    42  mmc_sd.o(.text)
    SD_GetCSD                                0x0800aa9f   Thumb Code    42  mmc_sd.o(.text)
    SD_GetSectorCount                        0x0800aac9   Thumb Code   118  mmc_sd.o(.text)
    SD_Initialize                            0x0800ab3f   Thumb Code   398  mmc_sd.o(.text)
    SD_ReadDisk                              0x0800accd   Thumb Code   112  mmc_sd.o(.text)
    SD_WriteDisk                             0x0800ad3d   Thumb Code   140  mmc_sd.o(.text)
    SD_Reset                                 0x0800adc9   Thumb Code    18  mmc_sd.o(.text)
    SPI2_ReadWriteByte                       0x0800ade1   Thumb Code    78  spi.o(.text)
    SPI2_Init                                0x0800ae2f   Thumb Code   140  spi.o(.text)
    SPI2_SetSpeed                            0x0800aebb   Thumb Code    36  spi.o(.text)
    STMFLASH_ReadHalfWord                    0x0800aee9   Thumb Code     6  stmflash.o(.text)
    STMFLASH_Write_NoCheck                   0x0800aeef   Thumb Code    38  stmflash.o(.text)
    STMFLASH_Read                            0x0800af15   Thumb Code    46  stmflash.o(.text)
    STMFLASH_Write                           0x0800af43   Thumb Code   534  stmflash.o(.text)
    Test_Write                               0x0800b159   Thumb Code    16  stmflash.o(.text)
    TIME4_Init                               0x0800b16d   Thumb Code    92  timer.o(.text)
    TIME3_Init                               0x0800b1c9   Thumb Code   172  timer.o(.text)
    TIME2_Init                               0x0800b275   Thumb Code    92  timer.o(.text)
    TimersInit                               0x0800b2d1   Thumb Code    16  timer.o(.text)
    addTimerIrq10ms                          0x0800b2e1   Thumb Code    36  timer.o(.text)
    delTimerIrq10ms                          0x0800b305   Thumb Code    38  timer.o(.text)
    addTimerIrq10us                          0x0800b32b   Thumb Code    36  timer.o(.text)
    delTimerIrq10us                          0x0800b34f   Thumb Code    38  timer.o(.text)
    TIM2_IRQHandler                          0x0800b375   Thumb Code    38  timer.o(.text)
    TIM3_IRQHandler                          0x0800b39b   Thumb Code    22  timer.o(.text)
    TIM4_IRQHandler                          0x0800b3b1   Thumb Code   184  timer.o(.text)
    W25Q_ReadWriteByte                       0x0800b479   Thumb Code    74  flash.o(.text)
    SPI_Flash_ReadID                         0x0800b4c3   Thumb Code    66  flash.o(.text)
    SPI_Flash_Init                           0x0800b505   Thumb Code    96  flash.o(.text)
    SPI_Flash_ReadSR                         0x0800b565   Thumb Code    38  flash.o(.text)
    SPI_FLASH_Write_SR                       0x0800b58b   Thumb Code    34  flash.o(.text)
    SPI_FLASH_Write_Enable                   0x0800b5ad   Thumb Code    26  flash.o(.text)
    SPI_FLASH_Write_Disable                  0x0800b5c7   Thumb Code    26  flash.o(.text)
    SPI_Flash_Read                           0x0800b5e1   Thumb Code    86  flash.o(.text)
    SPI_Flash_Wait_Busy                      0x0800b637   Thumb Code    18  flash.o(.text)
    SPI_Flash_Write_Page                     0x0800b649   Thumb Code    80  flash.o(.text)
    SPI_Flash_Write_NoCheck                  0x0800b699   Thumb Code    66  flash.o(.text)
    SPI_Flash_Erase_Sector                   0x0800b6db   Thumb Code    64  flash.o(.text)
    SPI_Flash_Write                          0x0800b71b   Thumb Code   220  flash.o(.text)
    SPI_Flash_Erase_Chip                     0x0800b7f7   Thumb Code    38  flash.o(.text)
    SPI_Flash_PowerDown                      0x0800b81d   Thumb Code    32  flash.o(.text)
    SPI_Flash_WAKEUP                         0x0800b83d   Thumb Code    32  flash.o(.text)
    SPI_Flash_GetType                        0x0800b85d   Thumb Code    28  flash.o(.text)
    W5500_GPIO_Configuration                 0x0800b879   Thumb Code   128  w5500.o(.text)
    W5500_NVIC_Configuration                 0x0800b8f9   Thumb Code    32  w5500.o(.text)
    SPI_Configuration                        0x0800b919   Thumb Code   154  w5500.o(.text)
    SPI1_Send_Byte                           0x0800b9b3   Thumb Code    28  w5500.o(.text)
    SPI1_Send_Short                          0x0800b9cf   Thumb Code    28  w5500.o(.text)
    Write_W5500_1Byte                        0x0800b9eb   Thumb Code    42  w5500.o(.text)
    Write_W5500_2Byte                        0x0800ba15   Thumb Code    42  w5500.o(.text)
    Write_W5500_nByte                        0x0800ba3f   Thumb Code    62  w5500.o(.text)
    Write_W5500_SOCK_1Byte                   0x0800ba7d   Thumb Code    54  w5500.o(.text)
    Write_W5500_SOCK_2Byte                   0x0800bab3   Thumb Code    54  w5500.o(.text)
    Write_W5500_SOCK_4Byte                   0x0800bae9   Thumb Code    80  w5500.o(.text)
    Read_W5500_1Byte                         0x0800bb39   Thumb Code    58  w5500.o(.text)
    Read_W5500_SOCK_1Byte                    0x0800bb73   Thumb Code    70  w5500.o(.text)
    Read_W5500_SOCK_2Byte                    0x0800bbb9   Thumb Code    94  w5500.o(.text)
    Read_SOCK_Data_Buffer                    0x0800bc17   Thumb Code   302  w5500.o(.text)
    Write_SOCK_Data_Buffer                   0x0800bd45   Thumb Code   210  w5500.o(.text)
    Delay                                    0x0800be17   Thumb Code    12  w5500.o(.text)
    W5500_Hardware_Reset                     0x0800be23   Thumb Code    56  w5500.o(.text)
    W5500_Init                               0x0800be5b   Thumb Code   176  w5500.o(.text)
    Socket_Init                              0x0800bf0b   Thumb Code   102  w5500.o(.text)
    Socket_Connect                           0x0800bf71   Thumb Code    70  w5500.o(.text)
    Socket_Listen                            0x0800bfb7   Thumb Code   102  w5500.o(.text)
    Socket_UDP                               0x0800c01d   Thumb Code    60  w5500.o(.text)
    W5500_Socket_Set                         0x0800c059   Thumb Code     2  w5500.o(.text)
    Load_Net_Parameters                      0x0800c05b   Thumb Code    90  w5500.o(.text)
    W5500_Initialization                     0x0800c0b5   Thumb Code    30  w5500.o(.text)
    EXTI4_IRQHandler                         0x0800c0d3   Thumb Code    26  w5500.o(.text)
    W5500_IRQ                                0x0800c0ed   Thumb Code   442  w5500.o(.text)
    getSocketState                           0x0800c2a7   Thumb Code     8  w5500.o(.text)
    delSocketState                           0x0800c2af   Thumb Code    12  w5500.o(.text)
    checkSocketState                         0x0800c2bb   Thumb Code    28  w5500.o(.text)
    checkNetstate                            0x0800c2d7   Thumb Code    28  w5500.o(.text)
    USART1_SetFocus                          0x0800c305   Thumb Code    10  hard_irq.o(.text)
    USART1_GetFocus                          0x0800c30f   Thumb Code     6  hard_irq.o(.text)
    USART2_SetFocus                          0x0800c315   Thumb Code    10  hard_irq.o(.text)
    USART2_GetFocus                          0x0800c31f   Thumb Code     6  hard_irq.o(.text)
    SOCKET0_SetFocus                         0x0800c325   Thumb Code    10  hard_irq.o(.text)
    SOCKET1_SetFocus                         0x0800c32f   Thumb Code    10  hard_irq.o(.text)
    SOCKET2_SetFocus                         0x0800c339   Thumb Code    10  hard_irq.o(.text)
    SOCKET3_SetFocus                         0x0800c343   Thumb Code    10  hard_irq.o(.text)
    SOCKET4_SetFocus                         0x0800c34d   Thumb Code    10  hard_irq.o(.text)
    SOCKET5_SetFocus                         0x0800c357   Thumb Code    10  hard_irq.o(.text)
    SOCKET6_SetFocus                         0x0800c361   Thumb Code    10  hard_irq.o(.text)
    SOCKET7_SetFocus                         0x0800c36b   Thumb Code    10  hard_irq.o(.text)
    SOCKET0_GetFocus                         0x0800c375   Thumb Code     6  hard_irq.o(.text)
    SOCKET1_GetFocus                         0x0800c37b   Thumb Code     6  hard_irq.o(.text)
    SOCKET2_GetFocus                         0x0800c381   Thumb Code     6  hard_irq.o(.text)
    SOCKET3_GetFocus                         0x0800c387   Thumb Code     6  hard_irq.o(.text)
    SOCKET4_GetFocus                         0x0800c38d   Thumb Code     6  hard_irq.o(.text)
    SOCKET5_GetFocus                         0x0800c393   Thumb Code     6  hard_irq.o(.text)
    SOCKET6_GetFocus                         0x0800c399   Thumb Code     6  hard_irq.o(.text)
    SOCKET7_GetFocus                         0x0800c39f   Thumb Code     6  hard_irq.o(.text)
    mqtt_connect                             0x0800c3cd   Thumb Code   294  baidu_iot.o(.text)
    mqtt_keepalive                           0x0800c4f3   Thumb Code   130  baidu_iot.o(.text)
    mqtt_publish                             0x0800c575   Thumb Code   178  baidu_iot.o(.text)
    creat_baidujson                          0x0800c627   Thumb Code   122  baidu_iot.o(.text)
    Get_Crc16                                0x0800c6bd   Thumb Code    46  crc8_16.o(.text)
    Get_Crc8                                 0x0800c6eb   Thumb Code    56  crc8_16.o(.text)
    GetCfgData                               0x0800c72d   Thumb Code     4  data_map.o(.text)
    Save_Config                              0x0800c731   Thumb Code    20  data_map.o(.text)
    Load_Config                              0x0800c745   Thumb Code   130  data_map.o(.text)
    getLcdCfgData                            0x0800c7c7   Thumb Code     6  data_map.o(.text)
    Save_LCD                                 0x0800c7cd   Thumb Code    22  data_map.o(.text)
    Load_LCD                                 0x0800c7e3   Thumb Code   138  data_map.o(.text)
    Updata_DeviceNum                         0x0800c86d   Thumb Code   124  data_map.o(.text)
    GetDeviceType                            0x0800c8e9   Thumb Code    62  data_map.o(.text)
    GetDeviceState                           0x0800c927   Thumb Code    66  data_map.o(.text)
    GetDeviceNum                             0x0800c969   Thumb Code    56  data_map.o(.text)
    GetNextDeviceaddr                        0x0800c9a1   Thumb Code    78  data_map.o(.text)
    Get_MyIP                                 0x0800c9ef   Thumb Code    12  data_map.o(.text)
    setNativeIP                              0x0800c9fb   Thumb Code    40  data_map.o(.text)
    setNativePort                            0x0800ca23   Thumb Code    24  data_map.o(.text)
    setServerIP                              0x0800ca3b   Thumb Code    40  data_map.o(.text)
    setServerPort                            0x0800ca63   Thumb Code    24  data_map.o(.text)
    setGatewayIP                             0x0800ca7b   Thumb Code    40  data_map.o(.text)
    Get_MyChanel                             0x0800caa3   Thumb Code    12  data_map.o(.text)
    Set_MyChanel                             0x0800caaf   Thumb Code    24  data_map.o(.text)
    Set_MyIP                                 0x0800cac7   Thumb Code    34  data_map.o(.text)
    Set_Device                               0x0800cae9   Thumb Code   112  data_map.o(.text)
    GetCJDataAddr                            0x0800cb59   Thumb Code     4  data_map.o(.text)
    Get_MyAddr                               0x0800cb5d   Thumb Code    10  data_map.o(.text)
    Set_MyAddr                               0x0800cb67   Thumb Code    12  data_map.o(.text)
    addDevAddr                               0x0800cb73   Thumb Code   106  data_map.o(.text)
    delDevAddr                               0x0800cbdd   Thumb Code   222  data_map.o(.text)
    clearDev                                 0x0800ccbb   Thumb Code    26  data_map.o(.text)
    dbg_getdevname                           0x0800ccd5   Thumb Code    22  data_map.o(.text)
    getAutoCtrlFrequency                     0x0800cceb   Thumb Code    12  data_map.o(.text)
    setAutoCtrlFrequency                     0x0800ccf7   Thumb Code    16  data_map.o(.text)
    getAutoCtrlAmount                        0x0800cd07   Thumb Code    12  data_map.o(.text)
    setAutoCtrlAmount                        0x0800cd13   Thumb Code    24  data_map.o(.text)
    setMyName                                0x0800cd2b   Thumb Code    44  data_map.o(.text)
    getMyName                                0x0800cd57   Thumb Code    12  data_map.o(.text)
    getDhcpState                             0x0800cd63   Thumb Code    12  data_map.o(.text)
    setDhcpState                             0x0800cd6f   Thumb Code    32  data_map.o(.text)
    getWarnTolerance                         0x0800cd8f   Thumb Code    12  data_map.o(.text)
    setWarnTolerance                         0x0800cd9b   Thumb Code    24  data_map.o(.text)
    getWkServerConnect                       0x0800cdb3   Thumb Code    12  data_map.o(.text)
    setWkServerConnect                       0x0800cdbf   Thumb Code    32  data_map.o(.text)
    Lcd_GetHandstate                         0x0800cddf   Thumb Code    10  data_map.o(.text)
    Lcd_SetHandstate                         0x0800cde9   Thumb Code    12  data_map.o(.text)
    Lcd_GetLimitData                         0x0800cdf5   Thumb Code    22  data_map.o(.text)
    Lcd_SetLimitData                         0x0800ce0b   Thumb Code    20  data_map.o(.text)
    dhcp_discover                            0x0800ce29   Thumb Code   532  dhcp.o(.text)
    nest_Options                             0x0800d03d   Thumb Code    22  dhcp.o(.text)
    dhcp_request                             0x0800d053   Thumb Code   778  dhcp.o(.text)
    dhcp_ask                                 0x0800d35d   Thumb Code   178  dhcp.o(.text)
    dhcp_retry                               0x0800d40f   Thumb Code   228  dhcp.o(.text)
    dns_makequery                            0x0800d53d   Thumb Code   194  dns.o(.text)
    parse_name                               0x0800d5ff   Thumb Code   216  dns.o(.text)
    dns_question                             0x0800d6d7   Thumb Code    38  dns.o(.text)
    dns_answer                               0x0800d6fd   Thumb Code   252  dns.o(.text)
    parseMSG                                 0x0800d7f9   Thumb Code   222  dns.o(.text)
    dns_query                                0x0800d8d7   Thumb Code   186  dns.o(.text)
    udp_send                                 0x0800d995   Thumb Code    76  enternet.o(.text)
    udp_init                                 0x0800d9e1   Thumb Code    74  enternet.o(.text)
    tcp_connect                              0x0800da2b   Thumb Code   182  enternet.o(.text)
    tcp_send                                 0x0800dae1   Thumb Code    30  enternet.o(.text)
    tcp_close                                0x0800daff   Thumb Code    26  enternet.o(.text)
    udp_close                                0x0800db19   Thumb Code    56  enternet.o(.text)
    socket_recv                              0x0800db51   Thumb Code    26  enternet.o(.text)
    net_wailt_sended                         0x0800db6b   Thumb Code    34  enternet.o(.text)
    net_get_comstate                         0x0800db8d   Thumb Code    14  enternet.o(.text)
    net_set_getway                           0x0800db9b   Thumb Code    16  enternet.o(.text)
    net_set_sub_mask                         0x0800dbab   Thumb Code    16  enternet.o(.text)
    net_set_myip                             0x0800dbbb   Thumb Code    16  enternet.o(.text)
    net_set_disip                            0x0800dbcb   Thumb Code    58  enternet.o(.text)
    net_init                                 0x0800dc05   Thumb Code    24  enternet.o(.text)
    net_sysboot_init                         0x0800dc1d   Thumb Code    22  enternet.o(.text)
    net_get_phycstate                        0x0800dc33   Thumb Code    14  enternet.o(.text)
    net_check_gateway                        0x0800dc41   Thumb Code   208  enternet.o(.text)
    net_check_parameters                     0x0800dd11   Thumb Code    88  enternet.o(.text)
    net_test                                 0x0800dd69   Thumb Code   140  enternet.o(.text)
    cJSON_GetErrorPtr                        0x0800de09   Thumb Code     6  cjson.o(.text)
    cJSON_InitHooks                          0x0800de83   Thumb Code    48  cjson.o(.text)
    cJSON_Delete                             0x0800decd   Thumb Code    74  cjson.o(.text)
    cJSON_ParseWithOpts                      0x0800e885   Thumb Code    96  cjson.o(.text)
    cJSON_Parse                              0x0800e8e5   Thumb Code    16  cjson.o(.text)
    cJSON_Print                              0x0800ed67   Thumb Code    16  cjson.o(.text)
    cJSON_PrintUnformatted                   0x0800ed77   Thumb Code    16  cjson.o(.text)
    cJSON_GetArraySize                       0x0800ed87   Thumb Code    18  cjson.o(.text)
    cJSON_GetArrayItem                       0x0800ed99   Thumb Code    18  cjson.o(.text)
    cJSON_GetObjectItem                      0x0800edab   Thumb Code    30  cjson.o(.text)
    cJSON_AddItemToArray                     0x0800edff   Thumb Code    42  cjson.o(.text)
    cJSON_AddItemToObject                    0x0800ee29   Thumb Code    44  cjson.o(.text)
    cJSON_AddItemReferenceToArray            0x0800ee55   Thumb Code    24  cjson.o(.text)
    cJSON_AddItemReferenceToObject           0x0800ee6d   Thumb Code    32  cjson.o(.text)
    cJSON_DetachItemFromArray                0x0800ee8d   Thumb Code    66  cjson.o(.text)
    cJSON_DeleteItemFromArray                0x0800eecf   Thumb Code    22  cjson.o(.text)
    cJSON_DetachItemFromObject               0x0800eee5   Thumb Code    50  cjson.o(.text)
    cJSON_DeleteItemFromObject               0x0800ef17   Thumb Code    22  cjson.o(.text)
    cJSON_ReplaceItemInArray                 0x0800ef2d   Thumb Code    90  cjson.o(.text)
    cJSON_ReplaceItemInObject                0x0800ef87   Thumb Code    62  cjson.o(.text)
    cJSON_CreateNull                         0x0800efc5   Thumb Code    18  cjson.o(.text)
    cJSON_CreateTrue                         0x0800efd7   Thumb Code    18  cjson.o(.text)
    cJSON_CreateFalse                        0x0800efe9   Thumb Code    18  cjson.o(.text)
    cJSON_CreateBool                         0x0800effb   Thumb Code    26  cjson.o(.text)
    cJSON_CreateNumber                       0x0800f015   Thumb Code    36  cjson.o(.text)
    cJSON_CreateString                       0x0800f039   Thumb Code    28  cjson.o(.text)
    cJSON_CreateArray                        0x0800f055   Thumb Code    18  cjson.o(.text)
    cJSON_CreateObject                       0x0800f067   Thumb Code    18  cjson.o(.text)
    cJSON_CreateIntArray                     0x0800f079   Thumb Code    68  cjson.o(.text)
    cJSON_CreateFloatArray                   0x0800f0bd   Thumb Code    68  cjson.o(.text)
    cJSON_CreateDoubleArray                  0x0800f101   Thumb Code    68  cjson.o(.text)
    cJSON_CreateStringArray                  0x0800f145   Thumb Code    62  cjson.o(.text)
    cJSON_Duplicate                          0x0800f183   Thumb Code   172  cjson.o(.text)
    cJSON_Minify                             0x0800f22f   Thumb Code   186  cjson.o(.text)
    PingCalculationDelayIRQ                  0x0800f2e9   Thumb Code    12  ping.o(.text)
    ping_reply                               0x0800f2f5   Thumb Code    90  ping.o(.text)
    checksum                                 0x0800f34f   Thumb Code    64  ping.o(.text)
    ping_request                             0x0800f38f   Thumb Code   140  ping.o(.text)
    ping_auto                                0x0800f41b   Thumb Code   214  ping.o(.text)
    Sys_Init                                 0x0800f4fd   Thumb Code    44  power.o(.text)
    SysPowerOn                               0x0800f529   Thumb Code    20  power.o(.text)
    SysPowerOff                              0x0800f53d   Thumb Code    42  power.o(.text)
    server_send_data                         0x0800f571   Thumb Code   172  wk_json.o(.text)
    server_read_data                         0x0800f61d   Thumb Code   168  wk_json.o(.text)
    json_return                              0x0800f6c5   Thumb Code   206  wk_json.o(.text)
    json_ping                                0x0800f793   Thumb Code    60  wk_json.o(.text)
    json_version                             0x0800f7cf   Thumb Code   190  wk_json.o(.text)
    json_startdown                           0x0800f88d   Thumb Code   514  wk_json.o(.text)
    json_startup                             0x0800fa8f   Thumb Code   298  wk_json.o(.text)
    json_mode                                0x0800fbb9   Thumb Code   200  wk_json.o(.text)
    json_close                               0x0800fc81   Thumb Code   298  wk_json.o(.text)
    json_start                               0x0800fdab   Thumb Code   366  wk_json.o(.text)
    json_setting                             0x0800ff19   Thumb Code   244  wk_json.o(.text)
    recv_json                                0x0801000d   Thumb Code   320  wk_json.o(.text)
    json_cheek                               0x0801014d   Thumb Code    62  wk_json.o(.text)
    server_data                              0x0801018b   Thumb Code    72  wk_json.o(.text)
    serch_server                             0x080101d3   Thumb Code   234  wk_json.o(.text)
    json_get_devicname                       0x080102bd   Thumb Code    52  wk_json.o(.text)
    send_json_kz                             0x080102f1   Thumb Code   578  wk_json.o(.text)
    send_json_cj                             0x08010533   Thumb Code   456  wk_json.o(.text)
    send_json                                0x080106fb   Thumb Code    72  wk_json.o(.text)
    send_json_adddevice                      0x08010743   Thumb Code   664  wk_json.o(.text)
    json_setto                               0x080109db   Thumb Code     2  wk_json.o(.text)
    json_alarm                               0x080109dd   Thumb Code     2  wk_json.o(.text)
    send_json_warn                           0x080109df   Thumb Code   356  wk_json.o(.text)
    send_json_limit                          0x08010b43   Thumb Code   480  wk_json.o(.text)
    cmd_flash_read                           0x08010d55   Thumb Code    38  cmd.o(.text)
    cmd_flash_write                          0x08010d7b   Thumb Code    38  cmd.o(.text)
    cmd_return                               0x08010da1   Thumb Code   136  cmd.o(.text)
    data_real                                0x08010e29   Thumb Code    32  cmd.o(.text)
    cheeckflash                              0x08010e49   Thumb Code    40  cmd.o(.text)
    writting_flash                           0x08010e71   Thumb Code   394  cmd.o(.text)
    write_flash                              0x08010ffb   Thumb Code   248  cmd.o(.text)
    read_flash                               0x080110f3   Thumb Code     2  cmd.o(.text)
    cmd_0x05                                 0x080110f5   Thumb Code    62  cmd.o(.text)
    Get_cmd                                  0x08011133   Thumb Code   106  cmd.o(.text)
    dbg_err                                  0x080111d1   Thumb Code    34  debug.o(.text)
    dbg_run                                  0x080111f3   Thumb Code   174  debug.o(.text)
    dbg_fun                                  0x080112a1   Thumb Code   178  debug.o(.text)
    dbg_mem                                  0x08011353   Thumb Code  1208  debug.o(.text)
    dbg_key                                  0x0801180b   Thumb Code   206  debug.o(.text)
    dbg_find                                 0x080118d9   Thumb Code   192  debug.o(.text)
    dbg_whos                                 0x08011999   Thumb Code    82  debug.o(.text)
    dbg_ntp                                  0x080119eb   Thumb Code   114  debug.o(.text)
    dbg_ping                                 0x08011a5d   Thumb Code   162  debug.o(.text)
    dbg_task                                 0x08011aff   Thumb Code   848  debug.o(.text)
    dbg_mqtt                                 0x08011e4f   Thumb Code    78  debug.o(.text)
    dbg_set_adddev                           0x08011e9d   Thumb Code   732  debug.o(.text)
    dbg_set                                  0x08012179   Thumb Code  2938  debug.o(.text)
    dbg_getip                                0x08012cf3   Thumb Code  1096  debug.o(.text)
    dbg_copydata                             0x0801313b   Thumb Code   192  debug.o(.text)
    dbg_oche                                 0x080131fb   Thumb Code    94  debug.o(.text)
    dbg_reboot                               0x08013259   Thumb Code    36  debug.o(.text)
    dbg_getdevstate                          0x0801327d   Thumb Code   146  debug.o(.text)
    dbg_devconfig                            0x0801330f   Thumb Code   186  debug.o(.text)
    dbg_help                                 0x080133c9   Thumb Code  1268  debug.o(.text)
    dbg_info                                 0x080138bd   Thumb Code  2296  debug.o(.text)
    dbg_Interpreter                          0x080141b5   Thumb Code  1024  debug.o(.text)
    cmd_send                                 0x080145b5   Thumb Code    24  debug.o(.text)
    cmd_byudp                                0x080145cd   Thumb Code    34  debug.o(.text)
    my_debug                                 0x080145ef   Thumb Code   132  debug.o(.text)
    dbg_booting                              0x08014673   Thumb Code    60  debug.o(.text)
    ntp_gettime                              0x08014751   Thumb Code   248  ntp.o(.text)
    findSemicolon                            0x08014849   Thumb Code    98  cscript.o(.text)
    addVariable                              0x080148ab   Thumb Code    80  cscript.o(.text)
    cheVariable                              0x080148fb   Thumb Code    96  cscript.o(.text)
    findVariable                             0x0801495b   Thumb Code    76  cscript.o(.text)
    getVariable                              0x080149a7   Thumb Code    76  cscript.o(.text)
    findFunAddr                              0x080149f3   Thumb Code    50  cscript.o(.text)
    runFunction                              0x08014a25   Thumb Code   356  cscript.o(.text)
    checkStrType                             0x08014b89   Thumb Code   344  cscript.o(.text)
    checkCategory                            0x08014ce1   Thumb Code   328  cscript.o(.text)
    alculation                               0x08014e29   Thumb Code   568  cscript.o(.text)
    runCScript                               0x08015061   Thumb Code   110  cscript.o(.text)
    taskmsg_deal                             0x080150dd   Thumb Code   192  my_topmsg.o(.text)
    soft_timer_run                           0x0801519d   Thumb Code    40  my_topmsg.o(.text)
    key_deal                                 0x080151c5   Thumb Code   916  my_topmsg.o(.text)
    soft_timer_irq                           0x08015559   Thumb Code    14  my_topmsg.o(.text)
    load_test_cfg                            0x08015567   Thumb Code   354  my_topmsg.o(.text)
    my_topmsg                                0x080156c9   Thumb Code   148  my_topmsg.o(.text)
    addSoftTimerIrq10ms                      0x0801575d   Thumb Code    40  my_topmsg.o(.text)
    delSoftTimerIrq10ms                      0x08015785   Thumb Code    42  my_topmsg.o(.text)
    Into_Senior                              0x080157d5   Thumb Code    44  my_lcd.o(.text)
    lcd_sleep                                0x08015801   Thumb Code    56  my_lcd.o(.text)
    lcd_chan_state                           0x08015839   Thumb Code    20  my_lcd.o(.text)
    AutoCtr                                  0x0801584d   Thumb Code    48  my_lcd.o(.text)
    Time_Set                                 0x0801587d   Thumb Code   730  my_lcd.o(.text)
    BUT_PM                                   0x08015b57   Thumb Code    52  my_lcd.o(.text)
    BUT_DOWN_HUMI                            0x08015b8b   Thumb Code    90  my_lcd.o(.text)
    BUT_UP_HUMI                              0x08015be5   Thumb Code    54  my_lcd.o(.text)
    BUT_DOWN_TEMP                            0x08015c1b   Thumb Code    50  my_lcd.o(.text)
    BUT_UP_TEMP                              0x08015c4d   Thumb Code    52  my_lcd.o(.text)
    Auto_sleep                               0x08015c81   Thumb Code    68  my_lcd.o(.text)
    Set_Save                                 0x08015cc5   Thumb Code   730  my_lcd.o(.text)
    Hand_Set_Init                            0x08015f9f   Thumb Code   158  my_lcd.o(.text)
    lcd_set_data                             0x0801603d   Thumb Code    28  my_lcd.o(.text)
    Set_Init                                 0x08016059   Thumb Code   320  my_lcd.o(.text)
    lcd_gettime                              0x08016199   Thumb Code   144  my_lcd.o(.text)
    lcd_timetosleep                          0x08016229   Thumb Code   220  my_lcd.o(.text)
    lcd_beep                                 0x08016305   Thumb Code    44  my_lcd.o(.text)
    lcd_dataUp                               0x08016331   Thumb Code    98  my_lcd.o(.text)
    lcd_page                                 0x08016393   Thumb Code    16  my_lcd.o(.text)
    lcd_messeg_03                            0x080163a3   Thumb Code   390  my_lcd.o(.text)
    lcd_messeg_02                            0x08016529   Thumb Code   420  my_lcd.o(.text)
    my_lcd_init                              0x080166cd   Thumb Code    48  my_lcd.o(.text)
    my_lcd                                   0x080166fd   Thumb Code   376  my_lcd.o(.text)
    LCD_tosleep                              0x08016875   Thumb Code   116  my_lcd.o(.text)
    LCD_tolight                              0x080168e9   Thumb Code   128  my_lcd.o(.text)
    Device_state_see                         0x08016969   Thumb Code   430  my_rf.o(.text)
    Updata_devicestate                       0x08016b17   Thumb Code   110  my_rf.o(.text)
    Cmd_0x03                                 0x08016b85   Thumb Code   254  my_rf.o(.text)
    CheckId                                  0x08016c83   Thumb Code    50  my_rf.o(.text)
    yt_newstate                              0x08016cb5   Thumb Code   144  my_rf.o(.text)
    get_newstate                             0x08016d45   Thumb Code   102  my_rf.o(.text)
    rf_hand                                  0x08016dab   Thumb Code   664  my_rf.o(.text)
    rf_send                                  0x08017043   Thumb Code   376  my_rf.o(.text)
    loushui_warn                             0x080171bb   Thumb Code    66  my_rf.o(.text)
    rf_cjq_deal                              0x080171fd   Thumb Code   198  my_rf.o(.text)
    rf_cjq_to_data                           0x080172c3   Thumb Code   392  my_rf.o(.text)
    rf_deverr                                0x0801744b   Thumb Code    64  my_rf.o(.text)
    Cmd_0x01                                 0x0801748b   Thumb Code   220  my_rf.o(.text)
    rf_loop                                  0x08017567   Thumb Code   522  my_rf.o(.text)
    my_rf_loop                               0x08017771   Thumb Code   168  my_rf.o(.text)
    my_rf_hand                               0x08017819   Thumb Code   770  my_rf.o(.text)
    my_rf_deal                               0x08017b1b   Thumb Code   438  my_rf.o(.text)
    Cmd_0x06                                 0x08017cd1   Thumb Code   222  my_rf.o(.text)
    Cmd_0x07                                 0x08017daf   Thumb Code   248  my_rf.o(.text)
    send_warn                                0x08017ea9   Thumb Code    66  my_autocontrol.o(.text)
    ctrl_air                                 0x08017eeb   Thumb Code   246  my_autocontrol.o(.text)
    ctrl_humi                                0x08017fe1   Thumb Code   576  my_autocontrol.o(.text)
    ctrl_temp                                0x08018221   Thumb Code   548  my_autocontrol.o(.text)
    my_autocontrol                           0x08018445   Thumb Code   188  my_autocontrol.o(.text)
    light_runto                              0x08018505   Thumb Code   426  my_light.o(.text)
    led_lightall                             0x080186af   Thumb Code   108  my_light.o(.text)
    led_light                                0x0801871b   Thumb Code   350  my_light.o(.text)
    led_run                                  0x08018879   Thumb Code   456  my_light.o(.text)
    my_light                                 0x08018a41   Thumb Code   150  my_light.o(.text)
    light_run                                0x08018ad7   Thumb Code   176  my_light.o(.text)
    cfg_retern                               0x08018bb1   Thumb Code   140  my_cfg.o(.text)
    cfg_0x09                                 0x08018c3d   Thumb Code    64  my_cfg.o(.text)
    cfg_0x08                                 0x08018c7d   Thumb Code   142  my_cfg.o(.text)
    cfg_0x07                                 0x08018d0b   Thumb Code    66  my_cfg.o(.text)
    exit_cfg                                 0x08018d4d   Thumb Code    50  my_cfg.o(.text)
    into_cfg                                 0x08018d7f   Thumb Code    56  my_cfg.o(.text)
    cfg_0x06                                 0x08018db7   Thumb Code   180  my_cfg.o(.text)
    cfg_0x01                                 0x08018e6b   Thumb Code   208  my_cfg.o(.text)
    cfg_msg                                  0x08018f3b   Thumb Code    60  my_cfg.o(.text)
    my_cfg                                   0x08018f77   Thumb Code   300  my_cfg.o(.text)
    rf_cfg                                   0x080190a3   Thumb Code   172  my_cfg.o(.text)
    cfg_getstate                             0x0801914f   Thumb Code     6  my_cfg.o(.text)
    idle_task                                0x08019159   Thumb Code   112  my_idle.o(.text)
    getIdleTask                              0x080191c9   Thumb Code     6  my_idle.o(.text)
    getKilledTask                            0x080191cf   Thumb Code    18  my_idle.o(.text)
    IOT_Hander                               0x080191f1   Thumb Code    54  my_iot.o(.text)
    my_iot                                   0x08019227   Thumb Code   444  my_iot.o(.text)
    wk_client                                0x08019401   Thumb Code   236  my_w5500.o(.text)
    sys_test                                 0x080194ed   Thumb Code    42  my_w5500.o(.text)
    my_w5500                                 0x08019517   Thumb Code   150  my_w5500.o(.text)
    MQTTSerialize_connectLength              0x080195c9   Thumb Code   118  mqttconnectclient.o(.text)
    MQTTSerialize_connect                    0x0801963f   Thumb Code   342  mqttconnectclient.o(.text)
    MQTTDeserialize_connack                  0x08019795   Thumb Code   118  mqttconnectclient.o(.text)
    MQTTSerialize_zero                       0x0801980b   Thumb Code    76  mqttconnectclient.o(.text)
    MQTTSerialize_disconnect                 0x08019857   Thumb Code    18  mqttconnectclient.o(.text)
    MQTTSerialize_pingreq                    0x08019869   Thumb Code    18  mqttconnectclient.o(.text)
    MQTTPacket_encode                        0x0801988d   Thumb Code    54  mqttpacket.o(.text)
    MQTTPacket_decode                        0x080198c3   Thumb Code    88  mqttpacket.o(.text)
    MQTTPacket_len                           0x0801991b   Thumb Code    34  mqttpacket.o(.text)
    bufchar                                  0x0801993d   Thumb Code    36  mqttpacket.o(.text)
    MQTTPacket_decodeBuf                     0x08019961   Thumb Code    22  mqttpacket.o(.text)
    readInt                                  0x08019977   Thumb Code    26  mqttpacket.o(.text)
    readChar                                 0x08019991   Thumb Code    14  mqttpacket.o(.text)
    writeChar                                0x0801999f   Thumb Code    12  mqttpacket.o(.text)
    writeInt                                 0x080199ab   Thumb Code    48  mqttpacket.o(.text)
    writeCString                             0x080199db   Thumb Code    40  mqttpacket.o(.text)
    getLenStringLen                          0x08019a03   Thumb Code    18  mqttpacket.o(.text)
    writeMQTTString                          0x08019a15   Thumb Code    62  mqttpacket.o(.text)
    readMQTTLenString                        0x08019a53   Thumb Code    58  mqttpacket.o(.text)
    MQTTstrlen                               0x08019a8d   Thumb Code    24  mqttpacket.o(.text)
    MQTTPacket_equals                        0x08019aa5   Thumb Code    66  mqttpacket.o(.text)
    MQTTPacket_read                          0x08019ae7   Thumb Code   102  mqttpacket.o(.text)
    MQTTPacket_readnb                        0x08019bb5   Thumb Code   204  mqttpacket.o(.text)
    MQTTSerialize_publishLength              0x08019c89   Thumb Code    34  mqttserializepublish.o(.text)
    MQTTSerialize_publish                    0x08019cab   Thumb Code   176  mqttserializepublish.o(.text)
    MQTTSerialize_ack                        0x08019d5b   Thumb Code   114  mqttserializepublish.o(.text)
    MQTTSerialize_puback                     0x08019dcd   Thumb Code    24  mqttserializepublish.o(.text)
    MQTTSerialize_pubrel                     0x08019de5   Thumb Code    26  mqttserializepublish.o(.text)
    MQTTSerialize_pubcomp                    0x08019dff   Thumb Code    24  mqttserializepublish.o(.text)
    __use_no_semihosting                     0x08019e17   Thumb Code     2  use_no_semi_2.o(.text)
    tolower                                  0x08019e19   Thumb Code    26  tolower.o(.text)
    __2sprintf                               0x08019e35   Thumb Code    38  __2sprintf.o(.text)
    _printf_pre_padding                      0x08019e61   Thumb Code    44  _printf_pad.o(.text)
    _printf_post_padding                     0x08019e8d   Thumb Code    34  _printf_pad.o(.text)
    _printf_str                              0x08019eaf   Thumb Code    82  _printf_str.o(.text)
    _printf_int_dec                          0x08019f01   Thumb Code   104  _printf_dec.o(.text)
    _printf_int_hex                          0x08019f79   Thumb Code    84  _printf_hex_int.o(.text)
    _printf_longlong_hex                     0x08019f79   Thumb Code     0  _printf_hex_int.o(.text)
    __printf                                 0x08019fd1   Thumb Code   308  __printf_flags_wp.o(.text)
    strchr                                   0x0801a109   Thumb Code    20  strchr.o(.text)
    strcpy                                   0x0801a11d   Thumb Code    72  strcpy.o(.text)
    strlen                                   0x0801a165   Thumb Code    62  strlen.o(.text)
    strncmp                                  0x0801a1a3   Thumb Code   150  strncmp.o(.text)
    __aeabi_memcpy                           0x0801a239   Thumb Code     0  rt_memcpy_v6.o(.text)
    __rt_memcpy                              0x0801a239   Thumb Code   138  rt_memcpy_v6.o(.text)
    _memcpy_lastbytes                        0x0801a29f   Thumb Code     0  rt_memcpy_v6.o(.text)
    __aeabi_memcpy4                          0x0801a2c3   Thumb Code     0  rt_memcpy_w.o(.text)
    __aeabi_memcpy8                          0x0801a2c3   Thumb Code     0  rt_memcpy_w.o(.text)
    __rt_memcpy_w                            0x0801a2c3   Thumb Code   100  rt_memcpy_w.o(.text)
    _memcpy_lastbytes_aligned                0x0801a30b   Thumb Code     0  rt_memcpy_w.o(.text)
    __aeabi_memclr                           0x0801a327   Thumb Code     0  rt_memclr.o(.text)
    __rt_memclr                              0x0801a327   Thumb Code    68  rt_memclr.o(.text)
    _memset                                  0x0801a32b   Thumb Code     0  rt_memclr.o(.text)
    __aeabi_memclr4                          0x0801a36b   Thumb Code     0  rt_memclr_w.o(.text)
    __aeabi_memclr8                          0x0801a36b   Thumb Code     0  rt_memclr_w.o(.text)
    __rt_memclr_w                            0x0801a36b   Thumb Code    78  rt_memclr_w.o(.text)
    _memset_w                                0x0801a36f   Thumb Code     0  rt_memclr_w.o(.text)
    strncpy                                  0x0801a3b9   Thumb Code    86  strncpy.o(.text)
    strcmp                                   0x0801a411   Thumb Code   128  strcmpv7m.o(.text)
    __use_two_region_memory                  0x0801a491   Thumb Code     2  heapauxi.o(.text)
    __rt_heap_escrow$2region                 0x0801a493   Thumb Code     2  heapauxi.o(.text)
    __rt_heap_expand$2region                 0x0801a495   Thumb Code     2  heapauxi.o(.text)
    __I$use$semihosting                      0x0801a497   Thumb Code     0  use_no_semi.o(.text)
    __use_no_semihosting_swi                 0x0801a497   Thumb Code     2  use_no_semi.o(.text)
    __rt_ctype_table                         0x0801a499   Thumb Code    16  rt_ctype_table.o(.text)
    __read_errno                             0x0801a4a9   Thumb Code    10  _rserrno.o(.text)
    __set_errno                              0x0801a4b3   Thumb Code    12  _rserrno.o(.text)
    _printf_int_common                       0x0801a4bf   Thumb Code   178  _printf_intcommon.o(.text)
    __lib_sel_fp_printf                      0x0801a571   Thumb Code     2  _printf_fp_dec.o(.text)
    _printf_fp_dec_real                      0x0801a71f   Thumb Code   620  _printf_fp_dec.o(.text)
    _printf_char_common                      0x0801a997   Thumb Code    32  _printf_char_common.o(.text)
    _sputc                                   0x0801a9bd   Thumb Code    10  _sputc.o(.text)
    _printf_cs_common                        0x0801a9c7   Thumb Code    20  _printf_char.o(.text)
    _printf_char                             0x0801a9db   Thumb Code    16  _printf_char.o(.text)
    _printf_string                           0x0801a9eb   Thumb Code     8  _printf_char.o(.text)
    __rt_locale                              0x0801a9f5   Thumb Code     8  rt_locale_intlibspace.o(.text)
    __aeabi_errno_addr                       0x0801a9fd   Thumb Code     8  rt_errno_addr_intlibspace.o(.text)
    __errno$intlibspace                      0x0801a9fd   Thumb Code     0  rt_errno_addr_intlibspace.o(.text)
    __rt_errno_addr$intlibspace              0x0801a9fd   Thumb Code     0  rt_errno_addr_intlibspace.o(.text)
    _ll_udiv10                               0x0801aa05   Thumb Code   138  lludiv10.o(.text)
    _printf_fp_infnan                        0x0801aa91   Thumb Code   112  _printf_fp_infnan.o(.text)
    _btod_etento                             0x0801ab11   Thumb Code   216  bigflt0.o(.text)
    __user_libspace                          0x0801abed   Thumb Code     8  libspace.o(.text)
    __user_perproc_libspace                  0x0801abed   Thumb Code     0  libspace.o(.text)
    __user_perthread_libspace                0x0801abed   Thumb Code     0  libspace.o(.text)
    __user_setup_stackheap                   0x0801abf5   Thumb Code    74  sys_stackheap_outer.o(.text)
    exit                                     0x0801ac3f   Thumb Code    12  exit.o(.text)
    _btod_d2e                                0x0801ac4b   Thumb Code    62  btod.o(CL$$btod_d2e)
    _d2e_denorm_low                          0x0801ac89   Thumb Code    70  btod.o(CL$$btod_d2e_denorm_low)
    _d2e_norm_op1                            0x0801accf   Thumb Code    96  btod.o(CL$$btod_d2e_norm_op1)
    __btod_div_common                        0x0801ad2f   Thumb Code   696  btod.o(CL$$btod_div_common)
    _e2e                                     0x0801b067   Thumb Code   198  btod.o(CL$$btod_e2e)
    _btod_ediv                               0x0801b12d   Thumb Code    40  btod.o(CL$$btod_ediv)
    _btod_emul                               0x0801b155   Thumb Code    40  btod.o(CL$$btod_emul)
    __btod_mult_common                       0x0801b17d   Thumb Code   580  btod.o(CL$$btod_mult_common)
    __ARM_fpclassify                         0x0801b3c1   Thumb Code    40  fpclassify.o(i.__ARM_fpclassify)
    __kernel_poly                            0x0801b3e9   Thumb Code   170  poly.o(i.__kernel_poly)
    __mathlib_dbl_divzero                    0x0801b495   Thumb Code    12  dunder.o(i.__mathlib_dbl_divzero)
    __mathlib_dbl_infnan2                    0x0801b4a5   Thumb Code     4  dunder.o(i.__mathlib_dbl_infnan2)
    __mathlib_dbl_invalid                    0x0801b4a9   Thumb Code    12  dunder.o(i.__mathlib_dbl_invalid)
    __mathlib_dbl_overflow                   0x0801b4b5   Thumb Code    14  dunder.o(i.__mathlib_dbl_overflow)
    __mathlib_dbl_underflow                  0x0801b4c5   Thumb Code    10  dunder.o(i.__mathlib_dbl_underflow)
    _is_digit                                0x0801b4d5   Thumb Code    14  __printf_wp.o(i._is_digit)
    floor                                    0x0801b4e5   Thumb Code   204  floor.o(i.floor)
    pow                                      0x0801b5c1   Thumb Code  2478  pow.o(i.pow)
    sqrt                                     0x0801bf79   Thumb Code    76  sqrt.o(i.sqrt)
    _get_lc_ctype                            0x0801bfc5   Thumb Code    44  lc_ctype_c.o(locale$$code)
    _get_lc_numeric                          0x0801bff1   Thumb Code    44  lc_numeric_c.o(locale$$code)
    __aeabi_d2f                              0x0801c01d   Thumb Code     0  d2f.o(x$fpl$d2f)
    _d2f                                     0x0801c01d   Thumb Code    98  d2f.o(x$fpl$d2f)
    __aeabi_dadd                             0x0801c081   Thumb Code     0  daddsub_clz.o(x$fpl$dadd)
    _dadd                                    0x0801c081   Thumb Code   332  daddsub_clz.o(x$fpl$dadd)
    __fpl_dcheck_NaN1                        0x0801c1d1   Thumb Code    10  dcheck1.o(x$fpl$dcheck1)
    __fpl_dcmp_Inf                           0x0801c1e1   Thumb Code    24  dcmpi.o(x$fpl$dcmpinf)
    __aeabi_ddiv                             0x0801c1f9   Thumb Code     0  ddiv.o(x$fpl$ddiv)
    _ddiv                                    0x0801c1f9   Thumb Code   552  ddiv.o(x$fpl$ddiv)
    __aeabi_d2iz                             0x0801c4a9   Thumb Code     0  dfix.o(x$fpl$dfix)
    _dfix                                    0x0801c4a9   Thumb Code    94  dfix.o(x$fpl$dfix)
    __aeabi_i2d                              0x0801c507   Thumb Code     0  dflt_clz.o(x$fpl$dflt)
    _dflt                                    0x0801c507   Thumb Code    46  dflt_clz.o(x$fpl$dflt)
    __aeabi_ui2d                             0x0801c535   Thumb Code     0  dflt_clz.o(x$fpl$dfltu)
    _dfltu                                   0x0801c535   Thumb Code    38  dflt_clz.o(x$fpl$dfltu)
    __aeabi_cdcmple                          0x0801c55d   Thumb Code     0  dleqf.o(x$fpl$dleqf)
    _dcmple                                  0x0801c55d   Thumb Code   120  dleqf.o(x$fpl$dleqf)
    __fpl_dcmple_InfNaN                      0x0801c5bf   Thumb Code     0  dleqf.o(x$fpl$dleqf)
    __aeabi_dmul                             0x0801c5d5   Thumb Code     0  dmul.o(x$fpl$dmul)
    _dmul                                    0x0801c5d5   Thumb Code   332  dmul.o(x$fpl$dmul)
    __fpl_dnaninf                            0x0801c729   Thumb Code   156  dnaninf.o(x$fpl$dnaninf)
    __fpl_dretinf                            0x0801c7c5   Thumb Code    12  dretinf.o(x$fpl$dretinf)
    __aeabi_cdrcmple                         0x0801c7d1   Thumb Code     0  drleqf.o(x$fpl$drleqf)
    _drcmple                                 0x0801c7d1   Thumb Code   108  drleqf.o(x$fpl$drleqf)
    __aeabi_drsub                            0x0801c83d   Thumb Code     0  daddsub_clz.o(x$fpl$drsb)
    _drsb                                    0x0801c83d   Thumb Code    22  daddsub_clz.o(x$fpl$drsb)
    _dsqrt                                   0x0801c855   Thumb Code   456  dsqrt_noumaal.o(x$fpl$dsqrt)
    __aeabi_dsub                             0x0801ca21   Thumb Code     0  daddsub_clz.o(x$fpl$dsub)
    _dsub                                    0x0801ca21   Thumb Code   464  daddsub_clz.o(x$fpl$dsub)
    __aeabi_f2d                              0x0801cbf5   Thumb Code     0  f2d.o(x$fpl$f2d)
    _f2d                                     0x0801cbf5   Thumb Code    86  f2d.o(x$fpl$f2d)
    __aeabi_fadd                             0x0801cc4d   Thumb Code     0  faddsub_clz.o(x$fpl$fadd)
    _fadd                                    0x0801cc4d   Thumb Code   196  faddsub_clz.o(x$fpl$fadd)
    __fpl_fcmp_Inf                           0x0801cd11   Thumb Code    24  fcmpi.o(x$fpl$fcmpinf)
    __aeabi_f2uiz                            0x0801cd29   Thumb Code     0  ffixu.o(x$fpl$ffixu)
    _ffixu                                   0x0801cd29   Thumb Code    62  ffixu.o(x$fpl$ffixu)
    __aeabi_i2f                              0x0801cd69   Thumb Code     0  fflt_clz.o(x$fpl$fflt)
    _fflt                                    0x0801cd69   Thumb Code    48  fflt_clz.o(x$fpl$fflt)
    __aeabi_ui2f                             0x0801cd99   Thumb Code     0  fflt_clz.o(x$fpl$ffltu)
    _ffltu                                   0x0801cd99   Thumb Code    38  fflt_clz.o(x$fpl$ffltu)
    __aeabi_cfcmple                          0x0801cdc1   Thumb Code     0  fleqf.o(x$fpl$fleqf)
    _fcmple                                  0x0801cdc1   Thumb Code   104  fleqf.o(x$fpl$fleqf)
    __fpl_fcmple_InfNaN                      0x0801ce13   Thumb Code     0  fleqf.o(x$fpl$fleqf)
    __aeabi_fmul                             0x0801ce29   Thumb Code     0  fmul.o(x$fpl$fmul)
    _fmul                                    0x0801ce29   Thumb Code   258  fmul.o(x$fpl$fmul)
    __fpl_fnaninf                            0x0801cf2b   Thumb Code   140  fnaninf.o(x$fpl$fnaninf)
    __fpl_fretinf                            0x0801cfb7   Thumb Code    10  fretinf.o(x$fpl$fretinf)
    __aeabi_cfrcmple                         0x0801cfc1   Thumb Code     0  frleqf.o(x$fpl$frleqf)
    _frcmple                                 0x0801cfc1   Thumb Code    98  frleqf.o(x$fpl$frleqf)
    __aeabi_fsub                             0x0801d025   Thumb Code     0  faddsub_clz.o(x$fpl$fsub)
    _fsub                                    0x0801d025   Thumb Code   234  faddsub_clz.o(x$fpl$fsub)
    _printf_fp_dec                           0x0801d10f   Thumb Code     4  printf1.o(x$fpl$printf1)
    __fpl_return_NaN                         0x0801d113   Thumb Code   100  retnan.o(x$fpl$retnan)
    __ARM_scalbn                             0x0801d177   Thumb Code    92  scalbn.o(x$fpl$scalbn)
    __fpl_cmpreturn                          0x0801d1d3   Thumb Code    48  trapv.o(x$fpl$trapveneer)
    __I$use$fp                               0x0801d202   Number         0  usenofp.o(x$fpl$usenofp)
    table_week                               0x0801d202   Data          12  rtc.o(.constdata)
    mon_table                                0x0801d20e   Data          12  rtc.o(.constdata)
    auchCRCHi                                0x0801d284   Data         256  crc8_16.o(.constdata)
    auchCRCLo                                0x0801d384   Data         256  crc8_16.o(.constdata)
    devicename                               0x0801d484   Data          64  data_map.o(.constdata)
    warn_char                                0x0801d4cb   Data          56  wk_json.o(.constdata)
    __mathlib_zero                           0x0801d5e0   Data           8  qnan.o(.constdata)
    Region$$Table$$Base                      0x0801db24   Number         0  anon$$obj.o(Region$$Table)
    Region$$Table$$Limit                     0x0801db44   Number         0  anon$$obj.o(Region$$Table)
    __ctype                                  0x0801db51   Data           0  lc_ctype_c.o(locale$$data)
    FUN_LIST                                 0x20000004   Data         272  fun_list.o(.data)
    SystemCoreClock                          0x20000114   Data           4  system_stm32f10x.o(.data)
    AHBPrescTable                            0x20000118   Data          16  system_stm32f10x.o(.data)
    memtblsize                               0x20000148   Data           4  os_mem.o(.data)
    memblksize                               0x2000014c   Data           4  os_mem.o(.data)
    memsize                                  0x20000150   Data           4  os_mem.o(.data)
    INPUT_FOCUS                              0x20000154   Data           1  os_msg.o(.data)
    OSRunning                                0x20000158   Data           4  os_task.o(.data)
    OSPrioCur                                0x2000015c   Data           4  os_task.o(.data)
    OSPrioHighRdy                            0x20000160   Data           4  os_task.o(.data)
    OSTCBCur                                 0x20000164   Data           4  os_task.o(.data)
    OSTCBHighRdy                             0x20000168   Data           4  os_task.o(.data)
    OSIntNesting                             0x2000016c   Data           4  os_task.o(.data)
    OSIntExit                                0x20000170   Data           4  os_task.o(.data)
    OSTaskSwHook                             0x20000174   Data           4  os_task.o(.data)
    OS_ONLYME                                0x20000178   Data           1  os_task.o(.data)
    TASK_Free                                0x2000017c   Data           4  os_task.o(.data)
    ONLYME_PRO                               0x20000180   Data           1  os_task.o(.data)
    LIGHT_RUN_PTR                            0x200001c8   Data           4  light.o(.data)
    RED_LIGHT                                0x200001cc   Data           1  light.o(.data)
    GREEN_LIGHT                              0x200001cd   Data           1  light.o(.data)
    BLUE_LIGHT                               0x200001ce   Data           1  light.o(.data)
    USART_RX_STA                             0x200001dc   Data           2  rf.o(.data)
    __stdout                                 0x200001e4   Data           4  rf.o(.data)
    fatfs                                    0x200001ec   Data           8  fats.o(.data)
    file                                     0x200001f4   Data           4  fats.o(.data)
    ftemp                                    0x200001f8   Data           4  fats.o(.data)
    file_br                                  0x200001fc   Data           4  fats.o(.data)
    file_bw                                  0x20000200   Data           4  fats.o(.data)
    file_buf                                 0x20000204   Data           4  fats.o(.data)
    FATS_STATE                               0x20000208   Data           1  fats.o(.data)
    DBG_FATS                                 0x20000209   Data           1  fats.o(.data)
    SD_Type                                  0x2000020a   Data           1  mmc_sd.o(.data)
    Phy_Addr                                 0x20000212   Data           6  w5500.o(.data)
    RF_FOCUS                                 0x20000221   Data           1  hard_irq.o(.data)
    LCD_FOCUS                                0x20000222   Data           1  hard_irq.o(.data)
    SOCKET0_FOCUS                            0x20000223   Data           1  hard_irq.o(.data)
    SOCKET1_FOCUS                            0x20000224   Data           1  hard_irq.o(.data)
    SOCKET2_FOCUS                            0x20000225   Data           1  hard_irq.o(.data)
    SOCKET3_FOCUS                            0x20000226   Data           1  hard_irq.o(.data)
    SOCKET4_FOCUS                            0x20000227   Data           1  hard_irq.o(.data)
    SOCKET5_FOCUS                            0x20000228   Data           1  hard_irq.o(.data)
    SOCKET6_FOCUS                            0x20000229   Data           1  hard_irq.o(.data)
    SOCKET7_FOCUS                            0x2000022a   Data           1  hard_irq.o(.data)
    MQTT_IP                                  0x2000022b   Data           4  baidu_iot.o(.data)
    Transaction                              0x20000258   Data           4  dhcp.o(.data)
    Sub_Mask                                 0x20000262   Data           4  enternet.o(.data)
    IP_Addr                                  0x20000266   Data           4  enternet.o(.data)
    Gateway_IP                               0x2000026a   Data           4  enternet.o(.data)
    DNS_SERVER                               0x2000026e   Data           4  enternet.o(.data)
    NTP_SERVER                               0x20000272   Data           4  enternet.o(.data)
    SERVER_IP                                0x20000276   Data           4  enternet.o(.data)
    SERVER_PORT                              0x2000027a   Data           2  enternet.o(.data)
    DBG_COPY_TO_S1CK                         0x2000028e   Data           1  wk_json.o(.data)
    p_Flash_Write                            0x200002a0   Data           4  cmd.o(.data)
    p_Flash_Read                             0x200002a4   Data           4  cmd.o(.data)
    DBG_IP                                   0x200002b0   Data           4  debug.o(.data)
    DBG_PORT                                 0x200002b4   Data           2  debug.o(.data)
    cScriptStack                             0x200002b8   Data           8  cscript.o(.data)
    soft_timer_10ms                          0x200002c0   Data           4  my_topmsg.o(.data)
    LCD_PAGE                                 0x200002d6   Data           6  my_lcd.o(.data)
    LCD_STATE                                0x200002dc   Data           8  my_lcd.o(.data)
    LCD_SET_DATA                             0x200002e4   Data           8  my_lcd.o(.data)
    LCD_GET_DATA                             0x200002ec   Data           7  my_lcd.o(.data)
    IN_CFG                                   0x20000324   Data           1  my_cfg.o(.data)
    IDLE                                     0x20000328   Data           4  my_idle.o(.data)
    MQTT_STATE                               0x2000032c   Data           1  my_iot.o(.data)
    DBG_INTER_STATE                          0x20000330   Data           1  my_w5500.o(.data)
    my_keytack                               0x20000338   Data         512  main.o(.bss)
    my_lcdtack                               0x20000538   Data         512  main.o(.bss)
    rf_looptack                              0x20000738   Data        1024  main.o(.bss)
    my_lighttack                             0x20000b38   Data         512  main.o(.bss)
    my_w5500tack                             0x20000d38   Data        1024  main.o(.bss)
    my_autotack                              0x20001138   Data         512  main.o(.bss)
    my_iottack                               0x20001338   Data        1024  main.o(.bss)
    my_idletack                              0x20001738   Data         256  main.o(.bss)
    j                                        0x20001838   Data         384  main.o(.bss)
    mallco_dev                               0x200019b8   Data          20  os_mem.o(.bss)
    my_messeg                                0x200019cc   Data         720  os_msg.o(.bss)
    TCB_Table                                0x20001c9c   Data        1024  os_task.o(.bss)
    USART_RX_BUF                             0x2000216c   Data          50  rf.o(.bss)
    MY_CMD                                   0x2000219e   Data          58  rf.o(.bss)
    LASTTIME                                 0x200023d0   Data         128  my_idle.o(.bss)
    IDLETIMES                                0x20002450   Data          64  my_idle.o(.bss)
    __libspace_start                         0x20002490   Data          96  libspace.o(.bss)
    __temporary_stack_top$libspace           0x200024f0   Data           0  libspace.o(.bss)



==============================================================================

Image component sizes


      Code (inc. data)   RO Data    RW Data    ZI Data      Debug   Object Name

       752         28         88          4          0       4598   baidu_iot.o
      7664        244         16         20          0       5555   beep.o
      5344        174          7         12          0      20396   cjson.o
      1148         52          0         28          0       5246   cmd.o
        32          0          0          0          0        536   core_cm3.o
       112         10        512          0          0       1483   crc8_16.o
      2196         26          0          8          0       5533   cscript.o
      1788         24        135         40        464      10045   data_map.o
     13696       5658        362         10          0      11691   debug.o
       448         40          0         12          0       1997   delay.o
      1812        114          0          4          0       5504   dhcp.o
      1112         34          0          6          0       3910   dns.o
      1140         20          0         26          0       6000   enternet.o
      1140         68          0         30          0      12034   fats.o
      1024         22          0          2          0       4879   flash.o
         0          0        429        272          0       1451   fun_list.o
       200         40          0         10          0       3663   hard_irq.o
        62          0          0          0          0        622   iwdg.o
       672         16          0         18          0       2170   key.o
       496         30          0          2         30       2229   lcd.o
      3864        122          0         42        168       7764   light.o
       216         64          0          0       5760     278057   main.o
       220         22          0          0          0       1745   misc.o
      1336         18          0          1          0       5679   mmc_sd.o
       708         18          0          0          0       2906   mqttconnectclient.o
      1020          8          0          4          0       5888   mqttpacket.o
       398          0          0          0          0       2598   mqttserializepublish.o
      1628          4          0          0          0       2964   my_autocontrol.o
      1448         66          0          1          0       4116   my_cfg.o
       684          6          0          0          0       4656   my_fun.o
       152         16          0          4        192       1512   my_idle.o
       528         30        321          4          0        985   my_iot.o
      4500        146         20         34          0       9114   my_lcd.o
      1708        102          0         44          0       3600   my_light.o
      5438         22          0          0          0       9378   my_rf.o
      1784         50          0         22          0       3950   my_topmsg.o
       456         34          0          2          0       2004   my_w5500.o
       248          0          0          0          0       1186   ntp.o
       216         36          0          0          0        328   os_cpu_a.o
       154          0          0          0          0        984   os_cpu_c.o
         8          0          0          0          0        451   os_fats.o
       668         24          0         12         20       4290   os_mem.o
      1708        156          0          1        720       6540   os_msg.o
        20          0          0          0          0        450   os_sys.o
      1448         54          0         41       1024       7124   os_task.o
       532         12          0          6          0       3225   ping.o
       116         10          0          0          0        718   power.o
        52          6          0          0          0        465   relay.o
      1272         98          0         17        108       6157   rf.o
       936         28         24          2         10       3604   rtc.o
       264         10          0          0          0       1077   spi.o
        60         22        304          0        512        772   startup_stm32f10x_hd.o
       196          8          0          0          0       3408   stm32f10x_bkp.o
       284         10          0          0          0       2175   stm32f10x_exti.o
      1468         34          0          0          0       7978   stm32f10x_flash.o
       860         38          0          0          0       5589   stm32f10x_gpio.o
        60          8          0          0          0      16174   stm32f10x_it.o
        64          6          0          0          0       1237   stm32f10x_iwdg.o
       204         14          0          0          0       1891   stm32f10x_pwr.o
       932         36          0         20          0       8732   stm32f10x_rcc.o
       328          4          0          0          0       2642   stm32f10x_rtc.o
       780         14          0          0          0       6470   stm32f10x_spi.o
      3610         88          0          0          0      22072   stm32f10x_tim.o
      1032         22          0          0          0       8316   stm32f10x_usart.o
       644          4          0          0          0       2507   stmflash.o
       480         38          0         20          0       1759   system_stm32f10x.o
       780         16          0          4         40       3270   timer.o
      2700         52          0         15          0       8993   w5500.o
      6116        632         56          1          0       9721   wk_json.o

    ----------------------------------------------------------------------
     95174       8808       2318        820       9048     606763   Object Totals
         0          0         32          0          0          0   (incl. Generated)
         8          0         12         19          0          0   (incl. Padding)

    ----------------------------------------------------------------------

      Code (inc. data)   RO Data    RW Data    ZI Data      Debug   Library Member Name

        44          6          0          0          0         84   __2sprintf.o
        90          0          0          0          0          0   __dczerorl2.o
         8          0          0          0          0         68   __main.o
       312          4         17          0          0         92   __printf_flags_wp.o
        14          0          0          0          0         68   __printf_wp.o
         0          0          0          0          0          0   __rtentry.o
        12          0          0          0          0          0   __rtentry2.o
         6          0          0          0          0          0   __rtentry4.o
        52          8          0          0          0          0   __scatter.o
        28          0          0          0          0          0   __scatter_zi.o
        44          0          0          0          0        108   _printf_char.o
        48          6          0          0          0         96   _printf_char_common.o
         6          0          0          0          0          0   _printf_d.o
       120         16          0          0          0         92   _printf_dec.o
         6          0          0          0          0          0   _printf_e.o
         6          0          0          0          0          0   _printf_f.o
      1050          0          0          0          0        216   _printf_fp_dec.o
       128         16          0          0          0         84   _printf_fp_infnan.o
        88          4         40          0          0         88   _printf_hex_int.o
       178          0          0          0          0         88   _printf_intcommon.o
        78          0          0          0          0        108   _printf_pad.o
         0          0          0          0          0          0   _printf_percent.o
         4          0          0          0          0          0   _printf_percent_end.o
         6          0          0          0          0          0   _printf_s.o
        82          0          0          0          0         80   _printf_str.o
         6          0          0          0          0          0   _printf_u.o
         6          0          0          0          0          0   _printf_x.o
        22          0          0          0          0        100   _rserrno.o
        10          0          0          0          0         68   _sputc.o
       220          4        148          0          0         96   bigflt0.o
      1910        128          0          0          0        672   btod.o
        12          0          0          0          0         72   exit.o
         6          0          0          0          0        152   heapauxi.o
        44         10        272          0          0         76   lc_ctype_c.o
        44         10         28          0          0         76   lc_numeric_c.o
         2          0          0          0          0          0   libinit.o
        30          0          0          0          0          0   libinit2.o
         2          0          0          0          0          0   libshutdown.o
         2          0          0          0          0          0   libshutdown2.o
         8          4          0          0         96         68   libspace.o
       138          0          0          0          0         80   lludiv10.o
        16          4          0          0          0         76   rt_ctype_table.o
         8          4          0          0          0         68   rt_errno_addr_intlibspace.o
         8          4          0          0          0         68   rt_locale_intlibspace.o
        68          0          0          0          0         68   rt_memclr.o
        78          0          0          0          0         80   rt_memclr_w.o
       138          0          0          0          0         68   rt_memcpy_v6.o
       100          0          0          0          0         80   rt_memcpy_w.o
         2          0          0          0          0          0   rtexit.o
        10          0          0          0          0          0   rtexit2.o
        20          0          0          0          0         68   strchr.o
       128          0          0          0          0         68   strcmpv7m.o
        72          0          0          0          0         80   strcpy.o
        62          0          0          0          0         76   strlen.o
       150          0          0          0          0         80   strncmp.o
        86          0          0          0          0         76   strncpy.o
        74          0          0          0          0         80   sys_stackheap_outer.o
        26          0          0          0          0         76   tolower.o
         2          0          0          0          0         68   use_no_semi.o
         2          0          0          0          0         68   use_no_semi_2.o
        98          4          0          0          0         92   d2f.o
       826         16          0          0          0        348   daddsub_clz.o
        16          4          0          0          0         68   dcheck1.o
        24          0          0          0          0         68   dcmpi.o
       688        140          0          0          0        208   ddiv.o
        94          4          0          0          0         92   dfix.o
        84          0          0          0          0        136   dflt_clz.o
       120          4          0          0          0         92   dleqf.o
       340         12          0          0          0        104   dmul.o
       156          4          0          0          0         92   dnaninf.o
        12          0          0          0          0         68   dretinf.o
       108          0          0          0          0         80   drleqf.o
       460         56          0          0          0        120   dsqrt_noumaal.o
        86          4          0          0          0         84   f2d.o
       430          8          0          0          0        168   faddsub_clz.o
        24          0          0          0          0         68   fcmpi.o
        62          4          0          0          0         84   ffixu.o
        86          0          0          0          0        136   fflt_clz.o
       104          4          0          0          0         84   fleqf.o
       258          4          0          0          0         84   fmul.o
       140          4          0          0          0         84   fnaninf.o
        10          0          0          0          0         68   fretinf.o
        98          0          0          0          0         68   frleqf.o
         4          0          0          0          0         68   printf1.o
       100          0          0          0          0         68   retnan.o
        92          0          0          0          0         68   scalbn.o
        48          0          0          0          0         68   trapv.o
         0          0          0          0          0          0   usenofp.o
        62         10          0          0          0        340   dunder.o
       220         16          0          0          0         84   floor.o
        40          0          0          0          0         68   fpclassify.o
       170          0          0          0          0         96   poly.o
      2488        190        136          0          0        300   pow.o
         0          0          8          0          0          0   qnan.o
        76          0          0          0          0         84   sqrt.o

    ----------------------------------------------------------------------
     13580        716        656          0         96       7720   Library Totals
        34          0          7          0          0          0   (incl. Padding)

    ----------------------------------------------------------------------

      Code (inc. data)   RO Data    RW Data    ZI Data      Debug   Library Name

      5922        228        505          0         96       3980   c_w.l
      4568        272          0          0          0       2768   fz_ws.l
      3056        216        144          0          0        972   m_ws.l

    ----------------------------------------------------------------------
     13580        716        656          0         96       7720   Library Totals

    ----------------------------------------------------------------------

==============================================================================


      Code (inc. data)   RO Data    RW Data    ZI Data      Debug   

    108754       9524       2974        820       9144     603299   Grand Totals
    108754       9524       2974        364       9144     603299   ELF Image Totals (compressed)
    108754       9524       2974        364          0          0   ROM Totals

==============================================================================

    Total RO  Size (Code + RO Data)               111728 ( 109.11kB)
    Total RW  Size (RW Data + ZI Data)              9964 (   9.73kB)
    Total ROM Size (Code + RO Data + RW Data)     112092 ( 109.46kB)

==============================================================================

