<html>
<body>
<pre>
<h1>礦ision Build Log</h1>
<h2>Tool Versions:</h2>
IDE-Version: μVision V5.14.0.0
Copyright (C) 2015 ARM Ltd and ARM Germany GmbH. All rights reserved.
License Information: ran chuan, aa, LIC=MGX63-AAE8U-UKKB6-D65L0-KFD8L-Y1ICA
 
Tool Versions:
Toolchain:       MDK-ARM Professional  Version: 5.14.0.0
Toolchain Path:  D:\Keil_v5\ARM\ARMCC\Bin
C Compiler:      Armcc.exe V5.05 update 1 (build 106)
Assembler:       Armasm.exe V5.05 update 1 (build 106)
Linker/Locator:  ArmLink.exe V5.05 update 1 (build 106)
Library Manager: ArmAr.exe V5.05 update 1 (build 106)
Hex Converter:   FromElf.exe V5.05 update 1 (build 106)
CPU DLL:         SARMCM3.DLL V5.14.0.0
Dialog DLL:      DCM.DLL V1.13.1.0
Target DLL:      Segger\JL2CM3.dll V2.99.13.0
Dialog DLL:      TARMSTM.dll V1.64.0.0
 
<h2>Project:</h2>
F:\川~\GitHub\WK_JZQ_V2.7\PROJECT\WK_JZQ.uvprojx
Project File Date:  04/16/2019

<h2>Output:</h2>
Build target 'WK_JZQ_V2_3'
compiling main.c...
compiling os_cpu_c.c...
assembling os_cpu_a.asm...
compiling delay.c...
..\SYSTEM\DELAY\delay.c(77): warning:  #940-D: missing return statement at end of non-void function "sleep_ms"
  } 
..\SYSTEM\DELAY\delay.c: 1 warning, 0 errors
compiling os_fats.c...
compiling os_mem.c...
compiling os_msg.c...
compiling os_sys.c...
compiling os_task.c...
compiling my_fun.c...
compiling rtc.c...
compiling iwdg.c...
compiling beep.c...
compiling key.c...
..\HARDWARE\KEY\key.c(238): warning:  #177-D: variable "GPIO_InitStructure" was declared but never referenced
        GPIO_InitTypeDef GPIO_InitStructure;
..\HARDWARE\KEY\key.c(272): warning:  #177-D: variable "keys" was declared but never referenced
        u8 keys=0xff;//按键键值，0xff为无按键按下
..\HARDWARE\KEY\key.c: 2 warnings, 0 errors
compiling LCD.c...
compiling light.c...
compiling relay.c...
compiling rf.c...
compiling fats.c...
compiling stmflash.c...
compiling timer.c...
compiling flash.c...
compiling W5500.c...
compiling HARD_IRQ.c...
compiling baidu_iot.c...
compiling data_map.c...
compiling data_type.c...
compiling dhcp.c...
compiling dns.c...
compiling enternet.c...
compiling file.c...
compiling cJSON.c...
..\SOFTWARE\JSON\cJSON.c(60): warning:  #1293-D: assignment in condition
        if (!(copy = (char*)cJSON_malloc(len))) return 0;
..\SOFTWARE\JSON\cJSON.c(262): warning:  #1293-D: assignment in condition
        ptr=str;while ((token=*ptr) && ++len) {if (strchr("\"\\\b\f\n\r\t",token)) len++; else if (token<32) len+=5;ptr++;}
..\SOFTWARE\JSON\cJSON.c(379): warning:  #1293-D: assignment in condition
                if (!(new_item=cJSON_New_Item())) return 0;     /* memory fail */
..\SOFTWARE\JSON\cJSON.c(469): warning:  #1293-D: assignment in condition
                if (!(new_item=cJSON_New_Item()))       return 0; /* memory fail */
..\SOFTWARE\JSON\cJSON.c: 4 warnings, 0 errors
compiling ping.c...
compiling power.c...
compiling wk_json.c...
compiling cmd.c...
compiling debug.c...
compiling ntp.c...
compiling my_topmsg.c...
..\MY_TASK\my_topmsg.c(88): warning:  #177-D: variable "state" was declared but never referenced
  static u8 state[6]={0,0,0,0,0x3f,0};//短按状态
..\MY_TASK\my_topmsg.c: 1 warning, 0 errors
compiling my_lcd.c...
compiling my_rf.c...
compiling my_autocontrol.c...
compiling my_light.c...
compiling my_cfg.c...
compiling my_idle.c...
compiling my_iot.c...
compiling my_light_new.c...
compiling my_w5500.c...
linking...
Program Size: Code=90342 RO-data=2538 RW-data=524 ZI-data=8760  
FromELF: creating hex file...
".\Objects\WK_JZQ_V2_3\WK_JZQ_V2_3.axf" - 0 Error(s), 8 Warning(s).

<h2>Collection of Component include folders:</h2>
  F:\川~\GitHub\WK_JZQ_V2.7\PROJECT\RTE
  D:\Keil_v5\ARM\PACK\Keil\STM32F1xx_DFP\1.0.5\Device\Include

<h2>Collection of Component Files used:</h2>
</pre>
</body>
</html>
