<html>
<body>
<pre>
<h1>礦ision Build Log</h1>
<h2>Tool Versions:</h2>
IDE-Version: μVision V5.14.0.0
Copyright (C) 2015 ARM Ltd and ARM Germany GmbH. All rights reserved.
License Information: ran chuan, aa, LIC=MGX63-AAE8U-UKKB6-D65L0-KFD8L-Y1ICA
 
Tool Versions:
Toolchain:       MDK-ARM Professional  Version: 5.14.0.0
Toolchain Path:  D:\Keil_v5\ARM\ARMCC\Bin
C Compiler:      Armcc.exe V5.05 update 1 (build 106)
Assembler:       Armasm.exe V5.05 update 1 (build 106)
Linker/Locator:  ArmLink.exe V5.05 update 1 (build 106)
Library Manager: ArmAr.exe V5.05 update 1 (build 106)
Hex Converter:   FromElf.exe V5.05 update 1 (build 106)
CPU DLL:         SARMCM3.DLL V5.14.0.0
Dialog DLL:      DCM.DLL V1.13.1.0
Target DLL:      Segger\JL2CM3.dll V2.99.13.0
Dialog DLL:      TARMSTM.dll V1.64.0.0
 
<h2>Project:</h2>
F:\川~\GitHub\WK_JZQ_V2.7\PROJECT\WK_JZQ.uvprojx
Project File Date:  04/22/2019

<h2>Output:</h2>
Build target 'WK_JZQ_V2_3'
compiling main.c...
compiling fun_list.c...
..\USER\fun_list.c(21): warning:  #1296-D: extended constant initialiser used
        {(u32)delay_ms,"delay_ms"},
..\USER\fun_list.c(22): warning:  #1296-D: extended constant initialiser used
        {(u32)sleep_ms,"sleep_ms"},
..\USER\fun_list.c(23): warning:  #1296-D: extended constant initialiser used
        {(u32)delay_us,"delay_us"},
..\USER\fun_list.c(24): warning:  #1296-D: extended constant initialiser used
        {(u32)getSysRunTime,"getSysRunTime"},
..\USER\fun_list.c(26): warning:  #1296-D: extended constant initialiser used
        {(u32)RTC_SetTimeBySec,"RTC_SetTimeBySec"},
..\USER\fun_list.c(27): warning:  #1296-D: extended constant initialiser used
        {(u32)RTC_GetTimeBySec,"RTC_GetTimeBySec"},
..\USER\fun_list.c(29): warning:  #1296-D: extended constant initialiser used
        {(u32)STMFLASH_Write,"STMFLASH_Write"},
..\USER\fun_list.c(30): warning:  #1296-D: extended constant initialiser used
        {(u32)STMFLASH_Read,"STMFLASH_Read"},
..\USER\fun_list.c(32): warning:  #1296-D: extended constant initialiser used
        {(u32)SPI_Flash_Read,"SPI_Flash_Read"},
..\USER\fun_list.c(33): warning:  #1296-D: extended constant initialiser used
        {(u32)SPI_Flash_Write,"SPI_Flash_Write"},
..\USER\fun_list.c(35): warning:  #1296-D: extended constant initialiser used
        {(u32)getMemValue,"getMemValue"},
..\USER\fun_list.c(36): warning:  #1296-D: extended constant initialiser used
        {(u32)setMemValue,"setMemValue"},
..\USER\fun_list.c(37): warning:  #1296-D: extended constant initialiser used
        {(u32)setMemU32,"setMemU32"},
..\USER\fun_list.c(38): warning:  #1296-D: extended constant initialiser used
        {(u32)getMemU32,"getMemU32"},
..\USER\fun_list.c(39): warning:  #1296-D: extended constant initialiser used
        {(u32)samestr,"samestr"},
..\USER\fun_list.c(41): warning:  #1296-D: extended constant initialiser used
        {(u32)send_messeg,"send_messeg"},
..\USER\fun_list.c(42): warning:  #1296-D: extended constant initialiser used
        {(u32)get_messeg,"get_messeg"},
..\USER\fun_list.c(44): warning:  #1296-D: extended constant initialiser used
        {(u32)mem_perused,"mem_perused"},
..\USER\fun_list.c(45): warning:  #1296-D: extended constant initialiser used
        {(u32)mymalloc,"mymalloc"},
..\USER\fun_list.c(46): warning:  #1296-D: extended constant initialiser used
        {(u32)myfree,"myfree"},
..\USER\fun_list.c(47): warning:  #1296-D: extended constant initialiser used
        {(u32)myrealloc,"myrealloc"},
..\USER\fun_list.c(49): warning:  #1296-D: extended constant initialiser used
        {(u32)CheckTaskUsege,"CheckTaskUsege"},
..\USER\fun_list.c(50): warning:  #1296-D: extended constant initialiser used
        {(u32)GetTaskSize,"GetTaskSize"},
..\USER\fun_list.c(51): warning:  #1296-D: extended constant initialiser used
        {(u32)GetTaskUsed,"GetTaskUsed"},
..\USER\fun_list.c(52): warning:  #1296-D: extended constant initialiser used
        {(u32)TaskPend,"TaskPend"},
..\USER\fun_list.c(53): warning:  #1296-D: extended constant initialiser used
        {(u32)TaskRepend,"TaskRepend"},
..\USER\fun_list.c(54): warning:  #1296-D: extended constant initialiser used
        {(u32)TaskSendMsg,"TaskSendMsg"},
..\USER\fun_list.c(55): warning:  #1296-D: extended constant initialiser used
        {(u32)TaskGetMsg,"TaskGetMsg"},
..\USER\fun_list.c(57): warning:  #1296-D: extended constant initialiser used
        {(u32)Save_Config,"Save_Config"},
..\USER\fun_list.c(58): warning:  #1296-D: extended constant initialiser used
        {(u32)Load_Config,"Load_Config"},
..\USER\fun_list.c(59): warning:  #1296-D: extended constant initialiser used
        {(u32)Save_LCD,"Save_LCD"},
..\USER\fun_list.c(60): warning:  #1296-D: extended constant initialiser used
        {(u32)Load_LCD,"Load_LCD"},
..\USER\fun_list.c(61): warning:  #1296-D: extended constant initialiser used
        {(u32)GetDeviceType,"GetDeviceType"},
..\USER\fun_list.c(62): warning:  #1296-D: extended constant initialiser used
        {(u32)GetDeviceState,"GetDeviceState"},
..\USER\fun_list.c(63): warning:  #1296-D: extended constant initialiser used
        {(u32)GetDeviceNum,"GetDeviceNum"},
..\USER\fun_list.c(64): warning:  #1296-D: extended constant initialiser used
        {(u32)GetCfgData,"GetCfgData"},
..\USER\fun_list.c(65): warning:  #1296-D: extended constant initialiser used
        {(u32)GetCJDataAddr,"GetCJDataAddr"},
..\USER\fun_list.c(66): warning:  #1296-D: extended constant initialiser used
        {(u32)Get_MyAddr,"Get_MyAddr"},
..\USER\fun_list.c(67): warning:  #1296-D: extended constant initialiser used
        {(u32)Set_MyAddr,"Set_MyAddr"},
..\USER\fun_list.c(68): warning:  #1296-D: extended constant initialiser used
        {(u32)Set_Device,"Set_Device"},
..\USER\fun_list.c(69): warning:  #1296-D: extended constant initialiser used
        {(u32)Set_MyIP,"Set_MyIP"},
..\USER\fun_list.c(70): warning:  #1296-D: extended constant initialiser used
        {(u32)Get_MyIP,"Get_MyIP"},
..\USER\fun_list.c(71): warning:  #1296-D: extended constant initialiser used
        {(u32)Set_MyChanel,"Set_MyChanel"},
..\USER\fun_list.c(72): warning:  #1296-D: extended constant initialiser used
        {(u32)Get_MyChanel,"Get_MyChanel"},
..\USER\fun_list.c(73): warning:  #1296-D: extended constant initialiser used
        {(u32)setNativeIP,"setNativeIP"},
..\USER\fun_list.c(74): warning:  #1296-D: extended constant initialiser used
        {(u32)setNativePort,"setNativePort"},
..\USER\fun_list.c(75): warning:  #1296-D: extended constant initialiser used
        {(u32)setServerIP,"setServerIP"},
..\USER\fun_list.c(76): warning:  #1296-D: extended constant initialiser used
        {(u32)setServerPort,"setServerPort"},
..\USER\fun_list.c(77): warning:  #1296-D: extended constant initialiser used
        {(u32)setGatewayIP,"setGatewayIP"},
..\USER\fun_list.c(78): warning:  #1296-D: extended constant initialiser used
        {(u32)addDevAddr,"addDevAddr"},
..\USER\fun_list.c(79): warning:  #1296-D: extended constant initialiser used
        {(u32)delDevAddr,"delDevAddr"},
..\USER\fun_list.c(80): warning:  #1296-D: extended constant initialiser used
        {(u32)clearDev,"clearDev"},
..\USER\fun_list.c(81): warning:  #1296-D: extended constant initialiser used
        {(u32)getAutoCtrlFrequency,"getAutoCtrlFrequency"},
..\USER\fun_list.c(82): warning:  #1296-D: extended constant initialiser used
        {(u32)setAutoCtrlFrequency,"setAutoCtrlFrequency"},
..\USER\fun_list.c(83): warning:  #1296-D: extended constant initialiser used
        {(u32)getAutoCtrlAmount,"getAutoCtrlAmount"},
..\USER\fun_list.c(84): warning:  #1296-D: extended constant initialiser used
        {(u32)setAutoCtrlAmount,"setAutoCtrlAmount"},
..\USER\fun_list.c(85): warning:  #1296-D: extended constant initialiser used
        {(u32)setMyName,"setMyName"},
..\USER\fun_list.c(86): warning:  #1296-D: extended constant initialiser used
        {(u32)getMyName,"getMyName"},
..\USER\fun_list.c(87): warning:  #1296-D: extended constant initialiser used
        {(u32)getDhcpState,"getDhcpState"},
..\USER\fun_list.c(88): warning:  #1296-D: extended constant initialiser used
        {(u32)setDhcpState,"setDhcpState"},
..\USER\fun_list.c(89): warning:  #1296-D: extended constant initialiser used
        {(u32)setWarnTolerance,"setWarnTolerance"},
..\USER\fun_list.c(90): warning:  #1296-D: extended constant initialiser used
        {(u32)getWarnTolerance,"getWarnTolerance"},
..\USER\fun_list.c(91): warning:  #1296-D: extended constant initialiser used
        {(u32)getWkServerConnect,"getWkServerConnect"},
..\USER\fun_list.c(92): warning:  #1296-D: extended constant initialiser used
        {(u32)setWkServerConnect,"setWkServerConnect"},
..\USER\fun_list.c(93): warning:  #1296-D: extended constant initialiser used
        {(u32)Lcd_GetHandstate,"Lcd_GetHandstate"},
..\USER\fun_list.c(94): warning:  #1296-D: extended constant initialiser used
        {(u32)Lcd_GetLimitData,"Lcd_GetLimitData"},
..\USER\fun_list.c(95): warning:  #1296-D: extended constant initialiser used
        {(u32)Lcd_SetLimitData,"Lcd_SetLimitData"},
..\USER\fun_list.c(96): warning:  #1296-D: extended constant initialiser used
        {(u32)Lcd_SetHandstate,"Lcd_SetHandstate"},
..\USER\fun_list.c(97): warning:  #1296-D: extended constant initialiser used
        {(u32)getLcdCfgData,"getLcdCfgData"},
..\USER\fun_list.c(99): warning:  #1296-D: extended constant initialiser used
        {(u32)Load_song,"Load_song"},
..\USER\fun_list.c(100): warning:  #1296-D: extended constant initialiser used
        {(u32)Beep_End,"Beep_End"},
..\USER\fun_list.c(101): warning:  #1296-D: extended constant initialiser used
        {(u32)Load_song1,"Load_song1"},
..\USER\fun_list.c(102): warning:  #1296-D: extended constant initialiser used
        {(u32)Load_song2,"Load_song2"},
..\USER\fun_list.c(103): warning:  #1296-D: extended constant initialiser used
        {(u32)Load_song3,"Load_song3"},
..\USER\fun_list.c(104): warning:  #1296-D: extended constant initialiser used
        {(u32)Load_up,"Load_up"},
..\USER\fun_list.c(105): warning:  #1296-D: extended constant initialiser used
        {(u32)Load_down,"Load_down"},
..\USER\fun_list.c(107): warning:  #1296-D: extended constant initialiser used
        {(u32)Get_Key,"Get_Key"},
..\USER\fun_list.c(108): warning:  #1296-D: extended constant initialiser used
        {(u32)Set_Key,"Set_Key"},
..\USER\fun_list.c(110): warning:  #1296-D: extended constant initialiser used
        {(u32)key_setcolor,"key_setcolor"},
..\USER\fun_list.c(111): warning:  #1296-D: extended constant initialiser used
        {(u32)key_senddata,"key_senddata"},
..\USER\fun_list.c(112): warning:  #1296-D: extended constant initialiser used
        {(u32)light_setcolor,"light_setcolor"},
..\USER\fun_list.c(114): warning:  #1296-D: extended constant initialiser used
        {(u32)Relay_On,"Relay_On"},
..\USER\fun_list.c(115): warning:  #1296-D: extended constant initialiser used
        {(u32)Relay_Off,"Relay_Off"},
..\USER\fun_list.c(117): warning:  #1296-D: extended constant initialiser used
        {(u32)RF1_tx_bytes,"RF1_tx_bytes"},
..\USER\fun_list.c(118): warning:  #1296-D: extended constant initialiser used
        {(u32)RF_GetCmd,"RF_GetCmd"},
..\USER\fun_list.c(119): warning:  #1296-D: extended constant initialiser used
        {(u32)RF_Get,"RF_Get"},
..\USER\fun_list.c(120): warning:  #1296-D: extended constant initialiser used
        {(u32)Get_Mycmd,"Get_Mycmd"},
..\USER\fun_list.c(121): warning:  #1296-D: extended constant initialiser used
        {(u32)RF_SetChannel,"RF_SetChannel"},
..\USER\fun_list.c(123): warning:  #1296-D: extended constant initialiser used
        {(u32)addTimerIrq10ms,"addTimerIrq10ms"},
..\USER\fun_list.c(124): warning:  #1296-D: extended constant initialiser used
        {(u32)delTimerIrq10ms,"delTimerIrq10ms"},
..\USER\fun_list.c(125): warning:  #1296-D: extended constant initialiser used
        {(u32)addTimerIrq10us,"addTimerIrq10us"},
..\USER\fun_list.c(126): warning:  #1296-D: extended constant initialiser used
        {(u32)delTimerIrq10us,"delTimerIrq10us"},
..\USER\fun_list.c(128): warning:  #1296-D: extended constant initialiser used
        {(u32)USART1_SetFocus,"USART1_SetFocus"},
..\USER\fun_list.c(129): warning:  #1296-D: extended constant initialiser used
        {(u32)USART2_SetFocus,"USART2_SetFocus"},
..\USER\fun_list.c(130): warning:  #1296-D: extended constant initialiser used
        {(u32)USART1_GetFocus,"USART1_GetFocus"},
..\USER\fun_list.c(131): warning:  #1296-D: extended constant initialiser used
        {(u32)USART2_GetFocus,"USART2_GetFocus"},
..\USER\fun_list.c(132): warning:  #1296-D: extended constant initialiser used
        {(u32)SOCKET0_SetFocus,"SOCKET0_SetFocus"},
..\USER\fun_list.c(133): warning:  #1296-D: extended constant initialiser used
        {(u32)SOCKET1_SetFocus,"SOCKET1_SetFocus"},
..\USER\fun_list.c(134): warning:  #1296-D: extended constant initialiser used
        {(u32)SOCKET2_SetFocus,"SOCKET2_SetFocus"},
..\USER\fun_list.c(135): warning:  #1296-D: extended constant initialiser used
        {(u32)SOCKET3_SetFocus,"SOCKET3_SetFocus"},
..\USER\fun_list.c(136): warning:  #1296-D: extended constant initialiser used
        {(u32)SOCKET4_SetFocus,"SOCKET4_SetFocus"},
..\USER\fun_list.c(137): warning:  #1296-D: extended constant initialiser used
        {(u32)SOCKET5_SetFocus,"SOCKET5_SetFocus"},
..\USER\fun_list.c(138): warning:  #1296-D: extended constant initialiser used
        {(u32)SOCKET6_SetFocus,"SOCKET6_SetFocus"},
..\USER\fun_list.c(139): warning:  #1296-D: extended constant initialiser used
        {(u32)SOCKET7_SetFocus,"SOCKET7_SetFocus"},
..\USER\fun_list.c(140): warning:  #1296-D: extended constant initialiser used
        {(u32)SOCKET0_GetFocus,"SOCKET0_GetFocus"},
..\USER\fun_list.c(141): warning:  #1296-D: extended constant initialiser used
        {(u32)SOCKET1_GetFocus,"SOCKET1_GetFocus"},
..\USER\fun_list.c(142): warning:  #1296-D: extended constant initialiser used
        {(u32)SOCKET2_GetFocus,"SOCKET2_GetFocus"},
..\USER\fun_list.c(143): warning:  #1296-D: extended constant initialiser used
        {(u32)SOCKET3_GetFocus,"SOCKET3_GetFocus"},
..\USER\fun_list.c(144): warning:  #1296-D: extended constant initialiser used
        {(u32)SOCKET4_GetFocus,"SOCKET4_GetFocus"},
..\USER\fun_list.c(145): warning:  #1296-D: extended constant initialiser used
        {(u32)SOCKET5_GetFocus,"SOCKET5_GetFocus"},
..\USER\fun_list.c(146): warning:  #1296-D: extended constant initialiser used
        {(u32)SOCKET6_GetFocus,"SOCKET6_GetFocus"},
..\USER\fun_list.c(147): warning:  #1296-D: extended constant initialiser used
        {(u32)SOCKET7_GetFocus,"SOCKET7_GetFocus"},
..\USER\fun_list.c(149): warning:  #1296-D: extended constant initialiser used
        {(u32)dhcp_retry,"dhcp_retry"},
..\USER\fun_list.c(151): warning:  #1296-D: extended constant initialiser used
        {(u32)dns_query,"dns_query"},
..\USER\fun_list.c(153): warning:  #1296-D: extended constant initialiser used
        {(u32)udp_send,"udp_send"},
..\USER\fun_list.c(154): warning:  #1296-D: extended constant initialiser used
        {(u32)udp_init,"udp_init"},
..\USER\fun_list.c(155): warning:  #1296-D: extended constant initialiser used
        {(u32)tcp_connect,"tcp_connect"},
..\USER\fun_list.c(156): warning:  #1296-D: extended constant initialiser used
        {(u32)tcp_send,"tcp_send"},
..\USER\fun_list.c(157): warning:  #1296-D: extended constant initialiser used
        {(u32)socket_recv,"socket_recv"},
..\USER\fun_list.c(158): warning:  #1296-D: extended constant initialiser used
        {(u32)tcp_close,"tcp_close"},
..\USER\fun_list.c(159): warning:  #1296-D: extended constant initialiser used
        {(u32)udp_close,"udp_close"},
..\USER\fun_list.c(160): warning:  #1296-D: extended constant initialiser used
        {(u32)net_set_getway,"net_set_getway"},
..\USER\fun_list.c(161): warning:  #1296-D: extended constant initialiser used
        {(u32)net_set_sub_mask,"net_set_sub_mask"},
..\USER\fun_list.c(162): warning:  #1296-D: extended constant initialiser used
        {(u32)net_set_myip,"net_set_myip"},
..\USER\fun_list.c(163): warning:  #1296-D: extended constant initialiser used
        {(u32)net_set_disip,"net_set_disip"},
..\USER\fun_list.c(164): warning:  #1296-D: extended constant initialiser used
        {(u32)net_get_phycstate,"net_get_phycstate"},
..\USER\fun_list.c(165): warning:  #1296-D: extended constant initialiser used
        {(u32)net_get_comstate,"net_get_comstate"},
..\USER\fun_list.c(166): warning:  #1296-D: extended constant initialiser used
        {(u32)net_check_gateway,"net_check_gateway"},
..\USER\fun_list.c(167): warning:  #1296-D: extended constant initialiser used
        {(u32)net_check_parameters,"net_check_parameters"},
..\USER\fun_list.c(168): warning:  #1296-D: extended constant initialiser used
        {(u32)set_ntp_serverip,"set_ntp_serverip"},
..\USER\fun_list.c(169): warning:  #1296-D: extended constant initialiser used
        {(u32)set_dns_serverip,"set_dns_serverip"},
..\USER\fun_list.c(171): warning:  #1296-D: extended constant initialiser used
        {(u32)ping_auto,"ping_auto"},
..\USER\fun_list.c(173): warning:  #1296-D: extended constant initialiser used
        {(u32)ntp_gettime,"ntp_gettime"},
..\USER\fun_list.c(175): warning:  #1296-D: extended constant initialiser used
        {(u32)SysPowerOff,"SysPowerOff"},
..\USER\fun_list.c: 134 warnings, 0 errors
compiling core_cm3.c...
compiling stm32f10x_it.c...
compiling system_stm32f10x.c...
compiling misc.c...
compiling stm32f10x_adc.c...
compiling stm32f10x_bkp.c...
compiling stm32f10x_can.c...
compiling stm32f10x_cec.c...
compiling stm32f10x_crc.c...
compiling stm32f10x_dac.c...
compiling stm32f10x_dbgmcu.c...
compiling stm32f10x_dma.c...
compiling stm32f10x_exti.c...
compiling stm32f10x_flash.c...
compiling stm32f10x_fsmc.c...
compiling stm32f10x_gpio.c...
compiling stm32f10x_i2c.c...
compiling stm32f10x_iwdg.c...
compiling stm32f10x_pwr.c...
compiling stm32f10x_rcc.c...
compiling stm32f10x_rtc.c...
compiling stm32f10x_sdio.c...
compiling stm32f10x_spi.c...
compiling stm32f10x_tim.c...
compiling stm32f10x_usart.c...
compiling stm32f10x_wwdg.c...
compiling os_cpu_c.c...
assembling os_cpu_a.asm...
compiling delay.c...
compiling os_fats.c...
compiling os_mem.c...
compiling os_msg.c...
compiling os_sys.c...
compiling os_task.c...
compiling sys.c...
compiling my_fun.c...
compiling rtc.c...
compiling iwdg.c...
compiling beep.c...
compiling key.c...
..\HARDWARE\KEY\key.c(238): warning:  #177-D: variable "GPIO_InitStructure" was declared but never referenced
        GPIO_InitTypeDef GPIO_InitStructure;
..\HARDWARE\KEY\key.c(272): warning:  #177-D: variable "keys" was declared but never referenced
        u8 keys=0xff;//按键键值，0xff为无按键按下
..\HARDWARE\KEY\key.c: 2 warnings, 0 errors
compiling LCD.c...
compiling light.c...
compiling relay.c...
compiling rf.c...
compiling fats.c...
compiling MMC_SD.C...
compiling spi.c...
compiling stmflash.c...
compiling timer.c...
compiling flash.c...
compiling W5500.c...
compiling HARD_IRQ.c...
compiling baidu_iot.c...
compiling crc8_16.c...
compiling data_map.c...
compiling data_type.c...
compiling dhcp.c...
compiling dns.c...
compiling enternet.c...
compiling file.c...
compiling cJSON.c...
..\SOFTWARE\JSON\cJSON.c(60): warning:  #1293-D: assignment in condition
        if (!(copy = (char*)cJSON_malloc(len))) return 0;
..\SOFTWARE\JSON\cJSON.c(262): warning:  #1293-D: assignment in condition
        ptr=str;while ((token=*ptr) && ++len) {if (strchr("\"\\\b\f\n\r\t",token)) len++; else if (token<32) len+=5;ptr++;}
..\SOFTWARE\JSON\cJSON.c(379): warning:  #1293-D: assignment in condition
                if (!(new_item=cJSON_New_Item())) return 0;     /* memory fail */
..\SOFTWARE\JSON\cJSON.c(469): warning:  #1293-D: assignment in condition
                if (!(new_item=cJSON_New_Item()))       return 0; /* memory fail */
..\SOFTWARE\JSON\cJSON.c: 4 warnings, 0 errors
compiling ping.c...
compiling power.c...
compiling wk_json.c...
compiling cmd.c...
compiling debug.c...
compiling ntp.c...
compiling cScript.c...
..\SOFTWARE\CScript\cScript.c(55): warning:  #177-D: variable "n_len" was declared but never referenced
        int n_len=0;
..\SOFTWARE\CScript\cScript.c(56): warning:  #177-D: variable "brackets" was declared but never referenced
        u8 brackets=0;//括号个数
..\SOFTWARE\CScript\cScript.c(586): warning:  #177-D: variable "strtype" was declared but never referenced
                u8 strtype=0;
..\SOFTWARE\CScript\cScript.c(732): warning:  #940-D: missing return statement at end of non-void function "checkStrType"
  }
..\SOFTWARE\CScript\cScript.c: 4 warnings, 0 errors
compiling my_topmsg.c...
..\MY_TASK\my_topmsg.c(93): warning:  #177-D: variable "state" was declared but never referenced
  static u8 state[6]={0,0,0,0,0x3f,0};//短按状态
..\MY_TASK\my_topmsg.c: 1 warning, 0 errors
compiling my_lcd.c...
compiling my_rf.c...
compiling my_autocontrol.c...
compiling my_light.c...
compiling my_cfg.c...
compiling my_idle.c...
compiling my_iot.c...
compiling my_light_new.c...
compiling my_messeg.c...
compiling my_w5500.c...
compiling MQTTConnectClient.c...
compiling MQTTConnectServer.c...
compiling MQTTDeserializePublish.c...
compiling MQTTFormat.c...
compiling MQTTPacket.c...
compiling MQTTSerializePublish.c...
compiling MQTTSubscribeClient.c...
compiling MQTTSubscribeServer.c...
compiling MQTTUnsubscribeClient.c...
compiling MQTTUnsubscribeServer.c...
linking...
Program Size: Code=94984 RO-data=5644 RW-data=540 ZI-data=9144  
FromELF: creating hex file...
".\Objects\WK_JZQ_V2_3\WK_JZQ_V2_3.axf" - 0 Error(s), 145 Warning(s).

<h2>Collection of Component include folders:</h2>
  F:\川~\GitHub\WK_JZQ_V2.7\PROJECT\RTE
  D:\Keil_v5\ARM\PACK\Keil\STM32F1xx_DFP\1.0.5\Device\Include

<h2>Collection of Component Files used:</h2>
</pre>
</body>
</html>
