<html>
<body>
<pre>
<h1>礦ision Build Log</h1>
<h2>Tool Versions:</h2>
IDE-Version: μVision V5.14.0.0
Copyright (C) 2015 ARM Ltd and ARM Germany GmbH. All rights reserved.
License Information: ran chuan, aa, LIC=MGX63-AAE8U-UKKB6-D65L0-KFD8L-Y1ICA
 
Tool Versions:
Toolchain:       MDK-ARM Professional  Version: 5.14.0.0
Toolchain Path:  D:\Keil_v5\ARM\ARMCC\Bin
C Compiler:      Armcc.exe V5.05 update 1 (build 106)
Assembler:       Armasm.exe V5.05 update 1 (build 106)
Linker/Locator:  ArmLink.exe V5.05 update 1 (build 106)
Library Manager: ArmAr.exe V5.05 update 1 (build 106)
Hex Converter:   FromElf.exe V5.05 update 1 (build 106)
CPU DLL:         SARMCM3.DLL V5.14.0.0
Dialog DLL:      DCM.DLL V1.13.1.0
Target DLL:      Segger\JL2CM3.dll V2.99.13.0
Dialog DLL:      TARMSTM.dll V1.64.0.0
 
<h2>Project:</h2>
F:\川~\GitHub\WK_JZQ_V2.7\PROJECT\WK_JZQ.uvprojx
Project File Date:  05/25/2019

<h2>Output:</h2>
Build target 'WK_JZQ_V2_5'
compiling my_lcd.c...
..\MY_TASK\my_lcd.c(767): warning:  #223-D: function "light_power" declared implicitly
                                light_power(1);//打开灯带
..\MY_TASK\my_lcd.c(781): warning:  #223-D: function "light_power" declared implicitly
                                light_power(0);//关闭灯带
..\MY_TASK\my_lcd.c: 2 warnings, 0 errors
linking...
Program Size: Code=97544 RO-data=7076 RW-data=564 ZI-data=9264  
FromELF: creating hex file...
".\Objects\WK_JZQ_V2_5\WK_JZQ_V2_5.axf" - 0 Error(s), 2 Warning(s).

<h2>Collection of Component include folders:</h2>
  F:\川~\GitHub\WK_JZQ_V2.7\PROJECT\RTE
  D:\Keil_v5\ARM\PACK\Keil\STM32F1xx_DFP\1.0.5\Device\Include

<h2>Collection of Component Files used:</h2>
</pre>
</body>
</html>
