<html>
<body>
<pre>
<h1>µVision Build Log</h1>
<h2>Tool Versions:</h2>
IDE-Version: ¦ÌVision V5.14.0.0
Copyright (C) 2015 ARM Ltd and ARM Germany GmbH. All rights reserved.
License Information: ran chuan, aa, LIC=MGX63-AAE8U-UKKB6-D65L0-KFD8L-Y1ICA
 
Tool Versions:
Toolchain:       MDK-ARM Professional  Version: 5.14.0.0
Toolchain Path:  D:\Keil_v5\ARM\ARMCC\Bin
C Compiler:      Armcc.exe V5.05 update 1 (build 106)
Assembler:       Armasm.exe V5.05 update 1 (build 106)
Linker/Locator:  ArmLink.exe V5.05 update 1 (build 106)
Library Manager: ArmAr.exe V5.05 update 1 (build 106)
Hex Converter:   FromElf.exe V5.05 update 1 (build 106)
CPU DLL:         SARMCM3.DLL V5.14.0.0
Dialog DLL:      DCM.DLL V1.13.1.0
Target DLL:      Segger\JL2CM3.dll V2.99.13.0
Dialog DLL:      TARMSTM.dll V1.64.0.0
 
<h2>Project:</h2>
F:\´¨~\GitHub\WK_JZQ_V2.7\PROJECT\WK_JZQ.uvprojx
Project File Date:  04/10/2019

<h2>Output:</h2>
Build target 'WK_JZQ_V2_6'
compiling key.c...
compiling light.c...
compiling debug.c...
compiling my_topmsg.c...
..\MY_TASK\my_topmsg.c(88): warning:  #177-D: variable "state" was declared but never referenced
  static u8 state[6]={0,0,0,0,0x3f,0};//¶Ì°´×´Ì¬
..\MY_TASK\my_topmsg.c: 1 warning, 0 errors
compiling my_light.c...
linking...
Program Size: Code=88426 RO-data=2446 RW-data=536 ZI-data=8764  
FromELF: creating hex file...
".\Objects\WK_JZQ_V2_6\WK_JZQ_V2_6.axf" - 0 Error(s), 1 Warning(s).

<h2>Collection of Component include folders:</h2>
  F:\´¨~\GitHub\WK_JZQ_V2.7\PROJECT\RTE
  D:\Keil_v5\ARM\PACK\Keil\STM32F1xx_DFP\1.0.5\Device\Include

<h2>Collection of Component Files used:</h2>
</pre>
</body>
</html>
